[audit] checking required files
-rw-r----- 1 usv13rn fdb 416 Jul 15 10:59 assets/pinn_supersonic/runs/pinn_chart_M180_alpha_070_190_pq_supervised_tail_polished_asinh_w192_d6/metrics.json
-rw-r----- 1 usv13rn fdb 14M Jul 15 10:59 assets/pinn_supersonic/runs/pinn_chart_M180_alpha_070_190_pq_supervised_tail_polished_asinh_w192_d6/modal_predictions_all_rows.npz
-rw-r----- 1 usv13rn fdb 6.0K Jul 15 10:59 assets/pinn_supersonic/runs/pinn_chart_M180_alpha_070_190_pq_supervised_tail_polished_asinh_w192_d6/spectral_predictions.csv

[audit] metrics
{
  "checkpoint": "assets/pinn_supersonic/runs/pinn_chart_M180_alpha_070_190_pq_supervised_tail_polished_asinh_w192_d6/best_model.pt",
  "best_val": 8.578641290276163e-05,
  "global_p_rel_l2": 0.00740126795205901,
  "global_q_rel_l2": 0.003030244487560212,
  "cr_abs_mean": 3.7503346024281746e-06,
  "cr_abs_max": 9.903502857788737e-06,
  "ci_abs_mean": 1.357152288970035e-06,
  "ci_abs_max": 3.033596383483772e-06
}
[audit] by alpha
[audit] wrote: assets/pinn_supersonic/runs/pinn_chart_M180_alpha_070_190_pq_supervised_tail_polished_asinh_w192_d6/modal_error_by_alpha.csv

[audit] worst p_rel_l2
 alpha    n  p_rel_l2  q_rel_l2  p_max_abs_err  q_max_abs_err  p_ref_norm  q_ref_norm  y_at_p_max_err  y_at_q_max_err
0.1850 4418  0.014439  0.004116       0.121683       0.008823   18.625107    5.027882     -230.695995     -213.473584
0.1875 4418  0.014356  0.003639       0.136000       0.007590   18.604319    5.103027     -230.695995     -213.473584
0.1800 4418  0.014245  0.003044       0.109143       0.007866   18.666959    4.878768     -213.473584     -185.721789
0.1900 4418  0.013788  0.004246       0.143127       0.007013   18.583773    5.178381     -230.695995     -250.929559
0.1825 4418  0.013654  0.003396       0.113377       0.005986   18.645895    4.953183     -250.929559     -185.721789
0.1775 4418  0.012982  0.002976       0.105553       0.005433   18.688135    4.804618     -213.473584     -185.721789
0.1750 4418  0.012881  0.003102       0.129658       0.006232   18.709299    4.730819     -213.473584     -185.721789
0.1725 4418  0.012526  0.002753       0.122607       0.004416   18.730854    4.657242     -213.473584     -230.695995
0.1700 4418  0.011191  0.002736       0.108129       0.005270   18.752514    4.583997     -230.488394     -230.488394
0.1675 4418  0.010722  0.002422       0.096458       0.004437   18.774439    4.511060     -229.900457     -229.900457
0.1625 4418  0.009622  0.002654       0.101452       0.004798   18.818586    4.365975     -228.846905     -228.846905
0.1650 4418  0.009594  0.002480       0.087333       0.004404   18.796455    4.438380     -229.351312     -229.351312
0.1600 4418  0.008946  0.002303       0.081575       0.003734   18.840920    4.293834     -248.207220     -228.392682
0.1575 4418  0.008723  0.002365       0.088343       0.004159   18.863213    4.221993     -247.714621     -227.975475
0.1525 4418  0.007654  0.002595       0.076597       0.004038   18.908556    4.078915     -246.882164     -246.882164
0.1550 4418  0.007585  0.002247       0.076533       0.003023   18.885813    4.150303     -247.267067     -247.267067
0.1500 4418  0.007182  0.002378       0.079831       0.004600   18.931274    4.007805     -246.539748     -226.979881
0.1475 4418  0.006717  0.002230       0.067151       0.003870   18.954245    3.936898     -269.426942     -246.248808
0.1450 4418  0.006704  0.002222       0.072770       0.003996   18.977297    3.866244     -269.135416     -246.005229
0.1400 4418  0.005907  0.002544       0.067042       0.005901   19.023858    3.725549     -268.708789     -245.648689

[audit] worst q_rel_l2
 alpha    n  p_rel_l2  q_rel_l2  p_max_abs_err  q_max_abs_err  p_ref_norm  q_ref_norm  y_at_p_max_err  y_at_q_max_err
0.0900 4418  0.003808  0.005769       0.039063       0.005273   19.523732    2.360618     -446.367601     -304.258312
0.0925 4418  0.003671  0.005593       0.030622       0.003991   19.498734    2.427593     -446.367601     -340.401660
0.1900 4418  0.013788  0.004246       0.143127       0.007013   18.583773    5.178381     -230.695995     -250.929559
0.1850 4418  0.014439  0.004116       0.121683       0.008823   18.625107    5.027882     -230.695995     -213.473584
0.0750 4418  0.002733  0.003976       0.037736       0.003967   19.682316    1.961936     -528.574666     -340.401660
0.0725 4418  0.003050  0.003872       0.045298       0.003758   19.710435    1.895960     -528.574666     -340.401660
0.0700 4418  0.002559  0.003806       0.028773       0.002633   19.739028    1.830124     -528.574666     -386.262282
0.0775 4418  0.002475  0.003801       0.032500       0.004136   19.654598    2.028035     -528.574666     -340.401660
0.0950 4418  0.003021  0.003764       0.033446       0.003867   19.471951    2.494459     -445.036436     -303.639006
0.0875 4418  0.002888  0.003651       0.035829       0.004218   19.548803    2.293817     -446.367601     -340.401660
0.0800 4418  0.002447  0.003641       0.032069       0.004781   19.627452    2.094250     -528.574666     -340.401660
0.1875 4418  0.014356  0.003639       0.136000       0.007590   18.604319    5.103027     -230.695995     -213.473584
0.0850 4418  0.003183  0.003577       0.048096       0.003462   19.574452    2.227138     -446.367601     -304.258312
0.1825 4418  0.013654  0.003396       0.113377       0.005986   18.645895    4.953183     -250.929559     -185.721789
0.0825 4418  0.002509  0.003327       0.029829       0.002960   19.600721    2.160613     -528.574666     -386.262282
0.1000 4418  0.003319  0.003103       0.047363       0.004499   19.419145    2.628595     -382.377727     -301.842312
0.1750 4418  0.012881  0.003102       0.129658       0.006232   18.709299    4.730819     -213.473584     -185.721789
0.0975 4418  0.003270  0.003070       0.044132       0.005391   19.445387    2.561462     -383.765759     -302.706784
0.1150 4418  0.003785  0.003054       0.048293       0.005913   19.265835    3.034573     -332.524007     -269.872566
0.1100 4418  0.003330  0.003052       0.036244       0.004788   19.316226    2.898592     -377.823735     -270.732448

[audit] spectral summary
  cr_abs_err: mean=3.750335e-06 max=9.903503e-06
  ci_abs_err: mean=1.357152e-06 max=3.033596e-06

[audit] worst spectral rows
 Mach  alpha   cr_ref   ci_ref  cr_pred  ci_pred   cr_abs_err  ci_abs_err
  1.8 0.1550 0.469257 0.018547 0.469259 0.018544 1.848360e-06    0.000003
  1.8 0.0875 0.443124 0.027709 0.443115 0.027712 8.104415e-06    0.000003
  1.8 0.1800 0.476679 0.012900 0.476680 0.012903 3.451858e-07    0.000003
  1.8 0.1150 0.455048 0.025430 0.455050 0.025433 2.563360e-06    0.000003
  1.8 0.1450 0.466009 0.020554 0.466005 0.020556 4.926405e-06    0.000003
  1.8 0.0725 0.435687 0.027643 0.435693 0.027640 5.938083e-06    0.000002
  1.8 0.1075 0.451994 0.026308 0.451996 0.026306 2.513222e-06    0.000002
  1.8 0.1750 0.475279 0.014094 0.475269 0.014092 9.903503e-06    0.000002
  1.8 0.1375 0.463436 0.021955 0.463441 0.021952 5.131090e-06    0.000002
  1.8 0.0975 0.447701 0.027195 0.447697 0.027193 3.552266e-06    0.000002
  1.8 0.0900 0.444279 0.027618 0.444288 0.027620 8.948032e-06    0.000002
  1.8 0.1125 0.454048 0.025740 0.454048 0.025742 1.986785e-07    0.000002
  1.8 0.1100 0.453023 0.026031 0.453030 0.026033 6.397523e-06    0.000002
  1.8 0.0925 0.445436 0.027504 0.445443 0.027502 6.623286e-06    0.000002
  1.8 0.1300 0.460761 0.023242 0.460766 0.023240 4.844620e-06    0.000002
  1.8 0.1875 0.478741 0.011070 0.478737 0.011072 3.347897e-06    0.000002
  1.8 0.1175 0.456048 0.025108 0.456038 0.025106 9.528715e-06    0.000002
  1.8 0.1600 0.470816 0.017479 0.470820 0.017480 4.389049e-06    0.000002
  1.8 0.1850 0.478051 0.011690 0.478059 0.011689 7.298823e-06    0.000002
  1.8 0.1775 0.475976 0.013499 0.475978 0.013501 2.439819e-06    0.000002

[audit] by y windows
