[audit-core] prediction file: assets/pinn_supersonic/runs/pinn_chart_M180_alpha_070_190_pq_supervised_tail_polished_asinh_w192_d6/modal_predictions_all_rows.npz
[audit-core] rows: 216482
[audit-core] unique alpha: 49
[audit-core] alpha range: 0.07 0.19
[audit-core] y range: -1999.9999999999343 1999.9999999999343

[audit-core] computing finite-difference derivatives

[audit-core] global metrics by y window
    scope      n     p_rel_l2     q_rel_l2  qdef_reference_rel_l2  qdef_prediction_rel_l2  p_error_energy_fraction  q_error_energy_fraction
      all 216482 7.401268e-03 3.030244e-03           0.000000e+00            6.227121e-03             1.000000e+00             1.000000e+00
   |y|<=5 161161 3.823143e-04 8.942027e-04           0.000000e+00            5.866126e-03             2.191894e-03             5.906829e-02
  |y|<=10 186548 4.071001e-04 8.471902e-04           0.000000e+00            5.344509e-03             2.803921e-03             6.648769e-02
  |y|<=20 200970 4.909054e-04 8.794853e-04           0.000000e+00            5.265506e-03             4.285634e-03             7.926431e-02
  |y|<=50 210190 7.600417e-04 1.134078e-03           0.000000e+00            5.630489e-03             1.049072e-02             1.385682e-01
 |y|<=100 213367 1.031562e-03 1.578540e-03           0.000000e+00            5.773723e-03             1.940399e-02             2.711604e-01
 |y|<=500 215943 7.245798e-03 3.006334e-03           0.000000e+00            6.216157e-03             9.584274e-01             9.842810e-01
|y|<=2000 216482 7.401268e-03 3.030244e-03           0.000000e+00            6.227121e-03             1.000000e+00             1.000000e+00

[audit-core] worst p errors for |y|<=20
       alpha    n     p_rel_l2     q_rel_l2  qdef_prediction_rel_l2  p_max_abs_err  q_max_abs_err
1.850000e-01 4101 8.005045e-04 1.169447e-03            6.137751e-03   1.231679e-03   3.020718e-04
1.700000e-01 4101 7.302418e-04 9.687126e-04            5.271492e-03   8.616272e-04   2.509547e-04
1.750000e-01 4101 7.149408e-04 1.079394e-03            5.461355e-03   1.111560e-03   2.505437e-04
1.875000e-01 4101 6.777849e-04 1.025673e-03            6.713182e-03   9.632659e-04   2.560505e-04
1.525000e-01 4102 6.603387e-04 9.687547e-04            4.950231e-03   9.938236e-04   2.121718e-04
1.900000e-01 4101 6.377351e-04 1.092110e-03            8.000153e-03   1.222331e-03   3.114653e-04
1.550000e-01 4102 5.788160e-04 9.002725e-04            4.943012e-03   9.519891e-04   2.006532e-04
1.825000e-01 4101 5.732139e-04 9.512760e-04            5.859591e-03   1.098196e-03   2.435595e-04
1.675000e-01 4101 5.726791e-04 9.208972e-04            5.177610e-03   9.763408e-04   1.980328e-04
1.500000e-01 4102 5.449971e-04 5.984867e-04            4.964889e-03   8.041463e-04   1.764701e-04
7.000000e-02 4101 5.382229e-04 1.412179e-03            7.713294e-03   2.846199e-04   9.925898e-05
1.325000e-01 4102 5.299136e-04 8.627738e-04            5.466973e-03   5.794169e-04   1.335904e-04
7.250000e-02 4101 5.267634e-04 1.054760e-03            6.796038e-03   4.668232e-04   9.993114e-05
1.800000e-01 4101 5.258375e-04 8.834817e-04            5.693123e-03   1.006541e-03   2.080506e-04
1.775000e-01 4101 5.228476e-04 9.080113e-04            5.570370e-03   1.005325e-03   2.367239e-04

[audit-core] worst q errors for |y|<=20
       alpha    n     p_rel_l2     q_rel_l2  qdef_prediction_rel_l2  p_max_abs_err  q_max_abs_err
7.000000e-02 4101 5.382229e-04 1.412179e-03            7.713294e-03   2.846199e-04   9.925898e-05
8.750000e-02 4101 4.763585e-04 1.196214e-03            4.346960e-03   7.841595e-04   1.957851e-04
1.850000e-01 4101 8.005045e-04 1.169447e-03            6.137751e-03   1.231679e-03   3.020718e-04
9.000000e-02 4101 4.137204e-04 1.099689e-03            4.701956e-03   5.227668e-04   1.142174e-04
1.900000e-01 4101 6.377351e-04 1.092110e-03            8.000153e-03   1.222331e-03   3.114653e-04
9.250000e-02 4101 3.673824e-04 1.081390e-03            3.987633e-03   4.750035e-04   1.496793e-04
1.750000e-01 4101 7.149408e-04 1.079394e-03            5.461355e-03   1.111560e-03   2.505437e-04
1.000000e-01 4101 4.152204e-04 1.076591e-03            3.377352e-03   5.858170e-04   1.623386e-04
7.250000e-02 4101 5.267634e-04 1.054760e-03            6.796038e-03   4.668232e-04   9.993114e-05
8.250000e-02 4101 4.644087e-04 1.028933e-03            4.233793e-03   5.492708e-04   1.062914e-04
1.875000e-01 4101 6.777849e-04 1.025673e-03            6.713182e-03   9.632659e-04   2.560505e-04
9.500000e-02 4101 5.068109e-04 1.013615e-03            3.792638e-03   9.635733e-04   1.823877e-04
7.500000e-02 4101 5.126136e-04 1.007433e-03            6.016394e-03   4.853354e-04   1.155205e-04
8.000000e-02 4101 4.613543e-04 1.006008e-03            4.561611e-03   3.151321e-04   7.672350e-05
8.500000e-02 4101 4.694155e-04 9.923888e-04            4.076598e-03   1.007289e-03   2.103540e-04

[audit-core] worst q=dp/dy consistency for |y|<=20
       alpha    n  qdef_reference_rel_l2  qdef_prediction_rel_l2  dp_pred_vs_q_ref_rel_l2
1.900000e-01 4101           0.000000e+00            8.000153e-03             8.067702e-03
7.000000e-02 4101           0.000000e+00            7.713294e-03             7.383554e-03
7.250000e-02 4101           0.000000e+00            6.796038e-03             6.579531e-03
1.875000e-01 4101           0.000000e+00            6.713182e-03             6.724666e-03
1.850000e-01 4101           0.000000e+00            6.137751e-03             6.121878e-03
7.500000e-02 4101           0.000000e+00            6.016394e-03             5.826399e-03
1.825000e-01 4101           0.000000e+00            5.859591e-03             5.838573e-03
1.375000e-01 4102           0.000000e+00            5.733039e-03             5.584722e-03
1.350000e-01 4102           0.000000e+00            5.724318e-03             5.601470e-03
1.800000e-01 4101           0.000000e+00            5.693123e-03             5.676465e-03
1.775000e-01 4101           0.000000e+00            5.570370e-03             5.547693e-03
1.400000e-01 4102           0.000000e+00            5.566783e-03             5.410075e-03
1.325000e-01 4102           0.000000e+00            5.466973e-03             5.381402e-03
1.750000e-01 4101           0.000000e+00            5.461355e-03             5.443520e-03
1.725000e-01 4101           0.000000e+00            5.362520e-03             5.317018e-03

[audit-core] edge-alpha summary for |y|<=20
       alpha     p_rel_l2     q_rel_l2  qdef_reference_rel_l2  qdef_prediction_rel_l2
7.000000e-02 5.382229e-04 1.412179e-03           0.000000e+00            7.713294e-03
7.250000e-02 5.267634e-04 1.054760e-03           0.000000e+00            6.796038e-03
7.500000e-02 5.126136e-04 1.007433e-03           0.000000e+00            6.016394e-03
7.750000e-02 4.747137e-04 9.805444e-04           0.000000e+00            5.175459e-03
1.825000e-01 5.732139e-04 9.512760e-04           0.000000e+00            5.859591e-03
1.850000e-01 8.005045e-04 1.169447e-03           0.000000e+00            6.137751e-03
1.875000e-01 6.777849e-04 1.025673e-03           0.000000e+00            6.713182e-03
1.900000e-01 6.377351e-04 1.092110e-03           0.000000e+00            8.000153e-03

[audit-core] wrote:
  assets/pinn_supersonic/runs/pinn_chart_M180_alpha_070_190_pq_supervised_tail_polished_asinh_w192_d6/modal_error_by_y_window.csv
  assets/pinn_supersonic/runs/pinn_chart_M180_alpha_070_190_pq_supervised_tail_polished_asinh_w192_d6/modal_error_by_alpha_y_window.csv
  assets/pinn_supersonic/runs/pinn_chart_M180_alpha_070_190_pq_supervised_tail_polished_asinh_w192_d6/modal_error_edge_alpha_core.csv
