SOURCE=pinn
OUTPUT_DIR=assets/pinn_supersonic/hybrid_fixed_c/local_M150_S4M0_v1/fixed_c_pinn_all
START=Thu Jul 30 03:38:45 PM CEST 2026
[01/45] source=pinn   alpha=0.05000 |dc|=2.261e-02 stage2=1.747e-19 p40=4.048e-02 ov40=6.132e-04 time=1.43s
[02/45] source=pinn   alpha=0.05500 |dc|=1.548e-02 stage2=1.205e-21 p40=3.073e-02 ov40=3.567e-04 time=2.23s
[03/45] source=pinn   alpha=0.06000 |dc|=9.374e-03 stage2=3.942e-01 p40=2.046e-02 ov40=1.596e-04 time=6.64s
[04/45] source=pinn   alpha=0.06500 |dc|=4.234e-03 stage2=2.282e+00 p40=1.010e-02 ov40=3.922e-05 time=6.74s
[05/45] source=pinn   alpha=0.07000 |dc|=2.030e-06 stage2=6.365e+00 p40=2.966e-05 ov40=3.989e-10 time=6.57s
[06/45] source=pinn   alpha=0.07500 |dc|=3.409e-03 stage2=1.371e+01 p40=9.471e-03 ov40=3.527e-05 time=6.61s
[07/45] source=pinn   alpha=0.08000 |dc|=6.064e-03 stage2=2.588e+01 p40=1.801e-02 ov40=1.289e-04 time=7.06s
[08/45] source=pinn   alpha=0.08500 |dc|=8.038e-03 stage2=4.488e+01 p40=2.532e-02 ov40=2.574e-04 time=7.18s
[09/45] source=pinn   alpha=0.09000 |dc|=9.394e-03 stage2=7.306e+01 p40=3.111e-02 ov40=3.930e-04 time=6.70s
[10/45] source=pinn   alpha=0.09500 |dc|=1.018e-02 stage2=1.128e+02 p40=3.519e-02 ov40=5.077e-04 time=7.38s
[11/45] source=pinn   alpha=0.10000 |dc|=1.046e-02 stage2=1.663e+02 p40=3.741e-02 ov40=5.792e-04 time=7.56s
[12/45] source=pinn   alpha=0.10500 |dc|=1.026e-02 stage2=2.347e+02 p40=3.776e-02 ov40=5.945e-04 time=6.76s
[13/45] source=pinn   alpha=0.11000 |dc|=9.633e-03 stage2=3.185e+02 p40=3.629e-02 ov40=5.526e-04 time=6.76s
[14/45] source=pinn   alpha=0.11500 |dc|=8.630e-03 stage2=3.886e+02 p40=3.314e-02 ov40=4.632e-04 time=6.75s
[15/45] source=pinn   alpha=0.12000 |dc|=7.302e-03 stage2=4.350e+02 p40=2.850e-02 ov40=3.438e-04 time=6.78s
[16/45] source=pinn   alpha=0.12500 |dc|=5.708e-03 stage2=4.738e+02 p40=2.259e-02 ov40=2.166e-04 time=6.79s
[17/45] source=pinn   alpha=0.13000 |dc|=3.910e-03 stage2=5.052e+02 p40=1.567e-02 ov40=1.044e-04 time=7.73s
[18/45] source=pinn   alpha=0.13500 |dc|=1.982e-03 stage2=5.308e+02 p40=8.010e-03 ov40=2.731e-05 time=7.73s
[19/45] source=pinn   alpha=0.14000 |dc|=1.715e-06 stage2=5.533e+02 p40=1.375e-04 ov40=8.036e-09 time=7.76s
[20/45] source=pinn   alpha=0.14500 |dc|=1.947e-03 stage2=5.759e+02 p40=8.239e-03 ov40=2.875e-05 time=7.70s
[21/45] source=pinn   alpha=0.15000 |dc|=3.771e-03 stage2=6.026e+02 p40=1.611e-02 ov40=1.099e-04 time=7.76s
[22/45] source=pinn   alpha=0.15500 |dc|=5.380e-03 stage2=6.380e+02 p40=2.330e-02 ov40=2.294e-04 time=6.87s
[23/45] source=pinn   alpha=0.16000 |dc|=6.687e-03 stage2=6.880e+02 p40=2.941e-02 ov40=3.646e-04 time=7.81s
[24/45] source=pinn   alpha=0.16500 |dc|=7.612e-03 stage2=7.598e+02 p40=3.406e-02 ov40=4.872e-04 time=7.87s
[25/45] source=pinn   alpha=0.17000 |dc|=8.092e-03 stage2=8.642e+02 p40=3.691e-02 ov40=5.693e-04 time=6.95s
[26/45] source=pinn   alpha=0.17500 |dc|=8.089e-03 stage2=1.017e+03 p40=3.768e-02 ov40=5.893e-04 time=6.99s
[27/45] source=pinn   alpha=0.18000 |dc|=7.592e-03 stage2=1.241e+03 p40=3.619e-02 ov40=5.390e-04 time=7.08s
[28/45] source=pinn   alpha=0.18500 |dc|=6.629e-03 stage2=1.576e+03 p40=3.240e-02 ov40=4.274e-04 time=8.53s
[29/45] source=pinn   alpha=0.19000 |dc|=5.267e-03 stage2=2.081e+03 p40=2.645e-02 ov40=2.812e-04 time=8.89s
[30/45] source=pinn   alpha=0.19500 |dc|=3.613e-03 stage2=2.852e+03 p40=1.869e-02 ov40=1.384e-04 time=9.25s
[31/45] source=pinn   alpha=0.20000 |dc|=1.804e-03 stage2=4.036e+03 p40=9.707e-03 ov40=3.667e-05 time=9.80s
[32/45] source=pinn   alpha=0.20500 |dc|=6.147e-06 stage2=5.851e+03 p40=3.465e-04 ov40=4.903e-08 time=7.50s
[33/45] source=pinn   alpha=0.21000 |dc|=1.655e-03 stage2=6.735e+03 p40=8.936e-03 ov40=3.016e-05 time=10.43s
[34/45] source=pinn   alpha=0.21500 |dc|=3.017e-03 stage2=7.597e+03 p40=1.692e-02 ov40=1.061e-04 time=7.72s
[35/45] source=pinn   alpha=0.22000 |dc|=3.985e-03 stage2=8.493e+03 p40=2.302e-02 ov40=1.929e-04 time=7.82s
[36/45] source=pinn   alpha=0.22500 |dc|=4.492e-03 stage2=9.395e+03 p40=2.663e-02 ov40=2.543e-04 time=8.04s
[37/45] source=pinn   alpha=0.23000 |dc|=4.505e-03 stage2=1.028e+04 p40=2.737e-02 ov40=2.648e-04 time=12.08s
[38/45] source=pinn   alpha=0.23500 |dc|=4.024e-03 stage2=1.112e+04 p40=2.499e-02 ov40=2.182e-04 time=8.24s
[39/45] source=pinn   alpha=0.24000 |dc|=3.075e-03 stage2=1.190e+04 p40=1.946e-02 ov40=1.310e-04 time=12.45s
[40/45] source=pinn   alpha=0.24500 |dc|=1.712e-03 stage2=1.263e+04 p40=1.093e-02 ov40=4.102e-05 time=12.67s
[41/45] source=pinn   alpha=0.25000 |dc|=7.783e-06 stage2=1.330e+04 p40=5.991e-04 ov40=1.393e-07 time=12.97s
[42/45] source=pinn   alpha=0.25500 |dc|=1.963e-03 stage2=1.391e+04 p40=1.382e-02 ov40=6.452e-05 time=13.27s
[43/45] source=pinn   alpha=0.26000 |dc|=4.115e-03 stage2=1.449e+04 p40=2.913e-02 ov40=2.854e-04 time=13.39s
[44/45] source=pinn   alpha=0.26500 |dc|=6.380e-03 stage2=1.505e+04 p40=4.582e-02 ov40=7.036e-04 time=8.28s
[45/45] source=pinn   alpha=0.27000 |dc|=8.705e-03 stage2=1.560e+04 p40=6.353e-02 ov40=1.348e-03 time=13.78s

{
  "status": "COMPLETED",
  "source": "pinn",
  "alpha_set": "all",
  "Mach": 1.5,
  "n_requested": 45,
  "n_successful": 45,
  "n_failed": 0,
  "output_csv": "assets/pinn_supersonic/hybrid_fixed_c/local_M150_S4M0_v1/fixed_c_pinn_all/fixed_c_modal_results.csv",
  "complex_spectral_error_mean": 0.0057955390940505605,
  "complex_spectral_error_max": 0.022607780316684097,
  "stage2_mismatch_mean": 3937.166327223261,
  "stage2_mismatch_max": 15601.177430833304,
  "p_rel_l2_core20_mean": 0.012233740803590304,
  "p_rel_l2_core20_max": 0.029668199542247947,
  "p_rel_l2_core40_mean": 0.023578848127416334,
  "p_rel_l2_core40_max": 0.06353168135514019,
  "rho_rel_l2_core40_mean": 0.023578848127416337,
  "rho_rel_l2_core40_max": 0.06353168135514016,
  "u_rel_l2_core40_mean": 0.02081496361395129,
  "u_rel_l2_core40_max": 0.06727243110802371,
  "v_rel_l2_core40_mean": 0.0255595711357751,
  "v_rel_l2_core40_max": 0.06595604130386341,
  "p_overlap_error_core20_mean": 9.826805007129291e-05,
  "p_overlap_error_core20_max": 0.00044019791914395867,
  "p_overlap_error_core40_mean": 0.0002847563891422291,
  "p_overlap_error_core40_max": 0.0013481712131250267,
  "stage2_seconds_mean": 7.89900109625111,
  "stage2_seconds_max": 13.348527504131198,
  "reconstruction_seconds_mean": 0.2632305590849784,
  "reconstruction_seconds_max": 0.43249801732599735,
  "fixed_c_total_seconds_mean": 8.162231655336088,
  "fixed_c_total_seconds_max": 13.781025521457195
}

written: assets/pinn_supersonic/hybrid_fixed_c/local_M150_S4M0_v1/fixed_c_pinn_all/fixed_c_modal_results.csv
written: assets/pinn_supersonic/hybrid_fixed_c/local_M150_S4M0_v1/fixed_c_pinn_all/fixed_c_modal_summary.json
END=Thu Jul 30 03:45:33 PM CEST 2026
