corrected shooting solver: OK
M 1.20000 -> 1.18333 accepted=True c=0.18153007+i0.10311674
M 1.18333 -> 1.16667 accepted=True c=0.16917106+i0.10693114
M 1.16667 -> 1.15000 accepted=True c=0.15598612+i0.11079076
M 1.15000 -> 1.13333 accepted=True c=0.14172993+i0.11467914
M 1.13333 -> 1.11667 accepted=True c=0.12601743+i0.11858182
M 1.11667 -> 1.10000 accepted=True c=0.10818025+i0.12247655
M 1.10000 -> 1.08333 accepted=True c=0.08686162+i0.12632966
M 1.08333 -> 1.06667 accepted=True c=0.05822990+i0.13010006
M 1.06667 -> 1.05000 accepted=True c=0.00000000+i0.10573368
M 1.05000 -> 1.03500 accepted=True c=0.00000000+i0.06898302
M 1.03500 -> 1.02000 accepted=True c=0.00000000+i0.04709068
M 1.02000 -> 1.01000 accepted=True c=0.00000000+i0.03451634
M 1.01000 -> 1.00000 accepted=True c=0.00000000+i0.02154288

alpha trace M=1.00000
alpha=0.14000000 c=0.00000000+i2.62963159e-02 stage1=9.42e-08 stage2=7.58e-19
alpha=0.15200000 c=0.00000000+i3.34305335e-02 stage1=1.35e-08 stage2=6.69e-19
alpha=0.16640000 c=0.00000000+i4.53215961e-02 stage1=9.78e-09 stage2=5.71e-19
alpha=0.18368000 c=0.00000000+i7.27832033e-02 stage1=7.88e-08 stage2=4.53e-19
alpha=0.20368000 c=0.05761217+i9.23409231e-02 stage1=9.89e-08 stage2=1.22e-18
alpha=0.22368000 c=0.08612179+i7.98848300e-02 stage1=2.65e-07 stage2=2.26e-18
alpha=0.24368000 c=0.10616870+i6.76876633e-02 stage1=6.34e-08 stage2=4.02e-18
alpha=0.26368000 c=0.12208009+i5.57220904e-02 stage1=4.24e-08 stage2=7.52e-18
alpha=0.28368000 c=0.13538930+i4.39657361e-02 stage1=1.49e-08 stage2=1.55e-17
alpha=0.30368000 c=0.14686208+i3.23988987e-02 stage1=8.88e-08 stage2=3.83e-17
alpha=0.32368000 c=0.15694993+i2.10029180e-02 stage1=3.54e-08 stage2=1.31e-16
alpha=0.34368000 c=0.16594806+i9.76150513e-03 stage1=7.33e-08 stage2=9.39e-16
retry alpha=0.36368000: step 0.020000 -> 0.010000
alpha=0.35368000 c=0.17010567+i4.19386290e-03 stage1=7.37e-08 stage2=5.38e-15
alpha=0.35868000 c=0.17210846+i1.42284163e-03 stage1=6.50e-08 stage2=1.04e-14
alpha=0.36118000 c=0.17303441+i7.41813865e-05 stage1=4.79e-06 stage2=2.32e-14
retry alpha=0.36218000: step 0.001000 -> 0.000500
alpha=0.36168000 c=0.17300456+i4.24975682e-05 stage1=6.86e-06 stage2=1.15e-14
neutral M=1.00000: alpha_n=0.3616800100000001 method=power status=reached_ci_stop

alpha trace M=1.02000
alpha=0.14000000 c=0.00000000+i5.61167162e-02 stage1=6.41e-08 stage2=6.26e-19
alpha=0.15200000 c=0.00000000+i7.18628683e-02 stage1=3.81e-08 stage2=5.39e-19
alpha=0.16640000 c=0.02700447+i1.15156177e-01 stage1=8.19e-08 stage2=6.61e-19
alpha=0.18368000 c=0.06867316+i1.04028610e-01 stage1=1.84e-07 stage2=1.35e-18
alpha=0.20368000 c=0.09513434+i9.14049024e-02 stage1=4.57e-08 stage2=2.24e-18
alpha=0.22368000 c=0.11451330+i7.90325170e-02 stage1=7.61e-09 stage2=3.52e-18
alpha=0.24368000 c=0.13011489+i6.68924721e-02 stage1=7.12e-08 stage2=5.81e-18
alpha=0.26368000 c=0.14325871+i5.49662649e-02 stage1=1.59e-08 stage2=1.04e-17
alpha=0.28368000 c=0.15463770+i4.32355549e-02 stage1=9.15e-08 stage2=2.07e-17
alpha=0.30368000 c=0.16467273+i3.16845179e-02 stage1=4.83e-08 stage2=5.02e-17
alpha=0.32368000 c=0.17364367+i2.02971567e-02 stage1=2.99e-08 stage2=1.72e-16
alpha=0.34368000 c=0.18174917+i9.05971843e-03 stage1=2.70e-08 stage2=1.28e-15
retry alpha=0.36368000: step 0.020000 -> 0.010000
alpha=0.35368000 c=0.18552471+i3.49311835e-03 stage1=5.72e-08 stage2=8.30e-15
alpha=0.35868000 c=0.18735025+i7.22235108e-04 stage1=6.86e-08 stage2=2.15e-14
alpha=0.36118000 c=0.18821600+i3.28930677e-05 stage1=1.27e-05 stage2=1.18e-14
neutral M=1.02000: alpha_n=0.3611800100000001 method=power status=reached_ci_stop

alpha trace M=1.05000
alpha=0.14000000 c=0.04438227+i1.27254478e-01 stage1=1.25e-07 stage2=8.79e-19
alpha=0.15200000 c=0.07163473+i1.19587228e-01 stage1=6.12e-08 stage2=1.28e-18
alpha=0.16640000 c=0.09346845+i1.10501301e-01 stage1=5.70e-08 stage2=1.79e-18
alpha=0.18368000 c=0.11319305+i9.97566536e-02 stage1=3.29e-08 stage2=2.52e-18
alpha=0.20368000 c=0.13124024+i8.75228003e-02 stage1=1.24e-07 stage2=3.65e-18
alpha=0.22368000 c=0.14608480+i7.54902722e-02 stage1=1.25e-07 stage2=5.48e-18
alpha=0.24368000 c=0.15872725+i6.36471863e-02 stage1=7.92e-08 stage2=8.77e-18
alpha=0.26368000 c=0.16974079+i5.19792290e-02 stage1=1.01e-08 stage2=1.54e-17
alpha=0.28368000 c=0.17949302+i4.04742566e-02 stage1=9.25e-08 stage2=3.07e-17
alpha=0.30368000 c=0.18823607+i2.91202768e-02 stage1=5.51e-08 stage2=7.60e-17
alpha=0.32368000 c=0.19615357+i1.79072904e-02 stage1=4.42e-08 stage2=2.92e-16
alpha=0.34368000 c=0.20338344+i6.82511260e-03 stage1=3.07e-08 stage2=2.53e-15
retry alpha=0.36368000: step 0.020000 -> 0.010000
alpha=0.35368000 c=0.20677519+i1.32998939e-03 stage1=6.85e-08 stage2=1.00e-14
alpha=0.35618000 c=0.20754217+i5.54057185e-05 stage1=8.02e-07 stage2=1.10e-14
retry alpha=0.35718000: step 0.001000 -> 0.000500
alpha=0.35668000 c=0.20786985+i3.73422521e-05 stage1=3.41e-06 stage2=1.14e-14
neutral M=1.05000: alpha_n=0.3566800100000001 method=power status=reached_ci_stop

alpha trace M=1.10000
alpha=0.14000000 c=0.12096667+i1.16450594e-01 stage1=2.14e-08 stage2=2.24e-18
alpha=0.15200000 c=0.13411208+i1.09282259e-01 stage1=9.43e-08 stage2=2.70e-18
alpha=0.16640000 c=0.14762455+i1.00765801e-01 stage1=3.57e-08 stage2=3.37e-18
alpha=0.18368000 c=0.16148435+i9.06610234e-02 stage1=1.18e-07 stage2=4.42e-18
alpha=0.20368000 c=0.17518246+i7.91107242e-02 stage1=2.54e-08 stage2=6.20e-18
alpha=0.22368000 c=0.18700298+i6.77067695e-02 stage1=2.03e-08 stage2=9.26e-18
alpha=0.24368000 c=0.19738079+i5.64392012e-02 stage1=9.84e-08 stage2=1.49e-17
alpha=0.26368000 c=0.20661501+i4.52995579e-02 stage1=7.33e-08 stage2=2.68e-17
alpha=0.28368000 c=0.21492045+i3.42804548e-02 stage1=3.89e-08 stage2=5.68e-17
alpha=0.30368000 c=0.22245980+i2.33744950e-02 stage1=6.51e-08 stage2=1.59e-16
alpha=0.32368000 c=0.22935793+i1.25762824e-02 stage1=7.08e-08 stage2=7.62e-16
alpha=0.34368000 c=0.23571449+i1.87964163e-03 stage1=2.77e-08 stage2=1.86e-14
alpha=0.34618000 c=0.23647507+i5.49541992e-04 stage1=2.77e-08 stage2=9.49e-15
retry alpha=0.34868000: step 0.002500 -> 0.001250
alpha=0.34743000 c=0.23684229+i4.56330842e-05 stage1=1.08e-06 stage2=1.03e-14
neutral M=1.10000: alpha_n=0.3474339882458622 method=power status=reached_ci_stop

alpha trace M=1.15000
alpha=0.14000000 c=0.16567967+i1.05194850e-01 stage1=2.82e-08 stage2=3.47e-18
alpha=0.15200000 c=0.17608857+i9.85200990e-02 stage1=6.85e-08 stage2=4.11e-18
alpha=0.16640000 c=0.18716765+i9.05650581e-02 stage1=7.91e-08 stage2=5.02e-18
alpha=0.18368000 c=0.19885376+i8.10940080e-02 stage1=4.19e-08 stage2=6.52e-18
alpha=0.20368000 c=0.21066020+i7.02276416e-02 stage1=5.14e-08 stage2=9.31e-18
alpha=0.22368000 c=0.22101427+i5.94582896e-02 stage1=6.49e-08 stage2=1.42e-17
alpha=0.24368000 c=0.23021069+i4.87804759e-02 stage1=6.18e-08 stage2=2.37e-17
alpha=0.26368000 c=0.23846517+i3.81912405e-02 stage1=3.46e-08 stage2=4.52e-17
alpha=0.28368000 c=0.24594247+i2.76869114e-02 stage1=5.34e-08 stage2=1.06e-16
alpha=0.30368000 c=0.25277037+i1.72650324e-02 stage1=8.42e-08 stage2=3.68e-16
alpha=0.32368000 c=0.25905113+i6.92302827e-03 stage1=6.14e-08 stage2=2.86e-15
retry alpha=0.34368000: step 0.020000 -> 0.010000
alpha=0.33368000 c=0.26201258+i1.78153072e-03 stage1=4.54e-08 stage2=2.43e-14
alpha=0.33618000 c=0.26273601+i4.99225722e-04 stage1=4.42e-08 stage2=1.69e-14
alpha=0.33718000 c=0.26299041+i5.59205334e-05 stage1=1.73e-06 stage2=9.57e-15
retry alpha=0.33818000: step 0.001000 -> 0.000500
alpha=0.33768000 c=0.26317818+i3.63508049e-05 stage1=5.84e-06 stage2=9.81e-15
neutral M=1.15000: alpha_n=0.3376800100000002 method=power status=reached_ci_stop

alpha trace M=1.20000
alpha=0.14000000 c=0.20160038+i9.42071073e-02 stage1=5.82e-08 stage2=4.78e-18
alpha=0.15200000 c=0.21071613+i8.80358583e-02 stage1=4.45e-08 stage2=5.62e-18
alpha=0.16640000 c=0.22054168+i8.06501752e-02 stage1=5.16e-08 stage2=6.92e-18
alpha=0.18368000 c=0.23101910+i7.18148777e-02 stage1=4.35e-08 stage2=9.14e-18
alpha=0.20368000 c=0.24170234+i6.16297467e-02 stage1=6.04e-08 stage2=1.33e-17
alpha=0.22368000 c=0.25114028+i5.14902150e-02 stage1=2.94e-08 stage2=2.09e-17
alpha=0.24368000 c=0.25956944+i4.13981752e-02 stage1=3.45e-08 stage2=3.69e-17
alpha=0.26368000 c=0.26716949+i3.13562733e-02 stage1=9.86e-08 stage2=7.64e-17
alpha=0.28368000 c=0.27408026+i2.13657793e-02 stage1=6.36e-08 stage2=2.15e-16
alpha=0.30368000 c=0.28041348+i1.14292100e-02 stage1=6.50e-08 stage2=9.81e-16
alpha=0.32368000 c=0.28625853+i1.54874161e-03 stage1=8.23e-08 stage2=8.18e-15
alpha=0.32618000 c=0.28695845+i3.17255200e-04 stage1=8.85e-08 stage2=2.23e-14
alpha=0.32718000 c=0.28715313+i4.04405248e-05 stage1=1.11e-05 stage2=9.17e-15
neutral M=1.20000: alpha_n=0.3271800100000001 method=power status=reached_ci_stop

  Mach          status  n_trace_points  n_fit_points  alpha_last  ci_last  alpha_neutral_linear  linear_rmse  alpha_neutral_power  power_A  power_beta  power_rmse  alpha_neutral_selected selected_method
 1.00 reached_ci_stop              17             7     0.36168 0.000042                   NaN     0.000122             0.361680 0.609554    1.030378    0.000081                0.361680           power
 1.02 reached_ci_stop              16             7     0.36118 0.000033                   NaN     0.000280             0.361180 0.643694    1.055082    0.000195                0.361180           power
 1.05 reached_ci_stop              16             7     0.35668 0.000037                   NaN     0.000159             0.356680 0.603831    1.032313    0.000099                0.356680           power
 1.10 reached_ci_stop              15             7     0.34743 0.000046                   NaN     0.000118             0.347434 0.566880    1.018998    0.000039                0.347434           power
 1.15 reached_ci_stop              16             7     0.33768 0.000036                   NaN     0.000109             0.337680 0.567067    1.033933    0.000108                0.337680           power
 1.20 reached_ci_stop              14             7     0.32718 0.000040                   NaN     0.000094             0.327180 0.517623    1.017161    0.000069                0.327180           power

 {
  "n_requested_mach": 6,
  "n_base_seeds": 6,
  "n_neutral_estimates": 6,
  "status_counts": {
    "reached_ci_stop": 6
  },
  "scientific_note": "alpha_n(M) is extrapolated from positive-ci shooting solutions on the unstable side; ci=0 is not imposed in the solver."
}
 Mach  n_points  alpha_previous  ci_previous  alpha_last  ci_last  alpha_neutral_secant  secant_slope_dci_dalpha  alpha_neutral_last3  last3_slope_dci_dalpha  alpha_neutral_selected  delta_alpha_from_last  fit_spread  cr_neutral_estimate  dcr_dalpha_last selected_method status
 1.00        17         0.36118     0.000074     0.36168 0.000042              0.362351                -0.063368             0.361570               -0.485711                0.362351               0.000671         NaN             0.172965        -0.059701 last_two_secant     ok
 1.02        16         0.35868     0.000722     0.36118 0.000033              0.361299                -0.275737             0.360830               -0.474622                0.361299               0.000119         NaN             0.188257         0.346301 last_two_secant     ok
 1.05        16         0.35618     0.000055     0.35668 0.000037              0.357714                -0.036127             0.356553               -0.456350                0.357714               0.001034         NaN             0.208547         0.655356 last_two_secant     ok
 1.10        15         0.34618     0.000550     0.34743 0.000046              0.347543                -0.403127             0.347429               -0.495208                0.347543               0.000113         NaN             0.236876         0.293775 last_two_secant     ok
 1.15        16         0.33718     0.000056     0.33768 0.000036              0.338609                -0.039139             0.337615               -0.327829                0.338609               0.000929         NaN             0.263527         0.375548 last_two_secant     ok
 1.20        14         0.32618     0.000317     0.32718 0.000040              0.327326                -0.276815             0.327115               -0.442799                0.327326               0.000146         NaN             0.287182         0.194680 last_two_secant     ok

 {
  "n_mach": 6,
  "n_valid": 6,
  "method": "Linear zero crossing based primarily on the last two positive-ci shooting points."
}

wrote: assets/pinn_supersonic/runs/supersonic_neutral_boundary_lowM_M100_120/neutral_boundary_secant_refit.csv

REPORT
{
  "n_requested_mach": 6,
  "n_base_seeds": 6,
  "n_neutral_estimates": 6,
  "status_counts": {
    "reached_ci_stop": 6
  },
  "scientific_note": "alpha_n(M) is extrapolated from positive-ci shooting solutions on the unstable side; ci=0 is not imposed in the solver."
}
LOCAL NEUTRAL REFIT
Mach,n_points,alpha_previous,ci_previous,alpha_last,ci_last,alpha_neutral_secant,secant_slope_dci_dalpha,alpha_neutral_last3,last3_slope_dci_dalpha,alpha_neutral_selected,delta_alpha_from_last,fit_spread,cr_neutral_estimate,dcr_dalpha_last,selected_method,status
1.0,17,0.36118,7.418138648741771e-05,0.36168,4.249756816816001e-05,0.3623506509887782,-0.06336763663850095,0.36156987362481513,-0.48571127272603,0.3623506509887782,0.0006706509887782208,,0.17296452007205695,-0.05970088362738929,last_two_secant,ok
1.02,16,0.35868,0.0007222351080002,0.36118,3.28930676554048e-05,0.3612992915335575,-0.27573681613791823,0.3608302640352038,-0.4746224104130097,0.3612992915335575,0.00011929153355749733,,0.1882573149778624,0.34630088049780705,last_two_secant,ok
1.05,16,0.35618,5.540571853500158e-05,0.35668,3.734225213881599e-05,0.3577136402581817,-0.036126932792367665,0.35655254730467184,-0.45635047189559147,0.3577136402581817,0.0010336402581817006,,0.2085472541713608,0.6553564669866113,last_two_secant,ok
1.1,15,0.34618,0.0005495419916363,0.34743,4.563308418674561e-05,0.34754319775139936,-0.40312712595963346,0.3474291777653089,-0.49520764814820917,0.34754319775139936,0.00011319775139934096,,0.23687554672322916,0.293774963911113,last_two_secant,ok
1.15,16,0.33718,5.5920533416527975e-05,0.33768,3.6350804874611176e-05,0.3386087508714479,-0.0391394570838289,0.3376147612949982,-0.3278292650120168,0.3386087508714479,0.0009287508714479475,,0.2635269705769936,0.37554834218655986,last_two_secant,ok
1.2,14,0.32618,0.0003172551998029,0.32718,4.044052483945598e-05,0.32732609241668553,-0.27681467496343515,0.32711514058803454,-0.44279920513062326,0.32732609241668553,0.000146092416685506,,0.2871815666311852,0.19468000682681935,last_two_secant,ok
