corrected shooting solver: OK
M 1.20000 -> 1.21667 accepted=True c=0.20438763+i0.09566809
M 1.21667 -> 1.23333 accepted=True c=0.21509133+i0.09205178
M 1.23333 -> 1.25000 accepted=True c=0.22540629+i0.08851682
M 1.25000 -> 1.26667 accepted=True c=0.23538306+i0.08507011
M 1.26667 -> 1.28333 accepted=True c=0.24506078+i0.08171780
M 1.28333 -> 1.30000 accepted=True c=0.25447043+i0.07846226
M 1.30000 -> 1.31667 accepted=True c=0.26363682+i0.07530849
M 1.31667 -> 1.33333 accepted=True c=0.27257926+i0.07225768
M 1.33333 -> 1.35000 accepted=True c=0.28131360+i0.06931250
M 1.35000 -> 1.37500 accepted=True c=0.29405262+i0.06509472
M 1.37500 -> 1.40000 accepted=True c=0.30638541+i0.06111564
M 1.40000 -> 1.41667 accepted=True c=0.31439456+i0.05859364
M 1.41667 -> 1.43333 accepted=True c=0.32224053+i0.05617626
M 1.43333 -> 1.45000 accepted=True c=0.32992866+i0.05386008
M 1.45000 -> 1.46667 accepted=True c=0.33746318+i0.05164257
M 1.46667 -> 1.48333 accepted=True c=0.34484827+i0.04952215
M 1.48333 -> 1.50000 accepted=True c=0.35208701+i0.04749466
M 1.50000 -> 1.51667 accepted=True c=0.35918350+i0.04555786
M 1.51667 -> 1.53333 accepted=True c=0.36614020+i0.04370742
M 1.53333 -> 1.55000 accepted=True c=0.37296040+i0.04194066
M 1.55000 -> 1.56667 accepted=True c=0.37964699+i0.04025378
M 1.56667 -> 1.58333 accepted=True c=0.38620297+i0.03864365
M 1.58333 -> 1.60000 accepted=True c=0.39263068+i0.03710696

alpha trace M=1.20000
alpha=0.14000000 c=0.20160017+i9.42069720e-02 stage1=3.65e-08 stage2=4.77e-18
alpha=0.15200000 c=0.21071626+i8.80360641e-02 stage1=1.71e-08 stage2=5.62e-18
alpha=0.16640000 c=0.22054173+i8.06499503e-02 stage1=5.29e-09 stage2=6.92e-18
alpha=0.18368000 c=0.23101895+i7.18147708e-02 stage1=8.81e-08 stage2=9.14e-18
alpha=0.20368000 c=0.24170237+i6.16298268e-02 stage1=3.73e-08 stage2=1.33e-17
alpha=0.22368000 c=0.25114027+i5.14904739e-02 stage1=9.39e-08 stage2=2.09e-17
alpha=0.24368000 c=0.25956937+i4.13983763e-02 stage1=5.12e-08 stage2=3.68e-17
alpha=0.26368000 c=0.26716945+i3.13560378e-02 stage1=1.93e-08 stage2=7.64e-17
alpha=0.28368000 c=0.27408034+i2.13657478e-02 stage1=2.03e-08 stage2=2.10e-16
alpha=0.30368000 c=0.28041341+i1.14293294e-02 stage1=3.84e-08 stage2=9.84e-16
alpha=0.32368000 c=0.28625833+i1.54876945e-03 stage1=3.42e-08 stage2=8.22e-15
alpha=0.32618000 c=0.28695822+i3.17333066e-04 stage1=4.75e-08 stage2=8.30e-15
alpha=0.32718000 c=0.28724432+i3.81726384e-05 stage1=9.57e-06 stage2=9.30e-15
neutral M=1.20000: alpha_n=0.3271800100000001 method=power status=reached_ci_stop

alpha trace M=1.25000
alpha=0.14000000 c=0.23299069+i8.38176519e-02 stage1=2.38e-08 stage2=6.25e-18
alpha=0.15200000 c=0.24129994+i7.81574869e-02 stage1=4.09e-08 stage2=7.41e-18
alpha=0.16640000 c=0.25030616+i7.13406645e-02 stage1=1.81e-08 stage2=9.20e-18
alpha=0.18368000 c=0.25995876+i6.31363002e-02 stage1=6.08e-08 stage2=1.23e-17
alpha=0.20368000 c=0.26984531+i5.36194685e-02 stage1=7.25e-08 stage2=1.85e-17
alpha=0.22368000 c=0.27861298+i4.40939225e-02 stage1=4.41e-08 stage2=3.06e-17
alpha=0.24368000 c=0.28646798+i3.45704155e-02 stage1=8.91e-08 stage2=5.75e-17
alpha=0.26368000 c=0.29356943+i2.50585424e-02 stage1=8.24e-08 stage2=1.33e-16
alpha=0.28368000 c=0.30004390+i1.55672440e-02 stage1=1.08e-08 stage2=4.67e-16
alpha=0.30368000 c=0.30599142+i6.10318406e-03 stage1=3.25e-08 stage2=3.54e-15
retry alpha=0.32368000: step 0.020000 -> 0.010000
alpha=0.31368000 c=0.30879385+i1.38341517e-03 stage1=3.16e-08 stage2=7.79e-15
alpha=0.31618000 c=0.30947813+i2.02961065e-04 stage1=4.82e-08 stage2=7.80e-15
retry alpha=0.31718000: step 0.001000 -> 0.000500
alpha=0.31668000 c=0.30968876+i4.30727784e-05 stage1=5.31e-06 stage2=8.28e-15
neutral M=1.25000: alpha_n=0.3166997488313188 method=power status=reached_ci_stop

alpha trace M=1.30000
alpha=0.14000000 c=0.26148503+i7.42148409e-02 stage1=2.46e-08 stage2=8.02e-18
alpha=0.15200000 c=0.26919290+i6.90573347e-02 stage1=2.35e-08 stage2=9.53e-18
alpha=0.16640000 c=0.27757094+i6.27958891e-02 stage1=7.20e-08 stage2=1.20e-17
alpha=0.18368000 c=0.28657505+i5.52003195e-02 stage1=2.20e-08 stage2=1.65e-17
alpha=0.20368000 c=0.29582214+i4.63242188e-02 stage1=4.73e-08 stage2=2.57e-17
alpha=0.22368000 c=0.30404252+i3.73834284e-02 stage1=9.35e-08 stage2=4.46e-17
alpha=0.24368000 c=0.31142294+i2.84001314e-02 stage1=6.52e-08 stage2=9.14e-17
alpha=0.26368000 c=0.31811000+i1.93923976e-02 stage1=6.33e-08 stage2=2.53e-16
alpha=0.28368000 c=0.32421869+i1.03753414e-02 stage1=8.30e-08 stage2=1.23e-15
alpha=0.30368000 c=0.32984157+i1.36123344e-03 stage1=1.71e-08 stage2=6.97e-15
alpha=0.30618000 c=0.33051515+i2.34593073e-04 stage1=1.19e-07 stage2=7.13e-15
alpha=0.30718000 c=0.33096293+i3.15610453e-05 stage1=1.12e-06 stage2=8.08e-15
neutral M=1.30000: alpha_n=0.30718001000000006 method=power status=reached_ci_stop

alpha trace M=1.35000
alpha=0.14000000 c=0.28785368+i6.54979781e-02 stage1=3.79e-08 stage2=1.01e-17
alpha=0.15200000 c=0.29505388+i6.08192685e-02 stage1=8.58e-08 stage2=1.22e-17
alpha=0.16640000 c=0.30289519+i5.50825092e-02 stage1=5.12e-08 stage2=1.55e-17
alpha=0.18368000 c=0.31133948+i4.80584762e-02 stage1=8.49e-08 stage2=2.19e-17
alpha=0.20368000 c=0.32002922+i3.97805698e-02 stage1=8.89e-08 stage2=3.56e-17
alpha=0.22368000 c=0.32777011+i3.13854100e-02 stage1=4.58e-08 stage2=6.59e-17
alpha=0.24368000 c=0.33473406+i2.29057110e-02 stage1=6.38e-08 stage2=1.50e-16
alpha=0.26368000 c=0.34105568+i1.43685189e-02 stage1=7.02e-08 stage2=5.01e-16
alpha=0.28368000 c=0.34684210+i5.79512232e-03 stage1=6.96e-08 stage2=3.58e-15
retry alpha=0.30368000: step 0.020000 -> 0.010000
alpha=0.29368000 c=0.34956170+i1.50077445e-03 stage1=5.16e-08 stage2=6.47e-15
alpha=0.29618000 c=0.35022503+i4.26731787e-04 stage1=2.77e-08 stage2=1.07e-14
alpha=0.29718000 c=0.35053912+i4.39715699e-05 stage1=1.94e-07 stage2=1.16e-14
neutral M=1.35000: alpha_n=0.2972005993153851 method=power status=reached_ci_stop

alpha trace M=1.40000
alpha=0.14000000 c=0.31249624+i5.76992751e-02 stage1=8.89e-08 stage2=1.27e-17
alpha=0.15200000 c=0.31923614+i5.34595492e-02 stage1=7.81e-08 stage2=1.54e-17
alpha=0.16640000 c=0.32658916+i4.82035636e-02 stage1=8.21e-08 stage2=2.01e-17
alpha=0.18368000 c=0.33452272+i4.17023433e-02 stage1=4.98e-08 stage2=2.91e-17
alpha=0.20368000 c=0.34270523+i3.39721495e-02 stage1=8.18e-09 stage2=4.96e-17
alpha=0.22368000 c=0.35000982+i2.60765390e-02 stage1=1.24e-08 stage2=9.89e-17
alpha=0.24368000 c=0.35659527+i1.80594508e-02 stage1=8.77e-08 stage2=2.64e-16
alpha=0.26368000 c=0.36258510+i9.95594729e-03 stage1=7.61e-08 stage2=1.52e-15
alpha=0.28368000 c=0.36807870+i1.79391912e-03 stage1=6.73e-08 stage2=5.97e-15
alpha=0.28618000 c=0.36873443+i7.70612147e-04 stage1=2.52e-08 stage2=1.36e-14
alpha=0.28868000 c=0.36963278+i2.75587624e-05 stage1=1.77e-05 stage2=1.08e-14
neutral M=1.40000: alpha_n=0.28868001000000004 method=power status=reached_ci_stop

alpha trace M=1.45000
alpha=0.14000000 c=0.33563682+i5.07990320e-02 stage1=5.77e-08 stage2=1.59e-17
alpha=0.15200000 c=0.34194392+i4.69501472e-02 stage1=1.51e-08 stage2=1.95e-17
alpha=0.16640000 c=0.34884035+i4.21229237e-02 stage1=3.31e-08 stage2=2.58e-17
alpha=0.18368000 c=0.35629864+i3.60891397e-02 stage1=1.19e-08 stage2=3.88e-17
alpha=0.20368000 c=0.36400974+i2.88512714e-02 stage1=1.66e-08 stage2=6.97e-17
alpha=0.22368000 c=0.37091050+i2.14075092e-02 stage1=4.08e-08 stage2=1.52e-16
alpha=0.24368000 c=0.37714609+i1.38112572e-02 stage1=4.19e-08 stage2=4.24e-16
alpha=0.26368000 c=0.38283088+i6.10462832e-03 stage1=9.03e-08 stage2=2.91e-15
retry alpha=0.28368000: step 0.020000 -> 0.010000
alpha=0.27368000 c=0.38549511+i2.22056603e-03 stage1=5.69e-08 stage2=1.17e-14
alpha=0.27868000 c=0.38678736+i2.71940163e-04 stage1=6.60e-08 stage2=5.65e-15
alpha=0.27968000 c=0.38704594+i3.64444174e-05 stage1=6.95e-06 stage2=6.12e-15
neutral M=1.45000: alpha_n=0.27968001000000003 method=power status=reached_ci_stop

alpha trace M=1.50000
alpha=0.14000000 c=0.35741295+i4.47395469e-02 stage1=4.64e-08 stage2=1.97e-17
alpha=0.15200000 c=0.36331198+i4.12304925e-02 stage1=9.70e-08 stage2=2.46e-17
alpha=0.16640000 c=0.36977890+i3.67777356e-02 stage1=3.13e-08 stage2=3.33e-17
alpha=0.18368000 c=0.37679155+i3.11558810e-02 stage1=9.09e-08 stage2=5.17e-17
alpha=0.20368000 c=0.38406243+i2.43558198e-02 stage1=3.82e-08 stage2=9.91e-17
alpha=0.22368000 c=0.39058738+i1.73169606e-02 stage1=5.42e-08 stage2=2.42e-16
alpha=0.24368000 c=0.39649853+i1.01013651e-02 stage1=7.36e-08 stage2=9.38e-16
alpha=0.26368000 c=0.40189968+i2.75634167e-03 stage1=5.65e-08 stage2=5.13e-15
alpha=0.26868000 c=0.40318027+i9.04403647e-04 stage1=7.00e-08 stage2=1.08e-14
alpha=0.27118000 c=0.40388987+i3.56937693e-05 stage1=9.10e-06 stage2=5.77e-15
neutral M=1.50000: alpha_n=0.27118001 method=power status=reached_ci_stop

alpha trace M=1.55000
alpha=0.14000000 c=0.37792657+i3.94435672e-02 stage1=4.31e-08 stage2=2.45e-17
alpha=0.15200000 c=0.38344212+i3.62236793e-02 stage1=3.54e-08 stage2=3.10e-17
alpha=0.16640000 c=0.38950604+i3.20940628e-02 stage1=5.88e-08 stage2=4.30e-17
alpha=0.18368000 c=0.39610141+i2.68321550e-02 stage1=7.01e-08 stage2=6.95e-17
alpha=0.20368000 c=0.40296211+i2.04181736e-02 stage1=7.62e-08 stage2=1.43e-16
alpha=0.22368000 c=0.40913754+i1.37408850e-02 stage1=2.51e-08 stage2=4.02e-16
alpha=0.24368000 c=0.41474718+i6.86847971e-03 stage1=1.21e-08 stage2=2.01e-15
alpha=0.26368000 c=0.41978926+i3.37827542e-05 stage1=8.34e-06 stage2=5.26e-15
neutral M=1.55000: alpha_n=0.26368001 method=power status=reached_ci_stop

alpha trace M=1.60000
alpha=0.14000000 c=0.39726100+i3.48244593e-02 stage1=1.70e-08 stage2=3.05e-17
alpha=0.15200000 c=0.40241928+i3.18486217e-02 stage1=5.03e-08 stage2=3.91e-17
alpha=0.16640000 c=0.40810745+i2.79954746e-02 stage1=3.92e-08 stage2=5.56e-17
alpha=0.18368000 c=0.41431551+i2.30451399e-02 stage1=6.61e-08 stage2=9.40e-17
alpha=0.20368000 c=0.42079479+i1.69712767e-02 stage1=3.87e-08 stage2=2.11e-16
alpha=0.22368000 c=0.42664552+i1.06173750e-02 stage1=7.00e-08 stage2=8.34e-16
alpha=0.24368000 c=0.43197517+i4.05453674e-03 stage1=6.65e-08 stage2=5.67e-15
alpha=0.24868000 c=0.43323669+i2.38797961e-03 stage1=1.70e-08 stage2=5.88e-15
alpha=0.25368000 c=0.43447206+i7.12611770e-04 stage1=6.72e-08 stage2=4.42e-15
alpha=0.25618000 c=0.43503998+i3.64829730e-05 stage1=1.02e-05 stage2=4.83e-15
neutral M=1.60000: alpha_n=0.25618001 method=power status=reached_ci_stop

  Mach          status  n_trace_points  n_fit_points  alpha_last  ci_last  alpha_neutral_linear  linear_rmse  alpha_neutral_power  power_A  power_beta  power_rmse  alpha_neutral_selected selected_method
 1.20 reached_ci_stop              14             7     0.32718 0.000038                   NaN     0.000093             0.327180 0.517626    1.017164    0.000068                0.327180           power
 1.25 reached_ci_stop              14             7     0.31668 0.000043                   NaN     0.000033             0.316700 0.481009    1.006016    0.000020                0.316700           power
 1.30 reached_ci_stop              13             7     0.30718 0.000032                   NaN     0.000078             0.307180 0.462630    1.012696    0.000096                0.307180           power
 1.35 reached_ci_stop              13             7     0.29718 0.000044              0.297241     0.000026             0.297201 0.423076    0.996368    0.000020                0.297201           power
 1.40 reached_ci_stop              12             7     0.28868 0.000028                   NaN     0.000095             0.288680 0.406726    1.006014    0.000118                0.288680           power
 1.45 reached_ci_stop              12             7     0.27968 0.000036                   NaN     0.000077             0.279680 0.375260    0.994673    0.000073                0.279680           power
 1.50 reached_ci_stop              11             7     0.27118 0.000036              0.271513     0.000152             0.271180 0.334429    0.973119    0.000075                0.271180           power
 1.55 reached_ci_stop               9             7     0.26368 0.000034              0.265051     0.000358             0.263680 0.290538    0.946598    0.000186                0.263680           power
 1.60 reached_ci_stop              11             7     0.25618 0.000036              0.256291     0.000123             0.256180 0.304775    0.982332    0.000097                0.256180           power

 {
  "n_requested_mach": 9,
  "n_base_seeds": 9,
  "n_neutral_estimates": 9,
  "status_counts": {
    "reached_ci_stop": 9
  },
  "scientific_note": "alpha_n(M) is extrapolated from positive-ci shooting solutions on the unstable side; ci=0 is not imposed in the solver."
}
 Mach  n_points  alpha_previous  ci_previous  alpha_last  ci_last  alpha_neutral_secant  secant_slope_dci_dalpha  alpha_neutral_last3  last3_slope_dci_dalpha  alpha_neutral_selected  delta_alpha_from_last  fit_spread  cr_neutral_estimate  dcr_dalpha_last selected_method status
 1.20        14         0.32618     0.000317     0.32718 0.000038              0.327317                -0.279160             0.327112               -0.443325                0.327317               0.000137         NaN             0.287283         0.286100 last_two_secant     ok
 1.25        14         0.31618     0.000203     0.31668 0.000043              0.316815                -0.319777             0.316707               -0.454975                0.316815               0.000135    0.000108             0.309746         0.421250 last_two_secant     ok
 1.30        13         0.30618     0.000235     0.30718 0.000032              0.307335                -0.203032             0.307059               -0.393512                0.307335               0.000155         NaN             0.331033         0.447786 last_two_secant     ok
 1.35        13         0.29618     0.000427     0.29718 0.000044              0.297295                -0.382760             0.297249               -0.418804                0.297295               0.000115    0.000046             0.350575         0.314085 last_two_secant     ok
 1.40        12         0.28618     0.000771     0.28868 0.000028              0.288773                -0.297221             0.288626               -0.353272                0.288773               0.000093         NaN             0.369666         0.359339 last_two_secant     ok
 1.45        12         0.27868     0.000272     0.27968 0.000036              0.279835                -0.235496             0.279611               -0.372312                0.279835               0.000155         NaN             0.387086         0.258578 last_two_secant     ok
 1.50        11         0.26868     0.000904     0.27118 0.000036              0.271283                -0.347484             0.271233               -0.363844                0.271283               0.000103    0.000050             0.403919         0.283840 last_two_secant     ok
 1.55         9         0.24368     0.006868     0.26368 0.000034              0.263779                -0.341735             0.263760               -0.342678                0.263779               0.000099    0.000019             0.419814         0.252104 last_two_secant     ok
 1.60        11         0.25368     0.000713     0.25618 0.000036              0.256315                -0.270452             0.256149               -0.316610                0.256315               0.000135         NaN             0.435071         0.227167 last_two_secant     ok

 {
  "n_mach": 9,
  "n_valid": 9,
  "method": "Linear zero crossing based primarily on the last two positive-ci shooting points."
}

wrote: assets/pinn_supersonic/runs/supersonic_neutral_boundary_dense_M120_160/neutral_boundary_secant_refit.csv

REPORT
{
  "n_requested_mach": 9,
  "n_base_seeds": 9,
  "n_neutral_estimates": 9,
  "status_counts": {
    "reached_ci_stop": 9
  },
  "scientific_note": "alpha_n(M) is extrapolated from positive-ci shooting solutions on the unstable side; ci=0 is not imposed in the solver."
}
SECANT REFIT
Mach,n_points,alpha_previous,ci_previous,alpha_last,ci_last,alpha_neutral_secant,secant_slope_dci_dalpha,alpha_neutral_last3,last3_slope_dci_dalpha,alpha_neutral_selected,delta_alpha_from_last,fit_spread,cr_neutral_estimate,dcr_dalpha_last,selected_method,status
1.2,14,0.32618,0.0003173330658171,0.32718,3.817263835999999e-05,0.32731674086512796,-0.27916042745709113,0.32711181229301883,-0.4433251386919593,0.32731674086512796,0.00013674086512793782,,0.28728344439379505,0.2860996495359089,last_two_secant,ok
1.25,14,0.31618,0.000202961065093,0.31668,4.307277838254402e-05,0.3168146964786124,-0.31977657342092003,0.3167071354705167,-0.45497461696409736,0.3168146964786124,0.00013469647861236167,0.00010756100809566904,0.3097455009003375,0.42125001500437037,last_two_secant,ok
1.3,13,0.30618,0.0002345930726577,0.30718,3.156104531467519e-05,0.30733544860447726,-0.2030320273430227,0.30705851540620394,-0.3935121203149755,0.30733544860447726,0.0001554486044772485,,0.33103254071673477,0.44778605021872325,last_two_secant,ok
1.35,13,0.29618,0.0004267317867512,0.29718,4.397156994415999e-05,0.2972948801991778,-0.38276021680701433,0.2972491334207653,-0.41880394606192894,0.2972948801991778,0.00011488019917782477,4.574677841251429e-05,0.3505751981554722,0.31408548317868296,last_two_secant,ok
1.4,12,0.28618,0.0007706121473031,0.28868,2.755876242219201e-05,0.28877272134069687,-0.29722135395236393,0.28862579200942806,-0.35327207182559456,0.28877272134069687,9.272134069687743e-05,,0.36966610082990947,0.35933949019020217,last_two_secant,ok
1.45,12,0.27868,0.0002719401630543,0.27968,3.644441741551359e-05,0.2798347561605271,-0.235495745638783,0.27961085139390596,-0.3723121731196324,0.2798347561605271,0.00015475616052712526,,0.38708595826833136,0.25857750789681755,last_two_secant,ok
1.5,11,0.26868,0.0009044036472422,0.27118,3.569376927327999e-05,0.2712827206268125,-0.3474839511875774,0.27123313824633355,-0.3638437040862177,0.2712827206268125,0.0001027206268125469,4.958238047897412e-05,0.40391902690330916,0.28383969393770386,last_two_secant,ok
1.55,9,0.2436799999999999,0.0068684797091497,0.2636799999999999,3.378275418600001e-05,0.2637788566264416,-0.3417348477481852,0.2637602446454235,-0.3426775550412461,0.2637788566264416,9.885662644171234e-05,1.8611981018101798e-05,0.41981418193811054,0.25210404613686654,last_two_secant,ok
1.6,11,0.2536799999999999,0.0007126117703022,0.2561799999999999,3.648297297999999e-05,0.2563148965357061,-0.27045151892887526,0.2561494399113174,-0.31661012541946315,0.2563148965357061,0.00013489653570619708,,0.43507061992537965,0.22716735055645623,last_two_secant,ok
