corrected shooting solver: OK
M 1.80000 -> 1.78333 accepted=True c=0.45566582+i0.02413322
M 1.78333 -> 1.76667 accepted=True c=0.45046829+i0.02506651
M 1.76667 -> 1.75000 accepted=True c=0.44517174+i0.02604052
M 1.75000 -> 1.73333 accepted=True c=0.43977389+i0.02705991
M 1.73333 -> 1.71667 accepted=True c=0.43427185+i0.02812456
M 1.71667 -> 1.70000 accepted=True c=0.42866411+i0.02923905
M 1.70000 -> 1.68333 accepted=True c=0.42294674+i0.03040452
M 1.68333 -> 1.66667 accepted=True c=0.41711745+i0.03162438
M 1.66667 -> 1.65000 accepted=True c=0.41117433+i0.03290130
M 1.65000 -> 1.62500 accepted=True c=0.40203884+i0.03493114
M 1.62500 -> 1.60000 accepted=True c=0.39263084+i0.03710634
M 1.80000 -> 1.81667 accepted=True c=0.46577370+i0.02238469
M 1.81667 -> 1.83333 accepted=True c=0.47068861+i0.02156448
M 1.83333 -> 1.85000 accepted=True c=0.47551453+i0.02077894
M 1.85000 -> 1.87500 accepted=True c=0.48259032+i0.01965994
M 1.87500 -> 1.90000 accepted=True c=0.48947669+i0.01860802
M 1.90000 -> 1.91667 accepted=True c=0.49396699+i0.01794158
M 1.91667 -> 1.93333 accepted=True c=0.49837796+i0.01730124
M 1.93333 -> 1.95000 accepted=True c=0.50271212+i0.01668631
M 1.95000 -> 1.96667 accepted=True c=0.50697139+i0.01609483
M 1.96667 -> 1.98333 accepted=True c=0.51115722+i0.01552574
M 1.98333 -> 2.00000 accepted=True c=0.51527241+i0.01497883

alpha trace M=1.60000
alpha=0.14000000 c=0.39726117+i3.48244081e-02 stage1=4.64e-08 stage2=3.05e-17
alpha=0.15200000 c=0.40241882+i3.18484845e-02 stage1=8.54e-08 stage2=3.91e-17
alpha=0.16640000 c=0.40810755+i2.79956370e-02 stage1=8.45e-08 stage2=5.56e-17
alpha=0.18368000 c=0.41431552+i2.30453236e-02 stage1=7.04e-09 stage2=9.40e-17
alpha=0.20368000 c=0.42079470+i1.69714809e-02 stage1=4.27e-08 stage2=2.11e-16
alpha=0.22368000 c=0.42664564+i1.06172065e-02 stage1=2.24e-08 stage2=7.10e-16
alpha=0.24368000 c=0.43197518+i4.05457305e-03 stage1=6.53e-08 stage2=4.26e-15
alpha=0.24868000 c=0.43323667+i2.38800779e-03 stage1=1.90e-08 stage2=4.32e-15
alpha=0.25368000 c=0.43447201+i7.12614264e-04 stage1=4.88e-08 stage2=4.45e-15
alpha=0.25618000 c=0.43494594+i3.42353125e-05 stage1=3.53e-06 stage2=6.77e-15
neutral M=1.60000: alpha_n=0.25618001 method=power status=reached_ci_stop

alpha trace M=1.65000
alpha=0.14000000 c=0.41549410+i3.07960409e-02 stage1=6.12e-08 stage2=3.77e-17
alpha=0.15200000 c=0.42032139+i2.80248167e-02 stage1=4.27e-08 stage2=4.92e-17
alpha=0.16640000 c=0.42566279+i2.44075043e-02 stage1=7.61e-08 stage2=7.21e-17
alpha=0.18368000 c=0.43151186+i1.97278656e-02 stage1=3.89e-08 stage2=1.28e-16
alpha=0.20368000 c=0.43763827+i1.39538694e-02 stage1=3.20e-08 stage2=3.27e-16
alpha=0.22368000 c=0.44318868+i7.88857083e-03 stage1=2.96e-08 stage2=1.29e-15
alpha=0.24368000 c=0.44825900+i1.60607435e-03 stage1=8.45e-08 stage2=5.37e-15
alpha=0.24618000 c=0.44886294+i8.08201961e-04 stage1=4.09e-08 stage2=4.06e-15
alpha=0.24868000 c=0.44941162+i4.75201449e-05 stage1=9.38e-07 stage2=4.37e-15
neutral M=1.65000: alpha_n=0.24868001 method=power status=reached_ci_stop

alpha trace M=1.70000
alpha=0.14000000 c=0.43269909+i2.72788292e-02 stage1=2.88e-08 stage2=4.65e-17
alpha=0.15200000 c=0.43722306+i2.46789456e-02 stage1=6.15e-08 stage2=6.20e-17
alpha=0.16640000 c=0.44224483+i2.12624632e-02 stage1=1.79e-08 stage2=9.37e-17
alpha=0.18368000 c=0.44776387+i1.68186316e-02 stage1=9.56e-08 stage2=1.77e-16
alpha=0.20368000 c=0.45356462+i1.13097652e-02 stage1=2.50e-08 stage2=5.11e-16
alpha=0.22368000 c=0.45883725+i5.50343600e-03 stage1=2.54e-08 stage2=4.09e-15
alpha=0.24368000 c=0.46338406+i2.36826918e-05 stage1=2.40e-06 stage2=8.33e-15
neutral M=1.70000: alpha_n=0.24368001 method=power status=reached_ci_stop

alpha trace M=1.75000
alpha=0.14000000 c=0.44894756+i2.42008891e-02 stage1=9.53e-08 stage2=5.74e-17
alpha=0.15200000 c=0.45319354+i2.17445267e-02 stage1=4.29e-08 stage2=7.81e-17
alpha=0.16640000 c=0.45792277+i1.85006752e-02 stage1=7.66e-08 stage2=1.23e-16
alpha=0.18368000 c=0.46313860+i1.42620936e-02 stage1=6.89e-08 stage2=2.47e-16
alpha=0.20368000 c=0.46863961+i8.98923922e-03 stage1=6.41e-08 stage2=8.21e-16
alpha=0.22368000 c=0.47365615+i3.41653037e-03 stage1=2.33e-08 stage2=3.29e-15
alpha=0.22868000 c=0.47484389+i1.98580868e-03 stage1=5.65e-08 stage2=4.30e-15
alpha=0.23118000 c=0.47542830+i1.26555218e-03 stage1=7.55e-09 stage2=4.40e-15
alpha=0.23368000 c=0.47600682+i5.42306885e-04 stage1=6.09e-08 stage2=4.51e-15
alpha=0.23618000 c=0.47656568+i3.15491501e-05 stage1=1.18e-05 stage2=5.03e-15
neutral M=1.75000: alpha_n=0.2361805180715222 method=power status=reached_ci_stop

alpha trace M=1.80000
alpha=0.14000000 c=0.46430677+i2.14989234e-02 stage1=3.17e-08 stage2=7.08e-17
alpha=0.15200000 c=0.46829995+i1.91646299e-02 stage1=2.07e-08 stage2=9.88e-17
alpha=0.16640000 c=0.47276174+i1.60694577e-02 stage1=9.08e-08 stage2=1.61e-16
alpha=0.18368000 c=0.47769958+i1.20119280e-02 stage1=6.96e-08 stage2=3.59e-16
alpha=0.20368000 c=0.48292494+i6.94975487e-03 stage1=7.24e-08 stage2=1.78e-15
alpha=0.22368000 c=0.48770486+i1.58883641e-03 stage1=9.52e-08 stage2=3.17e-15
alpha=0.22618000 c=0.48827479+i9.01383708e-04 stage1=5.50e-08 stage2=3.22e-15
alpha=0.22868000 c=0.48883881+i2.10165112e-04 stage1=1.83e-08 stage2=4.16e-15
alpha=0.22968000 c=0.48899462+i4.06379277e-05 stage1=1.66e-05 stage2=3.58e-15
neutral M=1.80000: alpha_n=0.22968001000000002 method=power status=reached_ci_stop

alpha trace M=1.85000
alpha=0.14000000 c=0.47884074+i1.91201543e-02 stage1=6.99e-08 stage2=8.74e-17
alpha=0.15200000 c=0.48260415+i1.68896638e-02 stage1=2.53e-08 stage2=1.25e-16
alpha=0.16640000 c=0.48682187+i1.39239604e-02 stage1=9.56e-08 stage2=2.14e-16
alpha=0.18368000 c=0.49150504+i1.00262655e-02 stage1=8.85e-08 stage2=5.23e-16
alpha=0.20368000 c=0.49647719+i5.15394265e-03 stage1=1.88e-08 stage2=2.44e-15
alpha=0.22368000 c=0.50099772+i4.21943261e-05 stage1=1.08e-06 stage2=3.33e-15
neutral M=1.85000: alpha_n=0.22368429669544393 method=power status=reached_ci_stop

alpha trace M=1.90000
alpha=0.14000000 c=0.49260973+i1.70184299e-02 stage1=6.53e-08 stage2=1.08e-16
alpha=0.15200000 c=0.49616356+i1.48771746e-02 stage1=9.78e-08 stage2=1.59e-16
alpha=0.16640000 c=0.50015931+i1.20248086e-02 stage1=5.97e-08 stage2=2.86e-16
alpha=0.18368000 c=0.50460865+i8.27032751e-03 stage1=2.90e-08 stage2=7.72e-16
alpha=0.20368000 c=0.50934821+i3.56966806e-03 stage1=7.17e-08 stage2=2.56e-15
alpha=0.20868000 c=0.51047140+i2.34598080e-03 stage1=1.71e-08 stage2=2.66e-15
alpha=0.21368000 c=0.51157185+i1.10534554e-03 stage1=1.51e-08 stage2=2.73e-15
alpha=0.21618000 c=0.51211381+i4.79064912e-04 stage1=1.09e-08 stage2=2.82e-15
alpha=0.21718000 c=0.51232965+i2.27340116e-04 stage1=5.33e-08 stage2=2.84e-15
alpha=0.21818000 c=0.51252435+i3.98752804e-05 stage1=1.14e-06 stage2=3.04e-15
neutral M=1.90000: alpha_n=0.2181800339192165 method=power status=reached_ci_stop

alpha trace M=1.95000
alpha=0.14000000 c=0.50566941+i1.51557150e-02 stage1=9.82e-09 stage2=1.33e-16
alpha=0.15200000 c=0.50903296+i1.30920849e-02 stage1=7.51e-09 stage2=2.03e-16
alpha=0.16640000 c=0.51282502+i1.03401797e-02 stage1=1.83e-08 stage2=3.95e-16
alpha=0.18368000 c=0.51706041+i6.71377175e-03 stage1=8.01e-08 stage2=1.17e-15
alpha=0.20368000 c=0.52158532+i2.16999717e-03 stage1=2.90e-08 stage2=2.44e-15
alpha=0.20868000 c=0.52265967+i9.86291042e-04 stage1=3.19e-08 stage2=3.00e-15
alpha=0.21118000 c=0.52318859+i3.88264656e-04 stage1=9.69e-08 stage2=2.61e-15
alpha=0.21218000 c=0.52339953+i1.46263656e-04 stage1=6.88e-08 stage2=2.69e-15
alpha=0.21318000 c=0.52354629+i3.35318360e-05 stage1=3.62e-06 stage2=2.97e-15
neutral M=1.95000: alpha_n=0.21318001000000006 method=power status=reached_ci_stop

alpha trace M=2.00000
alpha=0.14000000 c=0.51807053+i1.34991093e-02 stage1=2.35e-08 stage2=1.65e-16
alpha=0.15200000 c=0.52126086+i1.15034351e-02 stage1=2.11e-08 stage2=2.60e-16
alpha=0.16640000 c=0.52486713+i8.84138770e-03 stage1=6.17e-08 stage2=5.42e-16
alpha=0.18368000 c=0.52890611+i5.33144564e-03 stage1=2.37e-08 stage2=1.81e-15
alpha=0.20368000 c=0.53323308+i9.30999144e-04 stage1=6.45e-08 stage2=2.39e-15
alpha=0.20618000 c=0.53375032+i3.59924271e-04 stage1=3.95e-08 stage2=2.43e-15
alpha=0.20718000 c=0.53395411+i1.28927971e-04 stage1=9.97e-08 stage2=2.49e-15
alpha=0.20818000 c=0.53412419+i3.56357072e-05 stage1=1.54e-05 stage2=2.74e-15
neutral M=2.00000: alpha_n=0.20818001000000003 method=power status=reached_ci_stop

  Mach          status  n_trace_points  n_fit_points  alpha_last  ci_last  alpha_neutral_linear  linear_rmse  alpha_neutral_power  power_A  power_beta  power_rmse  alpha_neutral_selected selected_method
 1.60 reached_ci_stop              11             7     0.25618 0.000034              0.256289     0.000123             0.256180 0.304776    0.982331    0.000097                0.256180           power
 1.65 reached_ci_stop              10             7     0.24868 0.000048              0.249318     0.000222             0.248680 0.260925    0.946725    0.000096                0.248680           power
 1.70 reached_ci_stop               8             7     0.24368 0.000024              0.245094     0.000386             0.243680 0.229989    0.935270    0.000252                0.243680           power
 1.75 reached_ci_stop              11             7     0.23618 0.000032                   NaN     0.000079             0.236181 0.276737    1.004622    0.000086                0.236181           power
 1.80 reached_ci_stop              10             7     0.22968 0.000041              0.229908     0.000139             0.229680 0.228096    0.959082    0.000089                0.229680           power
 1.85 reached_ci_stop               7             7     0.22368 0.000042              0.226587     0.000462             0.223684 0.166504    0.873282    0.000199                0.223684           power
 1.90 reached_ci_stop              11             7     0.21818 0.000040              0.218305     0.000036             0.218180 0.224538    0.980229    0.000026                0.218180           power
 1.95 reached_ci_stop              10             7     0.21318 0.000034                   NaN     0.000076             0.213180 0.211232    0.983382    0.000069                0.213180           power
 2.00 reached_ci_stop               9             7     0.20818 0.000036              0.208255     0.000131             0.208180 0.181078    0.954495    0.000098                0.208180           power

 {
  "n_requested_mach": 9,
  "n_base_seeds": 9,
  "n_neutral_estimates": 9,
  "status_counts": {
    "reached_ci_stop": 9
  },
  "scientific_note": "alpha_n(M) is extrapolated from positive-ci shooting solutions on the unstable side; ci=0 is not imposed in the solver."
}
 Mach  n_points  alpha_previous  ci_previous  alpha_last  ci_last  alpha_neutral_secant  secant_slope_dci_dalpha  alpha_neutral_last3  last3_slope_dci_dalpha  alpha_neutral_selected  delta_alpha_from_last  fit_spread  cr_neutral_estimate  dcr_dalpha_last selected_method status
 1.60        11         0.25368     0.000713     0.25618 0.000034              0.256306                -0.271352             0.256144               -0.316871                0.256306               0.000126         NaN             0.434970         0.189569 last_two_secant     ok
 1.65        10         0.24618     0.000808     0.24868 0.000048              0.248836                -0.304273             0.248813               -0.311711                0.248836               0.000156    0.000024             0.449446         0.219471 last_two_secant     ok
 1.70         8         0.22368     0.005503     0.24368 0.000024              0.243766                -0.273988             0.243571               -0.282152                0.243766               0.000086         NaN             0.463404         0.227340 last_two_secant     ok
 1.75        11         0.23368     0.000542     0.23618 0.000032              0.236334                -0.204303             0.236164               -0.246801                0.236334               0.000154         NaN             0.476600         0.223543 last_two_secant     ok
 1.80        10         0.22868     0.000210     0.22968 0.000041              0.229920                -0.169527             0.229705               -0.251804                0.229920               0.000240    0.000214             0.489032         0.155803 last_two_secant     ok
 1.85         7         0.20368     0.005154     0.22368 0.000042              0.223845                -0.255587             0.224009               -0.249602                0.223845               0.000165    0.000164             0.501035         0.226026 last_two_secant     ok
 1.90        11         0.21718     0.000227     0.21818 0.000040              0.218393                -0.187465             0.218313               -0.219595                0.218393               0.000213    0.000080             0.512566         0.194695 last_two_secant     ok
 1.95        10         0.21218     0.000146     0.21318 0.000034              0.213477                -0.112732             0.213248               -0.177366                0.213477               0.000297    0.000230             0.523590         0.146765 last_two_secant     ok
 2.00         9         0.20718     0.000129     0.20818 0.000036              0.208562                -0.093292             0.208258               -0.162144                0.208562               0.000382    0.000304             0.534189         0.170083 last_two_secant     ok

 {
  "n_mach": 9,
  "n_valid": 9,
  "method": "Linear zero crossing based primarily on the last two positive-ci shooting points."
}

wrote: assets/pinn_supersonic/runs/supersonic_neutral_boundary_dense_M160_200/neutral_boundary_secant_refit.csv

REPORT
{
  "n_requested_mach": 9,
  "n_base_seeds": 9,
  "n_neutral_estimates": 9,
  "status_counts": {
    "reached_ci_stop": 9
  },
  "scientific_note": "alpha_n(M) is extrapolated from positive-ci shooting solutions on the unstable side; ci=0 is not imposed in the solver."
}
SECANT REFIT
Mach,n_points,alpha_previous,ci_previous,alpha_last,ci_last,alpha_neutral_secant,secant_slope_dci_dalpha,alpha_neutral_last3,last3_slope_dci_dalpha,alpha_neutral_selected,delta_alpha_from_last,fit_spread,cr_neutral_estimate,dcr_dalpha_last,selected_method,status
1.6,11,0.2536799999999999,0.0007126142643161,0.2561799999999999,3.4235312504908784e-05,0.2563061658856508,-0.2713515807244718,0.25614438909359044,-0.3168709551573478,0.2563061658856508,0.00012616588565089737,,0.4349698547365022,0.18956904880360598,last_two_secant,ok
1.65,10,0.2461799999999999,0.0008082019607969,0.2486799999999999,4.752014493772433e-05,0.2488361761565313,-0.3042727263436571,0.24881256425687923,-0.3117108410611332,0.2488361761565313,0.00015617615653140682,2.361189965208177e-05,0.4494458966611677,0.21947131107555842,last_two_secant,ok
1.7,8,0.22368,0.0055034359977069,0.2436799999999999,2.3682691791177607e-05,0.24376643707287174,-0.2739876652957871,0.24357102817112913,-0.28215206301339624,0.24376643707287174,8.643707287184221e-05,,0.4634037120555396,0.22734044615109578,last_two_secant,ok
1.75,11,0.23368,0.0005423068851156,0.23618,3.154915007039999e-05,0.23633442326129236,-0.2043030940180839,0.2361643377891607,-0.24680060585147698,0.23633442326129236,0.0001544232612923635,,0.47660020000547654,0.22354325321956006,last_two_secant,ok
1.8,10,0.22868,0.0002101651117836,0.22968,4.063792773603518e-05,0.22991971334134012,-0.16952718404756392,0.22970524100966,-0.2518043029880493,0.22991971334134012,0.00023971334134012534,0.00021447233168012114,0.48903196598010423,0.15580324750219518,last_two_secant,ok
1.85,7,0.20368,0.0051539426455622,0.22368,4.219432611358631e-05,0.22384508765094344,-0.2555874159724319,0.22400891820008365,-0.2496017796732952,0.22384508765094344,0.00016508765094344624,0.00016383054914020923,0.5010350310274788,0.22602612644979103,last_two_secant,ok
1.9,11,0.21718,0.0002273401160407,0.21818,3.987528037011839e-05,0.21839270805389968,-0.18746483567057567,0.21831281409571476,-0.21959481603494319,0.21839270805389968,0.0002127080538996684,7.989395818491785e-05,0.5125657617189399,0.1946950724267536,last_two_secant,ok
1.95,10,0.21218,0.0001462636557216,0.21318,3.3531835994403194e-05,0.21347744783749212,-0.11273181972719468,0.2132475831041552,-0.1773664100236546,0.21347744783749212,0.0002974478374921097,0.00022986473333691526,0.523589944791221,0.1467647544890481,last_two_secant,ok
2.0,9,0.20718,0.0001289279712997,0.20818,3.563570717185279e-05,0.20856197922952138,-0.09329226412784618,0.20825823300612112,-0.16214428185806867,0.20856197922952138,0.00038197922952137864,0.00030374622340026414,0.5341891571496505,0.17008313457778076,last_two_secant,ok
