[stage 1] qdef + ODE fine-tuning
[setup] device: cuda
[step 00000] modal=7.471321e-05 qdef=1.913670e-05 ode=1.203054e-04 min|U-c|=1.106484e-02
[step 00001] modal=8.465422e-05 qdef=2.054965e-05 ode=1.354940e-04 lambda_q=5.000e-04 lambda_ode=2.000e-06
[step 00100] modal=7.501092e-05 qdef=1.872364e-05 ode=8.003578e-05 lambda_q=5.000e-02 lambda_ode=2.000e-04
[step 00200] modal=7.514669e-05 qdef=1.820654e-05 ode=5.784705e-05 lambda_q=5.000e-02 lambda_ode=4.000e-04
[step 00300] modal=7.509673e-05 qdef=1.788304e-05 ode=5.752880e-05 lambda_q=5.000e-02 lambda_ode=6.000e-04
[step 00400] modal=7.527760e-05 qdef=1.735946e-05 ode=5.695506e-05 lambda_q=5.000e-02 lambda_ode=8.000e-04
[step 00500] modal=7.530228e-05 qdef=1.715921e-05 ode=5.068942e-05 lambda_q=5.000e-02 lambda_ode=1.000e-03
[step 00600] modal=7.574353e-05 qdef=1.658701e-05 ode=5.386937e-05 lambda_q=5.000e-02 lambda_ode=1.000e-03
[step 00700] modal=7.521273e-05 qdef=1.634887e-05 ode=5.039260e-05 lambda_q=5.000e-02 lambda_ode=1.000e-03
[step 00800] modal=7.555481e-05 qdef=1.607129e-05 ode=4.478731e-05 lambda_q=5.000e-02 lambda_ode=1.000e-03
[step 00900] modal=7.557758e-05 qdef=1.572563e-05 ode=4.467476e-05 lambda_q=5.000e-02 lambda_ode=1.000e-03
[step 01000] modal=7.519150e-05 qdef=1.549347e-05 ode=5.290930e-05 lambda_q=5.000e-02 lambda_ode=1.000e-03
[step 01100] modal=7.509923e-05 qdef=1.517745e-05 ode=5.075563e-05 lambda_q=5.000e-02 lambda_ode=1.000e-03
[step 01200] modal=7.530070e-05 qdef=1.506319e-05 ode=4.910362e-05 lambda_q=5.000e-02 lambda_ode=1.000e-03
[step 01300] modal=7.557144e-05 qdef=1.475014e-05 ode=4.564829e-05 lambda_q=5.000e-02 lambda_ode=1.000e-03
[step 01400] modal=7.583534e-05 qdef=1.475396e-05 ode=4.433435e-05 lambda_q=5.000e-02 lambda_ode=1.000e-03
[step 01500] modal=7.518722e-05 qdef=1.431814e-05 ode=5.089038e-05 lambda_q=5.000e-02 lambda_ode=1.000e-03
[step 01600] modal=7.522565e-05 qdef=1.434188e-05 ode=4.789739e-05 lambda_q=5.000e-02 lambda_ode=1.000e-03
[step 01700] modal=7.567612e-05 qdef=1.409951e-05 ode=4.665685e-05 lambda_q=5.000e-02 lambda_ode=1.000e-03
[step 01800] modal=7.532869e-05 qdef=1.401846e-05 ode=5.065809e-05 lambda_q=5.000e-02 lambda_ode=1.000e-03
[step 01900] modal=7.535107e-05 qdef=1.363386e-05 ode=5.245177e-05 lambda_q=5.000e-02 lambda_ode=1.000e-03
[step 02000] modal=7.517968e-05 qdef=1.340472e-05 ode=4.656477e-05 lambda_q=5.000e-02 lambda_ode=1.000e-03
[step 02100] modal=7.549438e-05 qdef=1.355393e-05 ode=4.638708e-05 lambda_q=5.000e-02 lambda_ode=1.000e-03
[step 02200] modal=7.543432e-05 qdef=1.313969e-05 ode=4.448478e-05 lambda_q=5.000e-02 lambda_ode=1.000e-03
[step 02300] modal=7.476396e-05 qdef=1.292660e-05 ode=4.794022e-05 lambda_q=5.000e-02 lambda_ode=1.000e-03
[step 02400] modal=7.513816e-05 qdef=1.275910e-05 ode=4.231822e-05 lambda_q=5.000e-02 lambda_ode=1.000e-03
[step 02500] modal=7.543888e-05 qdef=1.288518e-05 ode=4.491755e-05 lambda_q=5.000e-02 lambda_ode=1.000e-03
[done] best objective: 7.545822716747352e-05
[done] checkpoint: assets/pinn_supersonic/runs/pinn_chart_M180_alpha_070_190_pq_qdef005_ode001_tail_polished_asinh_w192_d6/best_model.pt
[done] physics metrics: assets/pinn_supersonic/runs/pinn_chart_M180_alpha_070_190_pq_qdef005_ode001_tail_polished_asinh_w192_d6/physics_metrics.json

[stage 2] full checkpoint evaluation
{
  "checkpoint": "assets/pinn_supersonic/runs/pinn_chart_M180_alpha_070_190_pq_qdef005_ode001_tail_polished_asinh_w192_d6/best_model.pt",
  "best_val": 7.545822716747352e-05,
  "global_p_rel_l2": 0.007301000850034989,
  "global_q_rel_l2": 0.0028368313099117193,
  "cr_abs_mean": 3.7503346024281746e-06,
  "cr_abs_max": 9.903502857788737e-06,
  "ci_abs_mean": 1.357152288970035e-06,
  "ci_abs_max": 3.033596383483772e-06
}
[done] wrote metrics/predictions in assets/pinn_supersonic/runs/pinn_chart_M180_alpha_070_190_pq_qdef005_ode001_tail_polished_asinh_w192_d6

[stage 3] modal and spectral audit
[audit] wrote: assets/pinn_supersonic/runs/pinn_chart_M180_alpha_070_190_pq_qdef005_ode001_tail_polished_asinh_w192_d6/modal_error_by_alpha.csv

[audit] worst p_rel_l2
 alpha    n  p_rel_l2  q_rel_l2  p_max_abs_err  q_max_abs_err  p_ref_norm  q_ref_norm  y_at_p_max_err  y_at_q_max_err
0.1850 4418  0.014371  0.003945       0.124932       0.009097   18.625107    5.027882     -230.695995     -213.473584
0.1875 4418  0.014109  0.003347       0.130060       0.007338   18.604319    5.103027     -230.695995     -213.473584
0.1800 4418  0.014035  0.002933       0.109577       0.007642   18.666959    4.878768     -213.473584     -185.721789
0.1900 4418  0.013527  0.003777       0.146371       0.007176   18.583773    5.178381     -230.695995     -213.473584
0.1825 4418  0.013245  0.003331       0.117230       0.006930   18.645895    4.953183     -250.929559     -185.721789
0.1775 4418  0.013063  0.002904       0.110420       0.005212   18.688135    4.804618     -213.473584     -230.695995
0.1750 4418  0.012959  0.002904       0.134038       0.005853   18.709299    4.730819     -213.473584     -185.721789
0.1725 4418  0.012432  0.002501       0.121872       0.004413   18.730854    4.657242     -213.473584     -230.695995
0.1700 4418  0.010872  0.002706       0.105150       0.005303   18.752514    4.583997     -230.488394     -230.488394
0.1675 4418  0.010654  0.002241       0.097221       0.004259   18.774439    4.511060     -229.900457     -229.900457
0.1625 4418  0.009633  0.002387       0.102710       0.004748   18.818586    4.365975     -228.846905     -228.846905
0.1650 4418  0.009568  0.002194       0.091426       0.004458   18.796455    4.438380     -229.351312     -229.351312
0.1600 4418  0.008679  0.002067       0.079201       0.003972   18.840920    4.293834     -248.207220     -184.225525
0.1575 4418  0.008554  0.002179       0.086184       0.004548   18.863213    4.221993     -247.714621     -227.975475
0.1525 4418  0.007666  0.002328       0.079802       0.004129   18.908556    4.078915     -246.882164     -246.882164
0.1550 4418  0.007551  0.002009       0.079423       0.003260   18.885813    4.150303     -247.267067     -227.596303
0.1500 4418  0.007085  0.002176       0.077817       0.004040   18.931274    4.007805     -246.539748     -226.979881
0.1450 4418  0.006678  0.002106       0.071151       0.004309   18.977297    3.866244     -269.135416     -246.005229
0.1475 4418  0.006428  0.002209       0.064236       0.004186   18.954245    3.936898     -269.426942     -246.248808
0.1400 4418  0.005947  0.002366       0.069465       0.005713   19.023858    3.725549     -268.708789     -245.648689

[audit] worst q_rel_l2
 alpha    n  p_rel_l2  q_rel_l2  p_max_abs_err  q_max_abs_err  p_ref_norm  q_ref_norm  y_at_p_max_err  y_at_q_max_err
0.0900 4418  0.003675  0.005814       0.035751       0.005059   19.523732    2.360618     -446.367601     -304.258312
0.0925 4418  0.003698  0.005214       0.034039       0.003982   19.498734    2.427593     -446.367601     -340.401660
0.1850 4418  0.014371  0.003945       0.124932       0.009097   18.625107    5.027882     -230.695995     -213.473584
0.1900 4418  0.013527  0.003777       0.146371       0.007176   18.583773    5.178381     -230.695995     -213.473584
0.0750 4418  0.002445  0.003750       0.037265       0.003890   19.682316    1.961936     -528.574666     -340.401660
0.0775 4418  0.002216  0.003631       0.032851       0.004425   19.654598    2.028035     -528.574666     -340.401660
0.0950 4418  0.002751  0.003440       0.030824       0.004070   19.471951    2.494459     -445.036436     -303.639006
0.0850 4418  0.003052  0.003416       0.049477       0.003816   19.574452    2.227138     -446.367601     -304.258312
0.1875 4418  0.014109  0.003347       0.130060       0.007338   18.604319    5.103027     -230.695995     -213.473584
0.0700 4418  0.002291  0.003347       0.026431       0.002501   19.739028    1.830124     -647.820632     -386.262282
0.1825 4418  0.013245  0.003331       0.117230       0.006930   18.645895    4.953183     -250.929559     -185.721789
0.0800 4418  0.002297  0.003319       0.030677       0.004525   19.627452    2.094250     -528.574666     -340.401660
0.0875 4418  0.002899  0.003316       0.038369       0.003910   19.548803    2.293817     -446.367601     -340.401660
0.0725 4418  0.002991  0.003311       0.047234       0.003081   19.710435    1.895960     -528.574666     -340.401660
0.1800 4418  0.014035  0.002933       0.109577       0.007642   18.666959    4.878768     -213.473584     -185.721789
0.1750 4418  0.012959  0.002904       0.134038       0.005853   18.709299    4.730819     -213.473584     -185.721789
0.1775 4418  0.013063  0.002904       0.110420       0.005212   18.688135    4.804618     -213.473584     -230.695995
0.1000 4418  0.003437  0.002886       0.050803       0.004414   19.419145    2.628595     -382.377727     -301.842312
0.0825 4418  0.002334  0.002882       0.031137       0.002993   19.600721    2.160613     -528.574666     -386.262282
0.1050 4418  0.003002  0.002866       0.038789       0.005253   19.367247    2.763284     -379.891288     -300.290441

[audit] spectral summary
  cr_abs_err: mean=3.750335e-06 max=9.903503e-06
  ci_abs_err: mean=1.357152e-06 max=3.033596e-06

[audit] worst spectral rows
 Mach  alpha   cr_ref   ci_ref  cr_pred  ci_pred   cr_abs_err  ci_abs_err
  1.8 0.1550 0.469257 0.018547 0.469259 0.018544 1.848360e-06    0.000003
  1.8 0.0875 0.443124 0.027709 0.443115 0.027712 8.104415e-06    0.000003
  1.8 0.1800 0.476679 0.012900 0.476680 0.012903 3.451858e-07    0.000003
  1.8 0.1150 0.455048 0.025430 0.455050 0.025433 2.563360e-06    0.000003
  1.8 0.1450 0.466009 0.020554 0.466005 0.020556 4.926405e-06    0.000003
  1.8 0.0725 0.435687 0.027643 0.435693 0.027640 5.938083e-06    0.000002
  1.8 0.1075 0.451994 0.026308 0.451996 0.026306 2.513222e-06    0.000002
  1.8 0.1750 0.475279 0.014094 0.475269 0.014092 9.903503e-06    0.000002
  1.8 0.1375 0.463436 0.021955 0.463441 0.021952 5.131090e-06    0.000002
  1.8 0.0975 0.447701 0.027195 0.447697 0.027193 3.552266e-06    0.000002
  1.8 0.0900 0.444279 0.027618 0.444288 0.027620 8.948032e-06    0.000002
  1.8 0.1125 0.454048 0.025740 0.454048 0.025742 1.986785e-07    0.000002
  1.8 0.1100 0.453023 0.026031 0.453030 0.026033 6.397523e-06    0.000002
  1.8 0.0925 0.445436 0.027504 0.445443 0.027502 6.623286e-06    0.000002
  1.8 0.1300 0.460761 0.023242 0.460766 0.023240 4.844620e-06    0.000002
  1.8 0.1875 0.478741 0.011070 0.478737 0.011072 3.347897e-06    0.000002
  1.8 0.1175 0.456048 0.025108 0.456038 0.025106 9.528715e-06    0.000002
  1.8 0.1600 0.470816 0.017479 0.470820 0.017480 4.389049e-06    0.000002
  1.8 0.1850 0.478051 0.011690 0.478059 0.011689 7.298823e-06    0.000002
  1.8 0.1775 0.475976 0.013499 0.475978 0.013501 2.439819e-06    0.000002

[stage 4] core and qdef audit
[audit-core] prediction file: assets/pinn_supersonic/runs/pinn_chart_M180_alpha_070_190_pq_qdef005_ode001_tail_polished_asinh_w192_d6/modal_predictions_all_rows.npz
[audit-core] rows: 216482
[audit-core] unique alpha: 49
[audit-core] alpha range: 0.07 0.19
[audit-core] y range: -1999.9999999999343 1999.9999999999343

[audit-core] computing finite-difference derivatives

[audit-core] global metrics by y window
    scope      n     p_rel_l2     q_rel_l2  qdef_reference_rel_l2  qdef_prediction_rel_l2  p_error_energy_fraction  q_error_energy_fraction
      all 216482 7.301001e-03 2.836831e-03           0.000000e+00            4.023742e-03             1.000000e+00             1.000000e+00
   |y|<=5 161161 2.443783e-04 6.012583e-04           0.000000e+00            2.780994e-03             9.203460e-04             3.047143e-02
  |y|<=10 186548 2.588911e-04 5.864920e-04           0.000000e+00            2.563838e-03             1.165320e-03             3.635732e-02
  |y|<=20 200970 2.916278e-04 6.208649e-04           0.000000e+00            2.483918e-03             1.554264e-03             4.507161e-02
  |y|<=50 210190 5.758395e-04 8.923368e-04           0.000000e+00            3.122349e-03             6.188433e-03             9.788665e-02
 |y|<=100 213367 8.608294e-04 1.300341e-03           0.000000e+00            3.338090e-03             1.388617e-02             2.099507e-01
 |y|<=500 215943 7.149375e-03 2.828797e-03           0.000000e+00            4.018984e-03             9.588935e-01             9.943440e-01
|y|<=2000 216482 7.301001e-03 2.836831e-03           0.000000e+00            4.023742e-03             1.000000e+00             1.000000e+00

[audit-core] worst p errors for |y|<=20
       alpha    n     p_rel_l2     q_rel_l2  qdef_prediction_rel_l2  p_max_abs_err  q_max_abs_err
1.700000e-01 4101 6.729288e-04 9.364280e-04            2.028507e-03   5.242263e-04   2.699550e-04
1.875000e-01 4101 5.041177e-04 8.261272e-04            2.159434e-03   5.916186e-04   2.813850e-04
9.750000e-02 4101 4.537446e-04 7.284324e-04            2.691225e-03   4.426476e-04   1.133522e-04
1.750000e-01 4101 4.472578e-04 6.254243e-04            1.882050e-03   2.540509e-04   1.874902e-04
1.325000e-01 4102 4.371752e-04 6.170308e-04            2.891584e-03   2.932515e-04   1.014423e-04
1.525000e-01 4102 4.330853e-04 6.512844e-04            2.522576e-03   2.668493e-04   1.260810e-04
1.850000e-01 4101 4.182058e-04 7.097699e-04            1.807258e-03   3.461096e-04   2.255978e-04
9.000000e-02 4101 3.933958e-04 9.509306e-04            4.222445e-03   7.121069e-04   1.801421e-04
1.500000e-01 4102 3.784962e-04 5.798891e-04            2.560970e-03   2.862920e-04   1.793218e-04
1.900000e-01 4101 3.745753e-04 6.933106e-04            3.469967e-03   8.524571e-04   3.700372e-04
9.250000e-02 4101 3.147876e-04 7.835866e-04            3.186506e-03   7.110425e-04   1.553066e-04
1.550000e-01 4102 3.117998e-04 5.810598e-04            2.454000e-03   2.229269e-04   1.503198e-04
8.750000e-02 4101 3.108915e-04 8.347938e-04            3.394068e-03   5.119421e-04   1.155884e-04
1.025000e-01 4101 3.063249e-04 6.784066e-04            2.487388e-03   5.221005e-04   1.697246e-04
1.675000e-01 4101 2.991070e-04 4.980856e-04            2.099052e-03   2.694151e-04   1.494421e-04

[audit-core] worst q errors for |y|<=20
       alpha    n     p_rel_l2     q_rel_l2  qdef_prediction_rel_l2  p_max_abs_err  q_max_abs_err
7.000000e-02 4101 2.625089e-04 1.071690e-03            4.889901e-03   4.575869e-04   1.075175e-04
9.000000e-02 4101 3.933958e-04 9.509306e-04            4.222445e-03   7.121069e-04   1.801421e-04
1.700000e-01 4101 6.729288e-04 9.364280e-04            2.028507e-03   5.242263e-04   2.699550e-04
8.750000e-02 4101 3.108915e-04 8.347938e-04            3.394068e-03   5.119421e-04   1.155884e-04
8.500000e-02 4101 2.167154e-04 8.343550e-04            2.832105e-03   3.083283e-04   9.179945e-05
1.875000e-01 4101 5.041177e-04 8.261272e-04            2.159434e-03   5.916186e-04   2.813850e-04
9.250000e-02 4101 3.147876e-04 7.835866e-04            3.186506e-03   7.110425e-04   1.553066e-04
9.750000e-02 4101 4.537446e-04 7.284324e-04            2.691225e-03   4.426476e-04   1.133522e-04
8.250000e-02 4101 1.924168e-04 7.178044e-04            2.720075e-03   3.978327e-04   1.353345e-04
1.850000e-01 4101 4.182058e-04 7.097699e-04            1.807258e-03   3.461096e-04   2.255978e-04
1.050000e-01 4101 2.421651e-04 6.938324e-04            2.641528e-03   5.858694e-04   2.018884e-04
1.900000e-01 4101 3.745753e-04 6.933106e-04            3.469967e-03   8.524571e-04   3.700372e-04
8.000000e-02 4101 1.736306e-04 6.870125e-04            2.749424e-03   4.802498e-04   8.830924e-05
1.025000e-01 4101 3.063249e-04 6.784066e-04            2.487388e-03   5.221005e-04   1.697246e-04
7.750000e-02 4101 1.470741e-04 6.719209e-04            2.963048e-03   3.006838e-04   6.778751e-05

[audit-core] worst q=dp/dy consistency for |y|<=20
       alpha    n  qdef_reference_rel_l2  qdef_prediction_rel_l2  dp_pred_vs_q_ref_rel_l2
7.000000e-02 4101           0.000000e+00            4.889901e-03             4.812349e-03
9.000000e-02 4101           0.000000e+00            4.222445e-03             4.256423e-03
7.250000e-02 4101           0.000000e+00            3.799489e-03             3.685494e-03
1.900000e-01 4101           0.000000e+00            3.469967e-03             3.656250e-03
8.750000e-02 4101           0.000000e+00            3.394068e-03             3.511620e-03
7.500000e-02 4101           0.000000e+00            3.380159e-03             3.269566e-03
9.250000e-02 4101           0.000000e+00            3.186506e-03             3.181246e-03
7.750000e-02 4101           0.000000e+00            2.963048e-03             2.867081e-03
1.350000e-01 4102           0.000000e+00            2.934715e-03             2.921972e-03
1.325000e-01 4102           0.000000e+00            2.891584e-03             2.909084e-03
1.375000e-01 4102           0.000000e+00            2.887517e-03             2.847994e-03
8.500000e-02 4101           0.000000e+00            2.832105e-03             2.766269e-03
1.400000e-01 4102           0.000000e+00            2.783771e-03             2.732635e-03
1.300000e-01 4102           0.000000e+00            2.767646e-03             2.789456e-03
1.075000e-01 4102           0.000000e+00            2.750381e-03             2.711466e-03

[audit-core] edge-alpha summary for |y|<=20
       alpha     p_rel_l2     q_rel_l2  qdef_reference_rel_l2  qdef_prediction_rel_l2
7.000000e-02 2.625089e-04 1.071690e-03           0.000000e+00            4.889901e-03
7.250000e-02 1.318218e-04 6.069288e-04           0.000000e+00            3.799489e-03
7.500000e-02 1.455264e-04 6.241478e-04           0.000000e+00            3.380159e-03
7.750000e-02 1.470741e-04 6.719209e-04           0.000000e+00            2.963048e-03
1.825000e-01 1.681311e-04 5.546080e-04           0.000000e+00            1.818074e-03
1.850000e-01 4.182058e-04 7.097699e-04           0.000000e+00            1.807258e-03
1.875000e-01 5.041177e-04 8.261272e-04           0.000000e+00            2.159434e-03
1.900000e-01 3.745753e-04 6.933106e-04           0.000000e+00            3.469967e-03

[audit-core] wrote:
  assets/pinn_supersonic/runs/pinn_chart_M180_alpha_070_190_pq_qdef005_ode001_tail_polished_asinh_w192_d6/modal_error_by_y_window.csv
  assets/pinn_supersonic/runs/pinn_chart_M180_alpha_070_190_pq_qdef005_ode001_tail_polished_asinh_w192_d6/modal_error_by_alpha_y_window.csv
  assets/pinn_supersonic/runs/pinn_chart_M180_alpha_070_190_pq_qdef005_ode001_tail_polished_asinh_w192_d6/modal_error_edge_alpha_core.csv

[stage 5] physics metrics
{
  "source_checkpoint": "assets/pinn_supersonic/runs/pinn_chart_M180_alpha_070_190_pq_qdef_tail_polished_asinh_w192_d6_w010/best_model.pt",
  "best_checkpoint": "assets/pinn_supersonic/runs/pinn_chart_M180_alpha_070_190_pq_qdef005_ode001_tail_polished_asinh_w192_d6/best_model.pt",
  "Mach_fixed": 1.8,
  "spectral_network_frozen": true,
  "qdef_weight": 0.05,
  "ode_weight": 0.001,
  "initial": {
    "modal_mse": 7.471320714103058e-05,
    "qdef_mse": 1.9136699847877026e-05,
    "ode_mse": 0.00012030539801344275,
    "qdef_rms": 0.004374551586806774,
    "ode_rms": 0.01096838153898716,
    "min_abs_U_minus_c": 0.011064844205975533,
    "min_ci": 0.010448742657899857
  },
  "final": {
    "modal_mse": 7.476395694538951e-05,
    "qdef_mse": 1.2926599993079435e-05,
    "ode_mse": 4.794022243004292e-05,
    "qdef_rms": 0.0035953582264482975,
    "ode_rms": 0.006923887878656387,
    "min_abs_U_minus_c": 0.011064844205975533,
    "min_ci": 0.010448742657899857
  },
  "relative_change": {
    "modal_mse": 0.000679261489379418,
    "qdef_mse": -0.3245125807565259,
    "ode_mse": -0.6015122910387932
  }
}
[stage 6] final supervised metrics
{
  "checkpoint": "assets/pinn_supersonic/runs/pinn_chart_M180_alpha_070_190_pq_qdef005_ode001_tail_polished_asinh_w192_d6/best_model.pt",
  "best_val": 7.545822716747352e-05,
  "global_p_rel_l2": 0.007301000850034989,
  "global_q_rel_l2": 0.0028368313099117193,
  "cr_abs_mean": 3.7503346024281746e-06,
  "cr_abs_max": 9.903502857788737e-06,
  "ci_abs_mean": 1.357152288970035e-06,
  "ci_abs_max": 3.033596383483772e-06
}