[info] dataset: assets/pinn_supersonic/datasets/fixedM_M180_alpha_branch_pq_modal_anchors_tail_polished.npz
[info] run dir: assets/pinn_supersonic/runs/pinn_chart_M180_alpha_070_190_pq_supervised_tail_polished_asinh_w192_d6
[info] device: cuda
[info] n train rows: 216482
[info] n val rows: 216482
[info] n spectral anchors: 49
[epoch 000001] train=1.9599e+00 modal=9.9296e-01 spec=9.6692e-01 val=1.8551e+00
[epoch 000050] train=1.6991e-02 modal=1.6936e-02 spec=5.5313e-05 val=1.7118e-02
[epoch 000100] train=1.1007e-02 modal=1.1003e-02 spec=3.6446e-06 val=1.0949e-02
[epoch 000150] train=8.2964e-03 modal=8.2949e-03 spec=1.5686e-06 val=8.2799e-03
[epoch 000200] train=6.5250e-03 modal=6.5242e-03 spec=7.8639e-07 val=6.3957e-03
[epoch 000250] train=4.9205e-03 modal=4.9200e-03 spec=4.3919e-07 val=4.9606e-03
[epoch 000300] train=3.9672e-03 modal=3.9668e-03 spec=3.7389e-07 val=3.9083e-03
[epoch 000350] train=3.1377e-03 modal=3.1374e-03 spec=2.3406e-07 val=3.2178e-03
[epoch 000400] train=2.6882e-03 modal=2.6806e-03 spec=7.5542e-06 val=2.7085e-03
[epoch 000450] train=2.4089e-03 modal=2.4087e-03 spec=1.6964e-07 val=2.3459e-03
[epoch 000500] train=2.3075e-03 modal=2.3071e-03 spec=3.5327e-07 val=2.1854e-03
[epoch 000550] train=2.0443e-03 modal=2.0310e-03 spec=1.3358e-05 val=1.9638e-03
[epoch 000600] train=1.8868e-03 modal=1.8866e-03 spec=1.2944e-07 val=2.2473e-03
[epoch 000650] train=1.5777e-03 modal=1.5772e-03 spec=4.6536e-07 val=1.5493e-03
[epoch 000700] train=1.5790e-03 modal=1.5788e-03 spec=2.2914e-07 val=1.8185e-03
[epoch 000750] train=1.2969e-03 modal=1.2947e-03 spec=2.2360e-06 val=1.3104e-03
[epoch 000800] train=1.2048e-03 modal=1.2047e-03 spec=1.1602e-07 val=1.1743e-03
[epoch 000850] train=1.1172e-03 modal=1.1171e-03 spec=1.2266e-07 val=1.1544e-03
[epoch 000900] train=1.1734e-03 modal=1.1733e-03 spec=1.3388e-07 val=1.0304e-03
[epoch 000950] train=9.4671e-04 modal=9.4657e-04 spec=1.3170e-07 val=9.2316e-04
[epoch 001000] train=1.0762e-03 modal=1.0761e-03 spec=1.1224e-07 val=1.0971e-03
[epoch 001050] train=9.8085e-04 modal=9.8073e-04 spec=1.1177e-07 val=8.9514e-04
[epoch 001100] train=9.5718e-04 modal=9.5707e-04 spec=1.1158e-07 val=8.2713e-04
[epoch 001150] train=8.1113e-04 modal=8.1102e-04 spec=1.1102e-07 val=9.2295e-04
[epoch 001200] train=7.8501e-04 modal=7.8490e-04 spec=1.1055e-07 val=7.6408e-04
[epoch 001250] train=7.8237e-04 modal=7.8225e-04 spec=1.1561e-07 val=7.7504e-04
[epoch 001300] train=8.1955e-04 modal=8.1916e-04 spec=3.8930e-07 val=7.1776e-04
[epoch 001350] train=7.7389e-04 modal=7.7370e-04 spec=1.9408e-07 val=6.6595e-04
[epoch 001400] train=8.0768e-04 modal=8.0755e-04 spec=1.3832e-07 val=9.0850e-04
[epoch 001450] train=6.3161e-04 modal=6.2397e-04 spec=7.6331e-06 val=6.0217e-04
[epoch 001500] train=6.2918e-04 modal=6.2898e-04 spec=2.0814e-07 val=6.2453e-04
[epoch 001550] train=6.0831e-04 modal=6.0820e-04 spec=1.0899e-07 val=6.3450e-04
[epoch 001600] train=5.8511e-04 modal=5.8499e-04 spec=1.1375e-07 val=5.8528e-04
[epoch 001650] train=6.3491e-04 modal=6.3446e-04 spec=4.5097e-07 val=6.2310e-04
[epoch 001700] train=5.3974e-04 modal=5.3963e-04 spec=1.0880e-07 val=5.4562e-04
[epoch 001750] train=6.0208e-04 modal=6.0197e-04 spec=1.0848e-07 val=5.8082e-04
[epoch 001800] train=5.0481e-04 modal=5.0240e-04 spec=2.4075e-06 val=5.2071e-04
[epoch 001850] train=1.0179e-03 modal=1.0100e-03 spec=7.8977e-06 val=1.0594e-03
[epoch 001900] train=5.1446e-04 modal=5.1435e-04 spec=1.1066e-07 val=5.2555e-04
[epoch 001950] train=4.9301e-04 modal=4.9290e-04 spec=1.1717e-07 val=6.3824e-04
[epoch 002000] train=5.2516e-04 modal=5.2505e-04 spec=1.0814e-07 val=5.8077e-04
[epoch 002050] train=4.5265e-04 modal=4.5244e-04 spec=2.0926e-07 val=4.5106e-04
[epoch 002100] train=4.5791e-04 modal=4.5353e-04 spec=4.3772e-06 val=4.9746e-04
[epoch 002150] train=4.6033e-04 modal=4.6022e-04 spec=1.0775e-07 val=4.8578e-04
[epoch 002200] train=4.1852e-04 modal=4.0848e-04 spec=1.0045e-05 val=3.9437e-04
[epoch 002250] train=3.8363e-04 modal=3.8352e-04 spec=1.1580e-07 val=3.7678e-04
[epoch 002300] train=3.7852e-04 modal=3.7840e-04 spec=1.1919e-07 val=4.2232e-04
[epoch 002350] train=5.3287e-04 modal=5.3276e-04 spec=1.0744e-07 val=4.1823e-04
[epoch 002400] train=3.6636e-04 modal=3.6625e-04 spec=1.0730e-07 val=3.7349e-04
[epoch 002450] train=3.6918e-04 modal=3.6907e-04 spec=1.0775e-07 val=3.6877e-04
[epoch 002500] train=4.7684e-04 modal=4.7671e-04 spec=1.3408e-07 val=3.9703e-04
[epoch 002550] train=3.7637e-04 modal=3.7626e-04 spec=1.0760e-07 val=3.6832e-04
[epoch 002600] train=3.7166e-04 modal=3.7155e-04 spec=1.0792e-07 val=3.5099e-04
[epoch 002650] train=3.7574e-04 modal=3.7563e-04 spec=1.0710e-07 val=4.3448e-04
[epoch 002700] train=4.2989e-04 modal=4.2978e-04 spec=1.1226e-07 val=3.9862e-04
[epoch 002750] train=3.3530e-04 modal=3.3519e-04 spec=1.0701e-07 val=3.2118e-04
[epoch 002800] train=3.7811e-04 modal=3.7382e-04 spec=4.2896e-06 val=3.8587e-04
[epoch 002850] train=3.0632e-04 modal=2.9471e-04 spec=1.1604e-05 val=3.2537e-04
[epoch 002900] train=4.6823e-04 modal=4.6812e-04 spec=1.0686e-07 val=4.6433e-04
[epoch 002950] train=3.2238e-04 modal=3.2172e-04 spec=6.6454e-07 val=2.9269e-04
[epoch 003000] train=3.1795e-04 modal=3.1698e-04 spec=9.7805e-07 val=3.7090e-04
[epoch 003050] train=2.8043e-04 modal=2.8032e-04 spec=1.0677e-07 val=2.6231e-04
[epoch 003100] train=3.0437e-04 modal=3.0427e-04 spec=1.0669e-07 val=3.0513e-04
[epoch 003150] train=2.7001e-04 modal=2.6985e-04 spec=1.5135e-07 val=2.9108e-04
[epoch 003200] train=2.9056e-04 modal=2.8984e-04 spec=7.1558e-07 val=3.3134e-04
[epoch 003250] train=3.7192e-04 modal=3.7180e-04 spec=1.2153e-07 val=4.9581e-04
[epoch 003300] train=3.4020e-04 modal=3.4009e-04 spec=1.0659e-07 val=2.6265e-04
[epoch 003350] train=2.9291e-04 modal=2.9280e-04 spec=1.0660e-07 val=2.7154e-04
[epoch 003400] train=3.9294e-04 modal=3.9280e-04 spec=1.3667e-07 val=2.9799e-04
[epoch 003450] train=2.4101e-04 modal=2.4091e-04 spec=1.0659e-07 val=2.2782e-04
[epoch 003500] train=2.3776e-04 modal=2.3765e-04 spec=1.0663e-07 val=2.3840e-04
[epoch 003550] train=2.6615e-04 modal=2.6133e-04 spec=4.8220e-06 val=2.2851e-04
[epoch 003600] train=2.5897e-04 modal=2.5764e-04 spec=1.3316e-06 val=2.8463e-04
[epoch 003650] train=2.9363e-04 modal=2.9295e-04 spec=6.8215e-07 val=2.2337e-04
[epoch 003700] train=2.5130e-04 modal=2.5119e-04 spec=1.0659e-07 val=2.1866e-04
[epoch 003750] train=2.0692e-04 modal=2.0652e-04 spec=4.0670e-07 val=2.0493e-04
[epoch 003800] train=2.1559e-04 modal=2.0739e-04 spec=8.2001e-06 val=2.3004e-04
[epoch 003850] train=2.2167e-04 modal=2.2157e-04 spec=1.0644e-07 val=2.1648e-04
[epoch 003900] train=2.2869e-04 modal=2.2800e-04 spec=6.8813e-07 val=2.0580e-04
[epoch 003950] train=2.4028e-04 modal=2.4016e-04 spec=1.2162e-07 val=2.2427e-04
[epoch 004000] train=3.9939e-04 modal=3.9929e-04 spec=1.0642e-07 val=2.6060e-04
[epoch 004050] train=2.9079e-04 modal=2.8370e-04 spec=7.0901e-06 val=2.6416e-04
[epoch 004100] train=2.1863e-04 modal=2.1633e-04 spec=2.2971e-06 val=1.8642e-04
[epoch 004150] train=4.7698e-04 modal=4.7681e-04 spec=1.7236e-07 val=2.8232e-04
[epoch 004200] train=3.0586e-04 modal=3.0563e-04 spec=2.2583e-07 val=4.8700e-04
[epoch 004250] train=2.0991e-04 modal=2.0726e-04 spec=2.6545e-06 val=1.8475e-04
[epoch 004300] train=2.0228e-04 modal=2.0217e-04 spec=1.0633e-07 val=2.4406e-04
[epoch 004350] train=2.5610e-04 modal=2.5599e-04 spec=1.0723e-07 val=2.2938e-04
[epoch 004400] train=1.9404e-04 modal=1.9236e-04 spec=1.6727e-06 val=1.9453e-04
[epoch 004450] train=1.7979e-04 modal=1.7969e-04 spec=1.0661e-07 val=1.8636e-04
[epoch 004500] train=1.9061e-04 modal=1.9050e-04 spec=1.0719e-07 val=2.0646e-04
[epoch 004550] train=1.8020e-04 modal=1.8009e-04 spec=1.0888e-07 val=1.9463e-04
[epoch 004600] train=1.8278e-04 modal=1.7807e-04 spec=4.7119e-06 val=2.1597e-04
[epoch 004650] train=1.6193e-04 modal=1.6176e-04 spec=1.7438e-07 val=1.6816e-04
[epoch 004700] train=1.6084e-04 modal=1.6073e-04 spec=1.0611e-07 val=1.6976e-04
[epoch 004750] train=1.6393e-04 modal=1.6383e-04 spec=1.0639e-07 val=1.5748e-04
[epoch 004800] train=1.7648e-04 modal=1.7590e-04 spec=5.7310e-07 val=1.5807e-04
[epoch 004850] train=2.7316e-04 modal=2.7305e-04 spec=1.1048e-07 val=2.3646e-04
[epoch 004900] train=1.6453e-04 modal=1.6442e-04 spec=1.0602e-07 val=1.5065e-04
[epoch 004950] train=3.4771e-04 modal=3.4746e-04 spec=2.5546e-07 val=2.5613e-04
[epoch 005000] train=1.9132e-04 modal=1.8810e-04 spec=3.2144e-06 val=1.7277e-04
[epoch 005050] train=2.2464e-04 modal=2.2126e-04 spec=3.3861e-06 val=2.8461e-04
[epoch 005100] train=1.8771e-04 modal=1.8760e-04 spec=1.0582e-07 val=1.8789e-04
[epoch 005150] train=1.5141e-04 modal=1.5131e-04 spec=1.0578e-07 val=1.4501e-04
[epoch 005200] train=2.4414e-04 modal=2.4403e-04 spec=1.0585e-07 val=2.0658e-04
[epoch 005250] train=1.4773e-04 modal=1.4763e-04 spec=1.0606e-07 val=1.3809e-04
[epoch 005300] train=1.4353e-04 modal=1.4341e-04 spec=1.1873e-07 val=1.6190e-04
[epoch 005350] train=1.4589e-04 modal=1.4572e-04 spec=1.7296e-07 val=1.9296e-04
[epoch 005400] train=1.5682e-04 modal=1.5669e-04 spec=1.2966e-07 val=1.8207e-04
[epoch 005450] train=1.4353e-04 modal=1.4337e-04 spec=1.6401e-07 val=1.4559e-04
[epoch 005500] train=1.5291e-04 modal=1.4755e-04 spec=5.3632e-06 val=1.4191e-04
[epoch 005550] train=1.3725e-04 modal=1.3714e-04 spec=1.1066e-07 val=1.3103e-04
[epoch 005600] train=1.4015e-04 modal=1.3997e-04 spec=1.7648e-07 val=1.3105e-04
[epoch 005650] train=2.1940e-04 modal=2.1915e-04 spec=2.4982e-07 val=2.1829e-04
[epoch 005700] train=1.3027e-04 modal=1.2907e-04 spec=1.1965e-06 val=1.4603e-04
[epoch 005750] train=1.3758e-04 modal=1.3734e-04 spec=2.4381e-07 val=1.2894e-04
[epoch 005800] train=1.7201e-04 modal=1.7190e-04 spec=1.0528e-07 val=2.5855e-04
[epoch 005850] train=1.2761e-04 modal=1.2750e-04 spec=1.0504e-07 val=1.2203e-04
[epoch 005900] train=1.2767e-04 modal=1.2748e-04 spec=1.8699e-07 val=1.4952e-04
[epoch 005950] train=1.4464e-04 modal=1.4453e-04 spec=1.1057e-07 val=1.4179e-04
[epoch 006000] train=1.5823e-04 modal=1.5577e-04 spec=2.4583e-06 val=1.2193e-04
[epoch 006050] train=1.3899e-04 modal=1.3889e-04 spec=1.0854e-07 val=1.1659e-04
[epoch 006100] train=1.1880e-04 modal=1.1828e-04 spec=5.1977e-07 val=1.2416e-04
[epoch 006150] train=1.3838e-04 modal=1.3827e-04 spec=1.0464e-07 val=1.2344e-04
[epoch 006200] train=1.2273e-04 modal=1.2259e-04 spec=1.3703e-07 val=1.6346e-04
[epoch 006250] train=1.2781e-04 modal=1.2770e-04 spec=1.0602e-07 val=1.6433e-04
[epoch 006300] train=1.6411e-04 modal=1.6400e-04 spec=1.0458e-07 val=1.9440e-04
[epoch 006350] train=1.3628e-04 modal=1.3617e-04 spec=1.0451e-07 val=1.1042e-04
[epoch 006400] train=1.5456e-04 modal=1.5444e-04 spec=1.1660e-07 val=1.7977e-04
[epoch 006450] train=1.3792e-04 modal=1.3781e-04 spec=1.0534e-07 val=1.2320e-04
[epoch 006500] train=1.4241e-04 modal=1.4230e-04 spec=1.0448e-07 val=1.3865e-04
