ALPHAS=0.09 0.095
START=Mon Aug  3 09:25:08 AM CEST 2026
[01/02] alpha=0.09000 |dc_pinn|=4.962e-02 |dc_corr|=1.815e-07 mismatch=5.256e-09 nfev=240 time=36.38s
[02/02] alpha=0.09500 |dc_pinn|=4.391e-02 |dc_corr|=6.837e-06 mismatch=1.335e-07 nfev=240 time=37.36s

{
  "status": "COMPLETED",
  "Mach": 1.1,
  "n_requested": 2,
  "n_successful": 2,
  "n_failed": 0,
  "output_csv": "assets/pinn_supersonic/hybrid_fixed_c/local_M110_S4M0_v1/pinn_powell_retry_wide/pinn_powell_spectral_results.csv",
  "pinn_spectral_error_mean": 0.0467624029089246,
  "pinn_spectral_error_max": 0.049615280629311816,
  "corrected_spectral_error_mean": 3.509122995684318e-06,
  "corrected_spectral_error_max": 6.836790056301734e-06,
  "delta_c_from_pinn_mean": 0.046765210833151785,
  "delta_c_from_pinn_max": 0.04961530378475282,
  "initial_mismatch_mean": 0.0017152227401661824,
  "initial_mismatch_max": 0.0018556641001771011,
  "corrected_mismatch_mean": 6.93544306630831e-08,
  "corrected_mismatch_max": 1.3345305815507325e-07,
  "mismatch_reduction_mean": 182434.91100747683,
  "mismatch_reduction_max": 353069.5575479876,
  "optimization_seconds_mean": 36.86768920440227,
  "optimization_seconds_max": 37.35768922790885,
  "nfev_reported_mean": 240.0,
  "nfev_reported_max": 240.0
}

written: assets/pinn_supersonic/hybrid_fixed_c/local_M110_S4M0_v1/pinn_powell_retry_wide/pinn_powell_spectral_results.csv
written: assets/pinn_supersonic/hybrid_fixed_c/local_M110_S4M0_v1/pinn_powell_retry_wide/pinn_powell_spectral_summary.json
END=Mon Aug  3 09:26:28 AM CEST 2026
