[stage 1] qdef fine-tuning
[setup] device: cuda
[step 00000] eval_modal=7.529251e-05 eval_qdef=9.041122e-05
[step 00001] train_modal=7.121621e-05 train_qdef=9.193879e-05 eval_modal=1.859821e-04 eval_qdef=2.053249e-04 lambda=2.500e-04
[step 00100] train_modal=3.074748e-05 train_qdef=7.082949e-05 eval_modal=7.468039e-05 eval_qdef=6.700143e-05 lambda=2.500e-02
[step 00200] train_modal=7.808003e-05 train_qdef=4.919938e-05 eval_modal=7.420425e-05 eval_qdef=4.711196e-05 lambda=5.000e-02
[step 00300] train_modal=1.103117e-04 train_qdef=3.712991e-05 eval_modal=7.397964e-05 eval_qdef=3.816195e-05 lambda=5.000e-02
[step 00400] train_modal=8.400452e-05 train_qdef=3.565204e-05 eval_modal=7.416659e-05 eval_qdef=3.323648e-05 lambda=5.000e-02
[step 00500] train_modal=8.068301e-05 train_qdef=3.166627e-05 eval_modal=7.512801e-05 eval_qdef=3.016210e-05 lambda=5.000e-02
[step 00600] train_modal=1.137242e-04 train_qdef=3.079844e-05 eval_modal=7.458686e-05 eval_qdef=2.943524e-05 lambda=5.000e-02
[step 00700] train_modal=3.331636e-05 train_qdef=2.535410e-05 eval_modal=7.573723e-05 eval_qdef=2.576753e-05 lambda=5.000e-02
[step 00800] train_modal=1.281686e-04 train_qdef=2.556952e-05 eval_modal=7.498120e-05 eval_qdef=2.497237e-05 lambda=5.000e-02
[step 00900] train_modal=6.432879e-05 train_qdef=2.304541e-05 eval_modal=7.477024e-05 eval_qdef=2.495831e-05 lambda=5.000e-02
[step 01000] train_modal=1.041675e-04 train_qdef=2.429884e-05 eval_modal=7.575694e-05 eval_qdef=2.123380e-05 lambda=5.000e-02
[step 01100] train_modal=1.194021e-04 train_qdef=2.301328e-05 eval_modal=7.494936e-05 eval_qdef=2.032917e-05 lambda=5.000e-02
[step 01200] train_modal=8.646688e-05 train_qdef=1.940724e-05 eval_modal=7.723036e-05 eval_qdef=1.970350e-05 lambda=5.000e-02
[step 01300] train_modal=5.709394e-05 train_qdef=1.903528e-05 eval_modal=7.745749e-05 eval_qdef=1.878225e-05 lambda=5.000e-02
[step 01400] train_modal=5.869089e-05 train_qdef=1.826255e-05 eval_modal=7.572948e-05 eval_qdef=1.775993e-05 lambda=5.000e-02
[step 01500] train_modal=1.031732e-04 train_qdef=1.959356e-05 eval_modal=7.668001e-05 eval_qdef=1.977564e-05 lambda=5.000e-02
[step 01600] train_modal=5.627244e-05 train_qdef=1.887600e-05 eval_modal=7.704784e-05 eval_qdef=1.887023e-05 lambda=5.000e-02
[step 01700] train_modal=7.429790e-05 train_qdef=1.849820e-05 eval_modal=7.566200e-05 eval_qdef=1.774442e-05 lambda=5.000e-02
[step 01800] train_modal=1.118614e-04 train_qdef=1.625485e-05 eval_modal=7.458079e-05 eval_qdef=1.480413e-05 lambda=5.000e-02
[step 01900] train_modal=3.251834e-05 train_qdef=1.618370e-05 eval_modal=7.431436e-05 eval_qdef=1.639335e-05 lambda=5.000e-02
[step 02000] train_modal=7.287441e-05 train_qdef=1.614608e-05 eval_modal=7.431368e-05 eval_qdef=1.587547e-05 lambda=5.000e-02
[done] best objective: 7.510745044783106e-05
[done] checkpoint: assets/pinn_supersonic/runs/pinn_chart_M180_alpha_070_190_pq_qdef_tail_polished_asinh_w192_d6_w005/best_model.pt

[stage 2] checkpoint evaluation
{
  "checkpoint": "assets/pinn_supersonic/runs/pinn_chart_M180_alpha_070_190_pq_qdef_tail_polished_asinh_w192_d6_w005/best_model.pt",
  "best_val": 7.510745044783106e-05,
  "global_p_rel_l2": 0.007335361373644873,
  "global_q_rel_l2": 0.002940891271076421,
  "cr_abs_mean": 3.7503346024281746e-06,
  "cr_abs_max": 9.903502857788737e-06,
  "ci_abs_mean": 1.357152288970035e-06,
  "ci_abs_max": 3.033596383483772e-06
}
[done] wrote metrics/predictions in assets/pinn_supersonic/runs/pinn_chart_M180_alpha_070_190_pq_qdef_tail_polished_asinh_w192_d6_w005

[stage 3] audit by alpha
[audit] wrote: assets/pinn_supersonic/runs/pinn_chart_M180_alpha_070_190_pq_qdef_tail_polished_asinh_w192_d6_w005/modal_error_by_alpha.csv

[audit] worst p_rel_l2
 alpha    n  p_rel_l2  q_rel_l2  p_max_abs_err  q_max_abs_err  p_ref_norm  q_ref_norm  y_at_p_max_err  y_at_q_max_err
0.1850 4418  0.014492  0.004025       0.120742       0.008335   18.625107    5.027882     -230.695995     -213.473584
0.1800 4418  0.014256  0.003049       0.113863       0.007614   18.666959    4.878768     -213.473584     -185.721789
0.1875 4418  0.014068  0.003395       0.130475       0.006942   18.604319    5.103027     -230.695995     -213.473584
0.1900 4418  0.013604  0.003981       0.150491       0.007613   18.583773    5.178381     -230.695995     -213.473584
0.1825 4418  0.013483  0.003385       0.118774       0.006661   18.645895    4.953183     -250.929559     -185.721789
0.1775 4418  0.013015  0.003103       0.106231       0.005566   18.688135    4.804618     -230.695995     -230.695995
0.1750 4418  0.012689  0.003118       0.125727       0.005945   18.709299    4.730819     -213.473584     -185.721789
0.1725 4418  0.012332  0.002574       0.120821       0.004605   18.730854    4.657242     -213.473584     -174.378115
0.1700 4418  0.011148  0.002719       0.108911       0.005405   18.752514    4.583997     -230.488394     -230.488394
0.1675 4418  0.010841  0.002448       0.100646       0.004679   18.774439    4.511060     -229.900457     -229.900457
0.1625 4418  0.009506  0.002488       0.098147       0.004522   18.818586    4.365975     -228.846905     -228.846905
0.1650 4418  0.009450  0.002336       0.088156       0.004234   18.796455    4.438380     -249.339669     -229.351312
0.1600 4418  0.008810  0.002222       0.078563       0.003940   18.840920    4.293834     -248.207220     -228.392682
0.1575 4418  0.008776  0.002312       0.090442       0.004592   18.863213    4.221993     -247.714621     -227.975475
0.1550 4418  0.007655  0.002222       0.079558       0.003168   18.885813    4.150303     -247.267067     -227.596303
0.1525 4418  0.007519  0.002476       0.073641       0.003837   18.908556    4.078915     -246.882164     -246.882164
0.1500 4418  0.007040  0.002302       0.077616       0.004298   18.931274    4.007805     -246.539748     -226.979881
0.1450 4418  0.006793  0.002140       0.074945       0.004261   18.977297    3.866244     -269.135416     -246.005229
0.1475 4418  0.006696  0.002288       0.064361       0.004261   18.954245    3.936898     -269.426942     -246.248808
0.1400 4418  0.005868  0.002509       0.064023       0.005912   19.023858    3.725549     -268.708789     -245.648689

[audit] worst q_rel_l2
 alpha    n  p_rel_l2  q_rel_l2  p_max_abs_err  q_max_abs_err  p_ref_norm  q_ref_norm  y_at_p_max_err  y_at_q_max_err
0.0900 4418  0.003778  0.005926       0.036791       0.005118   19.523732    2.360618     -446.367601     -304.258312
0.0925 4418  0.003669  0.005161       0.032331       0.003487   19.498734    2.427593     -446.367601     -340.401660
0.1850 4418  0.014492  0.004025       0.120742       0.008335   18.625107    5.027882     -230.695995     -213.473584
0.1900 4418  0.013604  0.003981       0.150491       0.007613   18.583773    5.178381     -230.695995     -213.473584
0.0750 4418  0.002540  0.003971       0.039563       0.004129   19.682316    1.961936     -528.574666     -340.401660
0.0775 4418  0.002181  0.003686       0.031060       0.004083   19.654598    2.028035     -528.574666     -340.401660
0.0950 4418  0.002952  0.003660       0.032800       0.004165   19.471951    2.494459     -445.036436     -303.639006
0.0725 4418  0.002867  0.003457       0.043468       0.003247   19.710435    1.895960     -528.574666     -340.401660
0.0850 4418  0.002971  0.003437       0.045997       0.003777   19.574452    2.227138     -446.367601     -304.258312
0.0800 4418  0.002356  0.003402       0.032414       0.004568   19.627452    2.094250     -528.574666     -340.401660
0.1875 4418  0.014068  0.003395       0.130475       0.006942   18.604319    5.103027     -230.695995     -213.473584
0.1825 4418  0.013483  0.003385       0.118774       0.006661   18.645895    4.953183     -250.929559     -185.721789
0.0875 4418  0.002863  0.003370       0.038512       0.004304   19.548803    2.293817     -446.367601     -340.401660
0.0700 4418  0.002442  0.003343       0.028638       0.002282   19.739028    1.830124     -528.574666     -386.262282
0.1750 4418  0.012689  0.003118       0.125727       0.005945   18.709299    4.730819     -213.473584     -185.721789
0.1775 4418  0.013015  0.003103       0.106231       0.005566   18.688135    4.804618     -230.695995     -230.695995
0.0975 4418  0.003156  0.003086       0.042115       0.005360   19.445387    2.561462     -383.765759     -302.706784
0.1800 4418  0.014256  0.003049       0.113863       0.007614   18.666959    4.878768     -213.473584     -185.721789
0.1000 4418  0.003256  0.002999       0.046404       0.004690   19.419145    2.628595     -382.377727     -301.842312
0.1100 4418  0.003258  0.002934       0.038416       0.004872   19.316226    2.898592     -377.823735     -270.732448

[audit] spectral summary
  cr_abs_err: mean=3.750335e-06 max=9.903503e-06
  ci_abs_err: mean=1.357152e-06 max=3.033596e-06

[audit] worst spectral rows
 Mach  alpha   cr_ref   ci_ref  cr_pred  ci_pred   cr_abs_err  ci_abs_err
  1.8 0.1550 0.469257 0.018547 0.469259 0.018544 1.848360e-06    0.000003
  1.8 0.0875 0.443124 0.027709 0.443115 0.027712 8.104415e-06    0.000003
  1.8 0.1800 0.476679 0.012900 0.476680 0.012903 3.451858e-07    0.000003
  1.8 0.1150 0.455048 0.025430 0.455050 0.025433 2.563360e-06    0.000003
  1.8 0.1450 0.466009 0.020554 0.466005 0.020556 4.926405e-06    0.000003
  1.8 0.0725 0.435687 0.027643 0.435693 0.027640 5.938083e-06    0.000002
  1.8 0.1075 0.451994 0.026308 0.451996 0.026306 2.513222e-06    0.000002
  1.8 0.1750 0.475279 0.014094 0.475269 0.014092 9.903503e-06    0.000002
  1.8 0.1375 0.463436 0.021955 0.463441 0.021952 5.131090e-06    0.000002
  1.8 0.0975 0.447701 0.027195 0.447697 0.027193 3.552266e-06    0.000002
  1.8 0.0900 0.444279 0.027618 0.444288 0.027620 8.948032e-06    0.000002
  1.8 0.1125 0.454048 0.025740 0.454048 0.025742 1.986785e-07    0.000002
  1.8 0.1100 0.453023 0.026031 0.453030 0.026033 6.397523e-06    0.000002
  1.8 0.0925 0.445436 0.027504 0.445443 0.027502 6.623286e-06    0.000002
  1.8 0.1300 0.460761 0.023242 0.460766 0.023240 4.844620e-06    0.000002
  1.8 0.1875 0.478741 0.011070 0.478737 0.011072 3.347897e-06    0.000002
  1.8 0.1175 0.456048 0.025108 0.456038 0.025106 9.528715e-06    0.000002
  1.8 0.1600 0.470816 0.017479 0.470820 0.017480 4.389049e-06    0.000002
  1.8 0.1850 0.478051 0.011690 0.478059 0.011689 7.298823e-06    0.000002
  1.8 0.1775 0.475976 0.013499 0.475978 0.013501 2.439819e-06    0.000002

[stage 4] audit by y windows and qdef
[audit-core] prediction file: assets/pinn_supersonic/runs/pinn_chart_M180_alpha_070_190_pq_qdef_tail_polished_asinh_w192_d6_w005/modal_predictions_all_rows.npz
[audit-core] rows: 216482
[audit-core] unique alpha: 49
[audit-core] alpha range: 0.07 0.19
[audit-core] y range: -1999.9999999999343 1999.9999999999343

[audit-core] computing finite-difference derivatives

[audit-core] global metrics by y window
    scope      n     p_rel_l2     q_rel_l2  qdef_reference_rel_l2  qdef_prediction_rel_l2  p_error_energy_fraction  q_error_energy_fraction
      all 216482 7.335361e-03 2.940891e-03           0.000000e+00            4.516813e-03             1.000000e+00             1.000000e+00
   |y|<=5 161161 2.852793e-04 6.278304e-04           0.000000e+00            3.518082e-03             1.242476e-03             3.091467e-02
  |y|<=10 186548 3.154296e-04 6.218695e-04           0.000000e+00            3.207253e-03             1.713711e-03             3.803429e-02
  |y|<=20 200970 3.703105e-04 6.967156e-04           0.000000e+00            3.102510e-03             2.482679e-03             5.281155e-02
  |y|<=50 210190 6.401225e-04 1.026696e-03           0.000000e+00            3.691945e-03             7.575750e-03             1.205754e-01
 |y|<=100 213367 9.325022e-04 1.463378e-03           0.000000e+00            3.901054e-03             1.614246e-02             2.474146e-01
 |y|<=500 215943 7.183845e-03 2.932833e-03           0.000000e+00            4.512397e-03             9.591132e-01             9.945275e-01
|y|<=2000 216482 7.335361e-03 2.940891e-03           0.000000e+00            4.516813e-03             1.000000e+00             1.000000e+00

[audit-core] worst p errors for |y|<=20
       alpha    n     p_rel_l2     q_rel_l2  qdef_prediction_rel_l2  p_max_abs_err  q_max_abs_err
1.700000e-01 4101 6.506241e-04 7.689523e-04            2.579694e-03   2.999742e-04   1.852023e-04
1.850000e-01 4101 5.875016e-04 9.794259e-04            2.703067e-03   8.226157e-04   4.231477e-04
1.750000e-01 4101 5.709570e-04 8.684629e-04            2.603954e-03   6.301714e-04   2.904775e-04
1.525000e-01 4102 5.651923e-04 8.159185e-04            3.038806e-03   7.668823e-04   2.344229e-04
1.900000e-01 4101 5.458131e-04 8.653619e-04            4.693960e-03   7.033383e-04   5.232815e-04
1.875000e-01 4101 5.449786e-04 7.143710e-04            3.194900e-03   5.495548e-04   3.420632e-04
9.750000e-02 4101 5.413156e-04 9.378961e-04            2.977772e-03   4.731771e-04   1.203189e-04
1.500000e-01 4102 4.908626e-04 5.789756e-04            3.119949e-03   6.148239e-04   1.609631e-04
1.550000e-01 4102 4.749816e-04 7.514807e-04            2.934766e-03   7.045867e-04   2.203068e-04
1.800000e-01 4101 4.349941e-04 6.804238e-04            2.664278e-03   5.863145e-04   2.351905e-04
1.825000e-01 4101 4.334085e-04 7.530978e-04            2.661511e-03   6.940371e-04   3.186597e-04
1.325000e-01 4102 4.274452e-04 6.017827e-04            3.567157e-03   4.855427e-04   1.182294e-04
9.000000e-02 4101 4.267303e-04 8.766907e-04            4.419310e-03   6.035328e-04   9.447653e-05
1.575000e-01 4102 4.057757e-04 6.886633e-04            2.817441e-03   6.463142e-04   2.197918e-04
1.775000e-01 4101 3.984396e-04 6.907267e-04            2.635380e-03   5.593044e-04   2.280739e-04

[audit-core] worst q errors for |y|<=20
       alpha    n     p_rel_l2     q_rel_l2  qdef_prediction_rel_l2  p_max_abs_err  q_max_abs_err
7.000000e-02 4101 2.629134e-04 1.178157e-03            5.927689e-03   4.656671e-04   1.498716e-04
8.750000e-02 4101 3.422393e-04 1.079857e-03            3.626831e-03   5.020284e-04   2.232821e-04
1.850000e-01 4101 5.875016e-04 9.794259e-04            2.703067e-03   8.226157e-04   4.231477e-04
9.750000e-02 4101 5.413156e-04 9.378961e-04            2.977772e-03   4.731771e-04   1.203189e-04
8.500000e-02 4101 3.179547e-04 9.081373e-04            3.324203e-03   7.382879e-04   1.936379e-04
7.250000e-02 4101 2.216774e-04 9.029302e-04            4.813128e-03   3.292498e-04   9.887643e-05
9.000000e-02 4101 4.267303e-04 8.766907e-04            4.419310e-03   6.035328e-04   9.447653e-05
1.750000e-01 4101 5.709570e-04 8.684629e-04            2.603954e-03   6.301714e-04   2.904775e-04
1.900000e-01 4101 5.458131e-04 8.653619e-04            4.693960e-03   7.033383e-04   5.232815e-04
7.500000e-02 4101 2.310802e-04 8.471631e-04            4.197625e-03   3.256397e-04   6.900498e-05
1.525000e-01 4102 5.651923e-04 8.159185e-04            3.038806e-03   7.668823e-04   2.344229e-04
7.750000e-02 4101 1.884552e-04 8.046889e-04            3.626174e-03   2.046876e-04   8.521751e-05
8.250000e-02 4101 2.232386e-04 8.034671e-04            3.193525e-03   4.541616e-04   1.679265e-04
8.000000e-02 4101 1.817076e-04 8.017093e-04            3.293403e-03   3.100117e-04   1.333988e-04
9.500000e-02 4101 3.150834e-04 7.924485e-04            2.979063e-03   5.565121e-04   1.134193e-04

[audit-core] worst q=dp/dy consistency for |y|<=20
       alpha    n  qdef_reference_rel_l2  qdef_prediction_rel_l2  dp_pred_vs_q_ref_rel_l2
7.000000e-02 4101           0.000000e+00            5.927689e-03             5.769215e-03
7.250000e-02 4101           0.000000e+00            4.813128e-03             4.745903e-03
1.900000e-01 4101           0.000000e+00            4.693960e-03             4.888341e-03
9.000000e-02 4101           0.000000e+00            4.419310e-03             4.538970e-03
7.500000e-02 4101           0.000000e+00            4.197625e-03             4.191097e-03
1.350000e-01 4102           0.000000e+00            3.679654e-03             3.640831e-03
1.375000e-01 4102           0.000000e+00            3.661035e-03             3.598624e-03
8.750000e-02 4101           0.000000e+00            3.626831e-03             3.735038e-03
7.750000e-02 4101           0.000000e+00            3.626174e-03             3.590697e-03
1.325000e-01 4102           0.000000e+00            3.567157e-03             3.573752e-03
1.400000e-01 4102           0.000000e+00            3.546539e-03             3.473448e-03
9.250000e-02 4101           0.000000e+00            3.458698e-03             3.507832e-03
1.425000e-01 4102           0.000000e+00            3.399755e-03             3.325129e-03
1.300000e-01 4102           0.000000e+00            3.345139e-03             3.350488e-03
8.500000e-02 4101           0.000000e+00            3.324203e-03             3.275468e-03

[audit-core] edge-alpha summary for |y|<=20
       alpha     p_rel_l2     q_rel_l2  qdef_reference_rel_l2  qdef_prediction_rel_l2
7.000000e-02 2.629134e-04 1.178157e-03           0.000000e+00            5.927689e-03
7.250000e-02 2.216774e-04 9.029302e-04           0.000000e+00            4.813128e-03
7.500000e-02 2.310802e-04 8.471631e-04           0.000000e+00            4.197625e-03
7.750000e-02 1.884552e-04 8.046889e-04           0.000000e+00            3.626174e-03
1.825000e-01 4.334085e-04 7.530978e-04           0.000000e+00            2.661511e-03
1.850000e-01 5.875016e-04 9.794259e-04           0.000000e+00            2.703067e-03
1.875000e-01 5.449786e-04 7.143710e-04           0.000000e+00            3.194900e-03
1.900000e-01 5.458131e-04 8.653619e-04           0.000000e+00            4.693960e-03

[audit-core] wrote:
  assets/pinn_supersonic/runs/pinn_chart_M180_alpha_070_190_pq_qdef_tail_polished_asinh_w192_d6_w005/modal_error_by_y_window.csv
  assets/pinn_supersonic/runs/pinn_chart_M180_alpha_070_190_pq_qdef_tail_polished_asinh_w192_d6_w005/modal_error_by_alpha_y_window.csv
  assets/pinn_supersonic/runs/pinn_chart_M180_alpha_070_190_pq_qdef_tail_polished_asinh_w192_d6_w005/modal_error_edge_alpha_core.csv

[done] final metrics
{
  "checkpoint": "assets/pinn_supersonic/runs/pinn_chart_M180_alpha_070_190_pq_qdef_tail_polished_asinh_w192_d6_w005/best_model.pt",
  "best_val": 7.510745044783106e-05,
  "global_p_rel_l2": 0.007335361373644873,
  "global_q_rel_l2": 0.002940891271076421,
  "cr_abs_mean": 3.7503346024281746e-06,
  "cr_abs_max": 9.903502857788737e-06,
  "ci_abs_mean": 1.357152288970035e-06,
  "ci_abs_max": 3.033596383483772e-06
}