[stage 1] second qdef fine-tuning
[setup] device: cuda
[step 00000] eval_modal=8.641745e-05 eval_qdef=1.656653e-05
[step 00001] train_modal=7.944072e-05 train_qdef=1.537044e-05 eval_modal=1.267991e-04 eval_qdef=3.094567e-05 lambda=6.667e-04
[step 00100] train_modal=1.215263e-04 train_qdef=1.368437e-05 eval_modal=8.632981e-05 eval_qdef=1.405783e-05 lambda=6.667e-02
[step 00200] train_modal=1.219861e-04 train_qdef=1.352218e-05 eval_modal=8.625917e-05 eval_qdef=1.383241e-05 lambda=1.000e-01
[step 00300] train_modal=6.178239e-05 train_qdef=1.276848e-05 eval_modal=8.647448e-05 eval_qdef=1.400879e-05 lambda=1.000e-01
[step 00400] train_modal=5.459478e-05 train_qdef=1.306688e-05 eval_modal=8.647195e-05 eval_qdef=1.269841e-05 lambda=1.000e-01
[step 00500] train_modal=5.168084e-05 train_qdef=1.269289e-05 eval_modal=8.709359e-05 eval_qdef=1.300782e-05 lambda=1.000e-01
[step 00600] train_modal=1.031844e-04 train_qdef=1.321740e-05 eval_modal=8.769432e-05 eval_qdef=1.434137e-05 lambda=1.000e-01
[step 00700] train_modal=9.552403e-05 train_qdef=1.105851e-05 eval_modal=8.755615e-05 eval_qdef=1.190744e-05 lambda=1.000e-01
[step 00800] train_modal=1.362600e-04 train_qdef=1.237918e-05 eval_modal=8.799976e-05 eval_qdef=1.137676e-05 lambda=1.000e-01
[step 00900] train_modal=8.426721e-05 train_qdef=1.091664e-05 eval_modal=8.873667e-05 eval_qdef=1.097172e-05 lambda=1.000e-01
[step 01000] train_modal=5.259638e-05 train_qdef=1.078830e-05 eval_modal=8.903850e-05 eval_qdef=1.073086e-05 lambda=1.000e-01
[step 01100] train_modal=1.090319e-04 train_qdef=1.165619e-05 eval_modal=8.798156e-05 eval_qdef=1.109159e-05 lambda=1.000e-01
[step 01200] train_modal=2.102157e-05 train_qdef=1.028242e-05 eval_modal=8.918629e-05 eval_qdef=1.014287e-05 lambda=1.000e-01
[step 01300] train_modal=4.316634e-05 train_qdef=1.054948e-05 eval_modal=8.763908e-05 eval_qdef=9.805905e-06 lambda=1.000e-01
[step 01400] train_modal=1.295450e-04 train_qdef=1.020225e-05 eval_modal=8.779045e-05 eval_qdef=1.036912e-05 lambda=1.000e-01
[step 01500] train_modal=8.375380e-05 train_qdef=9.815847e-06 eval_modal=8.758350e-05 eval_qdef=9.517951e-06 lambda=1.000e-01
[done] best objective: 8.764241019889595e-05
[done] checkpoint: assets/pinn_supersonic/runs/pinn_chart_M180_alpha_070_190_pq_qdef_tail_polished_asinh_w192_d6_w010/best_model.pt

[stage 2] checkpoint evaluation
{
  "checkpoint": "assets/pinn_supersonic/runs/pinn_chart_M180_alpha_070_190_pq_qdef_tail_polished_asinh_w192_d6_w010/best_model.pt",
  "best_val": 8.764241019889595e-05,
  "global_p_rel_l2": 0.0073207302334562345,
  "global_q_rel_l2": 0.002872317081815229,
  "cr_abs_mean": 3.7503346024281746e-06,
  "cr_abs_max": 9.903502857788737e-06,
  "ci_abs_mean": 1.357152288970035e-06,
  "ci_abs_max": 3.033596383483772e-06
}
[done] wrote metrics/predictions in assets/pinn_supersonic/runs/pinn_chart_M180_alpha_070_190_pq_qdef_tail_polished_asinh_w192_d6_w010

[stage 3] modal and spectral audit
[audit] wrote: assets/pinn_supersonic/runs/pinn_chart_M180_alpha_070_190_pq_qdef_tail_polished_asinh_w192_d6_w010/modal_error_by_alpha.csv

[audit] worst p_rel_l2
 alpha    n  p_rel_l2  q_rel_l2  p_max_abs_err  q_max_abs_err  p_ref_norm  q_ref_norm  y_at_p_max_err  y_at_q_max_err
0.1850 4418  0.014383  0.003968       0.124359       0.008651   18.625107    5.027882     -230.695995     -213.473584
0.1875 4418  0.014245  0.003419       0.138528       0.007238   18.604319    5.103027     -230.695995     -213.473584
0.1800 4418  0.014163  0.002931       0.112609       0.007618   18.666959    4.878768     -213.473584     -185.721789
0.1900 4418  0.013525  0.003869       0.143319       0.007254   18.583773    5.178381     -230.695995     -213.473584
0.1825 4418  0.013345  0.003291       0.116902       0.006427   18.645895    4.953183     -250.929559     -185.721789
0.1775 4418  0.013052  0.002998       0.107813       0.005500   18.688135    4.804618     -213.473584     -230.695995
0.1750 4418  0.012822  0.002992       0.128690       0.006033   18.709299    4.730819     -213.473584     -185.721789
0.1725 4418  0.012359  0.002499       0.119881       0.004252   18.730854    4.657242     -213.473584     -174.378115
0.1700 4418  0.010948  0.002787       0.105777       0.005281   18.752514    4.583997     -230.488394     -230.488394
0.1675 4418  0.010787  0.002274       0.099203       0.004515   18.774439    4.511060     -229.900457     -229.900457
0.1625 4418  0.009567  0.002457       0.099464       0.004626   18.818586    4.365975     -228.846905     -228.846905
0.1650 4418  0.009530  0.002260       0.089344       0.004376   18.796455    4.438380     -229.351312     -229.351312
0.1600 4418  0.008740  0.002009       0.078273       0.003830   18.840920    4.293834     -248.207220     -228.392682
0.1575 4418  0.008626  0.002287       0.087382       0.004601   18.863213    4.221993     -247.714621     -227.975475
0.1525 4418  0.007626  0.002360       0.076944       0.003991   18.908556    4.078915     -246.882164     -246.882164
0.1550 4418  0.007614  0.002009       0.080125       0.003266   18.885813    4.150303     -247.267067     -227.596303
0.1500 4418  0.007066  0.002229       0.076773       0.004255   18.931274    4.007805     -246.539748     -226.979881
0.1450 4418  0.006777  0.002137       0.072220       0.004298   18.977297    3.866244     -269.135416     -246.005229
0.1475 4418  0.006486  0.002221       0.063645       0.004203   18.954245    3.936898     -269.426942     -246.248808
0.1400 4418  0.005913  0.002480       0.066839       0.005748   19.023858    3.725549     -268.708789     -245.648689

[audit] worst q_rel_l2
 alpha    n  p_rel_l2  q_rel_l2  p_max_abs_err  q_max_abs_err  p_ref_norm  q_ref_norm  y_at_p_max_err  y_at_q_max_err
0.0900 4418  0.003737  0.005844       0.035664       0.004941   19.523732    2.360618     -446.367601     -304.258312
0.0925 4418  0.003715  0.005214       0.034183       0.003857   19.498734    2.427593     -446.367601     -340.401660
0.1850 4418  0.014383  0.003968       0.124359       0.008651   18.625107    5.027882     -230.695995     -213.473584
0.0750 4418  0.002509  0.003876       0.037679       0.003947   19.682316    1.961936     -528.574666     -340.401660
0.1900 4418  0.013525  0.003869       0.143319       0.007254   18.583773    5.178381     -230.695995     -213.473584
0.0775 4418  0.002219  0.003682       0.032790       0.004475   19.654598    2.028035     -528.574666     -340.401660
0.0950 4418  0.002783  0.003600       0.030619       0.004264   19.471951    2.494459     -445.036436     -303.639006
0.0850 4418  0.002981  0.003504       0.047875       0.004015   19.574452    2.227138     -446.367601     -304.258312
0.1875 4418  0.014245  0.003419       0.138528       0.007238   18.604319    5.103027     -230.695995     -213.473584
0.0875 4418  0.002918  0.003369       0.038630       0.004210   19.548803    2.293817     -446.367601     -340.401660
0.0800 4418  0.002327  0.003350       0.030518       0.004428   19.627452    2.094250     -528.574666     -340.401660
0.0725 4418  0.002967  0.003330       0.045858       0.003062   19.710435    1.895960     -528.574666     -340.401660
0.1825 4418  0.013345  0.003291       0.116902       0.006427   18.645895    4.953183     -250.929559     -185.721789
0.0700 4418  0.002304  0.003261       0.026179       0.002410   19.739028    1.830124     -528.574666     -386.262282
0.1775 4418  0.013052  0.002998       0.107813       0.005500   18.688135    4.804618     -213.473584     -230.695995
0.1750 4418  0.012822  0.002992       0.128690       0.006033   18.709299    4.730819     -213.473584     -185.721789
0.0975 4418  0.003202  0.002947       0.042038       0.005259   19.445387    2.561462     -383.765759     -302.706784
0.1800 4418  0.014163  0.002931       0.112609       0.007618   18.666959    4.878768     -213.473584     -185.721789
0.1050 4418  0.003039  0.002892       0.038816       0.005240   19.367247    2.763284     -379.891288     -300.290441
0.1000 4418  0.003393  0.002864       0.049316       0.004456   19.419145    2.628595     -382.377727     -301.842312

[audit] spectral summary
  cr_abs_err: mean=3.750335e-06 max=9.903503e-06
  ci_abs_err: mean=1.357152e-06 max=3.033596e-06

[audit] worst spectral rows
 Mach  alpha   cr_ref   ci_ref  cr_pred  ci_pred   cr_abs_err  ci_abs_err
  1.8 0.1550 0.469257 0.018547 0.469259 0.018544 1.848360e-06    0.000003
  1.8 0.0875 0.443124 0.027709 0.443115 0.027712 8.104415e-06    0.000003
  1.8 0.1800 0.476679 0.012900 0.476680 0.012903 3.451858e-07    0.000003
  1.8 0.1150 0.455048 0.025430 0.455050 0.025433 2.563360e-06    0.000003
  1.8 0.1450 0.466009 0.020554 0.466005 0.020556 4.926405e-06    0.000003
  1.8 0.0725 0.435687 0.027643 0.435693 0.027640 5.938083e-06    0.000002
  1.8 0.1075 0.451994 0.026308 0.451996 0.026306 2.513222e-06    0.000002
  1.8 0.1750 0.475279 0.014094 0.475269 0.014092 9.903503e-06    0.000002
  1.8 0.1375 0.463436 0.021955 0.463441 0.021952 5.131090e-06    0.000002
  1.8 0.0975 0.447701 0.027195 0.447697 0.027193 3.552266e-06    0.000002
  1.8 0.0900 0.444279 0.027618 0.444288 0.027620 8.948032e-06    0.000002
  1.8 0.1125 0.454048 0.025740 0.454048 0.025742 1.986785e-07    0.000002
  1.8 0.1100 0.453023 0.026031 0.453030 0.026033 6.397523e-06    0.000002
  1.8 0.0925 0.445436 0.027504 0.445443 0.027502 6.623286e-06    0.000002
  1.8 0.1300 0.460761 0.023242 0.460766 0.023240 4.844620e-06    0.000002
  1.8 0.1875 0.478741 0.011070 0.478737 0.011072 3.347897e-06    0.000002
  1.8 0.1175 0.456048 0.025108 0.456038 0.025106 9.528715e-06    0.000002
  1.8 0.1600 0.470816 0.017479 0.470820 0.017480 4.389049e-06    0.000002
  1.8 0.1850 0.478051 0.011690 0.478059 0.011689 7.298823e-06    0.000002
  1.8 0.1775 0.475976 0.013499 0.475978 0.013501 2.439819e-06    0.000002

[stage 4] core and qdef audit
[audit-core] prediction file: assets/pinn_supersonic/runs/pinn_chart_M180_alpha_070_190_pq_qdef_tail_polished_asinh_w192_d6_w010/modal_predictions_all_rows.npz
[audit-core] rows: 216482
[audit-core] unique alpha: 49
[audit-core] alpha range: 0.07 0.19
[audit-core] y range: -1999.9999999999343 1999.9999999999343

[audit-core] computing finite-difference derivatives

[audit-core] global metrics by y window
    scope      n     p_rel_l2     q_rel_l2  qdef_reference_rel_l2  qdef_prediction_rel_l2  p_error_energy_fraction  q_error_energy_fraction
      all 216482 7.320730e-03 2.872317e-03           0.000000e+00            4.420620e-03             1.000000e+00             1.000000e+00
   |y|<=5 161161 2.563409e-04 5.777586e-04           0.000000e+00            3.444383e-03             1.007205e-03             2.744517e-02
  |y|<=10 186548 2.706603e-04 5.631633e-04           0.000000e+00            3.136517e-03             1.266822e-03             3.269932e-02
  |y|<=20 200970 3.066734e-04 5.953567e-04           0.000000e+00            3.021405e-03             1.709523e-03             4.042645e-02
  |y|<=50 210190 5.860384e-04 8.829651e-04           0.000000e+00            3.599176e-03             6.375083e-03             9.348786e-02
 |y|<=100 213367 8.943745e-04 1.340064e-03           0.000000e+00            3.797073e-03             1.490881e-02             2.174987e-01
 |y|<=500 215943 7.169402e-03 2.863702e-03           0.000000e+00            4.415838e-03             9.590829e-01             9.940100e-01
|y|<=2000 216482 7.320730e-03 2.872317e-03           0.000000e+00            4.420620e-03             1.000000e+00             1.000000e+00

[audit-core] worst p errors for |y|<=20
       alpha    n     p_rel_l2     q_rel_l2  qdef_prediction_rel_l2  p_max_abs_err  q_max_abs_err
1.700000e-01 4101 6.768664e-04 9.477694e-04            2.457399e-03   5.637600e-04   2.529781e-04
1.875000e-01 4101 4.908019e-04 8.030424e-04            3.116308e-03   3.711190e-04   2.747109e-04
1.750000e-01 4101 4.748593e-04 6.199883e-04            2.400332e-03   3.381590e-04   1.740413e-04
1.325000e-01 4102 4.602742e-04 5.898486e-04            3.466820e-03   2.988183e-04   1.091045e-04
1.525000e-01 4102 4.576508e-04 6.240967e-04            3.040363e-03   3.045421e-04   1.140911e-04
9.000000e-02 4101 4.512330e-04 9.454733e-04            4.384606e-03   7.524018e-04   1.176309e-04
1.850000e-01 4101 4.355640e-04 6.498623e-04            2.593534e-03   2.813823e-04   3.010462e-04
9.750000e-02 4101 4.304583e-04 7.349168e-04            2.923151e-03   4.561553e-04   1.117490e-04
1.900000e-01 4101 4.073894e-04 6.891196e-04            4.643165e-03   6.472493e-04   4.191735e-04
9.250000e-02 4101 3.938024e-04 7.494597e-04            3.437493e-03   9.324591e-04   1.489865e-04
1.500000e-01 4102 3.748706e-04 5.386529e-04            3.098990e-03   3.335123e-04   1.681393e-04
1.550000e-01 4102 3.403279e-04 5.572561e-04            2.953255e-03   2.694367e-04   1.391685e-04
1.150000e-01 4102 3.331833e-04 5.802268e-04            2.206131e-03   3.141185e-04   8.858141e-05
1.675000e-01 4101 3.310236e-04 5.133414e-04            2.513577e-03   3.098107e-04   1.652326e-04
9.500000e-02 4101 3.231009e-04 6.234898e-04            2.815424e-03   5.600559e-04   1.191772e-04

[audit-core] worst q errors for |y|<=20
       alpha    n     p_rel_l2     q_rel_l2  qdef_prediction_rel_l2  p_max_abs_err  q_max_abs_err
7.000000e-02 4101 2.506416e-04 1.036529e-03            5.754875e-03   4.210057e-04   9.734316e-05
1.700000e-01 4101 6.768664e-04 9.477694e-04            2.457399e-03   5.637600e-04   2.529781e-04
9.000000e-02 4101 4.512330e-04 9.454733e-04            4.384606e-03   7.524018e-04   1.176309e-04
8.750000e-02 4101 3.099021e-04 8.992088e-04            3.572011e-03   5.941411e-04   2.006618e-04
8.500000e-02 4101 2.263902e-04 8.353724e-04            3.126011e-03   4.298811e-04   1.634217e-04
1.875000e-01 4101 4.908019e-04 8.030424e-04            3.116308e-03   3.711190e-04   2.747109e-04
9.250000e-02 4101 3.938024e-04 7.494597e-04            3.437493e-03   9.324591e-04   1.489865e-04
9.750000e-02 4101 4.304583e-04 7.349168e-04            2.923151e-03   4.561553e-04   1.117490e-04
1.900000e-01 4101 4.073894e-04 6.891196e-04            4.643165e-03   6.472493e-04   4.191735e-04
1.000000e-01 4101 2.962900e-04 6.618185e-04            2.732554e-03   4.235329e-04   1.001889e-04
1.850000e-01 4101 4.355640e-04 6.498623e-04            2.593534e-03   2.813823e-04   3.010462e-04
8.250000e-02 4101 2.008494e-04 6.297039e-04            3.050657e-03   3.366643e-04   1.311430e-04
7.750000e-02 4101 1.316017e-04 6.287026e-04            3.519614e-03   1.587949e-04   8.463096e-05
1.025000e-01 4101 3.075975e-04 6.245084e-04            2.775094e-03   4.522908e-04   1.389455e-04
1.525000e-01 4102 4.576508e-04 6.240967e-04            3.040363e-03   3.045421e-04   1.140911e-04

[audit-core] worst q=dp/dy consistency for |y|<=20
       alpha    n  qdef_reference_rel_l2  qdef_prediction_rel_l2  dp_pred_vs_q_ref_rel_l2
7.000000e-02 4101           0.000000e+00            5.754875e-03             5.604805e-03
7.250000e-02 4101           0.000000e+00            4.663135e-03             4.572395e-03
1.900000e-01 4101           0.000000e+00            4.643165e-03             4.799756e-03
9.000000e-02 4101           0.000000e+00            4.384606e-03             4.461257e-03
7.500000e-02 4101           0.000000e+00            4.082367e-03             4.019094e-03
8.750000e-02 4101           0.000000e+00            3.572011e-03             3.680546e-03
1.350000e-01 4102           0.000000e+00            3.566662e-03             3.558910e-03
1.375000e-01 4102           0.000000e+00            3.544663e-03             3.507756e-03
7.750000e-02 4101           0.000000e+00            3.519614e-03             3.444566e-03
1.325000e-01 4102           0.000000e+00            3.466820e-03             3.492962e-03
9.250000e-02 4101           0.000000e+00            3.437493e-03             3.458736e-03
1.400000e-01 4102           0.000000e+00            3.436421e-03             3.382127e-03
1.425000e-01 4102           0.000000e+00            3.305325e-03             3.243497e-03
1.300000e-01 4102           0.000000e+00            3.264203e-03             3.293006e-03
1.450000e-01 4102           0.000000e+00            3.203096e-03             3.136432e-03

[audit-core] edge-alpha summary for |y|<=20
       alpha     p_rel_l2     q_rel_l2  qdef_reference_rel_l2  qdef_prediction_rel_l2
7.000000e-02 2.506416e-04 1.036529e-03           0.000000e+00            5.754875e-03
7.250000e-02 1.405880e-04 5.501155e-04           0.000000e+00            4.663135e-03
7.500000e-02 1.468919e-04 6.022989e-04           0.000000e+00            4.082367e-03
7.750000e-02 1.316017e-04 6.287026e-04           0.000000e+00            3.519614e-03
1.825000e-01 2.025901e-04 4.946657e-04           0.000000e+00            2.513555e-03
1.850000e-01 4.355640e-04 6.498623e-04           0.000000e+00            2.593534e-03
1.875000e-01 4.908019e-04 8.030424e-04           0.000000e+00            3.116308e-03
1.900000e-01 4.073894e-04 6.891196e-04           0.000000e+00            4.643165e-03

[audit-core] wrote:
  assets/pinn_supersonic/runs/pinn_chart_M180_alpha_070_190_pq_qdef_tail_polished_asinh_w192_d6_w010/modal_error_by_y_window.csv
  assets/pinn_supersonic/runs/pinn_chart_M180_alpha_070_190_pq_qdef_tail_polished_asinh_w192_d6_w010/modal_error_by_alpha_y_window.csv
  assets/pinn_supersonic/runs/pinn_chart_M180_alpha_070_190_pq_qdef_tail_polished_asinh_w192_d6_w010/modal_error_edge_alpha_core.csv

[done] metrics
{
  "checkpoint": "assets/pinn_supersonic/runs/pinn_chart_M180_alpha_070_190_pq_qdef_tail_polished_asinh_w192_d6_w010/best_model.pt",
  "best_val": 8.764241019889595e-05,
  "global_p_rel_l2": 0.0073207302334562345,
  "global_q_rel_l2": 0.002872317081815229,
  "cr_abs_mean": 3.7503346024281746e-06,
  "cr_abs_max": 9.903502857788737e-06,
  "ci_abs_mean": 1.357152288970035e-06,
  "ci_abs_max": 3.033596383483772e-06
}