============================================================
S4M0 TRAINING
task       = 2
Mach       = 1.20
tag        = M120
config     = assets/pinn_supersonic/pilots/local_M120_sparse_v1/configs/S4.json
output_dir = assets/pinn_supersonic/pilots/local_M120_sparse_v1/runs/long_S4
node       = r9i1n8
start      = Fri Aug  7 05:25:24 PM CEST 2026
============================================================
[spectral_prefit] 1/2000 loss=8.010020e-01
[spectral_prefit] 100/2000 loss=1.571312e-02
[spectral_prefit] 200/2000 loss=1.057193e-03
[spectral_prefit] 300/2000 loss=1.185690e-04
[spectral_prefit] 400/2000 loss=1.023705e-05
[spectral_prefit] 500/2000 loss=6.346069e-07
[spectral_prefit] 600/2000 loss=2.572116e-08
[spectral_prefit] 700/2000 loss=6.505873e-10
[spectral_prefit] 800/2000 loss=1.418498e-11
[spectral_prefit] 900/2000 loss=1.188085e-12
[spectral_prefit] 1000/2000 loss=3.476374e-13
[spectral_prefit] 1100/2000 loss=1.920029e-13
[spectral_prefit] 1200/2000 loss=8.423633e-14
[spectral_prefit] 1300/2000 loss=4.527310e-14
[spectral_prefit] 1400/2000 loss=3.756102e-14
[spectral_prefit] 1500/2000 loss=2.680401e-14
[spectral_prefit] 1600/2000 loss=2.797447e-14
[spectral_prefit] 1700/2000 loss=1.157177e-15
[spectral_prefit] 1800/2000 loss=1.157177e-15
[spectral_prefit] 1900/2000 loss=1.157177e-15
[spectral_prefit] 2000/2000 loss=1.157177e-15
[modal_frozen_spectrum] 1/4000 loss=2.036010e+01 ric=(1.005e-01,1.053e-01) spec=0.000e+00 modal=(0.000e+00,0.000e+00,0.000e+00)
[modal_frozen_spectrum] 100/4000 loss=5.586163e-02 ric=(8.415e-03,7.541e-03) spec=0.000e+00 modal=(0.000e+00,0.000e+00,0.000e+00)
[modal_frozen_spectrum] 200/4000 loss=3.406475e-02 ric=(3.887e-03,2.802e-03) spec=0.000e+00 modal=(0.000e+00,0.000e+00,0.000e+00)
[modal_frozen_spectrum] 300/4000 loss=1.958945e-02 ric=(2.289e-03,1.691e-03) spec=0.000e+00 modal=(0.000e+00,0.000e+00,0.000e+00)
[modal_frozen_spectrum] 400/4000 loss=1.428374e-02 ric=(1.699e-03,1.134e-03) spec=0.000e+00 modal=(0.000e+00,0.000e+00,0.000e+00)
[modal_frozen_spectrum] 500/4000 loss=1.975662e-02 ric=(1.079e-03,8.038e-04) spec=0.000e+00 modal=(0.000e+00,0.000e+00,0.000e+00)
[modal_frozen_spectrum] 600/4000 loss=1.080023e-02 ric=(8.745e-04,7.316e-04) spec=0.000e+00 modal=(0.000e+00,0.000e+00,0.000e+00)
[modal_frozen_spectrum] 700/4000 loss=6.097668e-03 ric=(6.742e-04,5.301e-04) spec=0.000e+00 modal=(0.000e+00,0.000e+00,0.000e+00)
[modal_frozen_spectrum] 800/4000 loss=6.558340e-03 ric=(5.605e-04,5.077e-04) spec=0.000e+00 modal=(0.000e+00,0.000e+00,0.000e+00)
[modal_frozen_spectrum] 900/4000 loss=9.625129e-03 ric=(5.395e-04,4.498e-04) spec=0.000e+00 modal=(0.000e+00,0.000e+00,0.000e+00)
[modal_frozen_spectrum] 1000/4000 loss=5.998472e-03 ric=(4.110e-04,3.326e-04) spec=0.000e+00 modal=(0.000e+00,0.000e+00,0.000e+00)
[modal_frozen_spectrum] 1100/4000 loss=4.615744e-03 ric=(3.696e-04,3.179e-04) spec=0.000e+00 modal=(0.000e+00,0.000e+00,0.000e+00)
[modal_frozen_spectrum] 1200/4000 loss=2.326573e-03 ric=(2.574e-04,2.564e-04) spec=0.000e+00 modal=(0.000e+00,0.000e+00,0.000e+00)
[modal_frozen_spectrum] 1300/4000 loss=1.816654e-03 ric=(2.291e-04,2.178e-04) spec=0.000e+00 modal=(0.000e+00,0.000e+00,0.000e+00)
[modal_frozen_spectrum] 1400/4000 loss=5.173376e-03 ric=(2.514e-04,2.034e-04) spec=0.000e+00 modal=(0.000e+00,0.000e+00,0.000e+00)
[modal_frozen_spectrum] 1500/4000 loss=3.786548e-03 ric=(2.401e-04,2.023e-04) spec=0.000e+00 modal=(0.000e+00,0.000e+00,0.000e+00)
[modal_frozen_spectrum] 1600/4000 loss=9.320877e-03 ric=(2.421e-04,2.163e-04) spec=0.000e+00 modal=(0.000e+00,0.000e+00,0.000e+00)
[modal_frozen_spectrum] 1700/4000 loss=5.552460e-03 ric=(2.512e-04,2.055e-04) spec=0.000e+00 modal=(0.000e+00,0.000e+00,0.000e+00)
[modal_frozen_spectrum] 1800/4000 loss=3.584705e-03 ric=(1.943e-04,1.753e-04) spec=0.000e+00 modal=(0.000e+00,0.000e+00,0.000e+00)
[modal_frozen_spectrum] 1900/4000 loss=2.136875e-03 ric=(1.938e-04,1.387e-04) spec=0.000e+00 modal=(0.000e+00,0.000e+00,0.000e+00)
[modal_frozen_spectrum] 2000/4000 loss=4.990556e-03 ric=(2.289e-04,1.622e-04) spec=0.000e+00 modal=(0.000e+00,0.000e+00,0.000e+00)
[modal_frozen_spectrum] 2100/4000 loss=6.879804e-03 ric=(2.098e-04,1.888e-04) spec=0.000e+00 modal=(0.000e+00,0.000e+00,0.000e+00)
[modal_frozen_spectrum] 2200/4000 loss=2.957230e-03 ric=(1.721e-04,1.319e-04) spec=0.000e+00 modal=(0.000e+00,0.000e+00,0.000e+00)
[modal_frozen_spectrum] 2300/4000 loss=2.235681e-03 ric=(1.301e-04,1.067e-04) spec=0.000e+00 modal=(0.000e+00,0.000e+00,0.000e+00)
[modal_frozen_spectrum] 2400/4000 loss=1.114706e-03 ric=(1.094e-04,9.014e-05) spec=0.000e+00 modal=(0.000e+00,0.000e+00,0.000e+00)
[modal_frozen_spectrum] 2500/4000 loss=3.200176e-03 ric=(1.111e-04,1.159e-04) spec=0.000e+00 modal=(0.000e+00,0.000e+00,0.000e+00)
[modal_frozen_spectrum] 2600/4000 loss=5.874547e-03 ric=(1.534e-04,1.240e-04) spec=0.000e+00 modal=(0.000e+00,0.000e+00,0.000e+00)
[modal_frozen_spectrum] 2700/4000 loss=2.753758e-03 ric=(1.198e-04,1.023e-04) spec=0.000e+00 modal=(0.000e+00,0.000e+00,0.000e+00)
[modal_frozen_spectrum] 2800/4000 loss=6.047911e-03 ric=(1.762e-04,1.160e-04) spec=0.000e+00 modal=(0.000e+00,0.000e+00,0.000e+00)
[modal_frozen_spectrum] 2900/4000 loss=2.910090e-03 ric=(1.426e-04,1.281e-04) spec=0.000e+00 modal=(0.000e+00,0.000e+00,0.000e+00)
[modal_frozen_spectrum] 3000/4000 loss=1.413041e-03 ric=(1.100e-04,8.165e-05) spec=0.000e+00 modal=(0.000e+00,0.000e+00,0.000e+00)
[modal_frozen_spectrum] 3100/4000 loss=1.936060e-03 ric=(1.256e-04,8.401e-05) spec=0.000e+00 modal=(0.000e+00,0.000e+00,0.000e+00)
[modal_frozen_spectrum] 3200/4000 loss=1.850233e-03 ric=(9.821e-05,8.207e-05) spec=0.000e+00 modal=(0.000e+00,0.000e+00,0.000e+00)
[modal_frozen_spectrum] 3300/4000 loss=1.806056e-03 ric=(9.142e-05,7.513e-05) spec=0.000e+00 modal=(0.000e+00,0.000e+00,0.000e+00)
[modal_frozen_spectrum] 3400/4000 loss=3.301924e-03 ric=(1.492e-04,1.054e-04) spec=0.000e+00 modal=(0.000e+00,0.000e+00,0.000e+00)
[modal_frozen_spectrum] 3500/4000 loss=2.988890e-03 ric=(1.773e-04,9.236e-05) spec=0.000e+00 modal=(0.000e+00,0.000e+00,0.000e+00)
[modal_frozen_spectrum] 3600/4000 loss=3.780472e-03 ric=(1.701e-04,1.365e-04) spec=0.000e+00 modal=(0.000e+00,0.000e+00,0.000e+00)
[modal_frozen_spectrum] 3700/4000 loss=3.265969e-03 ric=(1.093e-04,9.214e-05) spec=0.000e+00 modal=(0.000e+00,0.000e+00,0.000e+00)
[modal_frozen_spectrum] 3800/4000 loss=2.743592e-03 ric=(1.257e-04,1.078e-04) spec=0.000e+00 modal=(0.000e+00,0.000e+00,0.000e+00)
[modal_frozen_spectrum] 3900/4000 loss=2.731663e-03 ric=(1.210e-04,8.537e-05) spec=0.000e+00 modal=(0.000e+00,0.000e+00,0.000e+00)
[modal_frozen_spectrum] 4000/4000 loss=1.513743e-03 ric=(7.602e-05,6.103e-05) spec=0.000e+00 modal=(0.000e+00,0.000e+00,0.000e+00)
[joint] 1/4000 loss=1.777502e-03 ric=(8.132e-05,7.306e-05) spec=1.157e-15 modal=(0.000e+00,0.000e+00,0.000e+00)
[joint] 100/4000 loss=3.983844e-04 ric=(6.310e-05,4.668e-05) spec=2.186e-10 modal=(0.000e+00,0.000e+00,0.000e+00)
[joint] 200/4000 loss=2.516506e-04 ric=(5.807e-05,4.499e-05) spec=4.638e-10 modal=(0.000e+00,0.000e+00,0.000e+00)
[joint] 300/4000 loss=8.098708e-04 ric=(7.392e-05,5.027e-05) spec=8.516e-10 modal=(0.000e+00,0.000e+00,0.000e+00)
[joint] 400/4000 loss=1.524630e-03 ric=(8.877e-05,5.834e-05) spec=2.904e-08 modal=(0.000e+00,0.000e+00,0.000e+00)
[joint] 500/4000 loss=1.444082e-03 ric=(9.997e-05,6.662e-05) spec=2.183e-09 modal=(0.000e+00,0.000e+00,0.000e+00)
[joint] 600/4000 loss=5.011887e-04 ric=(6.673e-05,3.633e-05) spec=2.763e-08 modal=(0.000e+00,0.000e+00,0.000e+00)
[joint] 700/4000 loss=5.407548e-04 ric=(5.656e-05,3.845e-05) spec=3.481e-08 modal=(0.000e+00,0.000e+00,0.000e+00)
[joint] 800/4000 loss=5.765528e-04 ric=(5.888e-05,3.647e-05) spec=5.385e-09 modal=(0.000e+00,0.000e+00,0.000e+00)
[joint] 900/4000 loss=1.110611e-03 ric=(7.954e-05,5.236e-05) spec=2.896e-08 modal=(0.000e+00,0.000e+00,0.000e+00)
[joint] 1000/4000 loss=1.101724e-03 ric=(8.047e-05,6.805e-05) spec=6.572e-09 modal=(0.000e+00,0.000e+00,0.000e+00)
[joint] 1100/4000 loss=9.455931e-04 ric=(7.123e-05,4.605e-05) spec=4.041e-08 modal=(0.000e+00,0.000e+00,0.000e+00)
[joint] 1200/4000 loss=1.124847e-03 ric=(7.875e-05,4.911e-05) spec=4.142e-09 modal=(0.000e+00,0.000e+00,0.000e+00)
[joint] 1300/4000 loss=1.310353e-03 ric=(6.254e-05,5.371e-05) spec=2.306e-08 modal=(0.000e+00,0.000e+00,0.000e+00)
[joint] 1400/4000 loss=4.318527e-04 ric=(5.528e-05,4.176e-05) spec=1.363e-08 modal=(0.000e+00,0.000e+00,0.000e+00)
[joint] 1500/4000 loss=4.396537e-04 ric=(4.435e-05,3.175e-05) spec=2.378e-08 modal=(0.000e+00,0.000e+00,0.000e+00)
[joint] 1600/4000 loss=4.034786e-04 ric=(5.633e-05,3.150e-05) spec=1.718e-08 modal=(0.000e+00,0.000e+00,0.000e+00)
[joint] 1700/4000 loss=4.138523e-04 ric=(5.018e-05,3.089e-05) spec=5.705e-08 modal=(0.000e+00,0.000e+00,0.000e+00)
[joint] 1800/4000 loss=8.829087e-04 ric=(5.717e-05,3.667e-05) spec=9.748e-08 modal=(0.000e+00,0.000e+00,0.000e+00)
[joint] 1900/4000 loss=1.951387e-03 ric=(8.998e-05,7.810e-05) spec=9.757e-09 modal=(0.000e+00,0.000e+00,0.000e+00)
[joint] 2000/4000 loss=9.607532e-04 ric=(6.147e-05,4.126e-05) spec=1.515e-09 modal=(0.000e+00,0.000e+00,0.000e+00)
[joint] 2100/4000 loss=9.070354e-04 ric=(6.122e-05,4.773e-05) spec=6.114e-09 modal=(0.000e+00,0.000e+00,0.000e+00)
[joint] 2200/4000 loss=1.223782e-03 ric=(6.248e-05,4.357e-05) spec=6.963e-08 modal=(0.000e+00,0.000e+00,0.000e+00)
[joint] 2300/4000 loss=5.433945e-04 ric=(4.345e-05,3.089e-05) spec=3.257e-08 modal=(0.000e+00,0.000e+00,0.000e+00)
[joint] 2400/4000 loss=6.434078e-04 ric=(4.882e-05,3.579e-05) spec=3.892e-08 modal=(0.000e+00,0.000e+00,0.000e+00)
[joint] 2500/4000 loss=3.468899e-04 ric=(4.737e-05,2.919e-05) spec=1.244e-08 modal=(0.000e+00,0.000e+00,0.000e+00)
[joint] 2600/4000 loss=3.972194e-04 ric=(3.797e-05,3.142e-05) spec=5.586e-08 modal=(0.000e+00,0.000e+00,0.000e+00)
[joint] 2700/4000 loss=4.819226e-04 ric=(4.385e-05,3.110e-05) spec=7.351e-08 modal=(0.000e+00,0.000e+00,0.000e+00)
[joint] 2800/4000 loss=8.548332e-04 ric=(4.655e-05,3.619e-05) spec=2.209e-08 modal=(0.000e+00,0.000e+00,0.000e+00)
[joint] 2900/4000 loss=1.331377e-03 ric=(5.641e-05,3.539e-05) spec=2.765e-08 modal=(0.000e+00,0.000e+00,0.000e+00)
[joint] 3000/4000 loss=1.269446e-03 ric=(5.122e-05,3.895e-05) spec=5.199e-08 modal=(0.000e+00,0.000e+00,0.000e+00)
[joint] 3100/4000 loss=8.273544e-04 ric=(4.952e-05,4.320e-05) spec=4.286e-08 modal=(0.000e+00,0.000e+00,0.000e+00)
[joint] 3200/4000 loss=5.124215e-04 ric=(4.277e-05,2.840e-05) spec=9.880e-09 modal=(0.000e+00,0.000e+00,0.000e+00)
[joint] 3300/4000 loss=4.044823e-04 ric=(3.998e-05,2.603e-05) spec=1.325e-07 modal=(0.000e+00,0.000e+00,0.000e+00)
[joint] 3400/4000 loss=3.952224e-04 ric=(4.132e-05,2.807e-05) spec=1.870e-08 modal=(0.000e+00,0.000e+00,0.000e+00)
[joint] 3500/4000 loss=6.921326e-04 ric=(4.529e-05,2.903e-05) spec=2.430e-08 modal=(0.000e+00,0.000e+00,0.000e+00)
[joint] 3600/4000 loss=1.767105e-03 ric=(5.034e-05,4.666e-05) spec=6.241e-08 modal=(0.000e+00,0.000e+00,0.000e+00)
[joint] 3700/4000 loss=8.585063e-04 ric=(6.015e-05,3.536e-05) spec=5.254e-08 modal=(0.000e+00,0.000e+00,0.000e+00)
[joint] 3800/4000 loss=5.683790e-04 ric=(3.574e-05,2.327e-05) spec=2.859e-08 modal=(0.000e+00,0.000e+00,0.000e+00)
[joint] 3900/4000 loss=4.611156e-04 ric=(4.428e-05,2.927e-05) spec=2.234e-09 modal=(0.000e+00,0.000e+00,0.000e+00)
[joint] 4000/4000 loss=6.288125e-04 ric=(3.540e-05,3.156e-05) spec=5.544e-08 modal=(0.000e+00,0.000e+00,0.000e+00)

SPECTRAL METRICS
{
  "cr_mae": 0.004842852637482019,
  "cr_max_abs": 0.041584237302987964,
  "ci_mae": 0.005698356903080793,
  "ci_max_abs": 0.016180291194865554,
  "omega_i_mae": 0.0009667135210283005
}

LOCAL SUPERSONIC TRAINING: COMPLETED

end = Fri Aug  7 05:31:40 PM CEST 2026
