============================================================
S4M0 TRAINING
task       = 6
Mach       = 1.40
tag        = M140
config     = assets/pinn_supersonic/pilots/local_M140_sparse_v1/configs/S4.json
output_dir = assets/pinn_supersonic/pilots/local_M140_sparse_v1/runs/long_S4
node       = r10i6n2
start      = Fri Aug  7 05:27:24 PM CEST 2026
============================================================
[spectral_prefit] 1/2000 loss=8.051037e-01
[spectral_prefit] 100/2000 loss=1.203470e-02
[spectral_prefit] 200/2000 loss=1.027295e-03
[spectral_prefit] 300/2000 loss=1.235375e-04
[spectral_prefit] 400/2000 loss=1.213843e-05
[spectral_prefit] 500/2000 loss=8.725988e-07
[spectral_prefit] 600/2000 loss=4.161707e-08
[spectral_prefit] 700/2000 loss=1.274673e-09
[spectral_prefit] 800/2000 loss=3.095363e-11
[spectral_prefit] 900/2000 loss=1.865837e-12
[spectral_prefit] 1000/2000 loss=5.045630e-13
[spectral_prefit] 1100/2000 loss=1.581477e-13
[spectral_prefit] 1200/2000 loss=1.232461e-13
[spectral_prefit] 1300/2000 loss=5.924448e-14
[spectral_prefit] 1400/2000 loss=4.162509e-14
[spectral_prefit] 1500/2000 loss=5.817805e-14
[spectral_prefit] 1600/2000 loss=1.877921e-14
[spectral_prefit] 1700/2000 loss=4.068048e-14
[spectral_prefit] 1800/2000 loss=1.121879e-14
[spectral_prefit] 1900/2000 loss=5.078223e-17
[spectral_prefit] 2000/2000 loss=5.078223e-17
[modal_frozen_spectrum] 1/4000 loss=2.010810e+01 ric=(9.912e-02,1.005e-01) spec=0.000e+00 modal=(0.000e+00,0.000e+00,0.000e+00)
[modal_frozen_spectrum] 100/4000 loss=5.298379e-02 ric=(9.379e-03,7.604e-03) spec=0.000e+00 modal=(0.000e+00,0.000e+00,0.000e+00)
[modal_frozen_spectrum] 200/4000 loss=2.607911e-02 ric=(4.552e-03,2.756e-03) spec=0.000e+00 modal=(0.000e+00,0.000e+00,0.000e+00)
[modal_frozen_spectrum] 300/4000 loss=1.821632e-02 ric=(2.563e-03,1.671e-03) spec=0.000e+00 modal=(0.000e+00,0.000e+00,0.000e+00)
[modal_frozen_spectrum] 400/4000 loss=2.125255e-02 ric=(1.910e-03,1.358e-03) spec=0.000e+00 modal=(0.000e+00,0.000e+00,0.000e+00)
[modal_frozen_spectrum] 500/4000 loss=1.633120e-02 ric=(1.367e-03,9.332e-04) spec=0.000e+00 modal=(0.000e+00,0.000e+00,0.000e+00)
[modal_frozen_spectrum] 600/4000 loss=8.228064e-03 ric=(1.103e-03,7.518e-04) spec=0.000e+00 modal=(0.000e+00,0.000e+00,0.000e+00)
[modal_frozen_spectrum] 700/4000 loss=6.123078e-03 ric=(9.270e-04,5.696e-04) spec=0.000e+00 modal=(0.000e+00,0.000e+00,0.000e+00)
[modal_frozen_spectrum] 800/4000 loss=1.022315e-02 ric=(5.975e-04,5.482e-04) spec=0.000e+00 modal=(0.000e+00,0.000e+00,0.000e+00)
[modal_frozen_spectrum] 900/4000 loss=1.079796e-02 ric=(5.602e-04,4.465e-04) spec=0.000e+00 modal=(0.000e+00,0.000e+00,0.000e+00)
[modal_frozen_spectrum] 1000/4000 loss=5.641048e-03 ric=(4.274e-04,3.373e-04) spec=0.000e+00 modal=(0.000e+00,0.000e+00,0.000e+00)
[modal_frozen_spectrum] 1100/4000 loss=3.893283e-03 ric=(4.833e-04,3.559e-04) spec=0.000e+00 modal=(0.000e+00,0.000e+00,0.000e+00)
[modal_frozen_spectrum] 1200/4000 loss=3.961225e-03 ric=(2.804e-04,2.764e-04) spec=0.000e+00 modal=(0.000e+00,0.000e+00,0.000e+00)
[modal_frozen_spectrum] 1300/4000 loss=1.696440e-02 ric=(3.120e-04,2.860e-04) spec=0.000e+00 modal=(0.000e+00,0.000e+00,0.000e+00)
[modal_frozen_spectrum] 1400/4000 loss=3.464779e-03 ric=(2.835e-04,2.591e-04) spec=0.000e+00 modal=(0.000e+00,0.000e+00,0.000e+00)
[modal_frozen_spectrum] 1500/4000 loss=2.148911e-03 ric=(2.186e-04,1.821e-04) spec=0.000e+00 modal=(0.000e+00,0.000e+00,0.000e+00)
[modal_frozen_spectrum] 1600/4000 loss=6.769332e-03 ric=(2.339e-04,1.969e-04) spec=0.000e+00 modal=(0.000e+00,0.000e+00,0.000e+00)
[modal_frozen_spectrum] 1700/4000 loss=4.368600e-03 ric=(2.389e-04,1.611e-04) spec=0.000e+00 modal=(0.000e+00,0.000e+00,0.000e+00)
[modal_frozen_spectrum] 1800/4000 loss=2.823632e-03 ric=(1.951e-04,1.653e-04) spec=0.000e+00 modal=(0.000e+00,0.000e+00,0.000e+00)
[modal_frozen_spectrum] 1900/4000 loss=2.967833e-03 ric=(2.216e-04,1.824e-04) spec=0.000e+00 modal=(0.000e+00,0.000e+00,0.000e+00)
[modal_frozen_spectrum] 2000/4000 loss=4.549253e-03 ric=(2.207e-04,1.676e-04) spec=0.000e+00 modal=(0.000e+00,0.000e+00,0.000e+00)
[modal_frozen_spectrum] 2100/4000 loss=3.605820e-03 ric=(1.863e-04,1.510e-04) spec=0.000e+00 modal=(0.000e+00,0.000e+00,0.000e+00)
[modal_frozen_spectrum] 2200/4000 loss=2.111537e-03 ric=(1.505e-04,1.158e-04) spec=0.000e+00 modal=(0.000e+00,0.000e+00,0.000e+00)
[modal_frozen_spectrum] 2300/4000 loss=3.323348e-03 ric=(1.764e-04,1.231e-04) spec=0.000e+00 modal=(0.000e+00,0.000e+00,0.000e+00)
[modal_frozen_spectrum] 2400/4000 loss=4.340302e-03 ric=(1.678e-04,1.808e-04) spec=0.000e+00 modal=(0.000e+00,0.000e+00,0.000e+00)
[modal_frozen_spectrum] 2500/4000 loss=1.871917e-03 ric=(1.268e-04,1.138e-04) spec=0.000e+00 modal=(0.000e+00,0.000e+00,0.000e+00)
[modal_frozen_spectrum] 2600/4000 loss=3.015876e-03 ric=(2.052e-04,1.375e-04) spec=0.000e+00 modal=(0.000e+00,0.000e+00,0.000e+00)
[modal_frozen_spectrum] 2700/4000 loss=2.512827e-03 ric=(1.772e-04,1.204e-04) spec=0.000e+00 modal=(0.000e+00,0.000e+00,0.000e+00)
[modal_frozen_spectrum] 2800/4000 loss=5.225194e-03 ric=(1.796e-04,1.586e-04) spec=0.000e+00 modal=(0.000e+00,0.000e+00,0.000e+00)
[modal_frozen_spectrum] 2900/4000 loss=3.204850e-03 ric=(1.432e-04,1.232e-04) spec=0.000e+00 modal=(0.000e+00,0.000e+00,0.000e+00)
[modal_frozen_spectrum] 3000/4000 loss=4.453372e-03 ric=(1.349e-04,1.156e-04) spec=0.000e+00 modal=(0.000e+00,0.000e+00,0.000e+00)
[modal_frozen_spectrum] 3100/4000 loss=4.110833e-03 ric=(1.755e-04,1.143e-04) spec=0.000e+00 modal=(0.000e+00,0.000e+00,0.000e+00)
[modal_frozen_spectrum] 3200/4000 loss=1.506844e-03 ric=(1.234e-04,7.682e-05) spec=0.000e+00 modal=(0.000e+00,0.000e+00,0.000e+00)
[modal_frozen_spectrum] 3300/4000 loss=1.942059e-03 ric=(9.130e-05,7.678e-05) spec=0.000e+00 modal=(0.000e+00,0.000e+00,0.000e+00)
[modal_frozen_spectrum] 3400/4000 loss=2.545968e-03 ric=(1.489e-04,1.201e-04) spec=0.000e+00 modal=(0.000e+00,0.000e+00,0.000e+00)
[modal_frozen_spectrum] 3500/4000 loss=2.322538e-03 ric=(1.487e-04,8.016e-05) spec=0.000e+00 modal=(0.000e+00,0.000e+00,0.000e+00)
[modal_frozen_spectrum] 3600/4000 loss=6.762051e-03 ric=(1.418e-04,1.459e-04) spec=0.000e+00 modal=(0.000e+00,0.000e+00,0.000e+00)
[modal_frozen_spectrum] 3700/4000 loss=1.419429e-02 ric=(2.908e-04,1.459e-04) spec=0.000e+00 modal=(0.000e+00,0.000e+00,0.000e+00)
[modal_frozen_spectrum] 3800/4000 loss=2.443760e-03 ric=(1.254e-04,9.590e-05) spec=0.000e+00 modal=(0.000e+00,0.000e+00,0.000e+00)
[modal_frozen_spectrum] 3900/4000 loss=1.651952e-03 ric=(7.996e-05,6.267e-05) spec=0.000e+00 modal=(0.000e+00,0.000e+00,0.000e+00)
[modal_frozen_spectrum] 4000/4000 loss=5.730900e-04 ric=(7.414e-05,4.708e-05) spec=0.000e+00 modal=(0.000e+00,0.000e+00,0.000e+00)
[joint] 1/4000 loss=6.247920e-04 ric=(6.859e-05,5.213e-05) spec=5.078e-17 modal=(0.000e+00,0.000e+00,0.000e+00)
[joint] 100/4000 loss=3.675493e-04 ric=(6.828e-05,4.555e-05) spec=9.535e-10 modal=(0.000e+00,0.000e+00,0.000e+00)
[joint] 200/4000 loss=3.330164e-04 ric=(6.739e-05,4.844e-05) spec=1.379e-08 modal=(0.000e+00,0.000e+00,0.000e+00)
[joint] 300/4000 loss=2.474893e-03 ric=(1.009e-04,6.961e-05) spec=2.419e-09 modal=(0.000e+00,0.000e+00,0.000e+00)
[joint] 400/4000 loss=8.604519e-04 ric=(8.679e-05,5.239e-05) spec=1.565e-08 modal=(0.000e+00,0.000e+00,0.000e+00)
[joint] 500/4000 loss=5.458890e-04 ric=(7.852e-05,6.027e-05) spec=1.277e-09 modal=(0.000e+00,0.000e+00,0.000e+00)
[joint] 600/4000 loss=5.338229e-04 ric=(8.715e-05,4.343e-05) spec=3.470e-09 modal=(0.000e+00,0.000e+00,0.000e+00)
[joint] 700/4000 loss=6.591164e-04 ric=(6.762e-05,4.065e-05) spec=2.631e-08 modal=(0.000e+00,0.000e+00,0.000e+00)
[joint] 800/4000 loss=8.976907e-04 ric=(6.440e-05,4.811e-05) spec=2.739e-08 modal=(0.000e+00,0.000e+00,0.000e+00)
[joint] 900/4000 loss=3.610976e-03 ric=(1.359e-04,1.115e-04) spec=4.416e-08 modal=(0.000e+00,0.000e+00,0.000e+00)
[joint] 1000/4000 loss=3.544498e-04 ric=(6.117e-05,3.800e-05) spec=1.545e-08 modal=(0.000e+00,0.000e+00,0.000e+00)
[joint] 1100/4000 loss=3.607027e-04 ric=(6.259e-05,3.501e-05) spec=2.166e-08 modal=(0.000e+00,0.000e+00,0.000e+00)
[joint] 1200/4000 loss=3.446487e-04 ric=(6.407e-05,3.945e-05) spec=4.334e-08 modal=(0.000e+00,0.000e+00,0.000e+00)
[joint] 1300/4000 loss=5.764887e-04 ric=(5.466e-05,3.884e-05) spec=5.740e-08 modal=(0.000e+00,0.000e+00,0.000e+00)
[joint] 1400/4000 loss=1.308794e-03 ric=(8.627e-05,6.305e-05) spec=1.384e-07 modal=(0.000e+00,0.000e+00,0.000e+00)
[joint] 1500/4000 loss=1.306576e-03 ric=(9.297e-05,6.771e-05) spec=4.406e-08 modal=(0.000e+00,0.000e+00,0.000e+00)
[joint] 1600/4000 loss=1.383649e-03 ric=(1.055e-04,6.620e-05) spec=1.552e-07 modal=(0.000e+00,0.000e+00,0.000e+00)
[joint] 1700/4000 loss=5.428594e-04 ric=(6.048e-05,3.609e-05) spec=1.934e-07 modal=(0.000e+00,0.000e+00,0.000e+00)
[joint] 1800/4000 loss=3.326998e-04 ric=(4.430e-05,3.879e-05) spec=4.243e-09 modal=(0.000e+00,0.000e+00,0.000e+00)
[joint] 1900/4000 loss=4.692636e-04 ric=(5.123e-05,2.951e-05) spec=1.251e-07 modal=(0.000e+00,0.000e+00,0.000e+00)
[joint] 2000/4000 loss=5.235170e-04 ric=(4.893e-05,3.423e-05) spec=9.681e-08 modal=(0.000e+00,0.000e+00,0.000e+00)
[joint] 2100/4000 loss=2.235325e-03 ric=(9.259e-05,7.100e-05) spec=1.459e-08 modal=(0.000e+00,0.000e+00,0.000e+00)
[joint] 2200/4000 loss=1.082433e-03 ric=(6.686e-05,5.040e-05) spec=6.864e-09 modal=(0.000e+00,0.000e+00,0.000e+00)
[joint] 2300/4000 loss=7.462662e-04 ric=(6.155e-05,4.187e-05) spec=3.992e-08 modal=(0.000e+00,0.000e+00,0.000e+00)
[joint] 2400/4000 loss=1.288794e-03 ric=(4.538e-05,3.432e-05) spec=7.211e-09 modal=(0.000e+00,0.000e+00,0.000e+00)
[joint] 2500/4000 loss=5.338410e-04 ric=(5.704e-05,3.783e-05) spec=1.060e-07 modal=(0.000e+00,0.000e+00,0.000e+00)
[joint] 2600/4000 loss=4.010817e-04 ric=(3.870e-05,2.929e-05) spec=3.005e-08 modal=(0.000e+00,0.000e+00,0.000e+00)
[joint] 2700/4000 loss=6.473254e-04 ric=(4.946e-05,3.437e-05) spec=2.394e-07 modal=(0.000e+00,0.000e+00,0.000e+00)
[joint] 2800/4000 loss=6.354159e-04 ric=(4.073e-05,3.490e-05) spec=7.943e-09 modal=(0.000e+00,0.000e+00,0.000e+00)
[joint] 2900/4000 loss=5.595131e-04 ric=(5.046e-05,3.880e-05) spec=4.530e-08 modal=(0.000e+00,0.000e+00,0.000e+00)
[joint] 3000/4000 loss=8.601546e-04 ric=(5.723e-05,4.255e-05) spec=6.276e-08 modal=(0.000e+00,0.000e+00,0.000e+00)
[joint] 3100/4000 loss=5.875711e-04 ric=(4.942e-05,4.302e-05) spec=9.322e-08 modal=(0.000e+00,0.000e+00,0.000e+00)
[joint] 3200/4000 loss=8.915163e-04 ric=(6.236e-05,5.430e-05) spec=8.935e-09 modal=(0.000e+00,0.000e+00,0.000e+00)
[joint] 3300/4000 loss=1.300776e-03 ric=(6.027e-05,4.425e-05) spec=1.767e-07 modal=(0.000e+00,0.000e+00,0.000e+00)
[joint] 3400/4000 loss=8.604548e-04 ric=(4.220e-05,3.792e-05) spec=2.648e-08 modal=(0.000e+00,0.000e+00,0.000e+00)
[joint] 3500/4000 loss=9.892316e-04 ric=(4.174e-05,3.177e-05) spec=6.099e-07 modal=(0.000e+00,0.000e+00,0.000e+00)
[joint] 3600/4000 loss=4.618922e-04 ric=(4.036e-05,2.550e-05) spec=3.693e-08 modal=(0.000e+00,0.000e+00,0.000e+00)
[joint] 3700/4000 loss=2.994010e-04 ric=(3.359e-05,2.985e-05) spec=1.515e-08 modal=(0.000e+00,0.000e+00,0.000e+00)
[joint] 3800/4000 loss=4.568955e-04 ric=(3.365e-05,3.320e-05) spec=3.530e-09 modal=(0.000e+00,0.000e+00,0.000e+00)
[joint] 3900/4000 loss=7.827401e-04 ric=(5.036e-05,3.846e-05) spec=2.507e-08 modal=(0.000e+00,0.000e+00,0.000e+00)
[joint] 4000/4000 loss=8.913740e-04 ric=(3.914e-05,3.703e-05) spec=2.005e-08 modal=(0.000e+00,0.000e+00,0.000e+00)

SPECTRAL METRICS
{
  "cr_mae": 0.002616979999197388,
  "cr_max_abs": 0.014625446998195263,
  "ci_mae": 0.00425093504792395,
  "ci_max_abs": 0.015703487812036537,
  "omega_i_mae": 0.000616223246807249
}

LOCAL SUPERSONIC TRAINING: COMPLETED

end = Fri Aug  7 05:33:29 PM CEST 2026
