============================================================
S4M0 TRAINING
task       = 9
Mach       = 1.60
tag        = M160
config     = assets/pinn_supersonic/pilots/local_M160_sparse_v1/configs/S4.json
output_dir = assets/pinn_supersonic/pilots/local_M160_sparse_v1/runs/long_S4
node       = r6i6n6
start      = Fri Aug  7 05:32:25 PM CEST 2026
============================================================
[spectral_prefit] 1/2000 loss=2.436877e+00
[spectral_prefit] 100/2000 loss=7.239176e-02
[spectral_prefit] 200/2000 loss=2.218629e-03
[spectral_prefit] 300/2000 loss=6.035185e-05
[spectral_prefit] 400/2000 loss=6.386490e-07
[spectral_prefit] 500/2000 loss=3.918776e-09
[spectral_prefit] 600/2000 loss=2.869158e-10
[spectral_prefit] 700/2000 loss=4.765990e-11
[spectral_prefit] 800/2000 loss=1.044454e-11
[spectral_prefit] 900/2000 loss=3.127007e-12
[spectral_prefit] 1000/2000 loss=1.304299e-12
[spectral_prefit] 1100/2000 loss=6.744643e-13
[spectral_prefit] 1200/2000 loss=3.894680e-13
[spectral_prefit] 1300/2000 loss=2.711370e-13
[spectral_prefit] 1400/2000 loss=2.345435e-13
[spectral_prefit] 1500/2000 loss=1.999926e-13
[spectral_prefit] 1600/2000 loss=9.902027e-14
[spectral_prefit] 1700/2000 loss=3.257352e-14
[spectral_prefit] 1800/2000 loss=3.612623e-14
[spectral_prefit] 1900/2000 loss=3.257352e-14
[spectral_prefit] 2000/2000 loss=3.257352e-14
[modal_frozen_spectrum] 1/4000 loss=1.959530e+01 ric=(9.699e-02,9.545e-02) spec=0.000e+00 modal=(0.000e+00,0.000e+00,0.000e+00)
[modal_frozen_spectrum] 100/4000 loss=5.581633e-02 ric=(1.095e-02,7.463e-03) spec=0.000e+00 modal=(0.000e+00,0.000e+00,0.000e+00)
[modal_frozen_spectrum] 200/4000 loss=3.250377e-02 ric=(5.383e-03,2.732e-03) spec=0.000e+00 modal=(0.000e+00,0.000e+00,0.000e+00)
[modal_frozen_spectrum] 300/4000 loss=2.021238e-02 ric=(2.951e-03,2.012e-03) spec=0.000e+00 modal=(0.000e+00,0.000e+00,0.000e+00)
[modal_frozen_spectrum] 400/4000 loss=2.319529e-02 ric=(2.171e-03,1.451e-03) spec=0.000e+00 modal=(0.000e+00,0.000e+00,0.000e+00)
[modal_frozen_spectrum] 500/4000 loss=1.218901e-02 ric=(1.706e-03,9.464e-04) spec=0.000e+00 modal=(0.000e+00,0.000e+00,0.000e+00)
[modal_frozen_spectrum] 600/4000 loss=7.811093e-03 ric=(1.318e-03,8.368e-04) spec=0.000e+00 modal=(0.000e+00,0.000e+00,0.000e+00)
[modal_frozen_spectrum] 700/4000 loss=6.071728e-03 ric=(1.122e-03,6.310e-04) spec=0.000e+00 modal=(0.000e+00,0.000e+00,0.000e+00)
[modal_frozen_spectrum] 800/4000 loss=6.941049e-03 ric=(6.690e-04,5.820e-04) spec=0.000e+00 modal=(0.000e+00,0.000e+00,0.000e+00)
[modal_frozen_spectrum] 900/4000 loss=9.859892e-03 ric=(6.469e-04,4.811e-04) spec=0.000e+00 modal=(0.000e+00,0.000e+00,0.000e+00)
[modal_frozen_spectrum] 1000/4000 loss=1.126241e-02 ric=(5.168e-04,4.214e-04) spec=0.000e+00 modal=(0.000e+00,0.000e+00,0.000e+00)
[modal_frozen_spectrum] 1100/4000 loss=6.925291e-03 ric=(5.602e-04,4.311e-04) spec=0.000e+00 modal=(0.000e+00,0.000e+00,0.000e+00)
[modal_frozen_spectrum] 1200/4000 loss=3.019097e-03 ric=(2.981e-04,2.787e-04) spec=0.000e+00 modal=(0.000e+00,0.000e+00,0.000e+00)
[modal_frozen_spectrum] 1300/4000 loss=2.967455e-03 ric=(3.178e-04,2.364e-04) spec=0.000e+00 modal=(0.000e+00,0.000e+00,0.000e+00)
[modal_frozen_spectrum] 1400/4000 loss=1.074737e-02 ric=(4.636e-04,5.212e-04) spec=0.000e+00 modal=(0.000e+00,0.000e+00,0.000e+00)
[modal_frozen_spectrum] 1500/4000 loss=2.558907e-03 ric=(2.732e-04,2.415e-04) spec=0.000e+00 modal=(0.000e+00,0.000e+00,0.000e+00)
[modal_frozen_spectrum] 1600/4000 loss=2.561707e-03 ric=(2.560e-04,1.941e-04) spec=0.000e+00 modal=(0.000e+00,0.000e+00,0.000e+00)
[modal_frozen_spectrum] 1700/4000 loss=2.065288e-03 ric=(2.446e-04,1.521e-04) spec=0.000e+00 modal=(0.000e+00,0.000e+00,0.000e+00)
[modal_frozen_spectrum] 1800/4000 loss=1.210776e-03 ric=(1.990e-04,1.558e-04) spec=0.000e+00 modal=(0.000e+00,0.000e+00,0.000e+00)
[modal_frozen_spectrum] 1900/4000 loss=2.568886e-03 ric=(2.659e-04,1.560e-04) spec=0.000e+00 modal=(0.000e+00,0.000e+00,0.000e+00)
[modal_frozen_spectrum] 2000/4000 loss=9.858590e-03 ric=(3.019e-04,2.020e-04) spec=0.000e+00 modal=(0.000e+00,0.000e+00,0.000e+00)
[modal_frozen_spectrum] 2100/4000 loss=8.416479e-03 ric=(2.364e-04,1.848e-04) spec=0.000e+00 modal=(0.000e+00,0.000e+00,0.000e+00)
[modal_frozen_spectrum] 2200/4000 loss=1.917747e-03 ric=(1.911e-04,1.473e-04) spec=0.000e+00 modal=(0.000e+00,0.000e+00,0.000e+00)
[modal_frozen_spectrum] 2300/4000 loss=2.165269e-03 ric=(1.970e-04,1.223e-04) spec=0.000e+00 modal=(0.000e+00,0.000e+00,0.000e+00)
[modal_frozen_spectrum] 2400/4000 loss=1.211031e-03 ric=(1.439e-04,9.757e-05) spec=0.000e+00 modal=(0.000e+00,0.000e+00,0.000e+00)
[modal_frozen_spectrum] 2500/4000 loss=1.872720e-03 ric=(1.436e-04,1.122e-04) spec=0.000e+00 modal=(0.000e+00,0.000e+00,0.000e+00)
[modal_frozen_spectrum] 2600/4000 loss=2.135213e-03 ric=(1.562e-04,9.824e-05) spec=0.000e+00 modal=(0.000e+00,0.000e+00,0.000e+00)
[modal_frozen_spectrum] 2700/4000 loss=2.325423e-03 ric=(1.861e-04,1.269e-04) spec=0.000e+00 modal=(0.000e+00,0.000e+00,0.000e+00)
[modal_frozen_spectrum] 2800/4000 loss=2.885268e-03 ric=(1.567e-04,1.290e-04) spec=0.000e+00 modal=(0.000e+00,0.000e+00,0.000e+00)
[modal_frozen_spectrum] 2900/4000 loss=7.612195e-03 ric=(3.135e-04,3.137e-04) spec=0.000e+00 modal=(0.000e+00,0.000e+00,0.000e+00)
[modal_frozen_spectrum] 3000/4000 loss=7.227053e-03 ric=(2.204e-04,1.886e-04) spec=0.000e+00 modal=(0.000e+00,0.000e+00,0.000e+00)
[modal_frozen_spectrum] 3100/4000 loss=1.295198e-03 ric=(1.590e-04,8.704e-05) spec=0.000e+00 modal=(0.000e+00,0.000e+00,0.000e+00)
[modal_frozen_spectrum] 3200/4000 loss=2.164358e-03 ric=(1.218e-04,8.220e-05) spec=0.000e+00 modal=(0.000e+00,0.000e+00,0.000e+00)
[modal_frozen_spectrum] 3300/4000 loss=7.451795e-04 ric=(1.059e-04,6.870e-05) spec=0.000e+00 modal=(0.000e+00,0.000e+00,0.000e+00)
[modal_frozen_spectrum] 3400/4000 loss=1.002222e-03 ric=(1.251e-04,7.407e-05) spec=0.000e+00 modal=(0.000e+00,0.000e+00,0.000e+00)
[modal_frozen_spectrum] 3500/4000 loss=1.656603e-03 ric=(1.322e-04,8.027e-05) spec=0.000e+00 modal=(0.000e+00,0.000e+00,0.000e+00)
[modal_frozen_spectrum] 3600/4000 loss=3.275120e-03 ric=(1.397e-04,1.176e-04) spec=0.000e+00 modal=(0.000e+00,0.000e+00,0.000e+00)
[modal_frozen_spectrum] 3700/4000 loss=3.383521e-03 ric=(1.897e-04,1.378e-04) spec=0.000e+00 modal=(0.000e+00,0.000e+00,0.000e+00)
[modal_frozen_spectrum] 3800/4000 loss=2.952525e-03 ric=(1.344e-04,9.780e-05) spec=0.000e+00 modal=(0.000e+00,0.000e+00,0.000e+00)
[modal_frozen_spectrum] 3900/4000 loss=1.737045e-03 ric=(1.054e-04,7.659e-05) spec=0.000e+00 modal=(0.000e+00,0.000e+00,0.000e+00)
[modal_frozen_spectrum] 4000/4000 loss=1.503469e-03 ric=(9.818e-05,6.859e-05) spec=0.000e+00 modal=(0.000e+00,0.000e+00,0.000e+00)
[joint] 1/4000 loss=1.234352e-03 ric=(1.030e-04,7.356e-05) spec=3.257e-14 modal=(0.000e+00,0.000e+00,0.000e+00)
[joint] 100/4000 loss=3.100069e-04 ric=(7.314e-05,4.814e-05) spec=1.817e-09 modal=(0.000e+00,0.000e+00,0.000e+00)
[joint] 200/4000 loss=4.016802e-04 ric=(7.078e-05,4.763e-05) spec=6.711e-10 modal=(0.000e+00,0.000e+00,0.000e+00)
[joint] 300/4000 loss=6.591295e-04 ric=(7.887e-05,5.961e-05) spec=2.497e-09 modal=(0.000e+00,0.000e+00,0.000e+00)
[joint] 400/4000 loss=3.028641e-03 ric=(1.135e-04,1.194e-04) spec=5.733e-09 modal=(0.000e+00,0.000e+00,0.000e+00)
[joint] 500/4000 loss=1.519941e-03 ric=(1.002e-04,7.044e-05) spec=1.085e-11 modal=(0.000e+00,0.000e+00,0.000e+00)
[joint] 600/4000 loss=3.735504e-04 ric=(7.908e-05,3.689e-05) spec=1.076e-09 modal=(0.000e+00,0.000e+00,0.000e+00)
[joint] 700/4000 loss=2.482029e-04 ric=(6.624e-05,3.779e-05) spec=1.686e-08 modal=(0.000e+00,0.000e+00,0.000e+00)
[joint] 800/4000 loss=4.707016e-04 ric=(6.161e-05,3.826e-05) spec=1.271e-08 modal=(0.000e+00,0.000e+00,0.000e+00)
[joint] 900/4000 loss=1.083913e-03 ric=(8.268e-05,5.409e-05) spec=2.314e-07 modal=(0.000e+00,0.000e+00,0.000e+00)
[joint] 1000/4000 loss=8.185268e-04 ric=(8.189e-05,5.218e-05) spec=1.486e-08 modal=(0.000e+00,0.000e+00,0.000e+00)
[joint] 1100/4000 loss=1.296456e-03 ric=(8.526e-05,5.593e-05) spec=7.381e-08 modal=(0.000e+00,0.000e+00,0.000e+00)
[joint] 1200/4000 loss=1.970570e-03 ric=(1.796e-04,1.254e-04) spec=2.880e-08 modal=(0.000e+00,0.000e+00,0.000e+00)
[joint] 1300/4000 loss=7.257421e-04 ric=(7.368e-05,5.022e-05) spec=6.137e-08 modal=(0.000e+00,0.000e+00,0.000e+00)
[joint] 1400/4000 loss=5.964214e-04 ric=(6.886e-05,4.986e-05) spec=1.394e-07 modal=(0.000e+00,0.000e+00,0.000e+00)
[joint] 1500/4000 loss=6.808236e-04 ric=(5.379e-05,4.029e-05) spec=4.592e-07 modal=(0.000e+00,0.000e+00,0.000e+00)
[joint] 1600/4000 loss=4.241106e-04 ric=(5.486e-05,3.691e-05) spec=7.666e-09 modal=(0.000e+00,0.000e+00,0.000e+00)
[joint] 1700/4000 loss=4.111498e-04 ric=(5.926e-05,3.421e-05) spec=9.995e-08 modal=(0.000e+00,0.000e+00,0.000e+00)
[joint] 1800/4000 loss=6.123489e-04 ric=(6.522e-05,3.857e-05) spec=3.393e-08 modal=(0.000e+00,0.000e+00,0.000e+00)
[joint] 1900/4000 loss=1.159023e-03 ric=(6.915e-05,4.485e-05) spec=7.318e-08 modal=(0.000e+00,0.000e+00,0.000e+00)
[joint] 2000/4000 loss=2.025778e-03 ric=(7.483e-05,6.279e-05) spec=2.377e-08 modal=(0.000e+00,0.000e+00,0.000e+00)
[joint] 2100/4000 loss=9.286171e-04 ric=(6.665e-05,5.302e-05) spec=7.125e-08 modal=(0.000e+00,0.000e+00,0.000e+00)
[joint] 2200/4000 loss=7.096240e-04 ric=(6.572e-05,4.908e-05) spec=3.682e-10 modal=(0.000e+00,0.000e+00,0.000e+00)
[joint] 2300/4000 loss=3.979653e-04 ric=(4.778e-05,3.891e-05) spec=5.158e-08 modal=(0.000e+00,0.000e+00,0.000e+00)
[joint] 2400/4000 loss=2.091391e-04 ric=(4.107e-05,2.940e-05) spec=1.977e-08 modal=(0.000e+00,0.000e+00,0.000e+00)
[joint] 2500/4000 loss=5.027701e-04 ric=(5.377e-05,4.268e-05) spec=1.906e-07 modal=(0.000e+00,0.000e+00,0.000e+00)
[joint] 2600/4000 loss=4.237417e-04 ric=(3.815e-05,3.263e-05) spec=2.039e-08 modal=(0.000e+00,0.000e+00,0.000e+00)
[joint] 2700/4000 loss=1.235726e-03 ric=(6.548e-05,4.342e-05) spec=1.708e-08 modal=(0.000e+00,0.000e+00,0.000e+00)
[joint] 2800/4000 loss=2.091749e-03 ric=(8.323e-05,7.354e-05) spec=3.977e-08 modal=(0.000e+00,0.000e+00,0.000e+00)
[joint] 2900/4000 loss=7.463845e-04 ric=(4.686e-05,4.072e-05) spec=1.506e-07 modal=(0.000e+00,0.000e+00,0.000e+00)
[joint] 3000/4000 loss=5.900462e-04 ric=(4.992e-05,3.785e-05) spec=5.969e-09 modal=(0.000e+00,0.000e+00,0.000e+00)
[joint] 3100/4000 loss=4.760810e-04 ric=(4.117e-05,3.287e-05) spec=2.562e-07 modal=(0.000e+00,0.000e+00,0.000e+00)
[joint] 3200/4000 loss=2.542577e-04 ric=(2.838e-05,2.270e-05) spec=7.245e-08 modal=(0.000e+00,0.000e+00,0.000e+00)
[joint] 3300/4000 loss=3.191814e-04 ric=(3.595e-05,2.594e-05) spec=3.517e-08 modal=(0.000e+00,0.000e+00,0.000e+00)
[joint] 3400/4000 loss=6.308279e-04 ric=(3.465e-05,3.094e-05) spec=2.088e-07 modal=(0.000e+00,0.000e+00,0.000e+00)
[joint] 3500/4000 loss=1.162221e-03 ric=(5.240e-05,3.865e-05) spec=1.931e-07 modal=(0.000e+00,0.000e+00,0.000e+00)
[joint] 3600/4000 loss=1.122704e-03 ric=(4.563e-05,4.550e-05) spec=3.344e-08 modal=(0.000e+00,0.000e+00,0.000e+00)
[joint] 3700/4000 loss=4.469862e-04 ric=(3.597e-05,4.366e-05) spec=1.632e-07 modal=(0.000e+00,0.000e+00,0.000e+00)
[joint] 3800/4000 loss=5.459990e-04 ric=(3.847e-05,3.910e-05) spec=1.336e-08 modal=(0.000e+00,0.000e+00,0.000e+00)
[joint] 3900/4000 loss=3.526929e-04 ric=(3.967e-05,2.874e-05) spec=7.308e-08 modal=(0.000e+00,0.000e+00,0.000e+00)
[joint] 4000/4000 loss=4.548290e-04 ric=(3.772e-05,3.276e-05) spec=4.394e-08 modal=(0.000e+00,0.000e+00,0.000e+00)

SPECTRAL METRICS
{
  "cr_mae": 0.0021204722168434945,
  "cr_max_abs": 0.0063253265410621595,
  "ci_mae": 0.005309137282557571,
  "ci_max_abs": 0.023987057335709536,
  "omega_i_mae": 0.0006608245317589846
}

LOCAL SUPERSONIC TRAINING: COMPLETED

end = Fri Aug  7 05:38:50 PM CEST 2026
