============================================================
S4M0 TRAINING
task       = 0
Mach       = 1.05
tag        = M105
config     = assets/pinn_supersonic/pilots/local_M105_sparse_v1/configs/S4.json
output_dir = assets/pinn_supersonic/pilots/local_M105_sparse_v1/runs/long_S4
node       = r10i5n0
start      = Fri Aug  7 05:25:24 PM CEST 2026
============================================================
[spectral_prefit] 1/2000 loss=8.551459e-01
[spectral_prefit] 100/2000 loss=3.113462e-02
[spectral_prefit] 200/2000 loss=1.951621e-03
[spectral_prefit] 300/2000 loss=1.286281e-05
[spectral_prefit] 400/2000 loss=1.447041e-07
[spectral_prefit] 500/2000 loss=1.912082e-09
[spectral_prefit] 600/2000 loss=1.545885e-11
[spectral_prefit] 700/2000 loss=7.762773e-13
[spectral_prefit] 800/2000 loss=2.429082e-13
[spectral_prefit] 900/2000 loss=5.821374e-14
[spectral_prefit] 1000/2000 loss=2.659269e-14
[spectral_prefit] 1100/2000 loss=2.835802e-14
[spectral_prefit] 1200/2000 loss=9.275871e-15
[spectral_prefit] 1300/2000 loss=9.275871e-15
[spectral_prefit] 1400/2000 loss=4.526355e-15
[spectral_prefit] 1500/2000 loss=3.451191e-15
[spectral_prefit] 1600/2000 loss=1.778170e-15
[spectral_prefit] 1700/2000 loss=6.167394e-15
[spectral_prefit] 1800/2000 loss=6.915531e-15
[spectral_prefit] 1900/2000 loss=6.915531e-15
[spectral_prefit] 2000/2000 loss=6.585649e-15
[modal_frozen_spectrum] 1/4000 loss=2.038503e+01 ric=(1.052e-01,1.065e-01) spec=0.000e+00 modal=(0.000e+00,0.000e+00,0.000e+00)
[modal_frozen_spectrum] 100/4000 loss=5.094152e-02 ric=(8.218e-03,7.302e-03) spec=0.000e+00 modal=(0.000e+00,0.000e+00,0.000e+00)
[modal_frozen_spectrum] 200/4000 loss=2.674437e-02 ric=(3.116e-03,2.577e-03) spec=0.000e+00 modal=(0.000e+00,0.000e+00,0.000e+00)
[modal_frozen_spectrum] 300/4000 loss=2.540852e-02 ric=(1.834e-03,1.472e-03) spec=0.000e+00 modal=(0.000e+00,0.000e+00,0.000e+00)
[modal_frozen_spectrum] 400/4000 loss=2.021889e-02 ric=(1.244e-03,1.079e-03) spec=0.000e+00 modal=(0.000e+00,0.000e+00,0.000e+00)
[modal_frozen_spectrum] 500/4000 loss=1.157098e-02 ric=(8.954e-04,7.061e-04) spec=0.000e+00 modal=(0.000e+00,0.000e+00,0.000e+00)
[modal_frozen_spectrum] 600/4000 loss=1.129348e-02 ric=(7.708e-04,5.958e-04) spec=0.000e+00 modal=(0.000e+00,0.000e+00,0.000e+00)
[modal_frozen_spectrum] 700/4000 loss=8.154949e-03 ric=(6.086e-04,4.419e-04) spec=0.000e+00 modal=(0.000e+00,0.000e+00,0.000e+00)
[modal_frozen_spectrum] 800/4000 loss=4.511388e-03 ric=(5.508e-04,3.778e-04) spec=0.000e+00 modal=(0.000e+00,0.000e+00,0.000e+00)
[modal_frozen_spectrum] 900/4000 loss=5.688164e-03 ric=(5.264e-04,3.316e-04) spec=0.000e+00 modal=(0.000e+00,0.000e+00,0.000e+00)
[modal_frozen_spectrum] 1000/4000 loss=7.999478e-03 ric=(4.090e-04,2.696e-04) spec=0.000e+00 modal=(0.000e+00,0.000e+00,0.000e+00)
[modal_frozen_spectrum] 1100/4000 loss=4.248090e-03 ric=(4.162e-04,2.470e-04) spec=0.000e+00 modal=(0.000e+00,0.000e+00,0.000e+00)
[modal_frozen_spectrum] 1200/4000 loss=7.532522e-03 ric=(3.621e-04,2.055e-04) spec=0.000e+00 modal=(0.000e+00,0.000e+00,0.000e+00)
[modal_frozen_spectrum] 1300/4000 loss=8.210113e-03 ric=(4.636e-04,3.717e-04) spec=0.000e+00 modal=(0.000e+00,0.000e+00,0.000e+00)
[modal_frozen_spectrum] 1400/4000 loss=1.173341e-02 ric=(4.290e-04,2.657e-04) spec=0.000e+00 modal=(0.000e+00,0.000e+00,0.000e+00)
[modal_frozen_spectrum] 1500/4000 loss=2.434876e-03 ric=(3.120e-04,1.756e-04) spec=0.000e+00 modal=(0.000e+00,0.000e+00,0.000e+00)
[modal_frozen_spectrum] 1600/4000 loss=1.518740e-03 ric=(2.587e-04,1.550e-04) spec=0.000e+00 modal=(0.000e+00,0.000e+00,0.000e+00)
[modal_frozen_spectrum] 1700/4000 loss=1.073449e-03 ric=(2.330e-04,1.360e-04) spec=0.000e+00 modal=(0.000e+00,0.000e+00,0.000e+00)
[modal_frozen_spectrum] 1800/4000 loss=1.334158e-03 ric=(2.281e-04,1.352e-04) spec=0.000e+00 modal=(0.000e+00,0.000e+00,0.000e+00)
[modal_frozen_spectrum] 1900/4000 loss=1.939395e-03 ric=(2.166e-04,1.410e-04) spec=0.000e+00 modal=(0.000e+00,0.000e+00,0.000e+00)
[modal_frozen_spectrum] 2000/4000 loss=5.118757e-03 ric=(2.299e-04,1.504e-04) spec=0.000e+00 modal=(0.000e+00,0.000e+00,0.000e+00)
[modal_frozen_spectrum] 2100/4000 loss=9.757009e-03 ric=(3.558e-04,2.356e-04) spec=0.000e+00 modal=(0.000e+00,0.000e+00,0.000e+00)
[modal_frozen_spectrum] 2200/4000 loss=2.629288e-03 ric=(1.760e-04,1.389e-04) spec=0.000e+00 modal=(0.000e+00,0.000e+00,0.000e+00)
[modal_frozen_spectrum] 2300/4000 loss=2.793353e-03 ric=(1.688e-04,1.259e-04) spec=0.000e+00 modal=(0.000e+00,0.000e+00,0.000e+00)
[modal_frozen_spectrum] 2400/4000 loss=2.411347e-03 ric=(1.445e-04,1.204e-04) spec=0.000e+00 modal=(0.000e+00,0.000e+00,0.000e+00)
[modal_frozen_spectrum] 2500/4000 loss=2.754661e-03 ric=(1.583e-04,1.128e-04) spec=0.000e+00 modal=(0.000e+00,0.000e+00,0.000e+00)
[modal_frozen_spectrum] 2600/4000 loss=2.525673e-03 ric=(1.468e-04,1.096e-04) spec=0.000e+00 modal=(0.000e+00,0.000e+00,0.000e+00)
[modal_frozen_spectrum] 2700/4000 loss=2.168452e-03 ric=(1.279e-04,1.205e-04) spec=0.000e+00 modal=(0.000e+00,0.000e+00,0.000e+00)
[modal_frozen_spectrum] 2800/4000 loss=2.643091e-03 ric=(1.217e-04,1.235e-04) spec=0.000e+00 modal=(0.000e+00,0.000e+00,0.000e+00)
[modal_frozen_spectrum] 2900/4000 loss=5.364992e-03 ric=(1.804e-04,1.438e-04) spec=0.000e+00 modal=(0.000e+00,0.000e+00,0.000e+00)
[modal_frozen_spectrum] 3000/4000 loss=1.010148e-02 ric=(2.152e-04,1.587e-04) spec=0.000e+00 modal=(0.000e+00,0.000e+00,0.000e+00)
[modal_frozen_spectrum] 3100/4000 loss=3.247331e-03 ric=(1.591e-04,1.188e-04) spec=0.000e+00 modal=(0.000e+00,0.000e+00,0.000e+00)
[modal_frozen_spectrum] 3200/4000 loss=8.117481e-04 ric=(9.771e-05,7.381e-05) spec=0.000e+00 modal=(0.000e+00,0.000e+00,0.000e+00)
[modal_frozen_spectrum] 3300/4000 loss=5.006456e-04 ric=(8.543e-05,7.903e-05) spec=0.000e+00 modal=(0.000e+00,0.000e+00,0.000e+00)
[modal_frozen_spectrum] 3400/4000 loss=6.125377e-04 ric=(1.086e-04,7.305e-05) spec=0.000e+00 modal=(0.000e+00,0.000e+00,0.000e+00)
[modal_frozen_spectrum] 3500/4000 loss=1.327480e-03 ric=(1.121e-04,8.001e-05) spec=0.000e+00 modal=(0.000e+00,0.000e+00,0.000e+00)
[modal_frozen_spectrum] 3600/4000 loss=1.965380e-03 ric=(1.110e-04,1.114e-04) spec=0.000e+00 modal=(0.000e+00,0.000e+00,0.000e+00)
[modal_frozen_spectrum] 3700/4000 loss=1.936289e-03 ric=(1.182e-04,1.142e-04) spec=0.000e+00 modal=(0.000e+00,0.000e+00,0.000e+00)
[modal_frozen_spectrum] 3800/4000 loss=5.663550e-03 ric=(1.673e-04,1.210e-04) spec=0.000e+00 modal=(0.000e+00,0.000e+00,0.000e+00)
[modal_frozen_spectrum] 3900/4000 loss=6.204155e-03 ric=(1.855e-04,1.604e-04) spec=0.000e+00 modal=(0.000e+00,0.000e+00,0.000e+00)
[modal_frozen_spectrum] 4000/4000 loss=3.939803e-03 ric=(1.642e-04,1.391e-04) spec=0.000e+00 modal=(0.000e+00,0.000e+00,0.000e+00)
[joint] 1/4000 loss=4.521998e-03 ric=(1.693e-04,1.490e-04) spec=1.778e-15 modal=(0.000e+00,0.000e+00,0.000e+00)
[joint] 100/4000 loss=4.742134e-04 ric=(7.820e-05,5.472e-05) spec=5.485e-11 modal=(0.000e+00,0.000e+00,0.000e+00)
[joint] 200/4000 loss=2.536557e-04 ric=(7.852e-05,5.683e-05) spec=4.797e-10 modal=(0.000e+00,0.000e+00,0.000e+00)
[joint] 300/4000 loss=5.797446e-04 ric=(7.648e-05,6.226e-05) spec=5.804e-10 modal=(0.000e+00,0.000e+00,0.000e+00)
[joint] 400/4000 loss=1.216667e-03 ric=(8.909e-05,6.838e-05) spec=4.010e-09 modal=(0.000e+00,0.000e+00,0.000e+00)
[joint] 500/4000 loss=2.847737e-03 ric=(1.503e-04,9.902e-05) spec=5.734e-10 modal=(0.000e+00,0.000e+00,0.000e+00)
[joint] 600/4000 loss=9.138062e-04 ric=(8.568e-05,5.519e-05) spec=1.148e-08 modal=(0.000e+00,0.000e+00,0.000e+00)
[joint] 700/4000 loss=9.336303e-04 ric=(6.979e-05,5.224e-05) spec=3.038e-09 modal=(0.000e+00,0.000e+00,0.000e+00)
[joint] 800/4000 loss=4.457198e-04 ric=(7.181e-05,4.883e-05) spec=8.102e-09 modal=(0.000e+00,0.000e+00,0.000e+00)
[joint] 900/4000 loss=8.768257e-04 ric=(7.496e-05,6.231e-05) spec=7.466e-09 modal=(0.000e+00,0.000e+00,0.000e+00)
[joint] 1000/4000 loss=1.098112e-03 ric=(8.466e-05,7.204e-05) spec=1.141e-08 modal=(0.000e+00,0.000e+00,0.000e+00)
[joint] 1100/4000 loss=1.874130e-03 ric=(1.390e-04,7.175e-05) spec=1.084e-09 modal=(0.000e+00,0.000e+00,0.000e+00)
[joint] 1200/4000 loss=1.592568e-03 ric=(8.350e-05,7.250e-05) spec=2.131e-09 modal=(0.000e+00,0.000e+00,0.000e+00)
[joint] 1300/4000 loss=4.796826e-04 ric=(5.727e-05,4.608e-05) spec=2.091e-08 modal=(0.000e+00,0.000e+00,0.000e+00)
[joint] 1400/4000 loss=3.798413e-04 ric=(7.002e-05,4.886e-05) spec=2.135e-08 modal=(0.000e+00,0.000e+00,0.000e+00)
[joint] 1500/4000 loss=4.616376e-04 ric=(4.942e-05,3.042e-05) spec=3.988e-08 modal=(0.000e+00,0.000e+00,0.000e+00)
[joint] 1600/4000 loss=5.141041e-04 ric=(6.402e-05,4.460e-05) spec=1.385e-08 modal=(0.000e+00,0.000e+00,0.000e+00)
[joint] 1700/4000 loss=5.325970e-04 ric=(7.072e-05,4.315e-05) spec=2.040e-08 modal=(0.000e+00,0.000e+00,0.000e+00)
[joint] 1800/4000 loss=7.573674e-04 ric=(6.974e-05,5.096e-05) spec=1.678e-08 modal=(0.000e+00,0.000e+00,0.000e+00)
[joint] 1900/4000 loss=1.257893e-03 ric=(7.707e-05,5.245e-05) spec=8.135e-09 modal=(0.000e+00,0.000e+00,0.000e+00)
[joint] 2000/4000 loss=1.857052e-03 ric=(9.022e-05,6.762e-05) spec=4.632e-09 modal=(0.000e+00,0.000e+00,0.000e+00)
[joint] 2100/4000 loss=6.178349e-04 ric=(5.896e-05,4.272e-05) spec=9.531e-09 modal=(0.000e+00,0.000e+00,0.000e+00)
[joint] 2200/4000 loss=9.623952e-04 ric=(6.306e-05,4.824e-05) spec=4.363e-08 modal=(0.000e+00,0.000e+00,0.000e+00)
[joint] 2300/4000 loss=5.374966e-04 ric=(5.227e-05,4.253e-05) spec=7.637e-09 modal=(0.000e+00,0.000e+00,0.000e+00)
[joint] 2400/4000 loss=8.267735e-04 ric=(5.442e-05,4.714e-05) spec=3.060e-09 modal=(0.000e+00,0.000e+00,0.000e+00)
[joint] 2500/4000 loss=1.768089e-03 ric=(8.497e-05,6.555e-05) spec=1.873e-08 modal=(0.000e+00,0.000e+00,0.000e+00)
[joint] 2600/4000 loss=8.744827e-04 ric=(5.799e-05,4.989e-05) spec=1.325e-08 modal=(0.000e+00,0.000e+00,0.000e+00)
[joint] 2700/4000 loss=7.654594e-04 ric=(6.621e-05,4.077e-05) spec=2.086e-08 modal=(0.000e+00,0.000e+00,0.000e+00)
[joint] 2800/4000 loss=8.421262e-04 ric=(6.066e-05,4.205e-05) spec=6.054e-09 modal=(0.000e+00,0.000e+00,0.000e+00)
[joint] 2900/4000 loss=3.691586e-04 ric=(5.941e-05,4.730e-05) spec=5.086e-09 modal=(0.000e+00,0.000e+00,0.000e+00)
[joint] 3000/4000 loss=4.682628e-04 ric=(3.940e-05,3.049e-05) spec=6.020e-08 modal=(0.000e+00,0.000e+00,0.000e+00)
[joint] 3100/4000 loss=8.494768e-04 ric=(4.515e-05,3.758e-05) spec=1.852e-07 modal=(0.000e+00,0.000e+00,0.000e+00)
[joint] 3200/4000 loss=7.110812e-04 ric=(7.399e-05,4.982e-05) spec=2.062e-09 modal=(0.000e+00,0.000e+00,0.000e+00)
[joint] 3300/4000 loss=3.955558e-04 ric=(5.392e-05,4.108e-05) spec=5.546e-08 modal=(0.000e+00,0.000e+00,0.000e+00)
[joint] 3400/4000 loss=7.091139e-04 ric=(6.174e-05,3.798e-05) spec=2.529e-08 modal=(0.000e+00,0.000e+00,0.000e+00)
[joint] 3500/4000 loss=1.455640e-03 ric=(7.976e-05,5.167e-05) spec=4.924e-08 modal=(0.000e+00,0.000e+00,0.000e+00)
[joint] 3600/4000 loss=1.423557e-03 ric=(1.016e-04,5.508e-05) spec=5.560e-09 modal=(0.000e+00,0.000e+00,0.000e+00)
[joint] 3700/4000 loss=5.363279e-04 ric=(6.202e-05,4.060e-05) spec=2.523e-08 modal=(0.000e+00,0.000e+00,0.000e+00)
[joint] 3800/4000 loss=3.034721e-04 ric=(4.426e-05,3.430e-05) spec=6.243e-09 modal=(0.000e+00,0.000e+00,0.000e+00)
[joint] 3900/4000 loss=4.501370e-04 ric=(5.956e-05,3.363e-05) spec=2.414e-09 modal=(0.000e+00,0.000e+00,0.000e+00)
[joint] 4000/4000 loss=4.461725e-04 ric=(4.751e-05,3.278e-05) spec=3.087e-10 modal=(0.000e+00,0.000e+00,0.000e+00)

SPECTRAL METRICS
{
  "cr_mae": 0.009394506332254556,
  "cr_max_abs": 0.05616671163854309,
  "ci_mae": 0.008525526347870627,
  "ci_max_abs": 0.04227779852361291,
  "omega_i_mae": 0.0017231105348986125
}

LOCAL SUPERSONIC TRAINING: COMPLETED

end = Fri Aug  7 05:31:43 PM CEST 2026
