===== LOCAL SUPERSONIC LONG TRAINING =====
job        : 336921
job name   : sup_M190_S4
node       : r3i6n3
config     : assets/pinn_supersonic/pilots/local_M190_sparse_v1/configs/S4.json
output     : assets/pinn_supersonic/pilots/local_M190_sparse_v1/runs/long_S4
start      : Tue Jul 28 01:30:23 PM CEST 2026

Tue Jul 28 13:30:23 2026       
+-----------------------------------------------------------------------------------------+
| NVIDIA-SMI 580.159.03             Driver Version: 580.159.03     CUDA Version: 13.0     |
+-----------------------------------------+------------------------+----------------------+
| GPU  Name                 Persistence-M | Bus-Id          Disp.A | Volatile Uncorr. ECC |
| Fan  Temp   Perf          Pwr:Usage/Cap |           Memory-Usage | GPU-Util  Compute M. |
|                                         |                        |               MIG M. |
|=========================================+========================+======================|
|   0  Tesla V100-SXM2-16GB           On  |   00000000:1A:00.0 Off |                    0 |
| N/A   54C    P0             78W /  300W |       0MiB /  16384MiB |      0%      Default |
|                                         |                        |                  N/A |
+-----------------------------------------+------------------------+----------------------+

+-----------------------------------------------------------------------------------------+
| Processes:                                                                              |
|  GPU   GI   CI              PID   Type   Process name                        GPU Memory |
|        ID   ID                                                               Usage      |
|=========================================================================================|
|  No running processes found                                                             |
+-----------------------------------------------------------------------------------------+
[spectral_prefit] 1/2000 loss=1.019054e+01
[spectral_prefit] 100/2000 loss=3.016045e-01
[spectral_prefit] 200/2000 loss=2.947868e-03
[spectral_prefit] 300/2000 loss=3.088810e-04
[spectral_prefit] 400/2000 loss=6.798547e-05
[spectral_prefit] 500/2000 loss=1.197601e-05
[spectral_prefit] 600/2000 loss=1.628733e-06
[spectral_prefit] 700/2000 loss=1.702669e-07
[spectral_prefit] 800/2000 loss=1.355670e-08
[spectral_prefit] 900/2000 loss=8.742937e-10
[spectral_prefit] 1000/2000 loss=9.436547e-10
[spectral_prefit] 1100/2000 loss=3.557115e-07
[spectral_prefit] 1200/2000 loss=1.907951e-11
[spectral_prefit] 1300/2000 loss=3.191858e-08
[spectral_prefit] 1400/2000 loss=7.488462e-12
[spectral_prefit] 1500/2000 loss=7.585129e-09
[spectral_prefit] 1600/2000 loss=1.110291e-11
[spectral_prefit] 1700/2000 loss=2.008940e-07
[spectral_prefit] 1800/2000 loss=3.432231e-12
[spectral_prefit] 1900/2000 loss=1.061917e-08
[spectral_prefit] 2000/2000 loss=3.185536e-09
[modal_frozen_spectrum] 1/4000 loss=1.936433e+01 ric=(9.444e-02,9.351e-02) spec=0.000e+00 modal=(0.000e+00,0.000e+00,0.000e+00)
[modal_frozen_spectrum] 100/4000 loss=5.343512e-02 ric=(1.269e-02,7.971e-03) spec=0.000e+00 modal=(0.000e+00,0.000e+00,0.000e+00)
[modal_frozen_spectrum] 200/4000 loss=2.877335e-02 ric=(6.895e-03,2.954e-03) spec=0.000e+00 modal=(0.000e+00,0.000e+00,0.000e+00)
[modal_frozen_spectrum] 300/4000 loss=1.734659e-02 ric=(3.379e-03,2.100e-03) spec=0.000e+00 modal=(0.000e+00,0.000e+00,0.000e+00)
[modal_frozen_spectrum] 400/4000 loss=1.206187e-02 ric=(2.615e-03,1.493e-03) spec=0.000e+00 modal=(0.000e+00,0.000e+00,0.000e+00)
[modal_frozen_spectrum] 500/4000 loss=1.239633e-02 ric=(2.234e-03,1.155e-03) spec=0.000e+00 modal=(0.000e+00,0.000e+00,0.000e+00)
[modal_frozen_spectrum] 600/4000 loss=7.819817e-03 ric=(1.716e-03,9.345e-04) spec=0.000e+00 modal=(0.000e+00,0.000e+00,0.000e+00)
[modal_frozen_spectrum] 700/4000 loss=1.293714e-02 ric=(1.508e-03,7.467e-04) spec=0.000e+00 modal=(0.000e+00,0.000e+00,0.000e+00)
[modal_frozen_spectrum] 800/4000 loss=1.006318e-02 ric=(8.051e-04,5.904e-04) spec=0.000e+00 modal=(0.000e+00,0.000e+00,0.000e+00)
[modal_frozen_spectrum] 900/4000 loss=7.333739e-03 ric=(6.608e-04,5.196e-04) spec=0.000e+00 modal=(0.000e+00,0.000e+00,0.000e+00)
[modal_frozen_spectrum] 1000/4000 loss=5.312902e-03 ric=(5.727e-04,3.701e-04) spec=0.000e+00 modal=(0.000e+00,0.000e+00,0.000e+00)
[modal_frozen_spectrum] 1100/4000 loss=4.393346e-03 ric=(5.886e-04,4.085e-04) spec=0.000e+00 modal=(0.000e+00,0.000e+00,0.000e+00)
[modal_frozen_spectrum] 1200/4000 loss=4.278509e-03 ric=(3.552e-04,3.053e-04) spec=0.000e+00 modal=(0.000e+00,0.000e+00,0.000e+00)
[modal_frozen_spectrum] 1300/4000 loss=5.904386e-03 ric=(4.213e-04,2.916e-04) spec=0.000e+00 modal=(0.000e+00,0.000e+00,0.000e+00)
[modal_frozen_spectrum] 1400/4000 loss=8.095367e-03 ric=(4.416e-04,4.785e-04) spec=0.000e+00 modal=(0.000e+00,0.000e+00,0.000e+00)
[modal_frozen_spectrum] 1500/4000 loss=2.842435e-03 ric=(3.409e-04,2.373e-04) spec=0.000e+00 modal=(0.000e+00,0.000e+00,0.000e+00)
[modal_frozen_spectrum] 1600/4000 loss=1.619523e-03 ric=(3.107e-04,1.982e-04) spec=0.000e+00 modal=(0.000e+00,0.000e+00,0.000e+00)
[modal_frozen_spectrum] 1700/4000 loss=1.752915e-03 ric=(2.686e-04,1.566e-04) spec=0.000e+00 modal=(0.000e+00,0.000e+00,0.000e+00)
[modal_frozen_spectrum] 1800/4000 loss=3.621175e-03 ric=(2.766e-04,2.101e-04) spec=0.000e+00 modal=(0.000e+00,0.000e+00,0.000e+00)
[modal_frozen_spectrum] 1900/4000 loss=4.679242e-03 ric=(3.553e-04,2.202e-04) spec=0.000e+00 modal=(0.000e+00,0.000e+00,0.000e+00)
[modal_frozen_spectrum] 2000/4000 loss=2.298756e-03 ric=(3.063e-04,1.759e-04) spec=0.000e+00 modal=(0.000e+00,0.000e+00,0.000e+00)
[modal_frozen_spectrum] 2100/4000 loss=5.259065e-03 ric=(2.349e-04,2.008e-04) spec=0.000e+00 modal=(0.000e+00,0.000e+00,0.000e+00)
[modal_frozen_spectrum] 2200/4000 loss=3.601018e-03 ric=(2.933e-04,2.014e-04) spec=0.000e+00 modal=(0.000e+00,0.000e+00,0.000e+00)
[modal_frozen_spectrum] 2300/4000 loss=8.866143e-03 ric=(3.081e-04,1.965e-04) spec=0.000e+00 modal=(0.000e+00,0.000e+00,0.000e+00)
[modal_frozen_spectrum] 2400/4000 loss=2.211499e-03 ric=(1.827e-04,1.459e-04) spec=0.000e+00 modal=(0.000e+00,0.000e+00,0.000e+00)
[modal_frozen_spectrum] 2500/4000 loss=3.041164e-03 ric=(1.642e-04,1.065e-04) spec=0.000e+00 modal=(0.000e+00,0.000e+00,0.000e+00)
[modal_frozen_spectrum] 2600/4000 loss=3.926592e-03 ric=(1.980e-04,1.128e-04) spec=0.000e+00 modal=(0.000e+00,0.000e+00,0.000e+00)
[modal_frozen_spectrum] 2700/4000 loss=3.533374e-03 ric=(1.912e-04,1.260e-04) spec=0.000e+00 modal=(0.000e+00,0.000e+00,0.000e+00)
[modal_frozen_spectrum] 2800/4000 loss=1.237537e-03 ric=(1.559e-04,1.023e-04) spec=0.000e+00 modal=(0.000e+00,0.000e+00,0.000e+00)
[modal_frozen_spectrum] 2900/4000 loss=1.556651e-03 ric=(1.716e-04,1.257e-04) spec=0.000e+00 modal=(0.000e+00,0.000e+00,0.000e+00)
[modal_frozen_spectrum] 3000/4000 loss=2.776647e-03 ric=(1.395e-04,1.036e-04) spec=0.000e+00 modal=(0.000e+00,0.000e+00,0.000e+00)
[modal_frozen_spectrum] 3100/4000 loss=8.199252e-03 ric=(2.930e-04,2.347e-04) spec=0.000e+00 modal=(0.000e+00,0.000e+00,0.000e+00)
[modal_frozen_spectrum] 3200/4000 loss=3.899128e-03 ric=(1.839e-04,1.139e-04) spec=0.000e+00 modal=(0.000e+00,0.000e+00,0.000e+00)
[modal_frozen_spectrum] 3300/4000 loss=3.066940e-03 ric=(1.630e-04,1.181e-04) spec=0.000e+00 modal=(0.000e+00,0.000e+00,0.000e+00)
[modal_frozen_spectrum] 3400/4000 loss=1.422478e-03 ric=(1.422e-04,9.129e-05) spec=0.000e+00 modal=(0.000e+00,0.000e+00,0.000e+00)
[modal_frozen_spectrum] 3500/4000 loss=9.773431e-04 ric=(1.213e-04,7.574e-05) spec=0.000e+00 modal=(0.000e+00,0.000e+00,0.000e+00)
[modal_frozen_spectrum] 3600/4000 loss=6.972364e-04 ric=(1.152e-04,6.716e-05) spec=0.000e+00 modal=(0.000e+00,0.000e+00,0.000e+00)
[modal_frozen_spectrum] 3700/4000 loss=1.384182e-03 ric=(1.108e-04,8.235e-05) spec=0.000e+00 modal=(0.000e+00,0.000e+00,0.000e+00)
[modal_frozen_spectrum] 3800/4000 loss=1.715683e-03 ric=(1.299e-04,8.817e-05) spec=0.000e+00 modal=(0.000e+00,0.000e+00,0.000e+00)
[modal_frozen_spectrum] 3900/4000 loss=3.948780e-03 ric=(2.213e-04,1.223e-04) spec=0.000e+00 modal=(0.000e+00,0.000e+00,0.000e+00)
[modal_frozen_spectrum] 4000/4000 loss=4.011462e-03 ric=(2.064e-04,1.689e-04) spec=0.000e+00 modal=(0.000e+00,0.000e+00,0.000e+00)
[joint] 1/4000 loss=4.662676e-03 ric=(2.318e-04,2.022e-04) spec=2.129e-09 modal=(0.000e+00,0.000e+00,0.000e+00)
[joint] 100/4000 loss=3.342076e-04 ric=(8.690e-05,6.480e-05) spec=1.683e-09 modal=(0.000e+00,0.000e+00,0.000e+00)
[joint] 200/4000 loss=6.743603e-04 ric=(8.203e-05,5.664e-05) spec=7.558e-09 modal=(0.000e+00,0.000e+00,0.000e+00)
[joint] 300/4000 loss=1.261692e-03 ric=(1.079e-04,7.571e-05) spec=2.905e-08 modal=(0.000e+00,0.000e+00,0.000e+00)
[joint] 400/4000 loss=1.087047e-03 ric=(9.025e-05,5.684e-05) spec=7.189e-09 modal=(0.000e+00,0.000e+00,0.000e+00)
[joint] 500/4000 loss=5.544417e-04 ric=(8.373e-05,6.031e-05) spec=2.353e-08 modal=(0.000e+00,0.000e+00,0.000e+00)
[joint] 600/4000 loss=7.715820e-04 ric=(8.734e-05,4.880e-05) spec=5.895e-09 modal=(0.000e+00,0.000e+00,0.000e+00)
[joint] 700/4000 loss=6.433821e-04 ric=(8.219e-05,5.081e-05) spec=1.146e-08 modal=(0.000e+00,0.000e+00,0.000e+00)
[joint] 800/4000 loss=6.545931e-04 ric=(5.706e-05,4.532e-05) spec=1.271e-07 modal=(0.000e+00,0.000e+00,0.000e+00)
[joint] 900/4000 loss=1.396139e-03 ric=(8.644e-05,6.957e-05) spec=1.402e-07 modal=(0.000e+00,0.000e+00,0.000e+00)
[joint] 1000/4000 loss=1.419825e-03 ric=(9.677e-05,6.372e-05) spec=1.265e-09 modal=(0.000e+00,0.000e+00,0.000e+00)
[joint] 1100/4000 loss=8.033051e-04 ric=(7.547e-05,5.081e-05) spec=7.315e-07 modal=(0.000e+00,0.000e+00,0.000e+00)
[joint] 1200/4000 loss=9.824132e-04 ric=(7.797e-05,5.640e-05) spec=2.386e-08 modal=(0.000e+00,0.000e+00,0.000e+00)
[joint] 1300/4000 loss=9.808288e-04 ric=(6.701e-05,5.700e-05) spec=3.118e-07 modal=(0.000e+00,0.000e+00,0.000e+00)
[joint] 1400/4000 loss=7.069597e-04 ric=(6.758e-05,4.949e-05) spec=1.580e-08 modal=(0.000e+00,0.000e+00,0.000e+00)
[joint] 1500/4000 loss=7.335223e-04 ric=(6.303e-05,5.106e-05) spec=2.417e-08 modal=(0.000e+00,0.000e+00,0.000e+00)
[joint] 1600/4000 loss=9.724863e-04 ric=(6.608e-05,5.546e-05) spec=6.199e-08 modal=(0.000e+00,0.000e+00,0.000e+00)
[joint] 1700/4000 loss=1.077759e-03 ric=(6.534e-05,4.575e-05) spec=2.750e-08 modal=(0.000e+00,0.000e+00,0.000e+00)
[joint] 1800/4000 loss=7.699984e-04 ric=(6.262e-05,4.267e-05) spec=8.260e-08 modal=(0.000e+00,0.000e+00,0.000e+00)
[joint] 1900/4000 loss=5.248702e-04 ric=(4.926e-05,3.781e-05) spec=2.895e-08 modal=(0.000e+00,0.000e+00,0.000e+00)
[joint] 2000/4000 loss=1.753204e-03 ric=(5.442e-05,5.394e-05) spec=1.310e-07 modal=(0.000e+00,0.000e+00,0.000e+00)
[joint] 2100/4000 loss=9.016727e-04 ric=(5.299e-05,4.941e-05) spec=1.333e-07 modal=(0.000e+00,0.000e+00,0.000e+00)
[joint] 2200/4000 loss=4.711707e-04 ric=(4.566e-05,4.166e-05) spec=4.852e-08 modal=(0.000e+00,0.000e+00,0.000e+00)
[joint] 2300/4000 loss=2.709980e-04 ric=(4.378e-05,3.397e-05) spec=4.324e-08 modal=(0.000e+00,0.000e+00,0.000e+00)
[joint] 2400/4000 loss=2.584042e-04 ric=(3.566e-05,2.803e-05) spec=7.740e-08 modal=(0.000e+00,0.000e+00,0.000e+00)
[joint] 2500/4000 loss=3.226993e-04 ric=(5.338e-05,3.330e-05) spec=3.920e-07 modal=(0.000e+00,0.000e+00,0.000e+00)
[joint] 2600/4000 loss=7.080059e-04 ric=(3.480e-05,2.985e-05) spec=7.422e-08 modal=(0.000e+00,0.000e+00,0.000e+00)
[joint] 2700/4000 loss=4.667978e-04 ric=(5.519e-05,3.426e-05) spec=1.350e-07 modal=(0.000e+00,0.000e+00,0.000e+00)
[joint] 2800/4000 loss=1.751749e-03 ric=(5.704e-05,6.993e-05) spec=1.714e-08 modal=(0.000e+00,0.000e+00,0.000e+00)
[joint] 2900/4000 loss=2.341495e-03 ric=(7.903e-05,7.542e-05) spec=2.840e-08 modal=(0.000e+00,0.000e+00,0.000e+00)
[joint] 3000/4000 loss=1.216885e-03 ric=(5.721e-05,4.544e-05) spec=6.873e-07 modal=(0.000e+00,0.000e+00,0.000e+00)
[joint] 3100/4000 loss=2.610032e-04 ric=(3.157e-05,2.951e-05) spec=8.489e-09 modal=(0.000e+00,0.000e+00,0.000e+00)
[joint] 3200/4000 loss=1.717611e-04 ric=(2.930e-05,2.602e-05) spec=3.855e-08 modal=(0.000e+00,0.000e+00,0.000e+00)
[joint] 3300/4000 loss=2.261291e-04 ric=(2.882e-05,2.622e-05) spec=2.797e-08 modal=(0.000e+00,0.000e+00,0.000e+00)
[joint] 3400/4000 loss=2.519073e-04 ric=(3.266e-05,2.348e-05) spec=4.728e-08 modal=(0.000e+00,0.000e+00,0.000e+00)
[joint] 3500/4000 loss=2.951539e-04 ric=(2.800e-05,3.042e-05) spec=2.913e-08 modal=(0.000e+00,0.000e+00,0.000e+00)
[joint] 3600/4000 loss=2.791081e-04 ric=(2.456e-05,2.835e-05) spec=6.043e-09 modal=(0.000e+00,0.000e+00,0.000e+00)
[joint] 3700/4000 loss=4.399194e-04 ric=(2.961e-05,3.288e-05) spec=1.894e-08 modal=(0.000e+00,0.000e+00,0.000e+00)
[joint] 3800/4000 loss=1.261452e-03 ric=(6.528e-05,4.998e-05) spec=1.759e-07 modal=(0.000e+00,0.000e+00,0.000e+00)
[joint] 3900/4000 loss=1.390932e-03 ric=(6.922e-05,7.609e-05) spec=5.601e-08 modal=(0.000e+00,0.000e+00,0.000e+00)
[joint] 4000/4000 loss=7.252407e-04 ric=(3.963e-05,3.926e-05) spec=9.816e-08 modal=(0.000e+00,0.000e+00,0.000e+00)

SPECTRAL METRICS
{
  "cr_mae": 0.0009692346410499454,
  "cr_max_abs": 0.0034835823829472146,
  "ci_mae": 0.0038485217293118194,
  "ci_max_abs": 0.017334233095589156,
  "omega_i_mae": 0.0004189143935193146
}

LOCAL SUPERSONIC TRAINING: COMPLETED

end: Tue Jul 28 01:36:23 PM CEST 2026
