===== LONG LOCAL SUPERSONIC M150 =====
job        : 332814
node       : r6i6n3
config     : assets/pinn_supersonic/pilots/local_M150_sparse_v1/configs/S4M2.json
output     : assets/pinn_supersonic/pilots/local_M150_sparse_v1/runs/long_S4M2
start      : Tue Jul 28 11:21:24 AM CEST 2026

Tue Jul 28 11:21:24 2026       
+-----------------------------------------------------------------------------------------+
| NVIDIA-SMI 580.159.03             Driver Version: 580.159.03     CUDA Version: 13.0     |
+-----------------------------------------+------------------------+----------------------+
| GPU  Name                 Persistence-M | Bus-Id          Disp.A | Volatile Uncorr. ECC |
| Fan  Temp   Perf          Pwr:Usage/Cap |           Memory-Usage | GPU-Util  Compute M. |
|                                         |                        |               MIG M. |
|=========================================+========================+======================|
|   0  Tesla V100-SXM2-32GB           On  |   00000000:1C:00.0 Off |                    0 |
| N/A   48C    P0             45W /  300W |       0MiB /  32768MiB |      0%      Default |
|                                         |                        |                  N/A |
+-----------------------------------------+------------------------+----------------------+

+-----------------------------------------------------------------------------------------+
| Processes:                                                                              |
|  GPU   GI   CI              PID   Type   Process name                        GPU Memory |
|        ID   ID                                                               Usage      |
|=========================================================================================|
|  No running processes found                                                             |
+-----------------------------------------------------------------------------------------+
[spectral_prefit] 1/2000 loss=1.360768e+00
[spectral_prefit] 100/2000 loss=4.381327e-02
[spectral_prefit] 200/2000 loss=2.302754e-03
[spectral_prefit] 300/2000 loss=2.202859e-04
[spectral_prefit] 400/2000 loss=2.343702e-05
[spectral_prefit] 500/2000 loss=2.439818e-06
[spectral_prefit] 600/2000 loss=1.906028e-07
[spectral_prefit] 700/2000 loss=1.044029e-08
[spectral_prefit] 800/2000 loss=3.987997e-10
[spectral_prefit] 900/2000 loss=1.650814e-11
[spectral_prefit] 1000/2000 loss=1.879971e-12
[spectral_prefit] 1100/2000 loss=7.271960e-13
[spectral_prefit] 1200/2000 loss=2.853829e-13
[spectral_prefit] 1300/2000 loss=2.038147e-13
[spectral_prefit] 1400/2000 loss=9.402856e-14
[spectral_prefit] 1500/2000 loss=9.402856e-14
[spectral_prefit] 1600/2000 loss=4.177228e-14
[spectral_prefit] 1700/2000 loss=2.350714e-14
[spectral_prefit] 1800/2000 loss=1.860300e-14
[spectral_prefit] 1900/2000 loss=8.282713e-15
[spectral_prefit] 2000/2000 loss=1.689286e-15
[modal_frozen_spectrum] 1/4000 loss=5.978697e+01 ric=(9.689e-02,9.863e-02) spec=0.000e+00 modal=(3.622e+01,1.856e+00,1.381e+00)
[modal_frozen_spectrum] 100/4000 loss=2.666313e-01 ric=(1.303e-02,9.903e-03) spec=0.000e+00 modal=(4.116e-03,1.703e-03,1.859e-01)
[modal_frozen_spectrum] 200/4000 loss=1.552058e-01 ric=(5.373e-03,3.993e-03) spec=0.000e+00 modal=(1.170e-02,6.614e-04,1.173e-01)
[modal_frozen_spectrum] 300/4000 loss=1.294619e-01 ric=(3.229e-03,2.538e-03) spec=0.000e+00 modal=(2.693e-02,3.780e-04,8.281e-02)
[modal_frozen_spectrum] 400/4000 loss=8.802757e-02 ric=(2.484e-03,2.030e-03) spec=0.000e+00 modal=(1.300e-02,2.687e-04,6.376e-02)
[modal_frozen_spectrum] 500/4000 loss=9.976380e-02 ric=(2.114e-03,1.631e-03) spec=0.000e+00 modal=(2.443e-03,1.831e-04,4.692e-02)
[modal_frozen_spectrum] 600/4000 loss=9.389854e-02 ric=(1.675e-03,1.344e-03) spec=0.000e+00 modal=(5.888e-04,1.300e-04,3.584e-02)
[modal_frozen_spectrum] 700/4000 loss=4.331672e-02 ric=(1.204e-03,9.550e-04) spec=0.000e+00 modal=(8.802e-03,9.279e-05,2.887e-02)
[modal_frozen_spectrum] 800/4000 loss=3.506831e-02 ric=(1.080e-03,8.465e-04) spec=0.000e+00 modal=(7.557e-03,7.933e-05,2.313e-02)
[modal_frozen_spectrum] 900/4000 loss=2.886613e-02 ric=(9.330e-04,7.323e-04) spec=0.000e+00 modal=(6.455e-03,6.874e-05,1.815e-02)
[modal_frozen_spectrum] 1000/4000 loss=4.426215e-02 ric=(8.723e-04,6.149e-04) spec=0.000e+00 modal=(2.436e-03,6.071e-05,1.449e-02)
[modal_frozen_spectrum] 1100/4000 loss=5.234857e-02 ric=(9.234e-04,7.881e-04) spec=0.000e+00 modal=(1.069e-02,1.666e-04,1.264e-02)
[modal_frozen_spectrum] 1200/4000 loss=2.181881e-02 ric=(7.924e-04,4.895e-04) spec=0.000e+00 modal=(7.017e-03,6.010e-05,1.086e-02)
[modal_frozen_spectrum] 1300/4000 loss=1.788182e-02 ric=(5.803e-04,4.709e-04) spec=0.000e+00 modal=(4.843e-03,6.180e-05,8.824e-03)
[modal_frozen_spectrum] 1400/4000 loss=5.985182e-02 ric=(7.269e-04,5.184e-04) spec=0.000e+00 modal=(2.879e-04,6.260e-05,7.301e-03)
[modal_frozen_spectrum] 1500/4000 loss=4.441822e-02 ric=(8.628e-04,5.839e-04) spec=0.000e+00 modal=(8.737e-04,5.604e-05,7.124e-03)
[modal_frozen_spectrum] 1600/4000 loss=2.370455e-02 ric=(6.145e-04,3.874e-04) spec=0.000e+00 modal=(6.121e-03,3.697e-05,6.509e-03)
[modal_frozen_spectrum] 1700/4000 loss=1.262095e-02 ric=(4.893e-04,3.420e-04) spec=0.000e+00 modal=(4.643e-03,6.834e-05,5.408e-03)
[modal_frozen_spectrum] 1800/4000 loss=1.094799e-02 ric=(4.795e-04,3.259e-04) spec=0.000e+00 modal=(3.710e-03,6.912e-05,4.407e-03)
[modal_frozen_spectrum] 1900/4000 loss=3.632133e-02 ric=(6.185e-04,5.531e-04) spec=0.000e+00 modal=(3.230e-04,4.866e-05,4.018e-03)
[modal_frozen_spectrum] 2000/4000 loss=1.402826e-02 ric=(3.955e-04,2.807e-04) spec=0.000e+00 modal=(7.863e-03,2.060e-05,3.884e-03)
[modal_frozen_spectrum] 2100/4000 loss=1.163914e-02 ric=(4.245e-04,2.675e-04) spec=0.000e+00 modal=(6.476e-03,2.074e-05,3.458e-03)
[modal_frozen_spectrum] 2200/4000 loss=1.015664e-02 ric=(3.876e-04,3.130e-04) spec=0.000e+00 modal=(5.504e-03,2.080e-05,3.044e-03)
[modal_frozen_spectrum] 2300/4000 loss=9.218995e-03 ric=(3.483e-04,2.278e-04) spec=0.000e+00 modal=(4.759e-03,3.319e-05,2.667e-03)
[modal_frozen_spectrum] 2400/4000 loss=8.495154e-03 ric=(3.293e-04,2.005e-04) spec=0.000e+00 modal=(4.535e-03,1.776e-05,2.323e-03)
[modal_frozen_spectrum] 2500/4000 loss=1.037441e-02 ric=(3.436e-04,1.830e-04) spec=0.000e+00 modal=(3.608e-03,6.147e-05,2.028e-03)
[modal_frozen_spectrum] 2600/4000 loss=5.102801e-02 ric=(5.847e-04,3.624e-04) spec=0.000e+00 modal=(4.162e-04,4.809e-05,2.261e-03)
[modal_frozen_spectrum] 2700/4000 loss=5.088956e-02 ric=(1.029e-03,6.003e-04) spec=0.000e+00 modal=(9.484e-04,8.835e-05,2.515e-03)
[modal_frozen_spectrum] 2800/4000 loss=3.218113e-02 ric=(5.569e-04,4.277e-04) spec=0.000e+00 modal=(1.084e-03,5.063e-05,2.612e-03)
[modal_frozen_spectrum] 2900/4000 loss=1.220892e-02 ric=(3.992e-04,2.641e-04) spec=0.000e+00 modal=(3.358e-03,5.993e-05,2.428e-03)
[modal_frozen_spectrum] 3000/4000 loss=8.290546e-03 ric=(3.014e-04,2.003e-04) spec=0.000e+00 modal=(4.167e-03,1.581e-05,2.158e-03)
[modal_frozen_spectrum] 3100/4000 loss=6.291414e-03 ric=(2.903e-04,1.737e-04) spec=0.000e+00 modal=(3.377e-03,1.251e-05,1.897e-03)
[modal_frozen_spectrum] 3200/4000 loss=5.673744e-03 ric=(2.792e-04,1.494e-04) spec=0.000e+00 modal=(3.064e-03,1.099e-05,1.664e-03)
[modal_frozen_spectrum] 3300/4000 loss=5.305291e-03 ric=(2.474e-04,1.495e-04) spec=0.000e+00 modal=(2.769e-03,1.081e-05,1.459e-03)
[modal_frozen_spectrum] 3400/4000 loss=5.327829e-03 ric=(2.658e-04,1.591e-04) spec=0.000e+00 modal=(2.965e-03,1.182e-05,1.281e-03)
[modal_frozen_spectrum] 3500/4000 loss=4.759412e-03 ric=(2.414e-04,1.471e-04) spec=0.000e+00 modal=(2.246e-03,1.261e-05,1.129e-03)
[modal_frozen_spectrum] 3600/4000 loss=1.474835e-02 ric=(2.676e-04,1.622e-04) spec=0.000e+00 modal=(5.921e-03,3.281e-04,1.025e-03)
[modal_frozen_spectrum] 3700/4000 loss=6.468529e-03 ric=(2.524e-04,1.348e-04) spec=0.000e+00 modal=(4.375e-03,1.427e-05,9.626e-04)
[modal_frozen_spectrum] 3800/4000 loss=5.721313e-03 ric=(2.143e-04,1.251e-04) spec=0.000e+00 modal=(3.724e-03,1.383e-05,8.618e-04)
[modal_frozen_spectrum] 3900/4000 loss=2.419811e-02 ric=(2.290e-04,1.393e-04) spec=0.000e+00 modal=(1.777e-03,1.630e-05,8.227e-04)
[modal_frozen_spectrum] 4000/4000 loss=5.865324e-02 ric=(4.892e-04,5.314e-04) spec=0.000e+00 modal=(4.840e-04,7.839e-05,1.315e-03)
[joint] 1/4000 loss=3.347222e-02 ric=(4.855e-04,4.078e-04) spec=1.689e-15 modal=(4.011e-04,7.530e-05,1.180e-03)
[joint] 100/4000 loss=2.999637e-03 ric=(2.423e-04,1.372e-04) spec=9.821e-11 modal=(1.434e-04,9.841e-06,1.046e-03)
[joint] 200/4000 loss=5.727612e-03 ric=(2.119e-04,1.392e-04) spec=2.815e-09 modal=(1.214e-03,4.175e-05,9.270e-04)
[joint] 300/4000 loss=2.473594e-03 ric=(2.010e-04,1.055e-04) spec=5.937e-10 modal=(9.110e-04,8.222e-06,8.350e-04)
[joint] 400/4000 loss=2.549033e-03 ric=(1.889e-04,1.146e-04) spec=7.826e-10 modal=(8.683e-04,7.973e-06,7.346e-04)
[joint] 500/4000 loss=3.925941e-03 ric=(1.934e-04,1.332e-04) spec=1.228e-08 modal=(6.149e-04,1.032e-05,6.472e-04)
[joint] 600/4000 loss=1.746822e-02 ric=(2.223e-04,1.293e-04) spec=2.361e-08 modal=(3.372e-04,3.339e-05,6.402e-04)
[joint] 700/4000 loss=5.969985e-03 ric=(1.899e-04,1.273e-04) spec=6.525e-10 modal=(5.790e-05,1.050e-05,6.154e-04)
[joint] 800/4000 loss=2.739510e-03 ric=(1.695e-04,8.759e-05) spec=5.791e-08 modal=(6.060e-05,7.064e-06,5.419e-04)
[joint] 900/4000 loss=1.542356e-03 ric=(1.479e-04,8.985e-05) spec=4.340e-08 modal=(5.406e-05,6.223e-06,4.905e-04)
[joint] 1000/4000 loss=2.099962e-03 ric=(1.472e-04,8.898e-05) spec=5.423e-09 modal=(1.791e-04,6.495e-06,4.377e-04)
[joint] 1100/4000 loss=5.283222e-03 ric=(1.769e-04,1.100e-04) spec=6.762e-09 modal=(6.439e-05,8.460e-06,4.120e-04)
[joint] 1200/4000 loss=3.567217e-03 ric=(1.711e-04,9.192e-05) spec=1.089e-08 modal=(4.735e-05,7.200e-06,3.889e-04)
[joint] 1300/4000 loss=2.070494e-03 ric=(1.638e-04,8.524e-05) spec=1.146e-09 modal=(7.432e-05,6.847e-06,3.592e-04)
[joint] 1400/4000 loss=2.109003e-03 ric=(1.677e-04,9.171e-05) spec=1.996e-08 modal=(5.227e-04,8.343e-06,3.303e-04)
[joint] 1500/4000 loss=4.109986e-03 ric=(1.720e-04,1.231e-04) spec=1.582e-08 modal=(1.407e-04,1.393e-05,3.158e-04)
[joint] 1600/4000 loss=5.259770e-03 ric=(1.701e-04,1.152e-04) spec=3.467e-08 modal=(6.053e-05,1.397e-05,3.074e-04)
[joint] 1700/4000 loss=2.566123e-03 ric=(1.398e-04,8.124e-05) spec=2.664e-08 modal=(4.570e-05,6.090e-06,2.929e-04)
[joint] 1800/4000 loss=1.542768e-03 ric=(1.255e-04,6.963e-05) spec=1.979e-08 modal=(1.476e-04,4.893e-06,2.738e-04)
[joint] 1900/4000 loss=1.132630e-03 ric=(1.105e-04,6.807e-05) spec=2.071e-08 modal=(8.669e-05,5.285e-06,2.541e-04)
[joint] 2000/4000 loss=1.821196e-03 ric=(1.139e-04,7.183e-05) spec=3.295e-08 modal=(3.519e-05,4.890e-06,2.353e-04)
[joint] 2100/4000 loss=2.473814e-03 ric=(1.439e-04,6.994e-05) spec=8.298e-08 modal=(2.867e-04,1.089e-05,2.232e-04)
[joint] 2200/4000 loss=2.542350e-03 ric=(1.347e-04,6.983e-05) spec=3.050e-08 modal=(3.041e-05,5.467e-06,2.142e-04)
[joint] 2300/4000 loss=3.674719e-03 ric=(1.419e-04,8.480e-05) spec=3.617e-09 modal=(4.610e-04,8.807e-06,2.080e-04)
[joint] 2400/4000 loss=2.077898e-03 ric=(1.155e-04,6.519e-05) spec=2.721e-08 modal=(1.507e-04,4.744e-06,1.985e-04)
[joint] 2500/4000 loss=2.290215e-03 ric=(1.065e-04,6.654e-05) spec=3.346e-09 modal=(5.546e-04,5.587e-06,1.879e-04)
[joint] 2600/4000 loss=1.690592e-03 ric=(1.040e-04,6.911e-05) spec=1.246e-10 modal=(6.902e-05,5.459e-06,1.787e-04)
[joint] 2700/4000 loss=3.858826e-03 ric=(1.064e-04,5.393e-05) spec=3.038e-08 modal=(2.906e-03,8.261e-06,1.725e-04)
[joint] 2800/4000 loss=1.104937e-03 ric=(1.014e-04,5.789e-05) spec=2.010e-10 modal=(2.964e-04,6.972e-06,1.610e-04)
[joint] 2900/4000 loss=1.234326e-03 ric=(1.005e-04,5.229e-05) spec=3.890e-09 modal=(1.815e-05,4.911e-06,1.518e-04)
[joint] 3000/4000 loss=3.288256e-03 ric=(1.110e-04,6.542e-05) spec=2.086e-08 modal=(3.918e-05,5.947e-06,1.530e-04)
[joint] 3100/4000 loss=3.656232e-03 ric=(1.328e-04,1.134e-04) spec=8.984e-09 modal=(8.857e-05,1.136e-05,1.552e-04)
[joint] 3200/4000 loss=1.310938e-03 ric=(8.361e-05,5.485e-05) spec=4.241e-09 modal=(3.995e-05,4.500e-06,1.509e-04)
[joint] 3300/4000 loss=1.208961e-03 ric=(9.038e-05,5.151e-05) spec=1.562e-08 modal=(7.366e-05,3.610e-06,1.435e-04)
[joint] 3400/4000 loss=1.829990e-03 ric=(9.460e-05,5.509e-05) spec=9.521e-08 modal=(1.789e-04,3.829e-06,1.363e-04)
[joint] 3500/4000 loss=6.359850e-03 ric=(1.101e-04,6.418e-05) spec=2.521e-08 modal=(3.579e-04,9.899e-06,1.564e-04)
[joint] 3600/4000 loss=2.738330e-03 ric=(1.158e-04,7.311e-05) spec=1.208e-09 modal=(9.056e-05,8.118e-06,1.478e-04)
[joint] 3700/4000 loss=1.577577e-03 ric=(9.391e-05,5.666e-05) spec=7.846e-08 modal=(2.717e-05,3.741e-06,1.348e-04)
[joint] 3800/4000 loss=1.816478e-03 ric=(8.183e-05,5.473e-05) spec=6.121e-08 modal=(1.554e-04,1.020e-05,1.279e-04)
[joint] 3900/4000 loss=2.206867e-03 ric=(9.729e-05,5.601e-05) spec=4.219e-09 modal=(8.269e-05,5.903e-06,1.302e-04)
[joint] 4000/4000 loss=5.995126e-04 ric=(8.340e-05,4.505e-05) spec=1.670e-07 modal=(1.810e-05,4.463e-06,1.237e-04)

SPECTRAL METRICS
{
  "cr_mae": 0.002002401596080509,
  "cr_max_abs": 0.008727530290837393,
  "ci_mae": 0.005195210889795651,
  "ci_max_abs": 0.020576527682800598,
  "omega_i_mae": 0.0006803956657799951
}

LOCAL SUPERSONIC TRAINING: COMPLETED

end: Tue Jul 28 11:28:32 AM CEST 2026
