===== LOCAL SUPERSONIC LONG TRAINING =====
job        : 336919
job name   : sup_M110_S4
node       : r3i4n6
config     : assets/pinn_supersonic/pilots/local_M110_sparse_v1/configs/S4.json
output     : assets/pinn_supersonic/pilots/local_M110_sparse_v1/runs/long_S4
start      : Tue Jul 28 01:30:23 PM CEST 2026

Tue Jul 28 13:30:23 2026       
+-----------------------------------------------------------------------------------------+
| NVIDIA-SMI 580.159.03             Driver Version: 580.159.03     CUDA Version: 13.0     |
+-----------------------------------------+------------------------+----------------------+
| GPU  Name                 Persistence-M | Bus-Id          Disp.A | Volatile Uncorr. ECC |
| Fan  Temp   Perf          Pwr:Usage/Cap |           Memory-Usage | GPU-Util  Compute M. |
|                                         |                        |               MIG M. |
|=========================================+========================+======================|
|   0  Tesla V100-SXM2-16GB           On  |   00000000:8A:00.0 Off |                    0 |
| N/A   47C    P0             44W /  300W |       0MiB /  16384MiB |      0%      Default |
|                                         |                        |                  N/A |
+-----------------------------------------+------------------------+----------------------+

+-----------------------------------------------------------------------------------------+
| Processes:                                                                              |
|  GPU   GI   CI              PID   Type   Process name                        GPU Memory |
|        ID   ID                                                               Usage      |
|=========================================================================================|
|  No running processes found                                                             |
+-----------------------------------------------------------------------------------------+
[spectral_prefit] 1/2000 loss=1.192559e+00
[spectral_prefit] 100/2000 loss=4.934965e-02
[spectral_prefit] 200/2000 loss=1.825351e-03
[spectral_prefit] 300/2000 loss=1.212228e-04
[spectral_prefit] 400/2000 loss=7.015918e-06
[spectral_prefit] 500/2000 loss=4.588201e-07
[spectral_prefit] 600/2000 loss=2.554553e-08
[spectral_prefit] 700/2000 loss=9.782113e-10
[spectral_prefit] 800/2000 loss=3.185278e-11
[spectral_prefit] 900/2000 loss=2.599475e-12
[spectral_prefit] 1000/2000 loss=7.725985e-13
[spectral_prefit] 1100/2000 loss=3.080740e-13
[spectral_prefit] 1200/2000 loss=1.282583e-13
[spectral_prefit] 1300/2000 loss=1.177631e-13
[spectral_prefit] 1400/2000 loss=1.107566e-13
[spectral_prefit] 1500/2000 loss=4.380605e-14
[spectral_prefit] 1600/2000 loss=3.834823e-14
[spectral_prefit] 1700/2000 loss=2.237243e-14
[spectral_prefit] 1800/2000 loss=2.503954e-15
[spectral_prefit] 1900/2000 loss=6.816334e-15
[spectral_prefit] 2000/2000 loss=5.887409e-15
[modal_frozen_spectrum] 1/4000 loss=2.047050e+01 ric=(1.024e-01,1.048e-01) spec=0.000e+00 modal=(0.000e+00,0.000e+00,0.000e+00)
[modal_frozen_spectrum] 100/4000 loss=5.435939e-02 ric=(8.389e-03,7.655e-03) spec=0.000e+00 modal=(0.000e+00,0.000e+00,0.000e+00)
[modal_frozen_spectrum] 200/4000 loss=2.699685e-02 ric=(3.475e-03,2.715e-03) spec=0.000e+00 modal=(0.000e+00,0.000e+00,0.000e+00)
[modal_frozen_spectrum] 300/4000 loss=1.729208e-02 ric=(1.963e-03,1.541e-03) spec=0.000e+00 modal=(0.000e+00,0.000e+00,0.000e+00)
[modal_frozen_spectrum] 400/4000 loss=1.441356e-02 ric=(1.404e-03,1.126e-03) spec=0.000e+00 modal=(0.000e+00,0.000e+00,0.000e+00)
[modal_frozen_spectrum] 500/4000 loss=1.103458e-02 ric=(1.031e-03,7.103e-04) spec=0.000e+00 modal=(0.000e+00,0.000e+00,0.000e+00)
[modal_frozen_spectrum] 600/4000 loss=1.123510e-02 ric=(8.950e-04,6.302e-04) spec=0.000e+00 modal=(0.000e+00,0.000e+00,0.000e+00)
[modal_frozen_spectrum] 700/4000 loss=4.410193e-03 ric=(6.544e-04,4.377e-04) spec=0.000e+00 modal=(0.000e+00,0.000e+00,0.000e+00)
[modal_frozen_spectrum] 800/4000 loss=7.315037e-03 ric=(5.818e-04,4.580e-04) spec=0.000e+00 modal=(0.000e+00,0.000e+00,0.000e+00)
[modal_frozen_spectrum] 900/4000 loss=1.354973e-02 ric=(6.002e-04,4.381e-04) spec=0.000e+00 modal=(0.000e+00,0.000e+00,0.000e+00)
[modal_frozen_spectrum] 1000/4000 loss=1.060242e-02 ric=(4.501e-04,3.347e-04) spec=0.000e+00 modal=(0.000e+00,0.000e+00,0.000e+00)
[modal_frozen_spectrum] 1100/4000 loss=9.308249e-03 ric=(4.302e-04,3.300e-04) spec=0.000e+00 modal=(0.000e+00,0.000e+00,0.000e+00)
[modal_frozen_spectrum] 1200/4000 loss=3.527245e-03 ric=(2.816e-04,2.399e-04) spec=0.000e+00 modal=(0.000e+00,0.000e+00,0.000e+00)
[modal_frozen_spectrum] 1300/4000 loss=1.431320e-03 ric=(2.494e-04,2.114e-04) spec=0.000e+00 modal=(0.000e+00,0.000e+00,0.000e+00)
[modal_frozen_spectrum] 1400/4000 loss=1.340379e-03 ric=(2.073e-04,2.106e-04) spec=0.000e+00 modal=(0.000e+00,0.000e+00,0.000e+00)
[modal_frozen_spectrum] 1500/4000 loss=3.450971e-03 ric=(2.159e-04,1.767e-04) spec=0.000e+00 modal=(0.000e+00,0.000e+00,0.000e+00)
[modal_frozen_spectrum] 1600/4000 loss=5.050292e-03 ric=(2.182e-04,1.877e-04) spec=0.000e+00 modal=(0.000e+00,0.000e+00,0.000e+00)
[modal_frozen_spectrum] 1700/4000 loss=7.999433e-03 ric=(3.148e-04,2.351e-04) spec=0.000e+00 modal=(0.000e+00,0.000e+00,0.000e+00)
[modal_frozen_spectrum] 1800/4000 loss=7.445795e-03 ric=(2.563e-04,2.169e-04) spec=0.000e+00 modal=(0.000e+00,0.000e+00,0.000e+00)
[modal_frozen_spectrum] 1900/4000 loss=3.856743e-03 ric=(2.144e-04,1.565e-04) spec=0.000e+00 modal=(0.000e+00,0.000e+00,0.000e+00)
[modal_frozen_spectrum] 2000/4000 loss=1.531198e-03 ric=(1.566e-04,1.216e-04) spec=0.000e+00 modal=(0.000e+00,0.000e+00,0.000e+00)
[modal_frozen_spectrum] 2100/4000 loss=1.402071e-03 ric=(1.399e-04,9.667e-05) spec=0.000e+00 modal=(0.000e+00,0.000e+00,0.000e+00)
[modal_frozen_spectrum] 2200/4000 loss=1.629099e-03 ric=(1.198e-04,1.083e-04) spec=0.000e+00 modal=(0.000e+00,0.000e+00,0.000e+00)
[modal_frozen_spectrum] 2300/4000 loss=1.527385e-03 ric=(1.251e-04,1.014e-04) spec=0.000e+00 modal=(0.000e+00,0.000e+00,0.000e+00)
[modal_frozen_spectrum] 2400/4000 loss=4.428307e-03 ric=(1.479e-04,1.144e-04) spec=0.000e+00 modal=(0.000e+00,0.000e+00,0.000e+00)
[modal_frozen_spectrum] 2500/4000 loss=8.432705e-03 ric=(1.981e-04,1.691e-04) spec=0.000e+00 modal=(0.000e+00,0.000e+00,0.000e+00)
[modal_frozen_spectrum] 2600/4000 loss=2.821318e-03 ric=(1.700e-04,1.240e-04) spec=0.000e+00 modal=(0.000e+00,0.000e+00,0.000e+00)
[modal_frozen_spectrum] 2700/4000 loss=3.029284e-03 ric=(1.632e-04,1.084e-04) spec=0.000e+00 modal=(0.000e+00,0.000e+00,0.000e+00)
[modal_frozen_spectrum] 2800/4000 loss=3.741717e-03 ric=(1.244e-04,9.764e-05) spec=0.000e+00 modal=(0.000e+00,0.000e+00,0.000e+00)
[modal_frozen_spectrum] 2900/4000 loss=1.547648e-03 ric=(1.089e-04,9.106e-05) spec=0.000e+00 modal=(0.000e+00,0.000e+00,0.000e+00)
[modal_frozen_spectrum] 3000/4000 loss=2.776577e-03 ric=(1.068e-04,8.966e-05) spec=0.000e+00 modal=(0.000e+00,0.000e+00,0.000e+00)
[modal_frozen_spectrum] 3100/4000 loss=2.601402e-03 ric=(1.336e-04,1.060e-04) spec=0.000e+00 modal=(0.000e+00,0.000e+00,0.000e+00)
[modal_frozen_spectrum] 3200/4000 loss=2.298344e-03 ric=(1.237e-04,8.963e-05) spec=0.000e+00 modal=(0.000e+00,0.000e+00,0.000e+00)
[modal_frozen_spectrum] 3300/4000 loss=9.675565e-03 ric=(2.381e-04,1.833e-04) spec=0.000e+00 modal=(0.000e+00,0.000e+00,0.000e+00)
[modal_frozen_spectrum] 3400/4000 loss=1.929460e-03 ric=(1.415e-04,1.214e-04) spec=0.000e+00 modal=(0.000e+00,0.000e+00,0.000e+00)
[modal_frozen_spectrum] 3500/4000 loss=1.288393e-03 ric=(1.165e-04,6.078e-05) spec=0.000e+00 modal=(0.000e+00,0.000e+00,0.000e+00)
[modal_frozen_spectrum] 3600/4000 loss=5.383382e-04 ric=(6.803e-05,5.870e-05) spec=0.000e+00 modal=(0.000e+00,0.000e+00,0.000e+00)
[modal_frozen_spectrum] 3700/4000 loss=6.558155e-04 ric=(7.641e-05,6.002e-05) spec=0.000e+00 modal=(0.000e+00,0.000e+00,0.000e+00)
[modal_frozen_spectrum] 3800/4000 loss=8.142701e-04 ric=(7.452e-05,5.719e-05) spec=0.000e+00 modal=(0.000e+00,0.000e+00,0.000e+00)
[modal_frozen_spectrum] 3900/4000 loss=3.976156e-03 ric=(1.364e-04,8.650e-05) spec=0.000e+00 modal=(0.000e+00,0.000e+00,0.000e+00)
[modal_frozen_spectrum] 4000/4000 loss=2.567140e-03 ric=(1.529e-04,8.427e-05) spec=0.000e+00 modal=(0.000e+00,0.000e+00,0.000e+00)
[joint] 1/4000 loss=2.860531e-03 ric=(1.590e-04,1.129e-04) spec=6.556e-15 modal=(0.000e+00,0.000e+00,0.000e+00)
[joint] 100/4000 loss=4.478012e-04 ric=(6.823e-05,4.186e-05) spec=7.226e-11 modal=(0.000e+00,0.000e+00,0.000e+00)
[joint] 200/4000 loss=2.880930e-04 ric=(6.489e-05,4.615e-05) spec=3.236e-08 modal=(0.000e+00,0.000e+00,0.000e+00)
[joint] 300/4000 loss=6.945874e-04 ric=(6.432e-05,5.007e-05) spec=1.042e-08 modal=(0.000e+00,0.000e+00,0.000e+00)
[joint] 400/4000 loss=1.370401e-03 ric=(7.793e-05,5.729e-05) spec=5.632e-09 modal=(0.000e+00,0.000e+00,0.000e+00)
[joint] 500/4000 loss=1.302658e-03 ric=(9.962e-05,6.737e-05) spec=1.036e-09 modal=(0.000e+00,0.000e+00,0.000e+00)
[joint] 600/4000 loss=2.492472e-03 ric=(1.041e-04,5.783e-05) spec=4.615e-08 modal=(0.000e+00,0.000e+00,0.000e+00)
[joint] 700/4000 loss=1.378789e-03 ric=(7.519e-05,5.683e-05) spec=1.272e-09 modal=(0.000e+00,0.000e+00,0.000e+00)
[joint] 800/4000 loss=3.508235e-04 ric=(6.339e-05,3.627e-05) spec=1.017e-08 modal=(0.000e+00,0.000e+00,0.000e+00)
[joint] 900/4000 loss=5.374128e-04 ric=(6.084e-05,4.530e-05) spec=6.695e-08 modal=(0.000e+00,0.000e+00,0.000e+00)
[joint] 1000/4000 loss=7.614844e-04 ric=(6.822e-05,5.092e-05) spec=2.963e-09 modal=(0.000e+00,0.000e+00,0.000e+00)
[joint] 1100/4000 loss=9.719591e-04 ric=(9.490e-05,5.041e-05) spec=2.600e-08 modal=(0.000e+00,0.000e+00,0.000e+00)
[joint] 1200/4000 loss=1.249185e-03 ric=(6.741e-05,5.698e-05) spec=3.259e-10 modal=(0.000e+00,0.000e+00,0.000e+00)
[joint] 1300/4000 loss=8.732764e-04 ric=(7.682e-05,5.314e-05) spec=1.218e-07 modal=(0.000e+00,0.000e+00,0.000e+00)
[joint] 1400/4000 loss=4.049278e-04 ric=(5.874e-05,3.487e-05) spec=1.667e-08 modal=(0.000e+00,0.000e+00,0.000e+00)
[joint] 1500/4000 loss=3.270491e-04 ric=(4.594e-05,3.217e-05) spec=1.812e-08 modal=(0.000e+00,0.000e+00,0.000e+00)
[joint] 1600/4000 loss=6.663884e-04 ric=(6.318e-05,4.148e-05) spec=3.129e-08 modal=(0.000e+00,0.000e+00,0.000e+00)
[joint] 1700/4000 loss=1.029948e-03 ric=(6.581e-05,4.993e-05) spec=6.916e-08 modal=(0.000e+00,0.000e+00,0.000e+00)
[joint] 1800/4000 loss=1.479141e-03 ric=(8.093e-05,6.924e-05) spec=1.809e-07 modal=(0.000e+00,0.000e+00,0.000e+00)
[joint] 1900/4000 loss=1.278479e-03 ric=(7.521e-05,5.443e-05) spec=5.669e-09 modal=(0.000e+00,0.000e+00,0.000e+00)
[joint] 2000/4000 loss=6.905457e-04 ric=(6.337e-05,3.633e-05) spec=1.139e-07 modal=(0.000e+00,0.000e+00,0.000e+00)
[joint] 2100/4000 loss=5.996408e-04 ric=(5.192e-05,3.209e-05) spec=1.164e-08 modal=(0.000e+00,0.000e+00,0.000e+00)
[joint] 2200/4000 loss=8.251125e-04 ric=(5.226e-05,3.491e-05) spec=2.727e-07 modal=(0.000e+00,0.000e+00,0.000e+00)
[joint] 2300/4000 loss=6.049369e-04 ric=(4.681e-05,3.835e-05) spec=1.677e-08 modal=(0.000e+00,0.000e+00,0.000e+00)
[joint] 2400/4000 loss=9.905299e-04 ric=(5.905e-05,3.456e-05) spec=5.360e-08 modal=(0.000e+00,0.000e+00,0.000e+00)
[joint] 2500/4000 loss=1.625140e-03 ric=(7.280e-05,4.123e-05) spec=2.185e-07 modal=(0.000e+00,0.000e+00,0.000e+00)
[joint] 2600/4000 loss=9.632268e-04 ric=(5.242e-05,4.023e-05) spec=4.655e-09 modal=(0.000e+00,0.000e+00,0.000e+00)
[joint] 2700/4000 loss=7.042902e-04 ric=(5.777e-05,3.574e-05) spec=7.802e-08 modal=(0.000e+00,0.000e+00,0.000e+00)
[joint] 2800/4000 loss=6.337679e-04 ric=(4.660e-05,3.788e-05) spec=1.834e-08 modal=(0.000e+00,0.000e+00,0.000e+00)
[joint] 2900/4000 loss=5.234682e-04 ric=(5.924e-05,3.461e-05) spec=8.521e-08 modal=(0.000e+00,0.000e+00,0.000e+00)
[joint] 3000/4000 loss=9.844389e-04 ric=(5.078e-05,3.569e-05) spec=1.054e-07 modal=(0.000e+00,0.000e+00,0.000e+00)
[joint] 3100/4000 loss=5.287260e-04 ric=(5.347e-05,3.285e-05) spec=4.132e-09 modal=(0.000e+00,0.000e+00,0.000e+00)
[joint] 3200/4000 loss=9.601680e-04 ric=(5.483e-05,4.025e-05) spec=1.997e-08 modal=(0.000e+00,0.000e+00,0.000e+00)
[joint] 3300/4000 loss=6.387461e-04 ric=(4.766e-05,3.872e-05) spec=4.588e-08 modal=(0.000e+00,0.000e+00,0.000e+00)
[joint] 3400/4000 loss=7.773543e-04 ric=(4.888e-05,3.223e-05) spec=2.306e-08 modal=(0.000e+00,0.000e+00,0.000e+00)
[joint] 3500/4000 loss=6.942877e-04 ric=(5.261e-05,2.696e-05) spec=1.066e-07 modal=(0.000e+00,0.000e+00,0.000e+00)
[joint] 3600/4000 loss=7.432312e-04 ric=(5.530e-05,3.149e-05) spec=1.438e-08 modal=(0.000e+00,0.000e+00,0.000e+00)
[joint] 3700/4000 loss=1.005433e-03 ric=(7.672e-05,4.677e-05) spec=3.965e-08 modal=(0.000e+00,0.000e+00,0.000e+00)
[joint] 3800/4000 loss=9.794604e-04 ric=(5.635e-05,3.898e-05) spec=2.821e-09 modal=(0.000e+00,0.000e+00,0.000e+00)
[joint] 3900/4000 loss=7.039109e-04 ric=(5.312e-05,3.270e-05) spec=6.460e-08 modal=(0.000e+00,0.000e+00,0.000e+00)
[joint] 4000/4000 loss=3.979744e-04 ric=(3.845e-05,2.653e-05) spec=4.168e-09 modal=(0.000e+00,0.000e+00,0.000e+00)

SPECTRAL METRICS
{
  "cr_mae": 0.005846505382960515,
  "cr_max_abs": 0.049267066692293984,
  "ci_mae": 0.00802953232488748,
  "ci_max_abs": 0.025253032201917408,
  "omega_i_mae": 0.0015537777444378537
}

LOCAL SUPERSONIC TRAINING: COMPLETED

end: Tue Jul 28 01:36:23 PM CEST 2026
