===== LOCAL SUPERSONIC LONG TRAINING =====
job        : 336920
job name   : sup_M110_S4M4
node       : r3i5n1
config     : assets/pinn_supersonic/pilots/local_M110_sparse_v1/configs/S4M4.json
output     : assets/pinn_supersonic/pilots/local_M110_sparse_v1/runs/long_S4M4
start      : Tue Jul 28 01:30:23 PM CEST 2026

Tue Jul 28 13:30:23 2026       
+-----------------------------------------------------------------------------------------+
| NVIDIA-SMI 580.159.03             Driver Version: 580.159.03     CUDA Version: 13.0     |
+-----------------------------------------+------------------------+----------------------+
| GPU  Name                 Persistence-M | Bus-Id          Disp.A | Volatile Uncorr. ECC |
| Fan  Temp   Perf          Pwr:Usage/Cap |           Memory-Usage | GPU-Util  Compute M. |
|                                         |                        |               MIG M. |
|=========================================+========================+======================|
|   0  Tesla V100-SXM2-16GB           On  |   00000000:1C:00.0 Off |                    0 |
| N/A   48C    P0             46W /  300W |       0MiB /  16384MiB |      0%      Default |
|                                         |                        |                  N/A |
+-----------------------------------------+------------------------+----------------------+

+-----------------------------------------------------------------------------------------+
| Processes:                                                                              |
|  GPU   GI   CI              PID   Type   Process name                        GPU Memory |
|        ID   ID                                                               Usage      |
|=========================================================================================|
|  No running processes found                                                             |
+-----------------------------------------------------------------------------------------+
[spectral_prefit] 1/2000 loss=1.192559e+00
[spectral_prefit] 100/2000 loss=4.934965e-02
[spectral_prefit] 200/2000 loss=1.825351e-03
[spectral_prefit] 300/2000 loss=1.212228e-04
[spectral_prefit] 400/2000 loss=7.015918e-06
[spectral_prefit] 500/2000 loss=4.588201e-07
[spectral_prefit] 600/2000 loss=2.554553e-08
[spectral_prefit] 700/2000 loss=9.782113e-10
[spectral_prefit] 800/2000 loss=3.185278e-11
[spectral_prefit] 900/2000 loss=2.599475e-12
[spectral_prefit] 1000/2000 loss=7.725985e-13
[spectral_prefit] 1100/2000 loss=3.080740e-13
[spectral_prefit] 1200/2000 loss=1.282583e-13
[spectral_prefit] 1300/2000 loss=1.177631e-13
[spectral_prefit] 1400/2000 loss=1.107566e-13
[spectral_prefit] 1500/2000 loss=4.380605e-14
[spectral_prefit] 1600/2000 loss=3.834823e-14
[spectral_prefit] 1700/2000 loss=2.237243e-14
[spectral_prefit] 1800/2000 loss=2.503954e-15
[spectral_prefit] 1900/2000 loss=6.816334e-15
[spectral_prefit] 2000/2000 loss=5.887409e-15
[modal_frozen_spectrum] 1/4000 loss=3.931588e+01 ric=(1.024e-01,1.048e-01) spec=0.000e+00 modal=(1.343e+01,3.817e+00,1.595e+00)
[modal_frozen_spectrum] 100/4000 loss=4.263824e-01 ric=(8.895e-03,7.162e-03) spec=0.000e+00 modal=(4.956e-03,3.816e-03,3.381e-01)
[modal_frozen_spectrum] 200/4000 loss=2.527996e-01 ric=(3.492e-03,2.711e-03) spec=0.000e+00 modal=(1.826e-03,1.538e-03,2.038e-01)
[modal_frozen_spectrum] 300/4000 loss=1.805597e-01 ric=(1.853e-03,1.738e-03) spec=0.000e+00 modal=(2.691e-03,1.078e-03,1.460e-01)
[modal_frozen_spectrum] 400/4000 loss=1.561335e-01 ric=(1.615e-03,1.613e-03) spec=0.000e+00 modal=(8.521e-04,8.556e-04,1.123e-01)
[modal_frozen_spectrum] 500/4000 loss=1.354201e-01 ric=(1.277e-03,1.167e-03) spec=0.000e+00 modal=(8.907e-04,9.227e-04,8.932e-02)
[modal_frozen_spectrum] 600/4000 loss=1.109999e-01 ric=(9.293e-04,1.089e-03) spec=0.000e+00 modal=(5.483e-04,5.304e-04,7.419e-02)
[modal_frozen_spectrum] 700/4000 loss=1.006254e-01 ric=(9.030e-04,8.403e-04) spec=0.000e+00 modal=(4.381e-04,4.671e-04,6.177e-02)
[modal_frozen_spectrum] 800/4000 loss=6.726778e-02 ric=(8.209e-04,6.984e-04) spec=0.000e+00 modal=(5.765e-03,7.652e-04,5.283e-02)
[modal_frozen_spectrum] 900/4000 loss=7.412277e-02 ric=(6.451e-04,6.557e-04) spec=0.000e+00 modal=(8.686e-04,4.428e-04,4.422e-02)
[modal_frozen_spectrum] 1000/4000 loss=7.805620e-02 ric=(6.984e-04,6.446e-04) spec=0.000e+00 modal=(3.358e-04,3.195e-04,3.861e-02)
[modal_frozen_spectrum] 1100/4000 loss=7.102942e-02 ric=(6.602e-04,5.957e-04) spec=0.000e+00 modal=(3.466e-04,2.638e-04,3.334e-02)
[modal_frozen_spectrum] 1200/4000 loss=5.655311e-02 ric=(5.859e-04,5.451e-04) spec=0.000e+00 modal=(4.187e-04,5.363e-04,2.942e-02)
[modal_frozen_spectrum] 1300/4000 loss=6.622460e-02 ric=(5.397e-04,5.374e-04) spec=0.000e+00 modal=(3.082e-04,2.159e-04,2.590e-02)
[modal_frozen_spectrum] 1400/4000 loss=5.906608e-02 ric=(5.894e-04,5.317e-04) spec=0.000e+00 modal=(2.266e-04,2.065e-04,2.328e-02)
[modal_frozen_spectrum] 1500/4000 loss=4.675714e-02 ric=(5.406e-04,4.237e-04) spec=0.000e+00 modal=(2.374e-04,1.543e-04,2.065e-02)
[modal_frozen_spectrum] 1600/4000 loss=4.831595e-02 ric=(4.494e-04,3.858e-04) spec=0.000e+00 modal=(2.475e-04,1.441e-04,1.862e-02)
[modal_frozen_spectrum] 1700/4000 loss=4.126505e-02 ric=(4.197e-04,3.953e-04) spec=0.000e+00 modal=(9.952e-04,3.999e-04,1.705e-02)
[modal_frozen_spectrum] 1800/4000 loss=4.821550e-02 ric=(3.690e-04,3.474e-04) spec=0.000e+00 modal=(2.383e-04,1.912e-04,1.530e-02)
[modal_frozen_spectrum] 1900/4000 loss=3.743135e-02 ric=(4.170e-04,3.441e-04) spec=0.000e+00 modal=(2.424e-04,1.067e-04,1.392e-02)
[modal_frozen_spectrum] 2000/4000 loss=3.288217e-02 ric=(3.520e-04,3.770e-04) spec=0.000e+00 modal=(6.261e-04,1.121e-04,1.264e-02)
[modal_frozen_spectrum] 2100/4000 loss=4.058632e-02 ric=(3.587e-04,3.206e-04) spec=0.000e+00 modal=(4.696e-04,1.279e-04,1.167e-02)
[modal_frozen_spectrum] 2200/4000 loss=2.928936e-02 ric=(3.108e-04,3.096e-04) spec=0.000e+00 modal=(2.033e-04,4.394e-04,1.073e-02)
[modal_frozen_spectrum] 2300/4000 loss=3.903484e-02 ric=(3.320e-04,2.728e-04) spec=0.000e+00 modal=(8.562e-04,6.665e-05,1.001e-02)
[modal_frozen_spectrum] 2400/4000 loss=3.104572e-02 ric=(3.036e-04,2.661e-04) spec=0.000e+00 modal=(2.713e-04,1.142e-04,9.372e-03)
[modal_frozen_spectrum] 2500/4000 loss=3.650093e-02 ric=(2.721e-04,2.440e-04) spec=0.000e+00 modal=(5.502e-03,6.255e-03,8.852e-03)
[modal_frozen_spectrum] 2600/4000 loss=2.195589e-02 ric=(2.320e-04,2.286e-04) spec=0.000e+00 modal=(1.207e-04,1.030e-03,8.105e-03)
[modal_frozen_spectrum] 2700/4000 loss=3.050695e-02 ric=(3.525e-04,3.038e-04) spec=0.000e+00 modal=(3.853e-04,7.966e-05,7.605e-03)
[modal_frozen_spectrum] 2800/4000 loss=2.183277e-02 ric=(2.575e-04,2.056e-04) spec=0.000e+00 modal=(4.100e-03,5.241e-05,7.282e-03)
[modal_frozen_spectrum] 2900/4000 loss=1.348840e-02 ric=(1.941e-04,1.818e-04) spec=0.000e+00 modal=(5.211e-03,6.038e-05,6.784e-03)
[modal_frozen_spectrum] 3000/4000 loss=1.277225e-02 ric=(1.999e-04,1.746e-04) spec=0.000e+00 modal=(4.230e-03,6.596e-05,6.249e-03)
[modal_frozen_spectrum] 3100/4000 loss=1.200677e-02 ric=(1.822e-04,1.641e-04) spec=0.000e+00 modal=(3.828e-03,5.266e-05,5.741e-03)
[modal_frozen_spectrum] 3200/4000 loss=1.677967e-02 ric=(1.915e-04,1.800e-04) spec=0.000e+00 modal=(2.285e-03,5.450e-05,5.302e-03)
[modal_frozen_spectrum] 3300/4000 loss=4.133098e-02 ric=(2.375e-04,2.145e-04) spec=0.000e+00 modal=(1.395e-04,7.274e-05,5.168e-03)
[modal_frozen_spectrum] 3400/4000 loss=3.092482e-02 ric=(2.554e-04,2.608e-04) spec=0.000e+00 modal=(1.724e-04,6.637e-05,5.200e-03)
[modal_frozen_spectrum] 3500/4000 loss=2.628205e-02 ric=(2.222e-04,2.505e-04) spec=0.000e+00 modal=(1.437e-04,1.034e-04,5.164e-03)
[modal_frozen_spectrum] 3600/4000 loss=2.233803e-02 ric=(2.425e-04,2.336e-04) spec=0.000e+00 modal=(1.145e-04,6.130e-05,5.045e-03)
[modal_frozen_spectrum] 3700/4000 loss=3.522177e-02 ric=(2.325e-04,1.919e-04) spec=0.000e+00 modal=(1.401e-04,7.524e-05,4.895e-03)
[modal_frozen_spectrum] 3800/4000 loss=2.187834e-02 ric=(2.129e-04,1.971e-04) spec=0.000e+00 modal=(1.566e-04,5.131e-05,4.700e-03)
[modal_frozen_spectrum] 3900/4000 loss=2.049087e-02 ric=(2.123e-04,2.029e-04) spec=0.000e+00 modal=(1.132e-04,6.921e-05,4.489e-03)
[modal_frozen_spectrum] 4000/4000 loss=1.616461e-02 ric=(2.164e-04,2.072e-04) spec=0.000e+00 modal=(1.195e-04,5.714e-05,4.259e-03)
[joint] 1/4000 loss=2.466705e-02 ric=(2.072e-04,2.188e-04) spec=6.556e-15 modal=(1.304e-04,9.200e-05,4.278e-03)
[joint] 100/4000 loss=6.472573e-03 ric=(1.607e-04,1.385e-04) spec=3.545e-09 modal=(3.922e-05,2.235e-05,4.051e-03)
[joint] 200/4000 loss=7.063614e-03 ric=(1.370e-04,1.285e-04) spec=1.162e-08 modal=(9.923e-05,2.750e-05,3.693e-03)
[joint] 300/4000 loss=1.064184e-02 ric=(1.341e-04,1.245e-04) spec=1.276e-08 modal=(4.856e-05,3.258e-05,3.378e-03)
[joint] 400/4000 loss=5.297330e-03 ric=(1.091e-04,1.081e-04) spec=2.040e-10 modal=(6.384e-05,2.015e-05,3.145e-03)
[joint] 500/4000 loss=5.947724e-03 ric=(1.248e-04,1.081e-04) spec=4.563e-09 modal=(3.718e-05,1.895e-05,2.906e-03)
[joint] 600/4000 loss=7.142961e-03 ric=(1.003e-04,1.093e-04) spec=1.072e-07 modal=(1.906e-04,1.071e-04,2.693e-03)
[joint] 700/4000 loss=7.562536e-03 ric=(1.136e-04,1.015e-04) spec=4.552e-08 modal=(4.326e-05,2.582e-05,2.558e-03)
[joint] 800/4000 loss=6.828221e-03 ric=(9.703e-05,9.550e-05) spec=9.033e-10 modal=(6.880e-05,4.616e-05,2.402e-03)
[joint] 900/4000 loss=1.263363e-02 ric=(1.120e-04,1.207e-04) spec=3.019e-07 modal=(7.435e-05,2.559e-05,2.376e-03)
[joint] 1000/4000 loss=4.572107e-03 ric=(8.847e-05,8.348e-05) spec=3.203e-09 modal=(2.441e-05,1.694e-05,2.243e-03)
[joint] 1100/4000 loss=4.361969e-03 ric=(8.576e-05,9.492e-05) spec=2.459e-08 modal=(2.448e-05,3.310e-05,2.105e-03)
[joint] 1200/4000 loss=3.754646e-03 ric=(9.516e-05,9.877e-05) spec=1.424e-09 modal=(2.292e-05,2.405e-05,1.974e-03)
[joint] 1300/4000 loss=4.047778e-03 ric=(7.710e-05,7.324e-05) spec=1.797e-08 modal=(3.608e-05,2.858e-05,1.868e-03)
[joint] 1400/4000 loss=4.679787e-03 ric=(8.402e-05,8.346e-05) spec=3.354e-07 modal=(8.834e-05,1.547e-05,1.770e-03)
[joint] 1500/4000 loss=5.540899e-03 ric=(7.920e-05,8.841e-05) spec=3.363e-08 modal=(4.548e-05,3.037e-05,1.678e-03)
[joint] 1600/4000 loss=5.459246e-03 ric=(8.412e-05,8.066e-05) spec=2.710e-08 modal=(1.293e-04,1.661e-05,1.599e-03)
[joint] 1700/4000 loss=7.275544e-03 ric=(8.547e-05,8.284e-05) spec=1.340e-08 modal=(5.755e-05,3.225e-05,1.550e-03)
[joint] 1800/4000 loss=5.311558e-03 ric=(7.487e-05,8.317e-05) spec=2.565e-08 modal=(3.210e-05,2.028e-05,1.501e-03)
[joint] 1900/4000 loss=3.663521e-03 ric=(7.979e-05,7.046e-05) spec=4.730e-08 modal=(6.891e-05,6.915e-05,1.437e-03)
[joint] 2000/4000 loss=4.104763e-03 ric=(7.652e-05,6.433e-05) spec=5.930e-08 modal=(4.728e-05,3.220e-05,1.378e-03)
[joint] 2100/4000 loss=3.961096e-03 ric=(7.609e-05,6.953e-05) spec=4.502e-08 modal=(1.445e-04,1.886e-05,1.318e-03)
[joint] 2200/4000 loss=4.336428e-03 ric=(6.808e-05,7.209e-05) spec=8.601e-08 modal=(4.069e-05,2.413e-05,1.251e-03)
[joint] 2300/4000 loss=7.189889e-03 ric=(8.823e-05,8.149e-05) spec=1.351e-08 modal=(7.683e-05,2.136e-05,1.223e-03)
[joint] 2400/4000 loss=4.528165e-03 ric=(6.721e-05,6.055e-05) spec=4.188e-08 modal=(1.793e-04,1.440e-05,1.176e-03)
[joint] 2500/4000 loss=5.821655e-03 ric=(7.090e-05,7.626e-05) spec=7.346e-10 modal=(4.007e-05,2.379e-05,1.138e-03)
[joint] 2600/4000 loss=8.647024e-03 ric=(8.509e-05,7.383e-05) spec=2.532e-09 modal=(1.110e-04,2.461e-05,1.137e-03)
[joint] 2700/4000 loss=3.861486e-03 ric=(6.312e-05,6.811e-05) spec=5.323e-09 modal=(2.321e-05,1.070e-05,1.098e-03)
[joint] 2800/4000 loss=2.772694e-03 ric=(5.671e-05,4.906e-05) spec=2.820e-08 modal=(2.172e-04,1.055e-05,1.054e-03)
[joint] 2900/4000 loss=2.856124e-03 ric=(6.351e-05,5.751e-05) spec=2.180e-07 modal=(5.774e-05,1.004e-05,1.007e-03)
[joint] 3000/4000 loss=2.087254e-03 ric=(5.818e-05,5.818e-05) spec=4.067e-08 modal=(2.084e-05,1.231e-05,9.643e-04)
[joint] 3100/4000 loss=4.632954e-03 ric=(5.862e-05,5.423e-05) spec=1.223e-08 modal=(3.055e-05,2.398e-05,9.268e-04)
[joint] 3200/4000 loss=6.408837e-03 ric=(7.034e-05,6.705e-05) spec=8.532e-08 modal=(5.561e-05,2.323e-05,9.100e-04)
[joint] 3300/4000 loss=4.383454e-03 ric=(6.699e-05,5.836e-05) spec=1.863e-08 modal=(3.592e-05,1.490e-05,8.928e-04)
[joint] 3400/4000 loss=4.342537e-03 ric=(6.058e-05,7.099e-05) spec=9.542e-10 modal=(9.211e-05,1.626e-05,8.731e-04)
[joint] 3500/4000 loss=6.008211e-03 ric=(6.193e-05,5.355e-05) spec=1.754e-08 modal=(1.017e-04,2.148e-05,8.503e-04)
[joint] 3600/4000 loss=5.300738e-03 ric=(6.900e-05,6.079e-05) spec=1.546e-08 modal=(3.593e-05,1.729e-05,8.406e-04)
[joint] 3700/4000 loss=2.673194e-03 ric=(6.377e-05,5.753e-05) spec=7.001e-09 modal=(3.529e-05,1.153e-05,8.237e-04)
[joint] 3800/4000 loss=2.092520e-03 ric=(5.295e-05,4.241e-05) spec=5.491e-08 modal=(8.129e-05,1.385e-04,7.874e-04)
[joint] 3900/4000 loss=1.779323e-03 ric=(4.551e-05,4.570e-05) spec=4.019e-08 modal=(4.096e-04,1.620e-05,7.537e-04)
[joint] 4000/4000 loss=1.647325e-03 ric=(4.764e-05,4.131e-05) spec=7.014e-09 modal=(1.270e-05,9.040e-06,7.224e-04)

SPECTRAL METRICS
{
  "cr_mae": 0.0056858696445828225,
  "cr_max_abs": 0.05073651490110288,
  "ci_mae": 0.007987231573726978,
  "ci_max_abs": 0.02499251520076537,
  "omega_i_mae": 0.0015455343381923304
}

LOCAL SUPERSONIC TRAINING: COMPLETED

end: Tue Jul 28 01:37:29 PM CEST 2026
