===== DENSE MODAL AUDIT S4M2 VS S4M4 =====
job   : 334659
node  : r10i2n2
start : Tue Jul 28 12:21:35 PM CEST 2026

Tue Jul 28 12:21:35 2026       
+-----------------------------------------------------------------------------------------+
| NVIDIA-SMI 580.159.03             Driver Version: 580.159.03     CUDA Version: 13.0     |
+-----------------------------------------+------------------------+----------------------+
| GPU  Name                 Persistence-M | Bus-Id          Disp.A | Volatile Uncorr. ECC |
| Fan  Temp   Perf          Pwr:Usage/Cap |           Memory-Usage | GPU-Util  Compute M. |
|                                         |                        |               MIG M. |
|=========================================+========================+======================|
|   0  Tesla V100-SXM2-16GB           On  |   00000000:1C:00.0 Off |                    0 |
| N/A   45C    P0             43W /  300W |       0MiB /  16384MiB |      0%      Default |
|                                         |                        |                  N/A |
+-----------------------------------------+------------------------+----------------------+

+-----------------------------------------------------------------------------------------+
| Processes:                                                                              |
|  GPU   GI   CI              PID   Type   Process name                        GPU Memory |
|        ID   ID                                                               Usage      |
|=========================================================================================|
|  No running processes found                                                             |
+-----------------------------------------------------------------------------------------+
[read] chunk=7 selected=161182
[read] chunk=8 selected=9863

REFERENCE
  rows : 171045
  modes: 45
  alpha: 0.05 0.27

[S4] mode=1/45 alpha=0.050000 p_rel=2.778e-01 overlap=3.483e-02
[S4] mode=10/45 alpha=0.095000 p_rel=3.265e-01 overlap=3.981e-02
[S4] mode=20/45 alpha=0.145000 p_rel=6.015e-01 overlap=1.385e-01
[S4] mode=30/45 alpha=0.195000 p_rel=3.452e-01 overlap=2.426e-02
[S4] mode=40/45 alpha=0.245000 p_rel=1.003e-01 overlap=1.774e-03
[S4] mode=45/45 alpha=0.270000 p_rel=4.822e-01 overlap=3.946e-02
[S4M2] mode=1/45 alpha=0.050000 p_rel=1.108e-01 overlap=3.115e-03
[S4M2] mode=10/45 alpha=0.095000 p_rel=6.779e-02 overlap=8.684e-04
[S4M2] mode=20/45 alpha=0.145000 p_rel=2.383e-02 overlap=1.213e-04
[S4M2] mode=30/45 alpha=0.195000 p_rel=4.912e-02 overlap=5.592e-04
[S4M2] mode=40/45 alpha=0.245000 p_rel=3.156e-02 overlap=1.978e-04
[S4M2] mode=45/45 alpha=0.270000 p_rel=2.300e-01 overlap=8.323e-03

DENSE MODAL SUMMARY
model            subset  n_modes  kappa_nrmse_mean  q_nrmse_mean  log_amp_rmse_mean  pressure_rel_l2_mean  pressure_overlap_error_mean
   S4               all       45          0.260345      0.113806           0.168253              0.340260                     0.047640
   S4        off_anchor       41          0.268679      0.117284           0.170982              0.347783                     0.047907
   S4 S4M2_modal_anchor        4          0.174927      0.078150           0.140275              0.263146                     0.044898
 S4M2               all       45          0.085665      0.024363           0.028537              0.064251                     0.001142
 S4M2        off_anchor       41          0.092387      0.026369           0.029297              0.069944                     0.001252
 S4M2 S4M2_modal_anchor        4          0.016763      0.003803           0.020750              0.005900                     0.000012

LOCAL SUPERSONIC DENSE MODAL AUDIT: COMPLETED

end: Tue Jul 28 12:22:09 PM CEST 2026
