===== LONG LOCAL SUPERSONIC M150 =====
job        : 334197
node       : r7i4n2
config     : assets/pinn_supersonic/pilots/local_M150_sparse_v1/configs/S4M4.json
output     : assets/pinn_supersonic/pilots/local_M150_sparse_v1/runs/long_S4M4
start      : Tue Jul 28 12:01:36 PM CEST 2026

Tue Jul 28 12:01:36 2026       
+-----------------------------------------------------------------------------------------+
| NVIDIA-SMI 580.159.03             Driver Version: 580.159.03     CUDA Version: 13.0     |
+-----------------------------------------+------------------------+----------------------+
| GPU  Name                 Persistence-M | Bus-Id          Disp.A | Volatile Uncorr. ECC |
| Fan  Temp   Perf          Pwr:Usage/Cap |           Memory-Usage | GPU-Util  Compute M. |
|                                         |                        |               MIG M. |
|=========================================+========================+======================|
|   0  Tesla V100-SXM2-32GB           On  |   00000000:1A:00.0 Off |                    0 |
| N/A   47C    P0             45W /  300W |       0MiB /  32768MiB |      0%      Default |
|                                         |                        |                  N/A |
+-----------------------------------------+------------------------+----------------------+

+-----------------------------------------------------------------------------------------+
| Processes:                                                                              |
|  GPU   GI   CI              PID   Type   Process name                        GPU Memory |
|        ID   ID                                                               Usage      |
|=========================================================================================|
|  No running processes found                                                             |
+-----------------------------------------------------------------------------------------+
[spectral_prefit] 1/2000 loss=1.360768e+00
[spectral_prefit] 100/2000 loss=4.381327e-02
[spectral_prefit] 200/2000 loss=2.302754e-03
[spectral_prefit] 300/2000 loss=2.202859e-04
[spectral_prefit] 400/2000 loss=2.343702e-05
[spectral_prefit] 500/2000 loss=2.439818e-06
[spectral_prefit] 600/2000 loss=1.906028e-07
[spectral_prefit] 700/2000 loss=1.044029e-08
[spectral_prefit] 800/2000 loss=3.987997e-10
[spectral_prefit] 900/2000 loss=1.650814e-11
[spectral_prefit] 1000/2000 loss=1.879971e-12
[spectral_prefit] 1100/2000 loss=7.271960e-13
[spectral_prefit] 1200/2000 loss=2.853829e-13
[spectral_prefit] 1300/2000 loss=2.038147e-13
[spectral_prefit] 1400/2000 loss=9.402856e-14
[spectral_prefit] 1500/2000 loss=9.402856e-14
[spectral_prefit] 1600/2000 loss=4.177228e-14
[spectral_prefit] 1700/2000 loss=2.350714e-14
[spectral_prefit] 1800/2000 loss=1.860300e-14
[spectral_prefit] 1900/2000 loss=8.282713e-15
[spectral_prefit] 2000/2000 loss=1.689286e-15
[modal_frozen_spectrum] 1/4000 loss=6.148241e+01 ric=(9.689e-02,9.863e-02) spec=0.000e+00 modal=(3.768e+01,2.022e+00,1.454e+00)
[modal_frozen_spectrum] 100/4000 loss=2.900089e-01 ric=(1.153e-02,1.114e-02) spec=0.000e+00 modal=(1.903e-02,6.336e-03,2.083e-01)
[modal_frozen_spectrum] 200/4000 loss=2.049347e-01 ric=(4.773e-03,4.362e-03) spec=0.000e+00 modal=(1.306e-02,2.932e-03,1.291e-01)
[modal_frozen_spectrum] 300/4000 loss=1.333983e-01 ric=(3.003e-03,2.756e-03) spec=0.000e+00 modal=(1.527e-02,1.876e-03,9.795e-02)
[modal_frozen_spectrum] 400/4000 loss=1.007142e-01 ric=(2.152e-03,2.097e-03) spec=0.000e+00 modal=(1.249e-02,1.378e-03,7.449e-02)
[modal_frozen_spectrum] 500/4000 loss=8.552326e-02 ric=(1.774e-03,1.543e-03) spec=0.000e+00 modal=(1.250e-02,1.104e-03,5.715e-02)
[modal_frozen_spectrum] 600/4000 loss=1.039408e-01 ric=(1.444e-03,1.339e-03) spec=0.000e+00 modal=(1.209e-02,9.166e-04,4.591e-02)
[modal_frozen_spectrum] 700/4000 loss=7.494044e-02 ric=(1.209e-03,1.021e-03) spec=0.000e+00 modal=(1.029e-02,7.626e-04,3.709e-02)
[modal_frozen_spectrum] 800/4000 loss=7.627589e-02 ric=(9.479e-04,9.787e-04) spec=0.000e+00 modal=(5.157e-03,6.686e-04,3.098e-02)
[modal_frozen_spectrum] 900/4000 loss=9.854939e-02 ric=(1.064e-03,1.149e-03) spec=0.000e+00 modal=(7.632e-04,6.008e-04,2.770e-02)
[modal_frozen_spectrum] 1000/4000 loss=3.782677e-02 ric=(7.522e-04,6.903e-04) spec=0.000e+00 modal=(7.736e-03,5.233e-04,2.439e-02)
[modal_frozen_spectrum] 1100/4000 loss=3.359345e-02 ric=(5.890e-04,6.242e-04) spec=0.000e+00 modal=(8.497e-03,4.691e-04,2.122e-02)
[modal_frozen_spectrum] 1200/4000 loss=2.964640e-02 ric=(5.823e-04,5.164e-04) spec=0.000e+00 modal=(7.241e-03,4.231e-04,1.839e-02)
[modal_frozen_spectrum] 1300/4000 loss=2.712569e-02 ric=(4.787e-04,5.157e-04) spec=0.000e+00 modal=(7.338e-03,3.837e-04,1.595e-02)
[modal_frozen_spectrum] 1400/4000 loss=2.537638e-02 ric=(4.519e-04,4.717e-04) spec=0.000e+00 modal=(7.069e-03,3.526e-04,1.385e-02)
[modal_frozen_spectrum] 1500/4000 loss=2.572086e-02 ric=(4.118e-04,4.528e-04) spec=0.000e+00 modal=(6.057e-03,3.170e-04,1.203e-02)
[modal_frozen_spectrum] 1600/4000 loss=3.595723e-02 ric=(4.284e-04,4.340e-04) spec=0.000e+00 modal=(3.749e-03,2.791e-04,1.086e-02)
[modal_frozen_spectrum] 1700/4000 loss=1.164038e-01 ric=(8.419e-04,7.500e-04) spec=0.000e+00 modal=(7.450e-04,3.048e-04,1.103e-02)
[modal_frozen_spectrum] 1800/4000 loss=6.069378e-02 ric=(6.886e-04,7.612e-04) spec=0.000e+00 modal=(2.174e-03,2.857e-04,1.076e-02)
[modal_frozen_spectrum] 1900/4000 loss=2.119707e-02 ric=(4.001e-04,4.377e-04) spec=0.000e+00 modal=(5.926e-03,2.133e-04,9.967e-03)
[modal_frozen_spectrum] 2000/4000 loss=1.747980e-02 ric=(3.591e-04,3.575e-04) spec=0.000e+00 modal=(6.357e-03,1.988e-04,8.834e-03)
[modal_frozen_spectrum] 2100/4000 loss=1.563036e-02 ric=(3.301e-04,2.885e-04) spec=0.000e+00 modal=(5.525e-03,1.898e-04,7.776e-03)
[modal_frozen_spectrum] 2200/4000 loss=1.491146e-02 ric=(2.859e-04,3.603e-04) spec=0.000e+00 modal=(5.462e-03,1.738e-04,6.778e-03)
[modal_frozen_spectrum] 2300/4000 loss=1.345784e-02 ric=(2.669e-04,2.770e-04) spec=0.000e+00 modal=(4.064e-03,1.793e-04,5.878e-03)
[modal_frozen_spectrum] 2400/4000 loss=1.807644e-02 ric=(2.615e-04,2.390e-04) spec=0.000e+00 modal=(4.476e-03,1.536e-04,5.123e-03)
[modal_frozen_spectrum] 2500/4000 loss=6.416889e-02 ric=(4.392e-04,4.541e-04) spec=0.000e+00 modal=(6.061e-04,1.791e-04,5.068e-03)
[modal_frozen_spectrum] 2600/4000 loss=2.985140e-02 ric=(4.005e-04,3.985e-04) spec=0.000e+00 modal=(4.519e-03,1.406e-04,5.533e-03)
[modal_frozen_spectrum] 2700/4000 loss=1.092707e-02 ric=(2.425e-04,2.445e-04) spec=0.000e+00 modal=(4.084e-03,1.000e-04,5.129e-03)
[modal_frozen_spectrum] 2800/4000 loss=1.041984e-02 ric=(2.360e-04,2.185e-04) spec=0.000e+00 modal=(4.156e-03,9.459e-05,4.677e-03)
[modal_frozen_spectrum] 2900/4000 loss=9.550381e-03 ric=(1.900e-04,2.211e-04) spec=0.000e+00 modal=(3.899e-03,9.503e-05,4.269e-03)
[modal_frozen_spectrum] 3000/4000 loss=9.496233e-03 ric=(2.005e-04,2.042e-04) spec=0.000e+00 modal=(4.271e-03,8.704e-05,3.885e-03)
[modal_frozen_spectrum] 3100/4000 loss=8.914582e-03 ric=(1.813e-04,1.717e-04) spec=0.000e+00 modal=(4.011e-03,7.994e-05,3.541e-03)
[modal_frozen_spectrum] 3200/4000 loss=8.594525e-03 ric=(1.842e-04,1.637e-04) spec=0.000e+00 modal=(3.982e-03,7.546e-05,3.233e-03)
[modal_frozen_spectrum] 3300/4000 loss=9.398350e-03 ric=(1.611e-04,1.851e-04) spec=0.000e+00 modal=(3.638e-03,7.142e-05,2.963e-03)
[modal_frozen_spectrum] 3400/4000 loss=3.397965e-02 ric=(2.544e-04,2.658e-04) spec=0.000e+00 modal=(3.424e-03,8.752e-05,2.925e-03)
[modal_frozen_spectrum] 3500/4000 loss=4.265970e-02 ric=(4.054e-04,4.153e-04) spec=0.000e+00 modal=(4.337e-04,1.784e-04,3.593e-03)
[modal_frozen_spectrum] 3600/4000 loss=3.926905e-02 ric=(4.064e-04,4.570e-04) spec=0.000e+00 modal=(8.954e-04,1.397e-04,3.794e-03)
[modal_frozen_spectrum] 3700/4000 loss=1.922423e-02 ric=(3.056e-04,3.093e-04) spec=0.000e+00 modal=(7.680e-04,9.039e-05,3.965e-03)
[modal_frozen_spectrum] 3800/4000 loss=1.221534e-02 ric=(1.978e-04,1.975e-04) spec=0.000e+00 modal=(4.509e-03,1.055e-04,3.648e-03)
[modal_frozen_spectrum] 3900/4000 loss=8.531020e-03 ric=(1.624e-04,1.302e-04) spec=0.000e+00 modal=(4.227e-03,5.128e-05,3.356e-03)
[modal_frozen_spectrum] 4000/4000 loss=7.399175e-03 ric=(1.456e-04,1.445e-04) spec=0.000e+00 modal=(3.478e-03,4.625e-05,3.093e-03)
[joint] 1/4000 loss=6.612225e-03 ric=(1.599e-04,1.511e-04) spec=1.689e-15 modal=(2.738e-03,4.563e-05,3.090e-03)
[joint] 100/4000 loss=5.909381e-03 ric=(1.812e-04,1.632e-04) spec=4.633e-09 modal=(1.673e-04,4.440e-05,2.880e-03)
[joint] 200/4000 loss=4.310895e-03 ric=(1.224e-04,1.332e-04) spec=1.691e-10 modal=(1.963e-04,3.901e-05,2.563e-03)
[joint] 300/4000 loss=4.857714e-03 ric=(1.284e-04,1.170e-04) spec=4.647e-10 modal=(2.320e-04,3.820e-05,2.275e-03)
[joint] 400/4000 loss=6.576724e-03 ric=(1.173e-04,1.377e-04) spec=3.334e-09 modal=(1.604e-04,3.561e-05,2.073e-03)
[joint] 500/4000 loss=6.531427e-03 ric=(1.079e-04,1.177e-04) spec=1.152e-08 modal=(2.697e-04,3.426e-05,1.872e-03)
[joint] 600/4000 loss=5.064872e-03 ric=(9.328e-05,1.057e-04) spec=1.568e-07 modal=(1.983e-03,3.004e-05,1.794e-03)
[joint] 700/4000 loss=3.946768e-03 ric=(9.643e-05,9.915e-05) spec=1.133e-08 modal=(1.403e-03,3.162e-05,1.676e-03)
[joint] 800/4000 loss=5.386241e-03 ric=(8.252e-05,9.811e-05) spec=1.377e-09 modal=(1.218e-03,2.883e-05,1.553e-03)
[joint] 900/4000 loss=5.603050e-03 ric=(9.530e-05,1.039e-04) spec=1.022e-08 modal=(1.224e-03,3.197e-05,1.461e-03)
[joint] 1000/4000 loss=8.115337e-03 ric=(1.030e-04,1.507e-04) spec=1.169e-07 modal=(2.606e-04,4.977e-05,1.379e-03)
[joint] 1100/4000 loss=3.753172e-03 ric=(8.725e-05,7.967e-05) spec=2.329e-09 modal=(1.932e-03,2.068e-05,1.334e-03)
[joint] 1200/4000 loss=3.610735e-03 ric=(8.348e-05,8.848e-05) spec=1.752e-08 modal=(1.829e-03,1.946e-05,1.276e-03)
[joint] 1300/4000 loss=3.368983e-03 ric=(8.041e-05,7.730e-05) spec=1.538e-08 modal=(1.739e-03,1.887e-05,1.216e-03)
[joint] 1400/4000 loss=3.125383e-03 ric=(7.443e-05,8.130e-05) spec=2.348e-09 modal=(1.487e-03,1.835e-05,1.157e-03)
[joint] 1500/4000 loss=3.092450e-03 ric=(8.133e-05,7.889e-05) spec=1.458e-09 modal=(1.496e-03,1.905e-05,1.098e-03)
[joint] 1600/4000 loss=3.068549e-03 ric=(7.954e-05,7.274e-05) spec=1.099e-09 modal=(1.536e-03,2.013e-05,1.041e-03)
[joint] 1700/4000 loss=3.001427e-03 ric=(6.215e-05,6.943e-05) spec=7.496e-10 modal=(1.511e-03,1.781e-05,9.853e-04)
[joint] 1800/4000 loss=2.928759e-03 ric=(6.322e-05,7.158e-05) spec=4.185e-10 modal=(1.434e-03,1.699e-05,9.337e-04)
[joint] 1900/4000 loss=3.070981e-03 ric=(6.323e-05,7.134e-05) spec=3.918e-10 modal=(1.376e-03,1.751e-05,8.826e-04)
[joint] 2000/4000 loss=5.972778e-03 ric=(8.077e-05,7.513e-05) spec=1.100e-10 modal=(1.181e-03,1.912e-05,8.541e-04)
[joint] 2100/4000 loss=9.185923e-03 ric=(8.568e-05,9.037e-05) spec=1.372e-09 modal=(9.498e-04,1.872e-05,8.305e-04)
[joint] 2200/4000 loss=1.530143e-02 ric=(1.827e-04,1.748e-04) spec=3.395e-08 modal=(3.100e-04,3.998e-05,9.584e-04)
[joint] 2300/4000 loss=5.067544e-03 ric=(1.166e-04,8.562e-05) spec=3.032e-10 modal=(7.259e-05,2.429e-05,9.292e-04)
[joint] 2400/4000 loss=1.795236e-03 ric=(6.758e-05,6.548e-05) spec=2.953e-11 modal=(1.605e-05,1.376e-05,8.724e-04)
[joint] 2500/4000 loss=1.772334e-03 ric=(7.022e-05,6.161e-05) spec=8.563e-11 modal=(1.613e-05,1.183e-05,8.176e-04)
[joint] 2600/4000 loss=2.657185e-03 ric=(6.251e-05,5.894e-05) spec=1.793e-10 modal=(1.967e-05,1.174e-05,7.716e-04)
[joint] 2700/4000 loss=4.868215e-03 ric=(9.040e-05,7.304e-05) spec=9.011e-10 modal=(5.532e-05,1.457e-05,7.415e-04)
[joint] 2800/4000 loss=4.598362e-03 ric=(8.596e-05,8.533e-05) spec=2.251e-08 modal=(5.865e-05,1.746e-05,7.310e-04)
[joint] 2900/4000 loss=5.581138e-03 ric=(9.114e-05,1.013e-04) spec=5.284e-08 modal=(7.944e-05,1.719e-05,7.282e-04)
[joint] 3000/4000 loss=2.827383e-03 ric=(5.759e-05,5.901e-05) spec=1.431e-08 modal=(1.878e-05,9.702e-06,7.035e-04)
[joint] 3100/4000 loss=2.372066e-03 ric=(6.316e-05,4.962e-05) spec=2.930e-09 modal=(4.350e-04,1.134e-05,6.523e-04)
[joint] 3200/4000 loss=1.772067e-03 ric=(5.586e-05,5.378e-05) spec=2.072e-08 modal=(5.195e-05,3.057e-05,6.210e-04)
[joint] 3300/4000 loss=2.208977e-03 ric=(6.097e-05,5.597e-05) spec=7.553e-09 modal=(4.942e-04,1.047e-05,5.909e-04)
[joint] 3400/4000 loss=2.305151e-03 ric=(6.058e-05,6.705e-05) spec=9.249e-09 modal=(2.356e-04,1.485e-05,5.702e-04)
[joint] 3500/4000 loss=3.277566e-03 ric=(6.027e-05,5.753e-05) spec=6.952e-10 modal=(1.692e-04,1.138e-05,5.544e-04)
[joint] 3600/4000 loss=2.958543e-03 ric=(5.688e-05,5.841e-05) spec=6.895e-08 modal=(2.934e-04,1.081e-05,5.327e-04)
[joint] 3700/4000 loss=2.115534e-03 ric=(5.991e-05,4.444e-05) spec=1.272e-07 modal=(2.931e-05,9.263e-06,5.129e-04)
[joint] 3800/4000 loss=4.498325e-03 ric=(6.182e-05,5.218e-05) spec=8.101e-08 modal=(2.087e-03,9.406e-06,4.946e-04)
[joint] 3900/4000 loss=2.474997e-03 ric=(4.491e-05,4.232e-05) spec=8.004e-09 modal=(1.745e-03,1.028e-05,4.825e-04)
[joint] 4000/4000 loss=2.376945e-03 ric=(4.127e-05,3.561e-05) spec=6.874e-09 modal=(1.693e-03,7.524e-06,4.689e-04)

SPECTRAL METRICS
{
  "cr_mae": 0.0022796194875616964,
  "cr_max_abs": 0.008903751423115835,
  "ci_mae": 0.005251006239948632,
  "ci_max_abs": 0.02074032869722397,
  "omega_i_mae": 0.0006877192095961489
}

LOCAL SUPERSONIC TRAINING: COMPLETED

end: Tue Jul 28 12:08:47 PM CEST 2026
