reconstruct signature: (*, alpha: 'float', mach: 'float', cr: 'float', ci: 'float', ln_p_start_right: 'float', match_y: 'float', use_mapping: 'bool', mapping_scale: 'float', min_y_limit: 'float', max_y_limit: 'float', y_limit_factor: 'float', max_step: 'float' = inf) -> 'dict[str, np.ndarray]'
M=1.0000 s=0.3500 alpha=0.12682273 quality=modal_certified reason=all_checks_passed
M=1.0000 s=0.2000 alpha=0.07247013 quality=modal_certified reason=all_checks_passed
M=1.0000 s=0.1000 alpha=0.03623507 quality=modal_certified reason=all_operator_checks_passed;slow_decay_tail
M=1.0000 s=0.0500 alpha=0.01811753 quality=modal_certified reason=all_operator_checks_passed;slow_decay_tail
M=1.0000 s=0.5000 alpha=0.18117533 quality=modal_certified reason=all_checks_passed
M=1.0000 s=0.6500 alpha=0.23552792 quality=modal_certified reason=all_checks_passed
M=1.0000 s=0.7800 alpha=0.28263351 quality=modal_certified reason=all_checks_passed
M=1.0000 s=0.8700 alpha=0.31524507 quality=modal_certified reason=all_checks_passed
M=1.0000 s=0.9300 alpha=0.33698611 quality=modal_certified reason=all_checks_passed
M=1.0000 s=0.9700 alpha=0.35148013 quality=modal_certified reason=all_operator_checks_passed;slow_decay_tail
M=1.0000 s=0.9850 alpha=0.35691539 quality=modal_certified reason=all_operator_checks_passed;slow_decay_tail
{
  "Mach": 1.0,
  "n_requested": 11,
  "n_completed": 11,
  "quality_counts": {
    "modal_certified": 11
  }
}
