reconstruct signature: (*, alpha: 'float', mach: 'float', cr: 'float', ci: 'float', ln_p_start_right: 'float', match_y: 'float', use_mapping: 'bool', mapping_scale: 'float', min_y_limit: 'float', max_y_limit: 'float', y_limit_factor: 'float', max_step: 'float' = inf) -> 'dict[str, np.ndarray]'
M=1.1000 s=0.3500 alpha=0.12164012 quality=modal_certified reason=all_checks_passed
M=1.1000 s=0.2000 alpha=0.06950864 quality=modal_certified reason=all_checks_passed
M=1.1000 s=0.1000 alpha=0.03475432 quality=modal_certified reason=all_operator_checks_passed;slow_decay_tail
M=1.1000 s=0.0500 alpha=0.01737716 quality=modal_certified reason=all_operator_checks_passed;slow_decay_tail
M=1.1000 s=0.5000 alpha=0.17377160 quality=modal_certified reason=all_checks_passed
M=1.1000 s=0.6500 alpha=0.22590308 quality=modal_certified reason=all_checks_passed
M=1.1000 s=0.7800 alpha=0.27108369 quality=modal_certified reason=all_checks_passed
M=1.1000 s=0.8700 alpha=0.30236258 quality=modal_certified reason=all_checks_passed
M=1.1000 s=0.9300 alpha=0.32321517 quality=modal_certified reason=all_checks_passed
M=1.1000 s=0.9700 alpha=0.33711690 quality=modal_certified reason=all_operator_checks_passed;slow_decay_tail
M=1.1000 s=0.9850 alpha=0.34233005 quality=modal_certified reason=all_operator_checks_passed;slow_decay_tail
{
  "Mach": 1.1,
  "n_requested": 11,
  "n_completed": 11,
  "quality_counts": {
    "modal_certified": 11
  }
}
