reconstruct signature: (*, alpha: 'float', mach: 'float', cr: 'float', ci: 'float', ln_p_start_right: 'float', match_y: 'float', use_mapping: 'bool', mapping_scale: 'float', min_y_limit: 'float', max_y_limit: 'float', y_limit_factor: 'float', max_step: 'float' = inf) -> 'dict[str, np.ndarray]'
M=1.0200 s=0.3500 alpha=0.12645475 quality=modal_certified reason=all_checks_passed
M=1.0200 s=0.2000 alpha=0.07225986 quality=modal_certified reason=all_checks_passed
M=1.0200 s=0.1000 alpha=0.03612993 quality=modal_certified reason=all_operator_checks_passed;slow_decay_tail
M=1.0200 s=0.0500 alpha=0.01806496 quality=modal_certified reason=all_operator_checks_passed;slow_decay_tail
M=1.0200 s=0.5000 alpha=0.18064965 quality=modal_certified reason=all_checks_passed
M=1.0200 s=0.6500 alpha=0.23484454 quality=modal_certified reason=all_checks_passed
M=1.0200 s=0.7800 alpha=0.28181345 quality=modal_certified reason=all_checks_passed
M=1.0200 s=0.8700 alpha=0.31433038 quality=modal_certified reason=all_checks_passed
M=1.0200 s=0.9300 alpha=0.33600834 quality=modal_certified reason=all_checks_passed
M=1.0200 s=0.9700 alpha=0.35046031 quality=modal_certified reason=all_operator_checks_passed;slow_decay_tail
M=1.0200 s=0.9850 alpha=0.35587980 quality=modal_certified reason=all_operator_checks_passed;slow_decay_tail
{
  "Mach": 1.02,
  "n_requested": 11,
  "n_completed": 11,
  "quality_counts": {
    "modal_certified": 11
  }
}
