reconstruct signature: (*, alpha: 'float', mach: 'float', cr: 'float', ci: 'float', ln_p_start_right: 'float', match_y: 'float', use_mapping: 'bool', mapping_scale: 'float', min_y_limit: 'float', max_y_limit: 'float', y_limit_factor: 'float', max_step: 'float' = inf) -> 'dict[str, np.ndarray]'
M=1.9500 s=0.5000 alpha=0.10673872 quality=modal_certified reason=all_operator_checks_passed;slow_decay_tail
M=1.9500 s=0.3500 alpha=0.07471711 quality=modal_certified reason=all_operator_checks_passed;slow_decay_tail
M=1.9500 s=0.2000 alpha=0.04269549 quality=modal_certified reason=all_operator_checks_passed;slow_decay_tail
M=1.9500 s=0.1000 alpha=0.02134774 quality=modal_certified reason=all_operator_checks_passed;slow_decay_tail
M=1.9500 s=0.0500 alpha=0.01067387 quality=modal_certified reason=all_operator_checks_passed;slow_decay_tail
M=1.9500 s=0.6500 alpha=0.13876034 quality=modal_certified reason=all_checks_passed
M=1.9500 s=0.7800 alpha=0.16651241 quality=modal_certified reason=all_operator_checks_passed;slow_decay_tail
M=1.9500 s=0.8700 alpha=0.18572538 quality=modal_certified reason=all_operator_checks_passed;slow_decay_tail
M=1.9500 s=0.9300 alpha=0.19853403 quality=modal_certified reason=all_operator_checks_passed;slow_decay_tail
M=1.9500 s=0.9700 alpha=0.20707312 quality=modal_certified reason=all_operator_checks_passed;slow_decay_tail
M=1.9500 s=0.9850 alpha=0.21027529 quality=modal_certified reason=all_operator_checks_passed;slow_decay_tail
{
  "Mach": 1.95,
  "n_requested": 11,
  "n_completed": 11,
  "quality_counts": {
    "modal_certified": 11
  }
}
