reconstruct signature: (*, alpha: 'float', mach: 'float', cr: 'float', ci: 'float', ln_p_start_right: 'float', match_y: 'float', use_mapping: 'bool', mapping_scale: 'float', min_y_limit: 'float', max_y_limit: 'float', y_limit_factor: 'float', max_step: 'float' = inf) -> 'dict[str, np.ndarray]'
M=1.8000 s=0.5000 alpha=0.11495986 quality=modal_certified reason=all_checks_passed
M=1.8000 s=0.3500 alpha=0.08047190 quality=modal_certified reason=all_operator_checks_passed;slow_decay_tail
M=1.8000 s=0.2000 alpha=0.04598394 quality=modal_certified reason=all_operator_checks_passed;slow_decay_tail
M=1.8000 s=0.1000 alpha=0.02299197 quality=modal_certified reason=all_operator_checks_passed;slow_decay_tail
M=1.8000 s=0.0500 alpha=0.01149599 quality=modal_certified reason=all_operator_checks_passed;slow_decay_tail
M=1.8000 s=0.6500 alpha=0.14944781 quality=modal_certified reason=all_checks_passed
M=1.8000 s=0.7800 alpha=0.17933738 quality=modal_certified reason=all_operator_checks_passed;slow_decay_tail
M=1.8000 s=0.8700 alpha=0.20003015 quality=modal_certified reason=all_operator_checks_passed;slow_decay_tail
M=1.8000 s=0.9300 alpha=0.21382533 quality=modal_certified reason=all_operator_checks_passed;slow_decay_tail
M=1.8000 s=0.9700 alpha=0.22302212 quality=modal_certified reason=all_operator_checks_passed;slow_decay_tail
M=1.8000 s=0.9850 alpha=0.22647092 quality=modal_certified reason=all_operator_checks_passed;slow_decay_tail
{
  "Mach": 1.8,
  "n_requested": 11,
  "n_completed": 11,
  "quality_counts": {
    "modal_certified": 11
  }
}
