reconstruct signature: (*, alpha: 'float', mach: 'float', cr: 'float', ci: 'float', ln_p_start_right: 'float', match_y: 'float', use_mapping: 'bool', mapping_scale: 'float', min_y_limit: 'float', max_y_limit: 'float', y_limit_factor: 'float', max_step: 'float' = inf) -> 'dict[str, np.ndarray]'
M=1.6500 s=0.5000 alpha=0.12441809 quality=modal_certified reason=all_checks_passed
M=1.6500 s=0.3500 alpha=0.08709266 quality=modal_certified reason=all_checks_passed
M=1.6500 s=0.2000 alpha=0.04976724 quality=modal_certified reason=all_operator_checks_passed;slow_decay_tail
M=1.6500 s=0.1000 alpha=0.02488362 quality=modal_certified reason=all_operator_checks_passed;slow_decay_tail
M=1.6500 s=0.0500 alpha=0.01244181 quality=modal_certified reason=all_operator_checks_passed;slow_decay_tail
M=1.6500 s=0.6500 alpha=0.16174351 quality=modal_certified reason=all_checks_passed
M=1.6500 s=0.7800 alpha=0.19409222 quality=modal_certified reason=all_checks_passed
M=1.6500 s=0.8700 alpha=0.21648747 quality=modal_certified reason=all_checks_passed
M=1.6500 s=0.9300 alpha=0.23141764 quality=modal_certified reason=all_operator_checks_passed;slow_decay_tail
M=1.6500 s=0.9700 alpha=0.24137109 quality=modal_certified reason=all_operator_checks_passed;slow_decay_tail
M=1.6500 s=0.9850 alpha=0.24510363 quality=modal_certified reason=all_operator_checks_passed;slow_decay_tail
{
  "Mach": 1.65,
  "n_requested": 11,
  "n_completed": 11,
  "quality_counts": {
    "modal_certified": 11
  }
}
