reconstruct signature: (*, alpha: 'float', mach: 'float', cr: 'float', ci: 'float', ln_p_start_right: 'float', match_y: 'float', use_mapping: 'bool', mapping_scale: 'float', min_y_limit: 'float', max_y_limit: 'float', y_limit_factor: 'float', max_step: 'float' = inf) -> 'dict[str, np.ndarray]'
M=1.3500 s=0.3500 alpha=0.10405321 quality=modal_certified reason=all_checks_passed
M=1.3500 s=0.2000 alpha=0.05945898 quality=modal_certified reason=all_checks_passed
M=1.3500 s=0.1000 alpha=0.02972949 quality=modal_certified reason=all_checks_passed
M=1.3500 s=0.0500 alpha=0.01486474 quality=modal_certified reason=all_operator_checks_passed;slow_decay_tail
M=1.3500 s=0.5000 alpha=0.14864744 quality=modal_certified reason=all_checks_passed
M=1.3500 s=0.6500 alpha=0.19324167 quality=modal_certified reason=all_checks_passed
M=1.3500 s=0.7800 alpha=0.23189001 quality=modal_certified reason=all_checks_passed
M=1.3500 s=0.8700 alpha=0.25864655 quality=modal_certified reason=all_checks_passed
M=1.3500 s=0.9300 alpha=0.27648424 quality=modal_certified reason=all_operator_checks_passed;slow_decay_tail
M=1.3500 s=0.9700 alpha=0.28837603 quality=modal_certified reason=all_operator_checks_passed;slow_decay_tail
M=1.3500 s=0.9850 alpha=0.29283546 quality=modal_certified reason=all_operator_checks_passed;slow_decay_tail
{
  "Mach": 1.35,
  "n_requested": 11,
  "n_completed": 11,
  "quality_counts": {
    "modal_certified": 11
  }
}
