reconstruct signature: (*, alpha: 'float', mach: 'float', cr: 'float', ci: 'float', ln_p_start_right: 'float', match_y: 'float', use_mapping: 'bool', mapping_scale: 'float', min_y_limit: 'float', max_y_limit: 'float', y_limit_factor: 'float', max_step: 'float' = inf) -> 'dict[str, np.ndarray]'
M=2.0000 s=0.5000 alpha=0.10428099 quality=modal_certified reason=all_operator_checks_passed;slow_decay_tail
M=2.0000 s=0.3500 alpha=0.07299669 quality=modal_certified reason=all_operator_checks_passed;slow_decay_tail
M=2.0000 s=0.2000 alpha=0.04171240 quality=modal_certified reason=all_operator_checks_passed;slow_decay_tail
M=2.0000 s=0.1000 alpha=0.02085620 quality=modal_certified reason=all_operator_checks_passed;slow_decay_tail
M=2.0000 s=0.0500 alpha=0.01042810 quality=modal_certified reason=all_operator_checks_passed;slow_decay_tail
M=2.0000 s=0.6500 alpha=0.13556529 quality=modal_certified reason=all_operator_checks_passed;slow_decay_tail
M=2.0000 s=0.7800 alpha=0.16267834 quality=modal_certified reason=all_operator_checks_passed;slow_decay_tail
M=2.0000 s=0.8700 alpha=0.18144892 quality=modal_certified reason=all_operator_checks_passed;slow_decay_tail
M=2.0000 s=0.9300 alpha=0.19396264 quality=modal_certified reason=all_operator_checks_passed;slow_decay_tail
M=2.0000 s=0.9700 alpha=0.20230512 quality=modal_certified reason=all_operator_checks_passed;slow_decay_tail
M=2.0000 s=0.9850 alpha=0.20543355 quality=modal_certified reason=all_operator_checks_passed;slow_decay_tail
{
  "Mach": 2.0,
  "n_requested": 11,
  "n_completed": 11,
  "quality_counts": {
    "modal_certified": 11
  }
}
