============================================================
FINAL MODAL RECONSTRUCTION
Mach  = 1.15
tag   = 115
node  = r3i5n6
start = Fri Aug  7 08:51:24 PM CEST 2026
============================================================
[01/57] source=pinn   alpha=0.06000 |dc|=5.503e-07 stage2=6.186e-23 p40=3.898e-06 ov40=7.143e-12 time=1.10s
[02/57] source=pinn   alpha=0.06500 |dc|=3.773e-05 stage2=2.994e-23 p40=5.815e-05 ov40=1.384e-09 time=1.11s
[03/57] source=pinn   alpha=0.07000 |dc|=8.696e-10 stage2=4.566e-21 p40=5.057e-06 ov40=1.197e-11 time=1.15s
[04/57] source=pinn   alpha=0.07500 |dc|=5.963e-10 stage2=1.099e-21 p40=6.038e-06 ov40=1.701e-11 time=1.15s
[05/57] source=pinn   alpha=0.08000 |dc|=1.966e-08 stage2=2.468e-22 p40=7.118e-06 ov40=2.359e-11 time=1.17s
[06/57] source=pinn   alpha=0.08500 |dc|=1.059e-08 stage2=1.760e-22 p40=8.260e-06 ov40=3.170e-11 time=1.17s
[07/57] source=pinn   alpha=0.09000 |dc|=8.586e-09 stage2=5.802e-22 p40=9.426e-06 ov40=4.120e-11 time=1.19s
[08/57] source=pinn   alpha=0.09500 |dc|=1.321e-06 stage2=1.984e-21 p40=1.013e-05 ov40=4.946e-11 time=1.19s
[09/57] source=pinn   alpha=0.10000 |dc|=1.672e-05 stage2=6.247e-21 p40=3.523e-05 ov40=5.605e-10 time=1.21s
[10/57] source=pinn   alpha=0.10500 |dc|=9.839e-09 stage2=1.480e-20 p40=1.367e-05 ov40=8.615e-11 time=1.21s
[11/57] source=pinn   alpha=0.11000 |dc|=1.855e-08 stage2=2.853e-20 p40=1.521e-05 ov40=1.066e-10 time=1.22s
[12/57] source=pinn   alpha=0.11500 |dc|=1.999e-05 stage2=5.382e-20 p40=5.577e-05 ov40=1.385e-09 time=1.23s
[13/57] source=pinn   alpha=0.12000 |dc|=5.489e-05 stage2=2.381e-21 p40=1.335e-04 ov40=7.936e-09 time=1.77s
[14/57] source=pinn   alpha=0.12500 |dc|=3.442e-05 stage2=2.504e-01 p40=8.343e-05 ov40=3.142e-09 time=5.75s
[15/57] source=pinn   alpha=0.13000 |dc|=1.023e-05 stage2=1.743e+00 p40=2.615e-05 ov40=3.330e-10 time=5.77s
[16/57] source=pinn   alpha=0.13500 |dc|=1.291e-08 stage2=4.714e+00 p40=2.478e-05 ov40=2.809e-10 time=5.77s
[17/57] source=pinn   alpha=0.14000 |dc|=4.236e-09 stage2=9.344e+00 p40=2.710e-05 ov40=3.358e-10 time=5.85s
[18/57] source=pinn   alpha=0.14500 |dc|=1.559e-08 stage2=1.584e+01 p40=2.955e-05 ov40=3.985e-10 time=5.84s
[19/57] source=pinn   alpha=0.15000 |dc|=1.178e-08 stage2=2.444e+01 p40=3.208e-05 ov40=4.689e-10 time=5.86s
[20/57] source=pinn   alpha=0.15500 |dc|=4.629e-09 stage2=3.545e+01 p40=3.482e-05 ov40=5.515e-10 time=5.91s
[21/57] source=pinn   alpha=0.16000 |dc|=1.853e-08 stage2=4.919e+01 p40=3.769e-05 ov40=6.452e-10 time=5.91s
[22/57] source=pinn   alpha=0.16500 |dc|=8.146e-09 stage2=6.608e+01 p40=4.077e-05 ov40=7.538e-10 time=5.92s
[23/57] source=pinn   alpha=0.17000 |dc|=1.336e-08 stage2=8.659e+01 p40=4.403e-05 ov40=8.775e-10 time=5.99s
[24/57] source=pinn   alpha=0.17500 |dc|=1.804e-08 stage2=1.113e+02 p40=4.744e-05 ov40=1.017e-09 time=6.02s
[25/57] source=pinn   alpha=0.18000 |dc|=1.222e-08 stage2=1.408e+02 p40=5.095e-05 ov40=1.171e-09 time=6.06s
[26/57] source=pinn   alpha=0.18500 |dc|=1.267e-08 stage2=1.760e+02 p40=5.462e-05 ov40=1.342e-09 time=6.09s
[27/57] source=pinn   alpha=0.18750 |dc|=2.213e-08 stage2=1.960e+02 p40=5.660e-05 ov40=1.439e-09 time=6.10s
[28/57] source=pinn   alpha=0.19000 |dc|=1.600e-08 stage2=2.177e+02 p40=5.852e-05 ov40=1.537e-09 time=6.12s
[29/57] source=pinn   alpha=0.19500 |dc|=2.529e-08 stage2=2.672e+02 p40=6.287e-05 ov40=1.770e-09 time=6.14s
[30/57] source=pinn   alpha=0.20000 |dc|=1.316e-08 stage2=3.258e+02 p40=6.761e-05 ov40=2.043e-09 time=6.17s
[31/57] source=pinn   alpha=0.20500 |dc|=4.907e-09 stage2=3.951e+02 p40=7.274e-05 ov40=2.358e-09 time=6.22s
[32/57] source=pinn   alpha=0.21000 |dc|=1.682e-08 stage2=4.771e+02 p40=7.786e-05 ov40=2.694e-09 time=6.25s
[33/57] source=pinn   alpha=0.21500 |dc|=1.843e-08 stage2=5.745e+02 p40=8.294e-05 ov40=3.046e-09 time=6.33s
[34/57] source=pinn   alpha=0.22000 |dc|=6.251e-09 stage2=6.902e+02 p40=8.851e-05 ov40=3.458e-09 time=6.32s
[35/57] source=pinn   alpha=0.22500 |dc|=9.046e-09 stage2=8.281e+02 p40=9.523e-05 ov40=3.992e-09 time=6.45s
[36/57] source=pinn   alpha=0.23000 |dc|=1.618e-08 stage2=9.930e+02 p40=1.018e-04 ov40=4.549e-09 time=6.50s
[37/57] source=pinn   alpha=0.23500 |dc|=1.460e-08 stage2=1.191e+03 p40=1.081e-04 ov40=5.097e-09 time=6.55s
[38/57] source=pinn   alpha=0.24000 |dc|=2.929e-08 stage2=1.430e+03 p40=1.157e-04 ov40=5.825e-09 time=6.45s
[39/57] source=pinn   alpha=0.24500 |dc|=1.653e-08 stage2=1.721e+03 p40=1.241e-04 ov40=6.670e-09 time=6.67s
[40/57] source=pinn   alpha=0.25000 |dc|=7.812e-09 stage2=2.076e+03 p40=1.313e-04 ov40=7.424e-09 time=6.58s
[41/57] source=pinn   alpha=0.25500 |dc|=7.316e-09 stage2=2.514e+03 p40=1.409e-04 ov40=8.510e-09 time=6.89s
[42/57] source=pinn   alpha=0.26000 |dc|=8.495e-09 stage2=3.058e+03 p40=1.502e-04 ov40=9.627e-09 time=7.06s
[43/57] source=pinn   alpha=0.26500 |dc|=1.720e-08 stage2=3.743e+03 p40=1.592e-04 ov40=1.075e-08 time=6.75s
[44/57] source=pinn   alpha=0.27000 |dc|=2.193e-08 stage2=4.614e+03 p40=1.712e-04 ov40=1.236e-08 time=6.80s
[45/57] source=pinn   alpha=0.27500 |dc|=2.336e-08 stage2=5.740e+03 p40=1.807e-04 ov40=1.367e-08 time=7.51s
[46/57] source=pinn   alpha=0.28000 |dc|=1.885e-08 stage2=7.219e+03 p40=1.942e-04 ov40=1.570e-08 time=7.81s
[47/57] source=pinn   alpha=0.28500 |dc|=1.910e-08 stage2=9.202e+03 p40=2.050e-04 ov40=1.735e-08 time=8.15s
[48/57] source=pinn   alpha=0.29000 |dc|=1.301e-08 stage2=1.193e+04 p40=2.201e-04 ov40=1.986e-08 time=8.51s
[49/57] source=pinn   alpha=0.29500 |dc|=1.924e-08 stage2=1.579e+04 p40=2.322e-04 ov40=2.191e-08 time=8.98s
[50/57] source=pinn   alpha=0.30000 |dc|=1.487e-08 stage2=2.146e+04 p40=2.491e-04 ov40=2.506e-08 time=9.64s
[51/57] source=pinn   alpha=0.30500 |dc|=1.727e-08 stage2=2.827e+04 p40=2.625e-04 ov40=2.752e-08 time=10.30s
[52/57] source=pinn   alpha=0.31000 |dc|=1.575e-08 stage2=3.014e+04 p40=2.791e-04 ov40=3.081e-08 time=10.57s
[53/57] source=pinn   alpha=0.31500 |dc|=1.079e-08 stage2=3.209e+04 p40=2.964e-04 ov40=3.440e-08 time=10.60s
[54/57] source=pinn   alpha=0.32000 |dc|=7.025e-09 stage2=3.413e+04 p40=3.148e-04 ov40=3.839e-08 time=8.44s
[55/57] source=pinn   alpha=0.32500 |dc|=1.495e-08 stage2=3.626e+04 p40=3.341e-04 ov40=4.276e-08 time=8.28s
[56/57] source=pinn   alpha=0.33000 |dc|=1.666e-08 stage2=3.849e+04 p40=3.544e-04 ov40=4.756e-08 time=11.08s
[57/57] source=pinn   alpha=0.33500 |dc|=1.560e-07 stage2=4.081e+04 p40=3.768e-04 ov40=5.305e-08 time=8.45s

{
  "status": "COMPLETED",
  "source": "pinn",
  "alpha_set": "all",
  "Mach": 1.15,
  "n_requested": 57,
  "n_successful": 57,
  "n_failed": 0,
  "output_csv": "assets/pinn_supersonic/hybrid_fixed_c/local_M115_S4M0_v1/pinn_powell_modes_best/fixed_c_modal_results.csv",
  "complex_spectral_error_mean": 3.0995706345062783e-06,
  "complex_spectral_error_max": 5.488922865837216e-05,
  "stage2_mismatch_mean": 5922.146913239848,
  "stage2_mismatch_max": 40807.80408793506,
  "p_rel_l2_core20_mean": 1.129996043958423e-05,
  "p_rel_l2_core20_max": 7.5904210194039e-05,
  "p_rel_l2_core40_mean": 0.00010982100598742576,
  "p_rel_l2_core40_max": 0.0003767822307142304,
  "rho_rel_l2_core40_mean": 0.00010982100598743126,
  "rho_rel_l2_core40_max": 0.00037678223071422386,
  "u_rel_l2_core40_mean": 8.992552168232096e-05,
  "u_rel_l2_core40_max": 0.00036819979748257823,
  "v_rel_l2_core40_mean": 0.00011774992681625162,
  "v_rel_l2_core40_max": 0.0003874056832171123,
  "p_overlap_error_core20_mean": 1.4129223132616824e-10,
  "p_overlap_error_core20_max": 2.880724547793534e-09,
  "p_overlap_error_core40_mean": 8.844823004609936e-09,
  "p_overlap_error_core40_max": 5.305264527688536e-08,
  "stage2_seconds_mean": 5.530958691432157,
  "stage2_seconds_max": 10.735757194459438,
  "reconstruction_seconds_mean": 0.2108815036419975,
  "reconstruction_seconds_max": 0.34830967616289854,
  "fixed_c_total_seconds_mean": 5.741840195074155,
  "fixed_c_total_seconds_max": 11.084066870622337
}

written: assets/pinn_supersonic/hybrid_fixed_c/local_M115_S4M0_v1/pinn_powell_modes_best/fixed_c_modal_results.csv
written: assets/pinn_supersonic/hybrid_fixed_c/local_M115_S4M0_v1/pinn_powell_modes_best/fixed_c_modal_summary.json

end = Fri Aug  7 08:57:28 PM CEST 2026
