[01/63] source=pinn   alpha=0.05000 |dc|=6.514e-07 stage2=2.494e-20 p40=8.448e-06 ov40=3.106e-11 time=1.04s
[02/63] source=pinn   alpha=0.05500 |dc|=2.265e-07 stage2=2.326e-21 p40=2.917e-06 ov40=3.715e-12 time=1.06s
[03/63] source=pinn   alpha=0.06000 |dc|=7.476e-08 stage2=1.112e-19 p40=9.159e-07 ov40=3.636e-13 time=1.10s
[04/63] source=pinn   alpha=0.06500 |dc|=5.165e-08 stage2=3.800e-19 p40=6.477e-07 ov40=1.814e-13 time=1.22s
[05/63] source=pinn   alpha=0.07000 |dc|=4.087e-08 stage2=2.570e-19 p40=5.977e-07 ov40=1.618e-13 time=1.17s
[06/63] source=pinn   alpha=0.07500 |dc|=2.073e-08 stage2=6.968e-20 p40=3.743e-07 ov40=6.684e-14 time=1.16s
[07/63] source=pinn   alpha=0.08000 |dc|=6.632e-08 stage2=3.452e-21 p40=8.283e-07 ov40=3.100e-13 time=1.17s
[08/63] source=pinn   alpha=0.08500 |dc|=5.484e-09 stage2=3.469e-23 p40=2.651e-07 ov40=3.464e-14 time=1.17s
[09/63] source=pinn   alpha=0.09000 |dc|=2.456e-09 stage2=1.634e-22 p40=3.449e-07 ov40=5.929e-14 time=1.17s
[10/63] source=pinn   alpha=0.09500 |dc|=8.314e-10 stage2=1.117e-22 p40=4.406e-07 ov40=9.681e-14 time=1.18s
[11/63] source=pinn   alpha=0.10000 |dc|=1.514e-10 stage2=7.257e-23 p40=5.423e-07 ov40=1.461e-13 time=1.18s
[12/63] source=pinn   alpha=0.10500 |dc|=2.699e-10 stage2=4.374e-23 p40=6.545e-07 ov40=2.129e-13 time=1.18s
[13/63] source=pinn   alpha=0.11000 |dc|=3.672e-10 stage2=2.177e-23 p40=7.829e-07 ov40=3.053e-13 time=1.18s
[14/63] source=pinn   alpha=0.11500 |dc|=4.238e-10 stage2=7.793e-24 p40=9.201e-07 ov40=4.212e-13 time=1.18s
[15/63] source=pinn   alpha=0.12000 |dc|=4.373e-10 stage2=7.841e-25 p40=1.080e-06 ov40=5.806e-13 time=1.18s
[16/63] source=pinn   alpha=0.12500 |dc|=5.340e-08 stage2=1.047e-24 p40=1.231e-06 ov40=7.546e-13 time=1.18s
[17/63] source=pinn   alpha=0.13000 |dc|=5.814e-08 stage2=6.580e-24 p40=1.342e-06 ov40=8.974e-13 time=1.18s
[18/63] source=pinn   alpha=0.13500 |dc|=4.894e-08 stage2=1.952e-23 p40=1.688e-06 ov40=1.424e-12 time=1.18s
[19/63] source=pinn   alpha=0.14000 |dc|=5.071e-08 stage2=3.836e-23 p40=1.909e-06 ov40=1.821e-12 time=1.18s
[20/63] source=pinn   alpha=0.14500 |dc|=5.532e-08 stage2=6.500e-23 p40=2.122e-06 ov40=2.252e-12 time=1.17s
[21/63] source=pinn   alpha=0.15000 |dc|=6.106e-08 stage2=9.727e-23 p40=2.362e-06 ov40=2.788e-12 time=1.18s
[22/63] source=pinn   alpha=0.15500 |dc|=6.390e-08 stage2=1.311e-22 p40=2.674e-06 ov40=3.574e-12 time=1.16s
[23/63] source=pinn   alpha=0.16000 |dc|=4.938e-08 stage2=1.653e-22 p40=2.893e-06 ov40=4.177e-12 time=1.17s
[24/63] source=pinn   alpha=0.16500 |dc|=5.221e-08 stage2=2.081e-22 p40=3.252e-06 ov40=5.281e-12 time=1.16s
[25/63] source=pinn   alpha=0.17000 |dc|=4.888e-08 stage2=2.623e-22 p40=3.702e-06 ov40=6.847e-12 time=1.16s
[26/63] source=pinn   alpha=0.17500 |dc|=5.733e-08 stage2=3.261e-22 p40=4.117e-06 ov40=8.464e-12 time=1.15s
[27/63] source=pinn   alpha=0.18000 |dc|=1.456e-05 stage2=4.241e-22 p40=7.618e-05 ov40=2.797e-09 time=1.14s
[28/63] source=pinn   alpha=0.18500 |dc|=3.315e-05 stage2=5.273e-22 p40=1.509e-04 ov40=1.105e-08 time=1.12s
[29/63] source=pinn   alpha=0.19000 |dc|=4.838e-07 stage2=1.226e-20 p40=6.774e-06 ov40=2.277e-11 time=1.12s
[30/63] source=pinn   alpha=0.19500 |dc|=4.819e-07 stage2=9.850e-23 p40=7.808e-06 ov40=2.977e-11 time=1.14s
[31/63] source=pinn   alpha=0.20000 |dc|=2.380e-09 stage2=5.031e-22 p40=7.879e-06 ov40=3.027e-11 time=1.16s
[32/63] source=pinn   alpha=0.20500 |dc|=1.674e-08 stage2=1.090e-23 p40=8.948e-06 ov40=3.880e-11 time=1.17s
[33/63] source=pinn   alpha=0.21000 |dc|=2.701e-08 stage2=5.287e-21 p40=1.007e-05 ov40=4.883e-11 time=1.19s
[34/63] source=pinn   alpha=0.21500 |dc|=1.300e-08 stage2=3.284e-01 p40=1.135e-05 ov40=6.182e-11 time=5.53s
[35/63] source=pinn   alpha=0.22000 |dc|=1.792e-08 stage2=4.759e+00 p40=1.260e-05 ov40=7.578e-11 time=5.57s
[36/63] source=pinn   alpha=0.22500 |dc|=2.959e-08 stage2=1.480e+01 p40=1.397e-05 ov40=9.274e-11 time=5.61s
[37/63] source=pinn   alpha=0.23000 |dc|=1.522e-08 stage2=3.122e+01 p40=1.552e-05 ov40=1.139e-10 time=5.65s
[38/63] source=pinn   alpha=0.23500 |dc|=1.728e-08 stage2=5.510e+01 p40=1.734e-05 ov40=1.416e-10 time=5.69s
[39/63] source=pinn   alpha=0.24000 |dc|=5.545e-09 stage2=8.781e+01 p40=1.900e-05 ov40=1.692e-10 time=5.72s
[40/63] source=pinn   alpha=0.24500 |dc|=7.144e-09 stage2=1.311e+02 p40=2.100e-05 ov40=2.058e-10 time=5.77s
[41/63] source=pinn   alpha=0.25000 |dc|=7.479e-09 stage2=1.873e+02 p40=2.317e-05 ov40=2.494e-10 time=5.81s
[42/63] source=pinn   alpha=0.25500 |dc|=1.072e-08 stage2=2.594e+02 p40=2.531e-05 ov40=2.959e-10 time=5.84s
[43/63] source=pinn   alpha=0.26000 |dc|=1.820e-08 stage2=3.509e+02 p40=2.797e-05 ov40=3.597e-10 time=5.93s
[44/63] source=pinn   alpha=0.26500 |dc|=1.783e-08 stage2=4.670e+02 p40=3.067e-05 ov40=4.301e-10 time=5.98s
[45/63] source=pinn   alpha=0.27000 |dc|=1.031e-08 stage2=6.138e+02 p40=3.343e-05 ov40=5.079e-10 time=6.01s
[46/63] source=pinn   alpha=0.27500 |dc|=1.894e-08 stage2=8.001e+02 p40=3.656e-05 ov40=6.038e-10 time=6.17s
[47/63] source=pinn   alpha=0.28000 |dc|=1.593e-08 stage2=1.037e+03 p40=4.031e-05 ov40=7.290e-10 time=6.27s
[48/63] source=pinn   alpha=0.28500 |dc|=1.053e-08 stage2=1.341e+03 p40=4.394e-05 ov40=8.603e-10 time=6.22s
[49/63] source=pinn   alpha=0.29000 |dc|=5.693e-09 stage2=1.733e+03 p40=4.767e-05 ov40=1.005e-09 time=6.24s
[50/63] source=pinn   alpha=0.29500 |dc|=1.789e-08 stage2=2.243e+03 p40=5.208e-05 ov40=1.190e-09 time=6.30s
[51/63] source=pinn   alpha=0.30000 |dc|=1.610e-08 stage2=2.918e+03 p40=5.705e-05 ov40=1.418e-09 time=6.38s
[52/63] source=pinn   alpha=0.30500 |dc|=1.781e-08 stage2=3.824e+03 p40=6.209e-05 ov40=1.662e-09 time=6.44s
[53/63] source=pinn   alpha=0.31000 |dc|=1.599e-08 stage2=5.064e+03 p40=6.721e-05 ov40=1.929e-09 time=6.61s
[54/63] source=pinn   alpha=0.31500 |dc|=1.301e-08 stage2=6.801e+03 p40=7.289e-05 ov40=2.244e-09 time=6.70s
[55/63] source=pinn   alpha=0.32000 |dc|=1.078e-08 stage2=9.312e+03 p40=7.962e-05 ov40=2.650e-09 time=6.94s
[56/63] source=pinn   alpha=0.32500 |dc|=1.627e-08 stage2=1.308e+04 p40=8.669e-05 ov40=3.107e-09 time=6.96s
[57/63] source=pinn   alpha=0.33000 |dc|=1.063e-08 stage2=1.902e+04 p40=9.409e-05 ov40=3.615e-09 time=7.25s
[58/63] source=pinn   alpha=0.33500 |dc|=1.088e-08 stage2=2.905e+04 p40=1.016e-04 ov40=4.161e-09 time=6.87s
[59/63] source=pinn   alpha=0.34000 |dc|=2.747e-08 stage2=4.189e+04 p40=1.090e-04 ov40=4.723e-09 time=8.87s
[60/63] source=pinn   alpha=0.34500 |dc|=1.064e-08 stage2=4.469e+04 p40=1.179e-04 ov40=5.439e-09 time=9.15s
[61/63] source=pinn   alpha=0.35000 |dc|=1.927e-08 stage2=4.759e+04 p40=1.273e-04 ov40=6.246e-09 time=9.60s
[62/63] source=pinn   alpha=0.35500 |dc|=6.612e-09 stage2=5.062e+04 p40=1.372e-04 ov40=7.141e-09 time=8.75s
[63/63] source=pinn   alpha=0.36000 |dc|=1.251e-06 stage2=5.375e+04 p40=1.510e-04 ov40=8.440e-09 time=9.54s

{
  "status": "COMPLETED",
  "source": "pinn",
  "alpha_set": "all",
  "Mach": 1.0,
  "n_requested": 63,
  "n_successful": 63,
  "n_failed": 0,
  "output_csv": "assets/pinn_supersonic/hybrid_fixed_c/local_M100_S4M0_v1/pinn_powell_modes_best/fixed_c_modal_results.csv",
  "complex_spectral_error_mean": 8.274859978642521e-07,
  "complex_spectral_error_max": 3.3149539639889026e-05,
  "stage2_mismatch_mean": 5348.689697871277,
  "stage2_mismatch_max": 53752.33549726265,
  "p_rel_l2_core20_mean": 4.88668208718366e-06,
  "p_rel_l2_core20_max": 9.97803025633146e-05,
  "p_rel_l2_core40_mean": 3.255788344576824e-05,
  "p_rel_l2_core40_max": 0.00015100993456077568,
  "rho_rel_l2_core40_mean": 3.255788344576824e-05,
  "rho_rel_l2_core40_max": 0.00015100993456077568,
  "u_rel_l2_core40_mean": 6.0440423307097414e-05,
  "u_rel_l2_core40_max": 0.0018369989439842088,
  "v_rel_l2_core40_mean": 3.6782164127970134e-05,
  "v_rel_l2_core40_max": 0.00022446970218057926,
  "p_overlap_error_core20_mean": 1.0448682307380551e-10,
  "p_overlap_error_core20_max": 4.978053969040275e-09,
  "p_overlap_error_core40_mean": 1.174004831621605e-09,
  "p_overlap_error_core40_max": 1.1052589843352223e-08,
  "stage2_seconds_mean": 3.6003766257079346,
  "stage2_seconds_max": 9.298529469408095,
  "reconstruction_seconds_mean": 0.18737400380805844,
  "reconstruction_seconds_max": 0.30289214476943016,
  "fixed_c_total_seconds_mean": 3.787750629515993,
  "fixed_c_total_seconds_max": 9.601421614177525
}

written: assets/pinn_supersonic/hybrid_fixed_c/local_M100_S4M0_v1/pinn_powell_modes_best/fixed_c_modal_results.csv
written: assets/pinn_supersonic/hybrid_fixed_c/local_M100_S4M0_v1/pinn_powell_modes_best/fixed_c_modal_summary.json
