==============================================================================================================
PINN-SEEDED SHOOTING — CONTINUOUS-M N76
==============================================================================================================
points: 64

==============================================================================================================
[01/64] id=00 C00 M=1.050 alpha=0.105
PINN seed = (0.00960359, 0.05192423)
PINN validation error = 1.235155e-02
shooting: success=True/True error=1.726865e-06 mismatch=2.672e-07 time=270.2s

==============================================================================================================
[02/64] id=01 C00 M=1.100 alpha=0.090
PINN seed = (0.04619938, 0.10239334)
PINN validation error = 9.464094e-02
shooting: success=True/True error=7.578607e-02 mismatch=4.514e-08 time=249.3s

==============================================================================================================
[03/64] id=02 C00 M=1.100 alpha=0.105
PINN seed = (0.06554711, 0.10136479)
PINN validation error = 3.662408e-02
shooting: success=True/True error=1.032744e-05 mismatch=6.759e-07 time=268.8s

==============================================================================================================
[04/64] id=03 C00 M=1.100 alpha=0.115
PINN seed = (0.07631394, 0.10816286)
PINN validation error = 2.467434e-02
shooting: success=True/True error=3.862816e-06 mismatch=3.638e-07 time=273.7s

==============================================================================================================
[05/64] id=04 C00 M=1.200 alpha=0.075
PINN seed = (0.12534627, 0.14678708)
PINN validation error = 1.894295e-02
shooting: success=True/True error=7.396862e-06 mismatch=4.787e-07 time=268.8s

==============================================================================================================
[06/64] id=05 C01 M=1.000 alpha=0.145
PINN seed = (0.00296453, 0.04338873)
PINN validation error = 1.464538e-02
shooting: success=True/True error=3.505697e-06 mismatch=1.190e-06 time=274.4s

==============================================================================================================
[07/64] id=06 C01 M=1.000 alpha=0.155
PINN seed = (0.00320995, 0.06000469)
PINN validation error = 2.467465e-02
shooting: success=True/True error=2.074507e-06 mismatch=6.148e-07 time=276.5s

==============================================================================================================
[08/64] id=07 C01 M=1.000 alpha=0.180
PINN seed = (-0.00068778, 0.07666625)
PINN validation error = 1.254587e-02
shooting: success=True/True error=9.623012e-07 mismatch=1.359e-07 time=280.9s

==============================================================================================================
[09/64] id=08 C01 M=1.050 alpha=0.140
PINN seed = (0.05741434, 0.10697000)
PINN validation error = 2.411123e-02
shooting: success=True/True error=5.265340e-06 mismatch=4.044e-07 time=275.1s

==============================================================================================================
[10/64] id=09 C01 M=1.150 alpha=0.175
PINN seed = (0.18874873, 0.06863578)
PINN validation error = 1.776719e-02
shooting: success=True/True error=3.703070e-06 mismatch=9.383e-07 time=331.3s

==============================================================================================================
[11/64] id=10 C01 M=1.150 alpha=0.200
PINN seed = (0.20869216, 0.06464834)
PINN validation error = 7.571820e-03
shooting: success=True/True error=4.072569e-06 mismatch=1.249e-06 time=339.3s

==============================================================================================================
[12/64] id=11 C01 M=1.200 alpha=0.190
PINN seed = (0.24428776, 0.06646624)
PINN validation error = 9.969901e-03
shooting: success=True/True error=5.544449e-06 mismatch=1.641e-06 time=344.5s

==============================================================================================================
[13/64] id=12 C02 M=1.000 alpha=0.250
PINN seed = (0.11011088, 0.06385911)
PINN validation error = 1.435965e-03
shooting: success=True/True error=2.489904e-06 mismatch=7.986e-07 time=325.1s

==============================================================================================================
[14/64] id=13 C02 M=1.000 alpha=0.315
PINN seed = (0.15882558, 0.02823904)
PINN validation error = 6.527767e-03
shooting: success=True/True error=3.442329e-06 mismatch=1.698e-06 time=359.4s

==============================================================================================================
[15/64] id=14 C02 M=1.050 alpha=0.220
PINN seed = (0.12625547, 0.07812360)
PINN validation error = 1.729066e-02
shooting: success=True/True error=1.359156e-06 mismatch=4.190e-07 time=326.4s

==============================================================================================================
[16/64] id=15 C02 M=1.050 alpha=0.225
PINN seed = (0.12882710, 0.07458050)
PINN validation error = 1.815258e-02
shooting: success=True/True error=3.727746e-06 mismatch=1.193e-06 time=327.5s

==============================================================================================================
[17/64] id=16 C02 M=1.050 alpha=0.350
PINN seed = (0.20462894, 0.00178504)
PINN validation error = 1.811297e-03
shooting: success=True/True error=3.917022e-06 mismatch=2.361e-06 time=398.0s

==============================================================================================================
[18/64] id=17 C02 M=1.100 alpha=0.215
PINN seed = (0.18080717, 0.07141138)
PINN validation error = 1.762204e-03
shooting: success=True/True error=5.618178e-06 mismatch=1.821e-06 time=335.8s

==============================================================================================================
[19/64] id=18 C02 M=1.100 alpha=0.265
PINN seed = (0.20841847, 0.04639282)
PINN validation error = 2.199312e-03
shooting: success=True/True error=2.729413e-06 mismatch=1.178e-06 time=355.9s

==============================================================================================================
[20/64] id=19 C02 M=1.150 alpha=0.230
PINN seed = (0.23034637, 0.05544358)
PINN validation error = 6.343780e-03
shooting: success=True/True error=2.797733e-06 mismatch=1.035e-06 time=349.8s

==============================================================================================================
[21/64] id=20 C02 M=1.200 alpha=0.285
PINN seed = (0.27288508, 0.01416127)
PINN validation error = 6.746857e-03
shooting: success=True/True error=8.491707e-07 mismatch=4.154e-07 time=395.1s

==============================================================================================================
[22/64] id=21 C02 M=1.200 alpha=0.315
PINN seed = (0.27371174, 0.00583402)
PINN validation error = 1.006490e-02
shooting: success=True/True error=3.467200e-06 mismatch=1.902e-06 time=417.8s

==============================================================================================================
[23/64] id=22 C10 M=1.300 alpha=0.085
PINN seed = (0.22815315, 0.09804351)
PINN validation error = 1.478944e-02
shooting: success=True/True error=5.155491e-06 mismatch=4.972e-07 time=292.8s

==============================================================================================================
[24/64] id=23 C10 M=1.350 alpha=0.055
PINN seed = (0.19728044, 0.09156128)
PINN validation error = 7.718792e-03
shooting: success=True/True error=5.996552e-06 mismatch=3.022e-07 time=281.0s

==============================================================================================================
[25/64] id=24 C10 M=1.350 alpha=0.090
PINN seed = (0.25643760, 0.08527956)
PINN validation error = 8.183486e-03
shooting: success=True/True error=4.384067e-06 mismatch=4.829e-07 time=303.5s

==============================================================================================================
[26/64] id=25 C10 M=1.400 alpha=0.075
PINN seed = (0.24605283, 0.07539043)
PINN validation error = 1.484714e-02
shooting: success=True/True error=4.665776e-06 mismatch=4.028e-07 time=301.0s

==============================================================================================================
[27/64] id=26 C11 M=1.250 alpha=0.160
PINN seed = (0.24575491, 0.07547875)
PINN validation error = 1.291425e-03
shooting: success=True/True error=3.893567e-06 mismatch=9.390e-07 time=339.7s

==============================================================================================================
[28/64] id=27 C11 M=1.250 alpha=0.170
PINN seed = (0.25144550, 0.07117982)
PINN validation error = 1.824415e-03
shooting: success=True/True error=1.187146e-06 mismatch=3.113e-07 time=345.5s

==============================================================================================================
[29/64] id=28 C11 M=1.250 alpha=0.195
PINN seed = (0.26916006, 0.05756781)
PINN validation error = 3.458570e-03
shooting: success=True/True error=3.491594e-06 mismatch=1.098e-06 time=352.6s

==============================================================================================================
[30/64] id=29 C11 M=1.350 alpha=0.155
PINN seed = (0.29588210, 0.05954785)
PINN validation error = 8.771215e-04
shooting: success=True/True error=4.175103e-06 mismatch=1.021e-06 time=341.7s

==============================================================================================================
[31/64] id=30 C11 M=1.400 alpha=0.190
PINN seed = (0.33646756, 0.03804771)
PINN validation error = 1.441593e-03
shooting: success=True/True error=5.041714e-06 mismatch=1.631e-06 time=379.6s

==============================================================================================================
[32/64] id=31 C12 M=1.250 alpha=0.235
PINN seed = (0.28292152, 0.04162519)
PINN validation error = 2.932292e-03
shooting: success=True/True error=5.948940e-06 mismatch=2.355e-06 time=374.7s

==============================================================================================================
[33/64] id=32 C12 M=1.250 alpha=0.285
PINN seed = (0.29988387, 0.01179073)
PINN validation error = 3.201707e-03
shooting: success=True/True error=1.424820e-06 mismatch=7.028e-07 time=406.9s

==============================================================================================================
[34/64] id=33 C12 M=1.250 alpha=0.315
PINN seed = (0.31015742, 0.00265024)
PINN validation error = 2.138625e-03
shooting: success=True/True error=4.329236e-06 mismatch=2.398e-06 time=441.7s

==============================================================================================================
[35/64] id=34 C12 M=1.400 alpha=0.210
PINN seed = (0.34649885, 0.03052992)
PINN validation error = 1.698154e-03
shooting: success=True/True error=2.456961e-06 mismatch=8.906e-07 time=389.7s

==============================================================================================================
[36/64] id=35 C12 M=1.400 alpha=0.255
PINN seed = (0.36073864, 0.01007932)
PINN validation error = 3.470995e-03
shooting: success=True/True error=3.502006e-06 mismatch=1.558e-06 time=417.7s

==============================================================================================================
[37/64] id=36 C20 M=1.450 alpha=0.105
PINN seed = (0.30444336, 0.06792568)
PINN validation error = 1.150667e-02
shooting: success=True/True error=4.937750e-07 mismatch=7.430e-08 time=323.3s

==============================================================================================================
[38/64] id=37 C20 M=1.500 alpha=0.085
PINN seed = (0.32013000, 0.05874354)
PINN validation error = 2.450150e-03
shooting: success=True/True error=9.268318e-06 mismatch=1.060e-06 time=318.8s

==============================================================================================================
[39/64] id=38 C20 M=1.550 alpha=0.060
PINN seed = (0.33005154, 0.04675506)
PINN validation error = 7.302331e-03
shooting: success=True/True error=1.176507e-06 mismatch=8.357e-08 time=310.6s

==============================================================================================================
[40/64] id=39 C20 M=1.600 alpha=0.110
PINN seed = (0.38274667, 0.03938626)
PINN validation error = 1.661752e-03
shooting: success=True/True error=3.638262e-06 mismatch=6.534e-07 time=340.1s

==============================================================================================================
[41/64] id=40 C21 M=1.450 alpha=0.120
PINN seed = (0.32382210, 0.05623781)
PINN validation error = 5.294320e-04
shooting: success=True/True error=5.176857e-06 mismatch=9.449e-07 time=331.1s

==============================================================================================================
[42/64] id=41 C21 M=1.500 alpha=0.205
PINN seed = (0.38782793, 0.02448477)
PINN validation error = 3.364989e-03
shooting: success=True/True error=3.245656e-06 mismatch=1.171e-06 time=403.6s

==============================================================================================================
[43/64] id=42 C21 M=1.550 alpha=0.120
PINN seed = (0.35996458, 0.04542243)
PINN validation error = 7.739393e-03
shooting: success=True/True error=4.216614e-06 mismatch=8.232e-07 time=341.7s

==============================================================================================================
[44/64] id=43 C21 M=1.550 alpha=0.200
PINN seed = (0.40326327, 0.02139439)
PINN validation error = 1.524819e-03
shooting: success=True/True error=4.274562e-06 mismatch=1.515e-06 time=407.0s

==============================================================================================================
[45/64] id=44 C21 M=1.600 alpha=0.120
PINN seed = (0.38314873, 0.03997416)
PINN validation error = 4.581447e-03
shooting: success=True/True error=1.606883e-06 mismatch=3.237e-07 time=345.3s

==============================================================================================================
[46/64] id=45 C22 M=1.450 alpha=0.235
PINN seed = (0.36729430, 0.01790335)
PINN validation error = 7.261324e-03
shooting: success=True/True error=4.366481e-06 mismatch=1.796e-06 time=414.3s

==============================================================================================================
[47/64] id=46 C22 M=1.550 alpha=0.260
PINN seed = (0.42387515, 0.00382256)
PINN validation error = 5.583574e-03
shooting: success=True/True error=1.662675e-06 mismatch=7.763e-07 time=458.0s

==============================================================================================================
[48/64] id=47 C22 M=1.600 alpha=0.220
PINN seed = (0.43525052, 0.00949881)
PINN validation error = 9.911245e-03
shooting: success=True/True error=2.302009e-06 mismatch=8.940e-07 time=428.3s

==============================================================================================================
[49/64] id=48 C30 M=1.700 alpha=0.060
PINN seed = (0.39153728, 0.03392075)
PINN validation error = 5.311845e-04
shooting: success=True/True error=4.274467e-06 mismatch=3.604e-07 time=324.6s

==============================================================================================================
[50/64] id=49 C30 M=1.700 alpha=0.075
PINN seed = (0.40075530, 0.03649404)
PINN validation error = 1.781275e-03
shooting: success=True/True error=2.750400e-06 mismatch=3.161e-07 time=334.1s

==============================================================================================================
[51/64] id=50 C30 M=1.750 alpha=0.055
PINN seed = (0.40652746, 0.02927536)
PINN validation error = 1.044425e-03
shooting: success=True/True error=3.415723e-06 mismatch=2.697e-07 time=325.2s

==============================================================================================================
[52/64] id=51 C30 M=1.750 alpha=0.115
PINN seed = (0.44282287, 0.02643316)
PINN validation error = 4.240828e-03
shooting: success=True/True error=1.248297e-06 mismatch=2.584e-07 time=356.5s

==============================================================================================================
[53/64] id=52 C30 M=1.800 alpha=0.115
PINN seed = (0.46154898, 0.02316750)
PINN validation error = 6.880528e-03
shooting: success=True/True error=2.870356e-06 mismatch=6.067e-07 time=361.9s

==============================================================================================================
[54/64] id=53 C30 M=1.900 alpha=0.075
PINN seed = (0.48286277, 0.02181283)
PINN validation error = 1.397614e-02
shooting: success=True/True error=2.156016e-06 mismatch=2.877e-07 time=345.6s

==============================================================================================================
[55/64] id=54 C31 M=1.700 alpha=0.120
PINN seed = (0.42487207, 0.03205912)
PINN validation error = 1.197876e-03
shooting: success=True/True error=4.771093e-06 mismatch=1.015e-06 time=355.6s

==============================================================================================================
[56/64] id=55 C31 M=1.750 alpha=0.140
PINN seed = (0.45050870, 0.02204923)
PINN validation error = 2.658051e-03
shooting: success=True/True error=8.415263e-06 mismatch=2.164e-06 time=377.0s

==============================================================================================================
[57/64] id=56 C31 M=1.800 alpha=0.140
PINN seed = (0.46699315, 0.01978899)
PINN validation error = 3.184325e-03
shooting: success=True/True error=9.164632e-07 mismatch=2.381e-07 time=381.1s

==============================================================================================================
[58/64] id=57 C31 M=1.850 alpha=0.120
PINN seed = (0.46623510, 0.02435338)
PINN validation error = 6.143928e-03
shooting: success=True/True error=2.531039e-06 mismatch=5.690e-07 time=369.3s

==============================================================================================================
[59/64] id=58 C31 M=1.850 alpha=0.125
PINN seed = (0.47092482, 0.02225641)
PINN validation error = 2.947064e-03
shooting: success=True/True error=5.079238e-06 mismatch=1.190e-06 time=373.3s

==============================================================================================================
[60/64] id=59 C31 M=1.850 alpha=0.180
PINN seed = (0.49644497, 0.01009310)
PINN validation error = 5.958058e-03
shooting: success=True/True error=4.417407e-06 mismatch=1.423e-06 time=421.3s

==============================================================================================================
[61/64] id=60 C31 M=1.850 alpha=0.200
PINN seed = (0.50001860, 0.00432535)
PINN validation error = 4.757013e-03
shooting: success=True/True error=1.509419e-06 mismatch=5.255e-07 time=446.5s

==============================================================================================================
[62/64] id=61 C31 M=1.900 alpha=0.145
PINN seed = (0.49552995, 0.01573460)
PINN validation error = 1.474263e-03
shooting: success=True/True error=3.088818e-06 mismatch=8.343e-07 time=394.1s

==============================================================================================================
[63/64] id=62 C32 M=1.750 alpha=0.210
PINN seed = (0.47200358, 0.00706125)
PINN validation error = 1.741158e-03
shooting: success=True/True error=1.796531e-06 mismatch=6.612e-07 time=442.2s

==============================================================================================================
[64/64] id=63 C32 M=1.800 alpha=0.210
PINN seed = (0.48472717, 0.00507398)
PINN validation error = 3.241148e-04
shooting: success=True/True error=3.348412e-06 mismatch=1.221e-06 time=448.4s

==============================================================================================================
FINAL SUMMARY
==============================================================================================================
{
  "n_total": 64,
  "n_shoot_completed": 64,
  "n_spectral_success": 64,
  "n_mode_success": 64,
  "spectral_error_mean": 0.00118772785162813,
  "spectral_error_median": 3.503851621961698e-06,
  "spectral_error_p90": 5.849711501858484e-06,
  "spectral_error_p95": 8.262503058708108e-06,
  "spectral_error_p99": 0.028047353007535088,
  "spectral_error_max": 0.07578607222110954,
  "n_error_le_1e-6": 4,
  "n_error_le_1e-5": 62,
  "n_error_le_1e-4": 63,
  "n_error_le_1e-3": 63,
  "n_error_le_5e-3": 63,
  "n_error_le_1e-2": 63,
  "n_improved_vs_pinn": 64,
  "n_worsened_vs_pinn": 0,
  "mean_seconds": 351.4142857206573,
  "median_seconds": 345.36613042950194,
  "total_seconds": 22490.514286122067
}

written: /lustre/fswork/projects/rech/fdb/usv13rn/These_PINN_KH_RT/assets/pinn_supersonic/atlas2d_v1_continuousM/N76/shooting_validation/shooting_validation_64.csv
written: /lustre/fswork/projects/rech/fdb/usv13rn/These_PINN_KH_RT/assets/pinn_supersonic/atlas2d_v1_continuousM/N76/shooting_validation/shooting_summary.json

CORRECTOR_BENCHMARK_FINISHED
