====================================================================================================
ANCHOR-GUIDED MACH CONTINUATION
====================================================================================================
START TRAINING ANCHOR:
M=1.0500 alpha=0.0900 c=(0.0000000002, 0.0461260301) direction=high

[01/20] M=1.0525
  incoming seed = (0.0000000002, 0.0461260301)
  box cr=[-0.020000,0.020000] ci=[0.021126,0.071126]
  result = (0.0000000000, 0.0480954311)
  jump=1.969401e-03 mismatch1=8.492e-07 mismatch2=1.798e-21

[02/20] M=1.0550
  incoming seed = (0.0000000000, 0.0480954311)
  box cr=[-0.020000,0.020000] ci=[0.023095,0.073095]
  result = (0.0000000000, 0.0500973843)
  jump=2.001953e-03 mismatch1=1.301e-06 mismatch2=1.855e-21

[03/20] M=1.0575
  incoming seed = (0.0000000000, 0.0500973843)
  box cr=[-0.020000,0.020000] ci=[0.025097,0.075097]
  result = (0.0000000000, 0.0521644416)
  jump=2.067057e-03 mismatch1=1.977e-06 mismatch2=1.911e-21

[04/20] M=1.0600
  incoming seed = (0.0000000000, 0.0521644416)
  box cr=[-0.020000,0.020000] ci=[0.027164,0.077164]
  result = (0.0000000000, 0.0542966030)
  jump=2.132161e-03 mismatch1=2.191e-06 mismatch2=1.972e-21

[05/20] M=1.0625
  incoming seed = (0.0000000000, 0.0542966030)
  box cr=[-0.020000,0.020000] ci=[0.029297,0.079297]
  result = (0.0000000000, 0.0565264207)
  jump=2.229818e-03 mismatch1=1.578e-06 mismatch2=2.048e-21

[06/20] M=1.0650
  incoming seed = (0.0000000000, 0.0565264207)
  box cr=[-0.020000,0.020000] ci=[0.031526,0.081526]
  result = (0.0000000000, 0.0587887905)
  jump=2.262370e-03 mismatch1=6.781e-07 mismatch2=2.134e-21

[07/20] M=1.0675
  incoming seed = (0.0000000000, 0.0587887905)
  box cr=[-0.020000,0.020000] ci=[0.033789,0.083789]
  result = (0.0000000000, 0.0611488166)
  jump=2.360026e-03 mismatch1=1.051e-06 mismatch2=2.215e-21

[08/20] M=1.0700
  incoming seed = (0.0000000000, 0.0611488166)
  box cr=[-0.020000,0.020000] ci=[0.036149,0.086149]
  result = (0.0000000000, 0.0636064989)
  jump=2.457682e-03 mismatch1=9.056e-07 mismatch2=2.300e-21

[09/20] M=1.0725
  incoming seed = (0.0000000000, 0.0636064989)
  box cr=[-0.020000,0.020000] ci=[0.038606,0.088606]
  result = (0.0000000000, 0.0661618374)
  jump=2.555339e-03 mismatch1=1.547e-06 mismatch2=2.386e-21

[10/20] M=1.0750
  incoming seed = (0.0000000000, 0.0661618374)
  box cr=[-0.020000,0.020000] ci=[0.041162,0.091162]
  result = (0.0000000000, 0.0688473843)
  jump=2.685547e-03 mismatch1=7.541e-07 mismatch2=2.472e-21

[11/20] M=1.0775
  incoming seed = (0.0000000000, 0.0688473843)
  box cr=[-0.020000,0.020000] ci=[0.043847,0.093847]
  result = (0.0000000000, 0.0716631395)
  jump=2.815755e-03 mismatch1=3.047e-07 mismatch2=2.560e-21

[12/20] M=1.0800
  incoming seed = (0.0000000000, 0.0716631395)
  box cr=[-0.020000,0.020000] ci=[0.046663,0.096663]
  result = (0.0000000000, 0.0746416551)
  jump=2.978516e-03 mismatch1=1.160e-06 mismatch2=2.654e-21

[13/20] M=1.0825
  incoming seed = (0.0000000000, 0.0746416551)
  box cr=[-0.020000,0.020000] ci=[0.049642,0.099642]
  result = (0.0000000000, 0.0777666551)
  jump=3.125000e-03 mismatch1=6.967e-08 mismatch2=2.754e-21

[14/20] M=1.0850
  incoming seed = (0.0000000000, 0.0777666551)
  box cr=[-0.020000,0.020000] ci=[0.052767,0.102767]
  result = (0.0000000000, 0.0811032436)
  jump=3.336589e-03 mismatch1=5.253e-07 mismatch2=2.857e-21

[15/20] M=1.0875
  incoming seed = (0.0000000000, 0.0811032436)
  box cr=[-0.020000,0.020000] ci=[0.056103,0.106103]
  result = (0.0000000000, 0.0847002489)
  jump=3.597005e-03 mismatch1=4.718e-07 mismatch2=2.951e-21

[16/20] M=1.0900
  incoming seed = (0.0000000000, 0.0847002489)
  box cr=[-0.020000,0.020000] ci=[0.059700,0.109700]
  result = (0.0000000000, 0.0885576707)
  jump=3.857422e-03 mismatch1=1.038e-06 mismatch2=3.049e-21

[17/20] M=1.0925
  incoming seed = (0.0000000000, 0.0885576707)
  box cr=[-0.020000,0.020000] ci=[0.063558,0.113558]
  result = (0.0000000000, 0.0928057176)
  jump=4.248047e-03 mismatch1=6.961e-07 mismatch2=3.135e-21

[18/20] M=1.0950
  incoming seed = (0.0000000000, 0.0928057176)
  box cr=[-0.020000,0.020000] ci=[0.067806,0.117806]
  result = (0.0000000000, 0.0975420457)
  jump=4.736328e-03 mismatch1=4.792e-07 mismatch2=3.215e-21

[19/20] M=1.0975
  incoming seed = (0.0000000000, 0.0975420457)
  box cr=[-0.020000,0.020000] ci=[0.072542,0.122542]
  result = (0.0000000000, 0.1028968634)
  jump=5.354818e-03 mismatch1=1.162e-07 mismatch2=3.311e-21

[20/20] M=1.1000
  incoming seed = (0.0000000000, 0.1028968634)
  box cr=[-0.020000,0.020000] ci=[0.077897,0.127897]
  result = (0.0000000000, 0.1091956916)
  jump=6.298828e-03 mismatch1=4.622e-07 mismatch2=3.438e-21

====================================================================================================
FINAL RESULT — REFERENCE-FREE CONTINUATION COMPLETE
====================================================================================================
candidate c = (0.0000000000, 0.1091956916)

EVALUATION ONLY:
reference c = (0.0000000018, 0.1849919122)
spectral error = 7.579622066e-02

WRITTEN: /lustre/fswork/projects/rech/fdb/usv13rn/These_PINN_KH_RT/assets/pinn_supersonic/atlas2d_v1_continuousM/N76/corrector_benchmark/C00_anchor_continuation_M105_to_M110.csv

CORRECTOR_BENCHMARK_FINISHED
