====================================================================================================
SUPERSONIC ATLAS2D V1 — N76
====================================================================================================
job          = 1130207
array task   = 0
chart        = C00
config       = configs/pinn_supersonic/atlas2d_v1_continuousM/N76/C00.json
output       = assets/pinn_supersonic/atlas2d_v1_continuousM/N76/runs/C00
node         = r3i6n2
start        = Wed Aug 19 11:43:23 AM CEST 2026
====================================================================================================
train Mach: 1.00 1.05 1.10 1.15 1.20 1.25
validation Mach: 
test Mach (sealed): 
[spectral_prefit] 1/2000 M=1.20 loss=7.756263e+00
[spectral_prefit] 100/2000 M=1.00 loss=1.002043e+01
[spectral_prefit] 200/2000 M=1.05 loss=8.135188e-02
[spectral_prefit] 300/2000 M=1.05 loss=1.182880e-01
[spectral_prefit] 400/2000 M=1.15 loss=8.915553e-01
[spectral_prefit] 500/2000 M=1.15 loss=4.530483e-01
[spectral_prefit] 600/2000 M=1.05 loss=1.175795e-01
[spectral_prefit] 700/2000 M=1.15 loss=8.788045e-02
[spectral_prefit] 800/2000 M=1.15 loss=6.173227e-02
[spectral_prefit] 900/2000 M=1.10 loss=1.422494e-02
[spectral_prefit] 1000/2000 M=1.15 loss=2.113852e-02
[spectral_prefit] 1100/2000 M=1.05 loss=5.598168e-02
[spectral_prefit] 1200/2000 M=1.00 loss=4.024176e-01
[spectral_prefit] 1300/2000 M=1.15 loss=1.564345e-02
[spectral_prefit] 1400/2000 M=1.00 loss=3.230743e-01
[spectral_prefit] 1500/2000 M=1.25 loss=1.679796e-02
[spectral_prefit] 1600/2000 M=1.10 loss=5.608611e-03
[spectral_prefit] 1700/2000 M=1.00 loss=1.705035e-01
[spectral_prefit] 1800/2000 M=1.15 loss=3.399829e-03
[spectral_prefit] 1900/2000 M=1.00 loss=1.303145e-01
[spectral_prefit] 2000/2000 M=1.10 loss=8.433711e-04
[modal_frozen] 1/4000 M=1.19 loss=6.116875e+00 rk=7.214e-02 rq=7.724e-02
[modal_frozen] 100/4000 M=1.09 loss=1.217056e-01 rk=2.172e-02 rq=2.362e-02
[modal_frozen] 200/4000 M=1.06 loss=5.019398e-02 rk=1.336e-02 rq=1.348e-02
[modal_frozen] 300/4000 M=1.19 loss=3.335118e-02 rk=7.154e-03 rq=6.730e-03
[modal_frozen] 400/4000 M=1.19 loss=3.009292e-02 rk=5.836e-03 rq=6.127e-03
[modal_frozen] 500/4000 M=1.21 loss=2.678199e-02 rk=5.142e-03 rq=4.487e-03
[modal_frozen] 600/4000 M=1.24 loss=4.269909e-02 rk=7.595e-03 rq=6.426e-03
[modal_frozen] 700/4000 M=1.02 loss=2.629742e-02 rk=4.451e-03 rq=4.404e-03
[modal_frozen] 800/4000 M=1.06 loss=2.316367e-02 rk=2.572e-03 rq=2.146e-03
[modal_frozen] 900/4000 M=1.13 loss=7.500538e-02 rk=2.110e-03 rq=2.423e-03
[modal_frozen] 1000/4000 M=1.05 loss=1.490518e-01 rk=2.572e-03 rq=2.062e-03
[modal_frozen] 1100/4000 M=1.17 loss=1.414157e-02 rk=1.399e-03 rq=1.287e-03
[modal_frozen] 1200/4000 M=1.02 loss=7.955352e-03 rk=2.034e-03 rq=2.012e-03
[modal_frozen] 1300/4000 M=1.00 loss=3.176768e-02 rk=3.015e-03 rq=2.900e-03
[modal_frozen] 1400/4000 M=1.16 loss=3.252805e-03 rk=7.859e-04 rq=7.465e-04
[modal_frozen] 1500/4000 M=1.08 loss=4.033975e-03 rk=1.014e-03 rq=9.431e-04
[modal_frozen] 1600/4000 M=1.07 loss=4.059989e-03 rk=8.908e-04 rq=7.901e-04
[modal_frozen] 1700/4000 M=1.08 loss=4.379786e-03 rk=7.686e-04 rq=7.077e-04
[modal_frozen] 1800/4000 M=1.07 loss=4.168649e-03 rk=8.204e-04 rq=6.797e-04
[modal_frozen] 1900/4000 M=1.02 loss=6.706612e-03 rk=1.011e-03 rq=1.009e-03
[modal_frozen] 2000/4000 M=1.20 loss=9.011587e-03 rk=7.228e-04 rq=6.597e-04
[modal_frozen] 2100/4000 M=1.08 loss=8.353148e-03 rk=7.029e-04 rq=5.501e-04
[modal_frozen] 2200/4000 M=1.24 loss=3.377181e-02 rk=1.275e-03 rq=1.168e-03
[modal_frozen] 2300/4000 M=1.04 loss=8.333313e-02 rk=1.604e-03 rq=1.265e-03
[modal_frozen] 2400/4000 M=1.04 loss=4.650036e-03 rk=7.889e-04 rq=7.461e-04
[modal_frozen] 2500/4000 M=1.12 loss=1.889120e-03 rk=4.326e-04 rq=3.786e-04
[modal_frozen] 2600/4000 M=1.10 loss=3.351768e-03 rk=4.164e-04 rq=3.903e-04
[modal_frozen] 2700/4000 M=1.15 loss=1.927316e-03 rk=3.774e-04 rq=3.231e-04
[modal_frozen] 2800/4000 M=1.10 loss=1.568164e-03 rk=3.781e-04 rq=3.437e-04
[modal_frozen] 2900/4000 M=1.00 loss=4.131326e-03 rk=9.666e-04 rq=8.930e-04
[modal_frozen] 3000/4000 M=1.16 loss=1.091039e-03 rk=2.729e-04 rq=2.677e-04
[modal_frozen] 3100/4000 M=1.02 loss=2.589603e-03 rk=4.817e-04 rq=5.383e-04
[modal_frozen] 3200/4000 M=1.06 loss=2.669482e-03 rk=3.264e-04 rq=3.081e-04
[modal_frozen] 3300/4000 M=1.04 loss=2.101304e-03 rk=3.203e-04 rq=2.958e-04
[modal_frozen] 3400/4000 M=1.01 loss=2.125053e-02 rk=8.267e-04 rq=6.118e-04
[modal_frozen] 3500/4000 M=1.21 loss=8.968296e-03 rk=3.696e-04 rq=4.012e-04
[modal_frozen] 3600/4000 M=1.03 loss=4.289802e-03 rk=3.627e-04 rq=3.151e-04
[modal_frozen] 3700/4000 M=1.07 loss=1.329362e-02 rk=5.480e-04 rq=4.735e-04
[modal_frozen] 3800/4000 M=1.02 loss=2.979682e-03 rk=4.656e-04 rq=4.303e-04
[modal_frozen] 3900/4000 M=1.18 loss=1.666428e-03 rk=2.391e-04 rq=2.043e-04
[modal_frozen] 4000/4000 M=1.23 loss=4.171407e-03 rk=3.288e-04 rq=3.068e-04
[joint] 1/4000 Mphys=1.174 Manchor=1.05 loss=9.922180e-02 spec=1.899e-03
[joint] 100/4000 Mphys=1.217 Manchor=1.10 loss=2.884999e-02 spec=4.373e-04
[joint] 200/4000 Mphys=1.201 Manchor=1.25 loss=3.500392e-02 spec=6.711e-04
[joint] 300/4000 Mphys=1.035 Manchor=1.10 loss=1.464573e+00 spec=2.917e-02
[joint] 400/4000 Mphys=1.011 Manchor=1.15 loss=3.724255e-02 spec=3.798e-04
[joint] 500/4000 Mphys=1.049 Manchor=1.05 loss=2.450018e-02 spec=3.380e-04
[joint] 600/4000 Mphys=1.124 Manchor=1.20 loss=3.455139e-03 spec=4.533e-05
[joint] 700/4000 Mphys=1.188 Manchor=1.00 loss=5.631370e-01 spec=1.116e-02
[joint] 800/4000 Mphys=1.229 Manchor=1.10 loss=6.746740e-03 spec=5.108e-05
[joint] 900/4000 Mphys=1.087 Manchor=1.20 loss=4.234888e-01 spec=8.448e-03
[joint] 1000/4000 Mphys=1.202 Manchor=1.10 loss=7.471262e-03 spec=1.225e-04
[joint] 1100/4000 Mphys=1.127 Manchor=1.25 loss=8.230775e-03 spec=5.842e-05
[joint] 1200/4000 Mphys=1.166 Manchor=1.05 loss=3.805811e-03 spec=9.701e-06
[joint] 1300/4000 Mphys=1.036 Manchor=1.15 loss=1.305641e-03 spec=3.583e-06
[joint] 1400/4000 Mphys=1.186 Manchor=1.25 loss=1.985182e-03 spec=1.005e-05
[joint] 1500/4000 Mphys=1.050 Manchor=1.15 loss=9.366835e-04 spec=2.507e-06
[joint] 1600/4000 Mphys=1.104 Manchor=1.15 loss=8.661215e-04 spec=1.957e-06
[joint] 1700/4000 Mphys=1.138 Manchor=1.20 loss=6.937917e-02 spec=1.326e-03
[joint] 1800/4000 Mphys=1.171 Manchor=1.05 loss=1.453463e-03 spec=1.099e-05
[joint] 1900/4000 Mphys=1.011 Manchor=1.05 loss=2.559389e-03 spec=3.177e-05
[joint] 2000/4000 Mphys=1.083 Manchor=1.05 loss=9.947700e-04 spec=6.660e-06
[joint] 2100/4000 Mphys=1.014 Manchor=1.20 loss=4.013754e-03 spec=1.216e-07
[joint] 2200/4000 Mphys=1.065 Manchor=1.10 loss=5.075642e-03 spec=8.307e-05
[joint] 2300/4000 Mphys=1.061 Manchor=1.25 loss=6.607054e-04 spec=1.085e-06
[joint] 2400/4000 Mphys=1.066 Manchor=1.20 loss=2.720911e-03 spec=2.446e-06
[joint] 2500/4000 Mphys=1.029 Manchor=1.15 loss=4.958256e-03 spec=6.731e-06
[joint] 2600/4000 Mphys=1.143 Manchor=1.05 loss=3.888821e-03 spec=5.942e-07
[joint] 2700/4000 Mphys=1.207 Manchor=1.00 loss=1.909601e-03 spec=3.925e-06
[joint] 2800/4000 Mphys=1.199 Manchor=1.15 loss=4.097456e-02 spec=7.653e-04
[joint] 2900/4000 Mphys=1.125 Manchor=1.15 loss=3.822813e-02 spec=7.545e-04
[joint] 3000/4000 Mphys=1.011 Manchor=1.25 loss=3.049167e-03 spec=3.939e-05
[joint] 3100/4000 Mphys=1.241 Manchor=1.20 loss=1.906691e-03 spec=3.088e-06
[joint] 3200/4000 Mphys=1.073 Manchor=1.00 loss=1.863926e-03 spec=5.027e-06
[joint] 3300/4000 Mphys=1.056 Manchor=1.25 loss=7.839999e-04 spec=8.147e-08
[joint] 3400/4000 Mphys=1.087 Manchor=1.25 loss=4.282237e-03 spec=9.139e-09
[joint] 3500/4000 Mphys=1.163 Manchor=1.10 loss=1.548898e-03 spec=1.004e-08
[joint] 3600/4000 Mphys=1.117 Manchor=1.10 loss=5.314607e-03 spec=7.055e-10
[joint] 3700/4000 Mphys=1.245 Manchor=1.15 loss=5.201430e-03 spec=5.156e-08
[joint] 3800/4000 Mphys=1.164 Manchor=1.10 loss=7.793636e-04 spec=1.988e-10
[joint] 3900/4000 Mphys=1.144 Manchor=1.05 loss=1.085781e-03 spec=1.045e-09
[joint] 4000/4000 Mphys=1.002 Manchor=1.05 loss=1.174048e-03 spec=3.219e-09

================================================================================
GLOBAL S4M0 TRAINING COMPLETE
================================================================================
selected: /lustre/fswork/projects/rech/fdb/usv13rn/These_PINN_KH_RT/assets/pinn_supersonic/atlas2d_v1_continuousM/N76/runs/C00/best_joint_checkpoint.pt

{
  "train": {
    "n": 10,
    "n_mach": 6,
    "cr_mae": 6.556937671490398e-07,
    "cr_max_abs": 1.8035861223397731e-06,
    "ci_mae": 1.1103032281966752e-06,
    "ci_max_abs": 3.464417457285651e-06,
    "omega_i_mae": 9.829123603924069e-08,
    "spectral_error_mean": 1.468159655739337e-06,
    "spectral_error_max": 3.59944772938969e-06
  }
}

TEST SPLIT REMAINS SEALED.

output: /lustre/fswork/projects/rech/fdb/usv13rn/These_PINN_KH_RT/assets/pinn_supersonic/atlas2d_v1_continuousM/N76/runs/C00

====================================================================================================
FINISHED
chart = C00
end   = Wed Aug 19 11:50:58 AM CEST 2026
====================================================================================================
