====================================================================================================
SUPERSONIC ATLAS2D V1 — N76
====================================================================================================
job          = 839103
array task   = 5
chart        = C12
config       = configs/pinn_supersonic/atlas2d_v1/N76/C12.json
output       = assets/pinn_supersonic/atlas2d_v1/N76/runs/C12
node         = r6i0n4
start        = Tue Aug 11 02:20:13 PM CEST 2026
====================================================================================================
train Mach: 1.15 1.20 1.25 1.30 1.35 1.40 1.45
validation Mach: 
test Mach (sealed): 
[spectral_prefit] 1/2000 M=1.25 loss=5.511704e+00
[spectral_prefit] 100/2000 M=1.45 loss=5.102055e+00
[spectral_prefit] 200/2000 M=1.15 loss=7.123725e-01
[spectral_prefit] 300/2000 M=1.40 loss=2.112508e-01
[spectral_prefit] 400/2000 M=1.25 loss=1.378059e+00
[spectral_prefit] 500/2000 M=1.30 loss=4.924437e-01
[spectral_prefit] 600/2000 M=1.25 loss=8.567732e-01
[spectral_prefit] 700/2000 M=1.45 loss=5.319766e-01
[spectral_prefit] 800/2000 M=1.40 loss=3.023003e-01
[spectral_prefit] 900/2000 M=1.20 loss=3.080146e-02
[spectral_prefit] 1000/2000 M=1.45 loss=3.147039e-01
[spectral_prefit] 1100/2000 M=1.40 loss=1.572638e-01
[spectral_prefit] 1200/2000 M=1.20 loss=6.863782e-03
[spectral_prefit] 1300/2000 M=1.20 loss=5.093999e-03
[spectral_prefit] 1400/2000 M=1.20 loss=7.402648e-03
[spectral_prefit] 1500/2000 M=1.25 loss=1.095156e-01
[spectral_prefit] 1600/2000 M=1.15 loss=2.938471e-02
[spectral_prefit] 1700/2000 M=1.45 loss=9.285215e-02
[spectral_prefit] 1800/2000 M=1.30 loss=1.501147e-02
[spectral_prefit] 1900/2000 M=1.45 loss=7.742644e-02
[spectral_prefit] 2000/2000 M=1.35 loss=2.162926e-02
[modal_frozen] 1/4000 M=1.30 loss=1.085152e+01 rk=7.549e-02 rq=6.604e-02
[modal_frozen] 100/4000 M=1.45 loss=1.913880e-01 rk=3.176e-02 rq=2.917e-02
[modal_frozen] 200/4000 M=1.40 loss=8.349180e-02 rk=1.290e-02 rq=1.229e-02
[modal_frozen] 300/4000 M=1.15 loss=5.732471e-02 rk=1.398e-02 rq=1.540e-02
[modal_frozen] 400/4000 M=1.15 loss=1.024254e-01 rk=1.050e-02 rq=8.840e-03
[modal_frozen] 500/4000 M=1.40 loss=3.882945e-02 rk=6.300e-03 rq=4.026e-03
[modal_frozen] 600/4000 M=1.40 loss=3.802754e-02 rk=6.312e-03 rq=3.644e-03
[modal_frozen] 700/4000 M=1.15 loss=2.811112e-02 rk=4.995e-03 rq=4.347e-03
[modal_frozen] 800/4000 M=1.35 loss=3.503888e-02 rk=8.766e-03 rq=3.101e-03
[modal_frozen] 900/4000 M=1.25 loss=8.151034e-02 rk=4.992e-03 rq=3.104e-03
[modal_frozen] 1000/4000 M=1.40 loss=6.059389e-02 rk=3.633e-03 rq=1.860e-03
[modal_frozen] 1100/4000 M=1.40 loss=4.546413e-02 rk=3.635e-03 rq=1.650e-03
[modal_frozen] 1200/4000 M=1.25 loss=1.670341e-02 rk=3.517e-03 rq=2.162e-03
[modal_frozen] 1300/4000 M=1.35 loss=9.756828e-03 rk=6.386e-03 rq=1.400e-03
[modal_frozen] 1400/4000 M=1.25 loss=8.076352e-03 rk=2.660e-03 rq=1.820e-03
[modal_frozen] 1500/4000 M=1.30 loss=6.929522e-03 rk=1.792e-03 rq=1.201e-03
[modal_frozen] 1600/4000 M=1.35 loss=8.205819e-03 rk=4.710e-03 rq=1.165e-03
[modal_frozen] 1700/4000 M=1.45 loss=1.840060e-02 rk=5.051e-03 rq=2.059e-03
[modal_frozen] 1800/4000 M=1.25 loss=1.656482e-02 rk=2.181e-03 rq=1.549e-03
[modal_frozen] 1900/4000 M=1.45 loss=3.584410e-02 rk=4.365e-03 rq=1.769e-03
[modal_frozen] 2000/4000 M=1.40 loss=8.782036e-03 rk=1.971e-03 rq=1.027e-03
[modal_frozen] 2100/4000 M=1.15 loss=6.236318e-02 rk=1.911e-03 rq=1.966e-03
[modal_frozen] 2200/4000 M=1.30 loss=2.290286e-02 rk=1.223e-03 rq=1.106e-03
[modal_frozen] 2300/4000 M=1.40 loss=3.723357e-03 rk=1.312e-03 rq=7.343e-04
[modal_frozen] 2400/4000 M=1.35 loss=6.125390e-03 rk=3.669e-03 rq=7.535e-04
[modal_frozen] 2500/4000 M=1.20 loss=2.484878e-03 rk=6.847e-04 rq=5.516e-04
[modal_frozen] 2600/4000 M=1.30 loss=2.414679e-03 rk=7.701e-04 rq=5.308e-04
[modal_frozen] 2700/4000 M=1.30 loss=1.879818e-03 rk=5.649e-04 rq=5.186e-04
[modal_frozen] 2800/4000 M=1.40 loss=2.616121e-03 rk=1.053e-03 rq=6.413e-04
[modal_frozen] 2900/4000 M=1.35 loss=1.378647e-02 rk=2.594e-03 rq=6.191e-04
[modal_frozen] 3000/4000 M=1.20 loss=5.052314e-02 rk=1.045e-03 rq=8.693e-04
[modal_frozen] 3100/4000 M=1.45 loss=1.867531e-02 rk=2.034e-03 rq=9.584e-04
[modal_frozen] 3200/4000 M=1.35 loss=6.904765e-03 rk=2.481e-03 rq=5.159e-04
[modal_frozen] 3300/4000 M=1.30 loss=6.167556e-03 rk=6.124e-04 rq=5.617e-04
[modal_frozen] 3400/4000 M=1.35 loss=1.118207e-02 rk=1.913e-03 rq=4.087e-04
[modal_frozen] 3500/4000 M=1.15 loss=6.174038e-03 rk=5.366e-04 rq=4.740e-04
[modal_frozen] 3600/4000 M=1.20 loss=4.219824e-03 rk=6.001e-04 rq=3.588e-04
[modal_frozen] 3700/4000 M=1.25 loss=3.888252e-02 rk=9.204e-04 rq=6.973e-04
[modal_frozen] 3800/4000 M=1.25 loss=6.517216e-03 rk=9.382e-04 rq=6.083e-04
[modal_frozen] 3900/4000 M=1.45 loss=4.407115e-02 rk=1.679e-03 rq=9.393e-04
[modal_frozen] 4000/4000 M=1.35 loss=7.277467e-03 rk=1.571e-03 rq=4.169e-04
[joint] 1/4000 M=1.30 loss=7.148934e-01 spec=1.417e-02
[joint] 100/4000 M=1.15 loss=2.221316e-02 spec=3.437e-04
[joint] 200/4000 M=1.45 loss=2.058918e+00 spec=4.112e-02
[joint] 300/4000 M=1.35 loss=7.582173e-02 spec=1.464e-03
[joint] 400/4000 M=1.25 loss=4.613679e-01 spec=9.135e-03
[joint] 500/4000 M=1.20 loss=2.322367e-01 spec=4.424e-03
[joint] 600/4000 M=1.40 loss=1.185794e+00 spec=2.365e-02
[joint] 700/4000 M=1.15 loss=3.563860e-02 spec=6.323e-04
[joint] 800/4000 M=1.30 loss=3.276328e-01 spec=6.518e-03
[joint] 900/4000 M=1.40 loss=6.044776e-01 spec=1.207e-02
[joint] 1000/4000 M=1.40 loss=4.001094e-01 spec=7.983e-03
[joint] 1100/4000 M=1.25 loss=2.270247e-01 spec=4.494e-03
[joint] 1200/4000 M=1.45 loss=9.452399e-01 spec=1.870e-02
[joint] 1300/4000 M=1.15 loss=1.579259e-02 spec=1.520e-04
[joint] 1400/4000 M=1.45 loss=1.156198e+00 spec=2.282e-02
[joint] 1500/4000 M=1.35 loss=8.380844e-02 spec=1.623e-03
[joint] 1600/4000 M=1.20 loss=7.136506e-03 spec=1.293e-04
[joint] 1700/4000 M=1.30 loss=8.715031e-02 spec=1.728e-03
[joint] 1800/4000 M=1.30 loss=2.245326e-02 spec=4.327e-04
[joint] 1900/4000 M=1.30 loss=5.090046e-02 spec=9.905e-04
[joint] 2000/4000 M=1.20 loss=5.047292e-03 spec=6.558e-05
[joint] 2100/4000 M=1.45 loss=2.107374e-01 spec=4.180e-03
[joint] 2200/4000 M=1.30 loss=1.269262e-02 spec=2.105e-04
[joint] 2300/4000 M=1.20 loss=3.464539e-03 spec=1.994e-05
[joint] 2400/4000 M=1.20 loss=2.552634e-02 spec=2.880e-05
[joint] 2500/4000 M=1.40 loss=1.228672e-01 spec=2.405e-03
[joint] 2600/4000 M=1.25 loss=1.830279e-01 spec=3.369e-03
[joint] 2700/4000 M=1.35 loss=7.380582e-02 spec=1.403e-03
[joint] 2800/4000 M=1.45 loss=1.080231e-01 spec=2.087e-03
[joint] 2900/4000 M=1.45 loss=5.994184e-02 spec=1.164e-03
[joint] 3000/4000 M=1.30 loss=2.226358e-02 spec=4.315e-04
[joint] 3100/4000 M=1.15 loss=1.999303e-03 spec=2.536e-05
[joint] 3200/4000 M=1.40 loss=4.892863e-02 spec=9.438e-04
[joint] 3300/4000 M=1.25 loss=7.124936e-02 spec=1.403e-03
[joint] 3400/4000 M=1.40 loss=3.740323e-02 spec=7.185e-04
[joint] 3500/4000 M=1.20 loss=1.450751e-02 spec=4.705e-05
[joint] 3600/4000 M=1.30 loss=3.209921e-02 spec=5.476e-04
[joint] 3700/4000 M=1.20 loss=2.398537e-02 spec=3.757e-04
[joint] 3800/4000 M=1.15 loss=1.392621e-03 spec=6.509e-06
[joint] 3900/4000 M=1.20 loss=5.473833e-03 spec=9.697e-05
[joint] 4000/4000 M=1.35 loss=2.924386e-03 spec=3.559e-05

================================================================================
GLOBAL S4M0 TRAINING COMPLETE
================================================================================
selected: /lustre/fswork/projects/rech/fdb/usv13rn/These_PINN_KH_RT/assets/pinn_supersonic/atlas2d_v1/N76/runs/C12/best_joint_checkpoint.pt

{
  "train": {
    "n": 14,
    "n_mach": 7,
    "cr_mae": 5.379390824643877e-05,
    "cr_max_abs": 0.00015177908491614822,
    "ci_mae": 0.00026842122765325874,
    "ci_max_abs": 0.001512224175625021,
    "omega_i_mae": 6.866315994362893e-05,
    "spectral_error_mean": 0.00028587049780030534,
    "spectral_error_max": 0.0015135403350520227
  }
}

TEST SPLIT REMAINS SEALED.

output: /lustre/fswork/projects/rech/fdb/usv13rn/These_PINN_KH_RT/assets/pinn_supersonic/atlas2d_v1/N76/runs/C12

====================================================================================================
FINISHED
chart = C12
end   = Tue Aug 11 02:27:18 PM CEST 2026
====================================================================================================
