====================================================================================================
SUPERSONIC ATLAS2D V1 — N76
====================================================================================================
job          = 839100
array task   = 2
chart        = C02
config       = configs/pinn_supersonic/atlas2d_v1/N76/C02.json
output       = assets/pinn_supersonic/atlas2d_v1/N76/runs/C02
node         = r6i0n1
start        = Tue Aug 11 02:20:12 PM CEST 2026
====================================================================================================
train Mach: 1.00 1.05 1.10 1.15 1.20 1.25
validation Mach: 
test Mach (sealed): 
[spectral_prefit] 1/2000 M=1.15 loss=2.205649e+01
[spectral_prefit] 100/2000 M=1.25 loss=2.027864e+00
[spectral_prefit] 200/2000 M=1.10 loss=4.077800e-01
[spectral_prefit] 300/2000 M=1.20 loss=3.743317e-01
[spectral_prefit] 400/2000 M=1.05 loss=7.443682e-03
[spectral_prefit] 500/2000 M=1.20 loss=4.666894e-02
[spectral_prefit] 600/2000 M=1.20 loss=7.584968e-02
[spectral_prefit] 700/2000 M=1.05 loss=1.414894e-02
[spectral_prefit] 800/2000 M=1.20 loss=5.274465e-02
[spectral_prefit] 900/2000 M=1.10 loss=9.989308e-02
[spectral_prefit] 1000/2000 M=1.25 loss=1.452047e-01
[spectral_prefit] 1100/2000 M=1.25 loss=1.499613e-01
[spectral_prefit] 1200/2000 M=1.25 loss=1.257578e-01
[spectral_prefit] 1300/2000 M=1.20 loss=1.958852e-02
[spectral_prefit] 1400/2000 M=1.00 loss=3.068773e-01
[spectral_prefit] 1500/2000 M=1.10 loss=1.723422e-02
[spectral_prefit] 1600/2000 M=1.05 loss=1.343459e-04
[spectral_prefit] 1700/2000 M=1.25 loss=9.369200e-02
[spectral_prefit] 1800/2000 M=1.15 loss=2.706106e-02
[spectral_prefit] 1900/2000 M=1.15 loss=2.738607e-02
[spectral_prefit] 2000/2000 M=1.05 loss=5.744384e-04
[modal_frozen] 1/4000 M=1.05 loss=5.229577e+00 rk=7.755e-02 rq=7.958e-02
[modal_frozen] 100/4000 M=1.10 loss=1.401790e-01 rk=3.066e-02 rq=3.222e-02
[modal_frozen] 200/4000 M=1.20 loss=3.811401e-02 rk=1.077e-02 rq=8.984e-03
[modal_frozen] 300/4000 M=1.10 loss=5.439840e-02 rk=1.192e-02 rq=1.173e-02
[modal_frozen] 400/4000 M=1.00 loss=4.646883e-01 rk=1.480e-02 rq=1.327e-02
[modal_frozen] 500/4000 M=1.15 loss=2.444734e-02 rk=5.740e-03 rq=3.812e-03
[modal_frozen] 600/4000 M=1.00 loss=3.211072e-02 rk=8.905e-03 rq=8.581e-03
[modal_frozen] 700/4000 M=1.15 loss=1.152081e-02 rk=3.563e-03 rq=1.880e-03
[modal_frozen] 800/4000 M=1.15 loss=8.125222e-03 rk=3.030e-03 rq=1.637e-03
[modal_frozen] 900/4000 M=1.10 loss=2.217652e-02 rk=4.044e-03 rq=3.327e-03
[modal_frozen] 1000/4000 M=1.05 loss=9.824897e-03 rk=1.391e-03 rq=1.225e-03
[modal_frozen] 1100/4000 M=1.15 loss=1.315523e-02 rk=2.117e-03 rq=1.042e-03
[modal_frozen] 1200/4000 M=1.05 loss=2.114314e-02 rk=8.987e-04 rq=7.588e-04
[modal_frozen] 1300/4000 M=1.20 loss=7.085062e-03 rk=1.593e-03 rq=8.941e-04
[modal_frozen] 1400/4000 M=1.05 loss=4.576895e-03 rk=9.501e-04 rq=7.454e-04
[modal_frozen] 1500/4000 M=1.00 loss=2.044070e-02 rk=2.302e-03 rq=2.661e-03
[modal_frozen] 1600/4000 M=1.05 loss=1.161366e-02 rk=8.471e-04 rq=6.925e-04
[modal_frozen] 1700/4000 M=1.00 loss=1.051963e-01 rk=2.757e-03 rq=2.355e-03
[modal_frozen] 1800/4000 M=1.00 loss=3.170579e-02 rk=2.338e-03 rq=2.226e-03
[modal_frozen] 1900/4000 M=1.10 loss=7.497408e-03 rk=1.594e-03 rq=1.121e-03
[modal_frozen] 2000/4000 M=1.20 loss=1.412363e-02 rk=1.020e-03 rq=7.368e-04
[modal_frozen] 2100/4000 M=1.05 loss=8.548032e-02 rk=1.029e-03 rq=5.857e-04
[modal_frozen] 2200/4000 M=1.05 loss=1.421456e-02 rk=6.789e-04 rq=5.619e-04
[modal_frozen] 2300/4000 M=1.20 loss=3.580167e-03 rk=6.061e-04 rq=4.591e-04
[modal_frozen] 2400/4000 M=1.25 loss=9.081630e-03 rk=2.614e-03 rq=9.742e-04
[modal_frozen] 2500/4000 M=1.05 loss=4.376914e-03 rk=4.268e-04 rq=3.866e-04
[modal_frozen] 2600/4000 M=1.00 loss=1.137696e-02 rk=1.157e-03 rq=1.266e-03
[modal_frozen] 2700/4000 M=1.15 loss=7.510685e-03 rk=7.285e-04 rq=5.284e-04
[modal_frozen] 2800/4000 M=1.00 loss=3.321289e-02 rk=1.695e-03 rq=1.406e-03
[modal_frozen] 2900/4000 M=1.25 loss=1.144060e-02 rk=1.730e-03 rq=7.874e-04
[modal_frozen] 3000/4000 M=1.10 loss=2.945732e-03 rk=7.501e-04 rq=5.634e-04
[modal_frozen] 3100/4000 M=1.10 loss=2.974766e-03 rk=7.486e-04 rq=5.217e-04
[modal_frozen] 3200/4000 M=1.10 loss=3.166309e-03 rk=6.608e-04 rq=4.643e-04
[modal_frozen] 3300/4000 M=1.20 loss=5.235270e-03 rk=4.313e-04 rq=3.431e-04
[modal_frozen] 3400/4000 M=1.15 loss=1.231203e-03 rk=3.820e-04 rq=2.440e-04
[modal_frozen] 3500/4000 M=1.10 loss=3.228985e-03 rk=6.234e-04 rq=4.192e-04
[modal_frozen] 3600/4000 M=1.10 loss=1.697928e-02 rk=7.109e-04 rq=4.869e-04
[modal_frozen] 3700/4000 M=1.25 loss=2.688431e-02 rk=1.529e-03 rq=7.000e-04
[modal_frozen] 3800/4000 M=1.00 loss=2.538522e-02 rk=1.130e-03 rq=8.312e-04
[modal_frozen] 3900/4000 M=1.20 loss=1.322380e-02 rk=4.028e-04 rq=2.817e-04
[modal_frozen] 4000/4000 M=1.15 loss=2.043835e-03 rk=3.083e-04 rq=1.799e-04
[joint] 1/4000 M=1.15 loss=1.398669e+00 spec=2.793e-02
[joint] 100/4000 M=1.15 loss=9.689116e-01 spec=1.933e-02
[joint] 200/4000 M=1.00 loss=1.025821e+01 spec=2.044e-01
[joint] 300/4000 M=1.10 loss=5.678355e-01 spec=1.127e-02
[joint] 400/4000 M=1.05 loss=1.312537e-02 spec=1.283e-04
[joint] 500/4000 M=1.15 loss=9.430193e-01 spec=1.806e-02
[joint] 600/4000 M=1.05 loss=9.841107e-02 spec=1.930e-03
[joint] 700/4000 M=1.25 loss=2.111678e+00 spec=4.219e-02
[joint] 800/4000 M=1.00 loss=5.658223e+00 spec=1.131e-01
[joint] 900/4000 M=1.15 loss=4.360127e-01 spec=8.688e-03
[joint] 1000/4000 M=1.25 loss=1.233005e+00 spec=2.459e-02
[joint] 1100/4000 M=1.20 loss=4.526880e-02 spec=8.803e-04
[joint] 1200/4000 M=1.00 loss=3.066592e+00 spec=6.123e-02
[joint] 1300/4000 M=1.15 loss=6.365020e-02 spec=9.716e-04
[joint] 1400/4000 M=1.05 loss=2.765686e-01 spec=5.462e-03
[joint] 1500/4000 M=1.25 loss=4.362304e-01 spec=8.689e-03
[joint] 1600/4000 M=1.00 loss=2.192847e+00 spec=4.383e-02
[joint] 1700/4000 M=1.20 loss=1.287508e-03 spec=1.479e-05
[joint] 1800/4000 M=1.20 loss=2.041616e-02 spec=3.833e-04
[joint] 1900/4000 M=1.25 loss=2.164909e-01 spec=4.295e-03
[joint] 2000/4000 M=1.25 loss=1.724570e-01 spec=3.372e-03
[joint] 2100/4000 M=1.20 loss=1.246031e-01 spec=2.333e-03
[joint] 2200/4000 M=1.25 loss=1.263770e-01 spec=2.262e-03
[joint] 2300/4000 M=1.10 loss=1.520405e-01 spec=2.963e-03
[joint] 2400/4000 M=1.20 loss=1.368088e-02 spec=2.498e-04
[joint] 2500/4000 M=1.05 loss=4.961431e-03 spec=8.021e-05
[joint] 2600/4000 M=1.00 loss=5.222985e-01 spec=1.041e-02
[joint] 2700/4000 M=1.05 loss=8.698885e-03 spec=1.381e-04
[joint] 2800/4000 M=1.00 loss=4.628958e-01 spec=9.228e-03
[joint] 2900/4000 M=1.20 loss=1.292924e-02 spec=2.476e-04
[joint] 3000/4000 M=1.05 loss=4.668020e-03 spec=4.504e-05
[joint] 3100/4000 M=1.20 loss=1.501881e-02 spec=7.908e-05
[joint] 3200/4000 M=1.10 loss=3.753585e-02 spec=7.161e-04
[joint] 3300/4000 M=1.05 loss=1.048272e-02 spec=1.581e-04
[joint] 3400/4000 M=1.20 loss=1.375785e-01 spec=2.718e-03
[joint] 3500/4000 M=1.10 loss=4.340976e-02 spec=8.369e-04
[joint] 3600/4000 M=1.25 loss=1.297967e-02 spec=2.131e-04
[joint] 3700/4000 M=1.15 loss=6.696429e-03 spec=1.069e-04
[joint] 3800/4000 M=1.10 loss=3.736965e-02 spec=7.229e-04
[joint] 3900/4000 M=1.00 loss=9.413061e-02 spec=1.858e-03
[joint] 4000/4000 M=1.20 loss=5.259480e-03 spec=2.216e-05

================================================================================
GLOBAL S4M0 TRAINING COMPLETE
================================================================================
selected: /lustre/fswork/projects/rech/fdb/usv13rn/These_PINN_KH_RT/assets/pinn_supersonic/atlas2d_v1/N76/runs/C02/best_joint_checkpoint.pt

{
  "train": {
    "n": 15,
    "n_mach": 6,
    "cr_mae": 0.00017224517963898103,
    "cr_max_abs": 0.0005042870749238926,
    "ci_mae": 0.0013669835865492445,
    "ci_max_abs": 0.00795268324476043,
    "omega_i_mae": 0.00039270071486092697,
    "spectral_error_mean": 0.0014071666105373022,
    "spectral_error_max": 0.007953401389295057
  }
}

TEST SPLIT REMAINS SEALED.

output: /lustre/fswork/projects/rech/fdb/usv13rn/These_PINN_KH_RT/assets/pinn_supersonic/atlas2d_v1/N76/runs/C02

====================================================================================================
FINISHED
chart = C02
end   = Tue Aug 11 02:27:29 PM CEST 2026
====================================================================================================
