====================================================================================================
SUPERSONIC ATLAS2D V1 — N76
====================================================================================================
job          = 1130205
array task   = 11
chart        = C32
config       = configs/pinn_supersonic/atlas2d_v1_continuousM/N76/C32.json
output       = assets/pinn_supersonic/atlas2d_v1_continuousM/N76/runs/C32
node         = r3i7n3
start        = Wed Aug 19 11:43:24 AM CEST 2026
====================================================================================================
train Mach: 1.55 1.60 1.65 1.70 1.75 1.85 1.90
validation Mach: 
test Mach (sealed): 
[spectral_prefit] 1/2000 M=1.65 loss=5.784793e+01
[spectral_prefit] 100/2000 M=1.90 loss=7.149351e+00
[spectral_prefit] 200/2000 M=1.65 loss=6.581775e+00
[spectral_prefit] 300/2000 M=1.65 loss=3.864283e+00
[spectral_prefit] 400/2000 M=1.70 loss=1.617889e-01
[spectral_prefit] 500/2000 M=1.55 loss=9.790897e-01
[spectral_prefit] 600/2000 M=1.70 loss=4.295733e-01
[spectral_prefit] 700/2000 M=1.70 loss=3.954328e-01
[spectral_prefit] 800/2000 M=1.75 loss=2.463748e-01
[spectral_prefit] 900/2000 M=1.55 loss=5.660806e-01
[spectral_prefit] 1000/2000 M=1.60 loss=9.233209e-02
[spectral_prefit] 1100/2000 M=1.90 loss=7.066343e-01
[spectral_prefit] 1200/2000 M=1.65 loss=1.211004e+00
[spectral_prefit] 1300/2000 M=1.60 loss=1.667949e-02
[spectral_prefit] 1400/2000 M=1.55 loss=8.967378e-04
[spectral_prefit] 1500/2000 M=1.85 loss=2.556634e-02
[spectral_prefit] 1600/2000 M=1.90 loss=2.333261e-01
[spectral_prefit] 1700/2000 M=1.75 loss=3.364133e-03
[spectral_prefit] 1800/2000 M=1.70 loss=1.138929e-02
[spectral_prefit] 1900/2000 M=1.55 loss=1.705939e-02
[spectral_prefit] 2000/2000 M=1.85 loss=1.340793e-01
[modal_frozen] 1/4000 M=1.74 loss=1.047105e+01 rk=8.782e-02 rq=1.046e-01
[modal_frozen] 100/4000 M=1.60 loss=1.855310e-01 rk=4.770e-02 rq=3.475e-02
[modal_frozen] 200/4000 M=1.89 loss=1.422897e-01 rk=4.286e-02 rq=2.748e-02
[modal_frozen] 300/4000 M=1.68 loss=9.298772e-02 rk=1.731e-02 rq=1.428e-02
[modal_frozen] 400/4000 M=1.79 loss=1.465905e-01 rk=1.733e-02 rq=9.382e-03
[modal_frozen] 500/4000 M=1.62 loss=8.334219e-02 rk=1.340e-02 rq=6.361e-03
[modal_frozen] 600/4000 M=1.55 loss=7.044102e-02 rk=1.520e-02 rq=9.755e-03
[modal_frozen] 700/4000 M=1.81 loss=6.440800e-02 rk=1.004e-02 rq=7.207e-03
[modal_frozen] 800/4000 M=1.69 loss=2.641275e-02 rk=5.269e-03 rq=5.635e-03
[modal_frozen] 900/4000 M=1.63 loss=1.606254e-02 rk=4.944e-03 rq=3.092e-03
[modal_frozen] 1000/4000 M=1.80 loss=1.883877e-02 rk=4.666e-03 rq=5.740e-03
[modal_frozen] 1100/4000 M=1.79 loss=1.771905e-02 rk=3.989e-03 rq=4.745e-03
[modal_frozen] 1200/4000 M=1.81 loss=1.640292e-02 rk=3.757e-03 rq=5.765e-03
[modal_frozen] 1300/4000 M=1.80 loss=2.765003e-02 rk=3.268e-03 rq=4.415e-03
[modal_frozen] 1400/4000 M=1.61 loss=1.462995e-01 rk=3.727e-03 rq=3.289e-03
[modal_frozen] 1500/4000 M=1.56 loss=3.009730e-02 rk=4.817e-03 rq=3.229e-03
[modal_frozen] 1600/4000 M=1.64 loss=1.015591e-02 rk=1.816e-03 rq=1.888e-03
[modal_frozen] 1700/4000 M=1.76 loss=8.861227e-03 rk=2.119e-03 rq=3.027e-03
[modal_frozen] 1800/4000 M=1.81 loss=9.500323e-03 rk=1.962e-03 rq=3.127e-03
[modal_frozen] 1900/4000 M=1.89 loss=1.656008e-02 rk=4.070e-03 rq=4.061e-03
[modal_frozen] 2000/4000 M=1.77 loss=9.118959e-03 rk=1.685e-03 rq=2.963e-03
[modal_frozen] 2100/4000 M=1.89 loss=3.199638e-02 rk=4.300e-03 rq=3.591e-03
[modal_frozen] 2200/4000 M=1.68 loss=7.862485e-03 rk=1.435e-03 rq=1.572e-03
[modal_frozen] 2300/4000 M=1.80 loss=1.831559e-02 rk=1.464e-03 rq=2.736e-03
[modal_frozen] 2400/4000 M=1.58 loss=6.789201e-02 rk=1.756e-03 rq=1.250e-03
[modal_frozen] 2500/4000 M=1.78 loss=8.013004e-03 rk=1.552e-03 rq=2.111e-03
[modal_frozen] 2600/4000 M=1.61 loss=9.416731e-03 rk=9.199e-04 rq=8.300e-04
[modal_frozen] 2700/4000 M=1.57 loss=2.303335e-02 rk=1.823e-03 rq=1.309e-03
[modal_frozen] 2800/4000 M=1.80 loss=1.561351e-02 rk=1.411e-03 rq=2.167e-03
[modal_frozen] 2900/4000 M=1.83 loss=8.952868e-03 rk=1.179e-03 rq=2.493e-03
[modal_frozen] 3000/4000 M=1.59 loss=6.761406e-03 rk=1.304e-03 rq=8.112e-04
[modal_frozen] 3100/4000 M=1.83 loss=6.569956e-03 rk=1.007e-03 rq=2.228e-03
[modal_frozen] 3200/4000 M=1.61 loss=4.793122e-03 rk=8.477e-04 rq=6.330e-04
[modal_frozen] 3300/4000 M=1.89 loss=2.291331e-02 rk=2.588e-03 rq=2.984e-03
[modal_frozen] 3400/4000 M=1.77 loss=2.871787e-02 rk=1.284e-03 rq=1.987e-03
[modal_frozen] 3500/4000 M=1.75 loss=4.664997e-02 rk=1.541e-03 rq=2.185e-03
[modal_frozen] 3600/4000 M=1.84 loss=6.856224e-03 rk=9.170e-04 rq=2.193e-03
[modal_frozen] 3700/4000 M=1.77 loss=5.233737e-03 rk=1.063e-03 rq=1.817e-03
[modal_frozen] 3800/4000 M=1.76 loss=4.943055e-03 rk=1.147e-03 rq=1.608e-03
[modal_frozen] 3900/4000 M=1.87 loss=1.016091e-02 rk=1.357e-03 rq=2.206e-03
[modal_frozen] 4000/4000 M=1.76 loss=1.668745e-01 rk=2.611e-03 rq=2.524e-03
[joint] 1/4000 Mphys=1.726 Manchor=1.60 loss=2.716349e+00 spec=5.235e-02
[joint] 100/4000 Mphys=1.726 Manchor=1.70 loss=7.328617e-02 spec=1.374e-03
[joint] 200/4000 Mphys=1.681 Manchor=1.70 loss=6.268583e-02 spec=1.055e-03
[joint] 300/4000 Mphys=1.896 Manchor=1.65 loss=9.665787e+00 spec=1.931e-01
[joint] 400/4000 Mphys=1.727 Manchor=1.85 loss=3.227093e+00 spec=6.442e-02
[joint] 500/4000 Mphys=1.857 Manchor=1.70 loss=1.360529e-01 spec=2.612e-03
[joint] 600/4000 Mphys=1.697 Manchor=1.90 loss=3.338075e+00 spec=6.666e-02
[joint] 700/4000 Mphys=1.735 Manchor=1.60 loss=2.354338e+00 spec=4.689e-02
[joint] 800/4000 Mphys=1.751 Manchor=1.85 loss=6.047288e+00 spec=1.204e-01
[joint] 900/4000 Mphys=1.861 Manchor=1.85 loss=5.206982e+00 spec=1.040e-01
[joint] 1000/4000 Mphys=1.596 Manchor=1.55 loss=1.372623e-02 spec=2.132e-04
[joint] 1100/4000 Mphys=1.625 Manchor=1.60 loss=1.519270e+00 spec=3.011e-02
[joint] 1200/4000 Mphys=1.615 Manchor=1.90 loss=1.960559e+00 spec=3.913e-02
[joint] 1300/4000 Mphys=1.582 Manchor=1.60 loss=1.239741e+00 spec=2.473e-02
[joint] 1400/4000 Mphys=1.614 Manchor=1.85 loss=1.298793e+00 spec=2.592e-02
[joint] 1500/4000 Mphys=1.888 Manchor=1.85 loss=1.824944e+00 spec=3.605e-02
[joint] 1600/4000 Mphys=1.833 Manchor=1.70 loss=3.709645e-01 spec=7.112e-03
[joint] 1700/4000 Mphys=1.689 Manchor=1.65 loss=8.783299e-01 spec=1.751e-02
[joint] 1800/4000 Mphys=1.830 Manchor=1.85 loss=1.139844e+00 spec=2.261e-02
[joint] 1900/4000 Mphys=1.785 Manchor=1.70 loss=2.261542e-01 spec=4.394e-03
[joint] 2000/4000 Mphys=1.803 Manchor=1.85 loss=1.362266e+00 spec=2.715e-02
[joint] 2100/4000 Mphys=1.840 Manchor=1.75 loss=5.550699e-02 spec=1.012e-03
[joint] 2200/4000 Mphys=1.794 Manchor=1.85 loss=1.080168e+00 spec=2.150e-02
[joint] 2300/4000 Mphys=1.850 Manchor=1.75 loss=6.242461e-02 spec=1.163e-03
[joint] 2400/4000 Mphys=1.741 Manchor=1.55 loss=1.731937e-02 spec=2.660e-04
[joint] 2500/4000 Mphys=1.714 Manchor=1.75 loss=6.298590e-02 spec=1.164e-03
[joint] 2600/4000 Mphys=1.840 Manchor=1.65 loss=2.925643e-02 spec=3.660e-04
[joint] 2700/4000 Mphys=1.892 Manchor=1.65 loss=1.249359e-02 spec=9.249e-05
[joint] 2800/4000 Mphys=1.651 Manchor=1.90 loss=1.099650e-01 spec=2.152e-03
[joint] 2900/4000 Mphys=1.687 Manchor=1.85 loss=2.867644e-01 spec=5.666e-03
[joint] 3000/4000 Mphys=1.610 Manchor=1.70 loss=6.001731e-02 spec=8.760e-05
[joint] 3100/4000 Mphys=1.561 Manchor=1.65 loss=6.131464e-03 spec=1.521e-05
[joint] 3200/4000 Mphys=1.696 Manchor=1.85 loss=1.776939e-01 spec=3.499e-03
[joint] 3300/4000 Mphys=1.596 Manchor=1.85 loss=1.634185e-01 spec=3.221e-03
[joint] 3400/4000 Mphys=1.618 Manchor=1.90 loss=2.065356e-02 spec=3.710e-04
[joint] 3500/4000 Mphys=1.758 Manchor=1.60 loss=5.949687e-03 spec=2.715e-05
[joint] 3600/4000 Mphys=1.798 Manchor=1.70 loss=5.837119e-03 spec=2.277e-05
[joint] 3700/4000 Mphys=1.869 Manchor=1.65 loss=3.795544e-02 spec=6.073e-04
[joint] 3800/4000 Mphys=1.740 Manchor=1.85 loss=2.079122e-01 spec=4.014e-03
[joint] 3900/4000 Mphys=1.653 Manchor=1.70 loss=6.003656e-02 spec=1.101e-03
[joint] 4000/4000 Mphys=1.595 Manchor=1.60 loss=5.344958e-03 spec=4.929e-05

================================================================================
GLOBAL S4M0 TRAINING COMPLETE
================================================================================
selected: /lustre/fswork/projects/rech/fdb/usv13rn/These_PINN_KH_RT/assets/pinn_supersonic/atlas2d_v1_continuousM/N76/runs/C32/best_joint_checkpoint.pt

{
  "train": {
    "n": 7,
    "n_mach": 7,
    "cr_mae": 0.00011769104389196856,
    "cr_max_abs": 0.00021884809345901202,
    "ci_mae": 0.0003568564221358082,
    "ci_max_abs": 0.0006824413656434693,
    "omega_i_mae": 7.422673701791583e-05,
    "spectral_error_mean": 0.00039117534944880324,
    "spectral_error_max": 0.0007166733604313528
  }
}

TEST SPLIT REMAINS SEALED.

output: /lustre/fswork/projects/rech/fdb/usv13rn/These_PINN_KH_RT/assets/pinn_supersonic/atlas2d_v1_continuousM/N76/runs/C32

====================================================================================================
FINISHED
chart = C32
end   = Wed Aug 19 11:50:26 AM CEST 2026
====================================================================================================
