====================================================================================================
SUPERSONIC ATLAS2D V1 — N76
====================================================================================================
job          = 839099
array task   = 1
chart        = C01
config       = configs/pinn_supersonic/atlas2d_v1/N76/C01.json
output       = assets/pinn_supersonic/atlas2d_v1/N76/runs/C01
node         = r6i0n1
start        = Tue Aug 11 02:20:12 PM CEST 2026
====================================================================================================
train Mach: 1.00 1.05 1.10 1.15 1.20 1.25
validation Mach: 
test Mach (sealed): 
[spectral_prefit] 1/2000 M=1.05 loss=2.048886e+01
[spectral_prefit] 100/2000 M=1.10 loss=3.577151e-01
[spectral_prefit] 200/2000 M=1.10 loss=1.709315e-01
[spectral_prefit] 300/2000 M=1.00 loss=8.887635e-01
[spectral_prefit] 400/2000 M=1.00 loss=7.913957e-01
[spectral_prefit] 500/2000 M=1.10 loss=7.305598e-02
[spectral_prefit] 600/2000 M=1.05 loss=2.078315e-02
[spectral_prefit] 700/2000 M=1.15 loss=5.252933e-02
[spectral_prefit] 800/2000 M=1.10 loss=7.314441e-02
[spectral_prefit] 900/2000 M=1.20 loss=1.932623e-02
[spectral_prefit] 1000/2000 M=1.10 loss=5.942033e-02
[spectral_prefit] 1100/2000 M=1.10 loss=6.908232e-02
[spectral_prefit] 1200/2000 M=1.10 loss=6.154488e-02
[spectral_prefit] 1300/2000 M=1.15 loss=3.458234e-02
[spectral_prefit] 1400/2000 M=1.10 loss=5.505784e-02
[spectral_prefit] 1500/2000 M=1.25 loss=2.920807e-03
[spectral_prefit] 1600/2000 M=1.05 loss=1.470923e-01
[spectral_prefit] 1700/2000 M=1.15 loss=9.124356e-03
[spectral_prefit] 1800/2000 M=1.00 loss=2.192655e-01
[spectral_prefit] 1900/2000 M=1.20 loss=2.561113e-02
[spectral_prefit] 2000/2000 M=1.00 loss=1.177287e-01
[modal_frozen] 1/4000 M=1.15 loss=1.000627e+01 rk=8.078e-02 rq=1.071e-01
[modal_frozen] 100/4000 M=1.05 loss=1.412067e-01 rk=2.745e-02 rq=2.587e-02
[modal_frozen] 200/4000 M=1.00 loss=1.026782e-01 rk=2.072e-02 rq=2.056e-02
[modal_frozen] 300/4000 M=1.00 loss=8.076447e-02 rk=1.571e-02 rq=1.445e-02
[modal_frozen] 400/4000 M=1.05 loss=1.532017e-01 rk=3.005e-03 rq=3.509e-03
[modal_frozen] 500/4000 M=1.25 loss=5.525229e-02 rk=7.252e-03 rq=6.856e-03
[modal_frozen] 600/4000 M=1.20 loss=4.098046e-02 rk=4.065e-03 rq=3.714e-03
[modal_frozen] 700/4000 M=1.05 loss=2.139048e-01 rk=2.942e-03 rq=2.617e-03
[modal_frozen] 800/4000 M=1.00 loss=3.484092e-02 rk=4.407e-03 rq=4.132e-03
[modal_frozen] 900/4000 M=1.15 loss=5.276647e-02 rk=2.400e-03 rq=2.583e-03
[modal_frozen] 1000/4000 M=1.15 loss=1.064935e-02 rk=1.863e-03 rq=2.029e-03
[modal_frozen] 1100/4000 M=1.20 loss=1.347999e-02 rk=2.173e-03 rq=1.881e-03
[modal_frozen] 1200/4000 M=1.10 loss=1.031331e-02 rk=2.046e-03 rq=1.776e-03
[modal_frozen] 1300/4000 M=1.20 loss=9.838238e-03 rk=1.597e-03 rq=1.471e-03
[modal_frozen] 1400/4000 M=1.25 loss=7.721202e-02 rk=3.344e-03 rq=3.297e-03
[modal_frozen] 1500/4000 M=1.10 loss=8.011217e-03 rk=1.475e-03 rq=1.438e-03
[modal_frozen] 1600/4000 M=1.25 loss=7.785904e-03 rk=2.161e-03 rq=1.896e-03
[modal_frozen] 1700/4000 M=1.20 loss=4.786081e-03 rk=1.183e-03 rq=1.116e-03
[modal_frozen] 1800/4000 M=1.05 loss=2.336879e-03 rk=3.682e-04 rq=4.230e-04
[modal_frozen] 1900/4000 M=1.20 loss=4.053421e-03 rk=1.111e-03 rq=9.770e-04
[modal_frozen] 2000/4000 M=1.20 loss=3.748845e-03 rk=1.035e-03 rq=8.337e-04
[modal_frozen] 2100/4000 M=1.05 loss=3.194055e-03 rk=3.075e-04 rq=3.404e-04
[modal_frozen] 2200/4000 M=1.20 loss=1.007251e-02 rk=9.603e-04 rq=8.626e-04
[modal_frozen] 2300/4000 M=1.00 loss=1.509350e-02 rk=1.235e-03 rq=1.183e-03
[modal_frozen] 2400/4000 M=1.25 loss=3.179231e-02 rk=1.384e-03 rq=1.386e-03
[modal_frozen] 2500/4000 M=1.00 loss=1.625280e-02 rk=1.007e-03 rq=1.056e-03
[modal_frozen] 2600/4000 M=1.25 loss=5.736065e-02 rk=1.207e-03 rq=1.357e-03
[modal_frozen] 2700/4000 M=1.20 loss=5.186783e-03 rk=7.149e-04 rq=5.899e-04
[modal_frozen] 2800/4000 M=1.20 loss=4.016793e-03 rk=6.265e-04 rq=5.423e-04
[modal_frozen] 2900/4000 M=1.20 loss=4.681040e-03 rk=6.663e-04 rq=5.624e-04
[modal_frozen] 3000/4000 M=1.00 loss=2.820388e-03 rk=7.847e-04 rq=6.976e-04
[modal_frozen] 3100/4000 M=1.10 loss=1.872713e-03 rk=4.162e-04 rq=4.586e-04
[modal_frozen] 3200/4000 M=1.10 loss=5.834362e-03 rk=3.676e-04 rq=4.222e-04
[modal_frozen] 3300/4000 M=1.05 loss=3.969170e-03 rk=1.897e-04 rq=1.657e-04
[modal_frozen] 3400/4000 M=1.00 loss=2.126865e-02 rk=6.799e-04 rq=6.799e-04
[modal_frozen] 3500/4000 M=1.20 loss=7.235312e-02 rk=1.193e-03 rq=1.021e-03
[modal_frozen] 3600/4000 M=1.05 loss=4.593058e-03 rk=2.469e-04 rq=2.736e-04
[modal_frozen] 3700/4000 M=1.20 loss=3.834219e-03 rk=4.644e-04 rq=4.305e-04
[modal_frozen] 3800/4000 M=1.25 loss=3.136151e-03 rk=4.793e-04 rq=4.599e-04
[modal_frozen] 3900/4000 M=1.05 loss=5.479571e-03 rk=1.242e-04 rq=1.251e-04
[modal_frozen] 4000/4000 M=1.25 loss=2.671280e-03 rk=4.598e-04 rq=4.070e-04
[joint] 1/4000 M=1.15 loss=1.756700e-01 spec=3.475e-03
[joint] 100/4000 M=1.25 loss=1.897713e-01 spec=3.716e-03
[joint] 200/4000 M=1.00 loss=5.684106e+00 spec=1.136e-01
[joint] 300/4000 M=1.20 loss=1.387612e+00 spec=2.768e-02
[joint] 400/4000 M=1.10 loss=2.692030e+00 spec=5.378e-02
[joint] 500/4000 M=1.20 loss=1.298678e+00 spec=2.586e-02
[joint] 600/4000 M=1.15 loss=2.450048e-02 spec=1.394e-04
[joint] 700/4000 M=1.15 loss=2.275291e-02 spec=4.241e-04
[joint] 800/4000 M=1.10 loss=1.785053e+00 spec=3.568e-02
[joint] 900/4000 M=1.05 loss=1.027021e-01 spec=2.046e-03
[joint] 1000/4000 M=1.00 loss=2.655324e+00 spec=5.303e-02
[joint] 1100/4000 M=1.15 loss=5.639191e-03 spec=8.193e-06
[joint] 1200/4000 M=1.10 loss=1.353225e+00 spec=2.693e-02
[joint] 1300/4000 M=1.10 loss=1.284001e+00 spec=2.554e-02
[joint] 1400/4000 M=1.05 loss=8.555370e-02 spec=1.135e-03
[joint] 1500/4000 M=1.05 loss=5.900261e-01 spec=1.179e-02
[joint] 1600/4000 M=1.25 loss=2.827740e-01 spec=5.634e-03
[joint] 1700/4000 M=1.25 loss=1.050050e-01 spec=2.070e-03
[joint] 1800/4000 M=1.25 loss=3.647817e-02 spec=7.056e-04
[joint] 1900/4000 M=1.05 loss=4.700368e-04 spec=2.239e-06
[joint] 2000/4000 M=1.20 loss=5.131001e-01 spec=1.025e-02
[joint] 2100/4000 M=1.20 loss=4.898310e-01 spec=9.777e-03
[joint] 2200/4000 M=1.15 loss=1.160579e-02 spec=1.666e-04
[joint] 2300/4000 M=1.20 loss=3.164150e-01 spec=6.279e-03
[joint] 2400/4000 M=1.15 loss=7.544644e-03 spec=9.575e-05
[joint] 2500/4000 M=1.15 loss=1.065495e-02 spec=1.822e-04
[joint] 2600/4000 M=1.15 loss=6.904219e-03 spec=1.267e-04
[joint] 2700/4000 M=1.10 loss=1.867459e-01 spec=3.711e-03
[joint] 2800/4000 M=1.00 loss=2.019817e-01 spec=3.945e-03
[joint] 2900/4000 M=1.20 loss=4.074910e-01 spec=8.104e-03
[joint] 3000/4000 M=1.10 loss=1.230099e-01 spec=2.432e-03
[joint] 3100/4000 M=1.05 loss=6.311787e-03 spec=9.945e-05
[joint] 3200/4000 M=1.15 loss=2.515801e-02 spec=4.326e-04
[joint] 3300/4000 M=1.05 loss=6.505332e-02 spec=1.162e-03
[joint] 3400/4000 M=1.20 loss=1.085324e-01 spec=1.962e-03
[joint] 3500/4000 M=1.10 loss=2.770148e-02 spec=5.143e-04
[joint] 3600/4000 M=1.15 loss=2.107753e-03 spec=2.954e-05
[joint] 3700/4000 M=1.00 loss=3.663448e-02 spec=7.004e-04
[joint] 3800/4000 M=1.00 loss=4.358254e-02 spec=8.291e-04
[joint] 3900/4000 M=1.20 loss=3.256240e-02 spec=6.242e-04
[joint] 4000/4000 M=1.25 loss=4.747126e-03 spec=7.906e-05

================================================================================
GLOBAL S4M0 TRAINING COMPLETE
================================================================================
selected: /lustre/fswork/projects/rech/fdb/usv13rn/These_PINN_KH_RT/assets/pinn_supersonic/atlas2d_v1/N76/runs/C01/best_joint_checkpoint.pt

{
  "train": {
    "n": 15,
    "n_mach": 6,
    "cr_mae": 0.00048148128698353743,
    "cr_max_abs": 0.0016206063757736033,
    "ci_mae": 0.0024939278525943306,
    "ci_max_abs": 0.00964110337749324,
    "omega_i_mae": 0.000418853068949691,
    "spectral_error_mean": 0.0025930396666490048,
    "spectral_error_max": 0.00975288164051684
  }
}

TEST SPLIT REMAINS SEALED.

output: /lustre/fswork/projects/rech/fdb/usv13rn/These_PINN_KH_RT/assets/pinn_supersonic/atlas2d_v1/N76/runs/C01

====================================================================================================
FINISHED
chart = C01
end   = Tue Aug 11 02:27:29 PM CEST 2026
====================================================================================================
