====================================================================================================
SUPERSONIC ATLAS2D V1 — N76
====================================================================================================
job          = 839102
array task   = 4
chart        = C11
config       = configs/pinn_supersonic/atlas2d_v1/N76/C11.json
output       = assets/pinn_supersonic/atlas2d_v1/N76/runs/C11
node         = r6i0n4
start        = Tue Aug 11 02:20:13 PM CEST 2026
====================================================================================================
train Mach: 1.15 1.20 1.25 1.30 1.35 1.40 1.45
validation Mach: 
test Mach (sealed): 
[spectral_prefit] 1/2000 M=1.25 loss=6.120500e+00
[spectral_prefit] 100/2000 M=1.40 loss=9.173100e-01
[spectral_prefit] 200/2000 M=1.30 loss=1.042247e+00
[spectral_prefit] 300/2000 M=1.25 loss=2.638507e-01
[spectral_prefit] 400/2000 M=1.20 loss=8.351684e-02
[spectral_prefit] 500/2000 M=1.30 loss=2.443114e-02
[spectral_prefit] 600/2000 M=1.25 loss=8.481374e-02
[spectral_prefit] 700/2000 M=1.30 loss=7.962765e-03
[spectral_prefit] 800/2000 M=1.20 loss=2.774491e-02
[spectral_prefit] 900/2000 M=1.45 loss=5.550985e-03
[spectral_prefit] 1000/2000 M=1.15 loss=1.825916e-03
[spectral_prefit] 1100/2000 M=1.15 loss=4.709639e-03
[spectral_prefit] 1200/2000 M=1.15 loss=5.869566e-03
[spectral_prefit] 1300/2000 M=1.45 loss=6.294734e-03
[spectral_prefit] 1400/2000 M=1.40 loss=3.177153e-03
[spectral_prefit] 1500/2000 M=1.20 loss=5.513455e-03
[spectral_prefit] 1600/2000 M=1.25 loss=1.844740e-02
[spectral_prefit] 1700/2000 M=1.15 loss=7.354953e-04
[spectral_prefit] 1800/2000 M=1.40 loss=2.862349e-03
[spectral_prefit] 1900/2000 M=1.30 loss=1.287204e-03
[spectral_prefit] 2000/2000 M=1.40 loss=3.361304e-03
[modal_frozen] 1/4000 M=1.25 loss=7.348825e+00 rk=8.191e-02 rq=9.595e-02
[modal_frozen] 100/4000 M=1.15 loss=1.658716e-01 rk=3.932e-02 rq=3.870e-02
[modal_frozen] 200/4000 M=1.15 loss=1.210987e-01 rk=2.346e-02 rq=2.057e-02
[modal_frozen] 300/4000 M=1.40 loss=6.954841e-02 rk=1.046e-02 rq=1.386e-02
[modal_frozen] 400/4000 M=1.40 loss=5.392148e-02 rk=7.930e-03 rq=1.153e-02
[modal_frozen] 500/4000 M=1.35 loss=3.759275e-02 rk=3.151e-03 rq=4.335e-03
[modal_frozen] 600/4000 M=1.35 loss=1.084354e-02 rk=2.046e-03 rq=2.465e-03
[modal_frozen] 700/4000 M=1.45 loss=2.339907e-02 rk=5.565e-03 rq=6.782e-03
[modal_frozen] 800/4000 M=1.20 loss=1.736806e-02 rk=3.769e-03 rq=4.203e-03
[modal_frozen] 900/4000 M=1.25 loss=1.368259e-02 rk=2.367e-03 rq=2.515e-03
[modal_frozen] 1000/4000 M=1.45 loss=2.121506e-02 rk=4.111e-03 rq=4.230e-03
[modal_frozen] 1100/4000 M=1.15 loss=3.462490e-02 rk=2.512e-03 rq=2.474e-03
[modal_frozen] 1200/4000 M=1.30 loss=2.601261e-02 rk=1.355e-03 rq=1.637e-03
[modal_frozen] 1300/4000 M=1.40 loss=1.150201e-01 rk=2.654e-03 rq=4.649e-03
[modal_frozen] 1400/4000 M=1.40 loss=2.162836e-02 rk=2.430e-03 rq=2.553e-03
[modal_frozen] 1500/4000 M=1.20 loss=1.093868e-02 rk=1.566e-03 rq=1.727e-03
[modal_frozen] 1600/4000 M=1.35 loss=4.186395e-03 rk=7.094e-04 rq=6.490e-04
[modal_frozen] 1700/4000 M=1.20 loss=1.559708e-02 rk=1.235e-03 rq=1.286e-03
[modal_frozen] 1800/4000 M=1.15 loss=3.473917e-02 rk=1.140e-03 rq=1.283e-03
[modal_frozen] 1900/4000 M=1.30 loss=9.634268e-03 rk=9.718e-04 rq=1.060e-03
[modal_frozen] 2000/4000 M=1.20 loss=2.143585e-02 rk=9.817e-04 rq=1.209e-03
[modal_frozen] 2100/4000 M=1.25 loss=6.238168e-03 rk=8.501e-04 rq=1.075e-03
[modal_frozen] 2200/4000 M=1.15 loss=5.286499e-03 rk=8.007e-04 rq=9.582e-04
[modal_frozen] 2300/4000 M=1.40 loss=8.316980e-03 rk=1.298e-03 rq=1.060e-03
[modal_frozen] 2400/4000 M=1.25 loss=2.223451e-02 rk=6.974e-04 rq=9.817e-04
[modal_frozen] 2500/4000 M=1.35 loss=8.583904e-02 rk=8.930e-04 rq=9.974e-04
[modal_frozen] 2600/4000 M=1.45 loss=7.408934e-03 rk=1.556e-03 rq=1.226e-03
[modal_frozen] 2700/4000 M=1.30 loss=2.491511e-03 rk=4.703e-04 rq=5.472e-04
[modal_frozen] 2800/4000 M=1.35 loss=1.895206e-03 rk=4.067e-04 rq=4.239e-04
[modal_frozen] 2900/4000 M=1.15 loss=2.718495e-03 rk=5.723e-04 rq=6.558e-04
[modal_frozen] 3000/4000 M=1.35 loss=2.462313e-03 rk=3.354e-04 rq=3.718e-04
[modal_frozen] 3100/4000 M=1.25 loss=3.099709e-03 rk=4.976e-04 rq=5.314e-04
[modal_frozen] 3200/4000 M=1.15 loss=7.981419e-03 rk=5.379e-04 rq=6.362e-04
[modal_frozen] 3300/4000 M=1.25 loss=3.757307e-03 rk=4.611e-04 rq=5.188e-04
[modal_frozen] 3400/4000 M=1.25 loss=3.298911e-03 rk=4.586e-04 rq=5.131e-04
[modal_frozen] 3500/4000 M=1.45 loss=6.310967e-03 rk=9.777e-04 rq=8.969e-04
[modal_frozen] 3600/4000 M=1.40 loss=2.663700e-03 rk=6.679e-04 rq=6.075e-04
[modal_frozen] 3700/4000 M=1.25 loss=2.690460e-02 rk=4.087e-04 rq=4.941e-04
[modal_frozen] 3800/4000 M=1.40 loss=9.205543e-02 rk=1.504e-03 rq=2.278e-03
[modal_frozen] 3900/4000 M=1.45 loss=1.721309e-02 rk=1.034e-03 rq=1.123e-03
[modal_frozen] 4000/4000 M=1.40 loss=3.147698e-03 rk=6.266e-04 rq=5.730e-04
[joint] 1/4000 M=1.25 loss=5.596007e-01 spec=1.113e-02
[joint] 100/4000 M=1.35 loss=8.956850e-02 spec=1.761e-03
[joint] 200/4000 M=1.15 loss=1.299351e-01 spec=2.564e-03
[joint] 300/4000 M=1.25 loss=2.990687e-01 spec=5.855e-03
[joint] 400/4000 M=1.20 loss=3.695171e-02 spec=6.980e-04
[joint] 500/4000 M=1.15 loss=4.121348e-03 spec=3.200e-05
[joint] 600/4000 M=1.40 loss=6.314543e-02 spec=1.205e-03
[joint] 700/4000 M=1.35 loss=1.081917e-02 spec=1.686e-04
[joint] 800/4000 M=1.25 loss=1.367092e-01 spec=2.663e-03
[joint] 900/4000 M=1.40 loss=8.187728e-02 spec=1.388e-03
[joint] 1000/4000 M=1.30 loss=2.055025e-02 spec=3.779e-04
[joint] 1100/4000 M=1.45 loss=8.906734e-02 spec=1.740e-03
[joint] 1200/4000 M=1.30 loss=1.401934e-02 spec=2.711e-04
[joint] 1300/4000 M=1.45 loss=3.341135e-02 spec=6.362e-04
[joint] 1400/4000 M=1.30 loss=2.441672e-03 spec=1.755e-05
[joint] 1500/4000 M=1.35 loss=1.456064e-02 spec=1.466e-04
[joint] 1600/4000 M=1.45 loss=3.213875e-02 spec=5.647e-04
[joint] 1700/4000 M=1.35 loss=8.108614e-02 spec=1.554e-03
[joint] 1800/4000 M=1.30 loss=6.390451e-03 spec=1.042e-04
[joint] 1900/4000 M=1.25 loss=2.428032e-02 spec=4.196e-04
[joint] 2000/4000 M=1.35 loss=2.052740e-03 spec=6.416e-06
[joint] 2100/4000 M=1.30 loss=6.442195e-03 spec=1.058e-04
[joint] 2200/4000 M=1.40 loss=2.856567e-02 spec=5.536e-04
[joint] 2300/4000 M=1.20 loss=1.282704e-02 spec=1.767e-04
[joint] 2400/4000 M=1.15 loss=9.221951e-04 spec=5.611e-06
[joint] 2500/4000 M=1.25 loss=5.889672e-03 spec=9.748e-05
[joint] 2600/4000 M=1.45 loss=1.183280e-02 spec=2.252e-04
[joint] 2700/4000 M=1.15 loss=1.837135e-03 spec=1.585e-05
[joint] 2800/4000 M=1.45 loss=1.299072e-02 spec=2.319e-04
[joint] 2900/4000 M=1.20 loss=4.715364e-03 spec=6.322e-05
[joint] 3000/4000 M=1.40 loss=2.694011e-02 spec=4.547e-04
[joint] 3100/4000 M=1.25 loss=4.343320e-01 spec=8.464e-03
[joint] 3200/4000 M=1.35 loss=1.045659e-02 spec=1.841e-04
[joint] 3300/4000 M=1.25 loss=1.261236e-02 spec=1.708e-04
[joint] 3400/4000 M=1.40 loss=1.783681e-02 spec=3.080e-04
[joint] 3500/4000 M=1.40 loss=8.654971e-03 spec=1.571e-04
[joint] 3600/4000 M=1.30 loss=7.961838e-03 spec=7.854e-05
[joint] 3700/4000 M=1.30 loss=1.930340e-03 spec=1.066e-05
[joint] 3800/4000 M=1.40 loss=9.947692e-03 spec=1.853e-04
[joint] 3900/4000 M=1.45 loss=6.552832e-03 spec=9.404e-05
[joint] 4000/4000 M=1.30 loss=3.466121e-03 spec=5.519e-05

================================================================================
GLOBAL S4M0 TRAINING COMPLETE
================================================================================
selected: /lustre/fswork/projects/rech/fdb/usv13rn/These_PINN_KH_RT/assets/pinn_supersonic/atlas2d_v1/N76/runs/C11/best_joint_checkpoint.pt

{
  "train": {
    "n": 17,
    "n_mach": 7,
    "cr_mae": 7.944627208415767e-05,
    "cr_max_abs": 0.0002312359517895879,
    "ci_mae": 0.00029575393658802437,
    "ci_max_abs": 0.0010282016217766504,
    "omega_i_mae": 4.7788686206099955e-05,
    "spectral_error_mean": 0.00031599180554981224,
    "spectral_error_max": 0.0010342336275484967
  }
}

TEST SPLIT REMAINS SEALED.

output: /lustre/fswork/projects/rech/fdb/usv13rn/These_PINN_KH_RT/assets/pinn_supersonic/atlas2d_v1/N76/runs/C11

====================================================================================================
FINISHED
chart = C11
end   = Tue Aug 11 02:27:22 PM CEST 2026
====================================================================================================
