====================================================================================================
SUPERSONIC ATLAS2D V1 — N76
====================================================================================================
job          = 839104
array task   = 6
chart        = C20
config       = configs/pinn_supersonic/atlas2d_v1/N76/C20.json
output       = assets/pinn_supersonic/atlas2d_v1/N76/runs/C20
node         = r6i0n6
start        = Tue Aug 11 02:20:13 PM CEST 2026
====================================================================================================
train Mach: 1.35 1.40 1.45 1.55 1.60 1.65
validation Mach: 
test Mach (sealed): 
[spectral_prefit] 1/2000 M=1.65 loss=2.829413e+01
[spectral_prefit] 100/2000 M=1.65 loss=1.341241e+00
[spectral_prefit] 200/2000 M=1.60 loss=2.066178e-02
[spectral_prefit] 300/2000 M=1.45 loss=1.240540e+00
[spectral_prefit] 400/2000 M=1.65 loss=1.610233e-02
[spectral_prefit] 500/2000 M=1.65 loss=1.585456e-02
[spectral_prefit] 600/2000 M=1.40 loss=3.876369e-03
[spectral_prefit] 700/2000 M=1.55 loss=4.122384e-02
[spectral_prefit] 800/2000 M=1.55 loss=2.628214e-02
[spectral_prefit] 900/2000 M=1.60 loss=8.752237e-03
[spectral_prefit] 1000/2000 M=1.35 loss=1.025820e-03
[spectral_prefit] 1100/2000 M=1.65 loss=1.213751e-02
[spectral_prefit] 1200/2000 M=1.65 loss=9.622101e-03
[spectral_prefit] 1300/2000 M=1.65 loss=1.135174e-02
[spectral_prefit] 1400/2000 M=1.65 loss=1.079741e-02
[spectral_prefit] 1500/2000 M=1.35 loss=4.885850e-04
[spectral_prefit] 1600/2000 M=1.40 loss=1.148758e-03
[spectral_prefit] 1700/2000 M=1.40 loss=3.001386e-03
[spectral_prefit] 1800/2000 M=1.40 loss=1.954747e-04
[spectral_prefit] 1900/2000 M=1.60 loss=2.587362e-03
[spectral_prefit] 2000/2000 M=1.35 loss=3.527844e-04
[modal_frozen] 1/4000 M=1.35 loss=7.159236e+00 rk=1.082e-01 rq=8.455e-02
[modal_frozen] 100/4000 M=1.55 loss=1.736161e-01 rk=3.597e-02 rq=3.506e-02
[modal_frozen] 200/4000 M=1.45 loss=8.149763e-02 rk=1.604e-02 rq=1.301e-02
[modal_frozen] 300/4000 M=1.55 loss=7.430131e-02 rk=9.971e-03 rq=9.871e-03
[modal_frozen] 400/4000 M=1.55 loss=7.796291e-02 rk=6.800e-03 rq=7.356e-03
[modal_frozen] 500/4000 M=1.40 loss=1.461973e-01 rk=4.922e-03 rq=3.750e-03
[modal_frozen] 600/4000 M=1.60 loss=2.223381e-02 rk=3.546e-03 rq=3.493e-03
[modal_frozen] 700/4000 M=1.35 loss=8.699641e-02 rk=5.107e-03 rq=4.251e-03
[modal_frozen] 800/4000 M=1.55 loss=3.802084e-01 rk=6.418e-03 rq=5.695e-03
[modal_frozen] 900/4000 M=1.35 loss=1.255496e-01 rk=3.483e-03 rq=3.445e-03
[modal_frozen] 1000/4000 M=1.40 loss=2.574545e-02 rk=1.859e-03 rq=1.348e-03
[modal_frozen] 1100/4000 M=1.45 loss=1.481267e-02 rk=3.101e-03 rq=3.031e-03
[modal_frozen] 1200/4000 M=1.65 loss=1.123761e-02 rk=3.444e-03 rq=2.718e-03
[modal_frozen] 1300/4000 M=1.65 loss=1.086352e-02 rk=3.560e-03 rq=2.645e-03
[modal_frozen] 1400/4000 M=1.60 loss=6.189176e-03 rk=1.493e-03 rq=7.841e-04
[modal_frozen] 1500/4000 M=1.40 loss=3.190228e-02 rk=1.424e-03 rq=9.296e-04
[modal_frozen] 1600/4000 M=1.45 loss=1.045554e-02 rk=1.910e-03 rq=1.872e-03
[modal_frozen] 1700/4000 M=1.55 loss=1.290041e-02 rk=1.359e-03 rq=1.210e-03
[modal_frozen] 1800/4000 M=1.40 loss=2.050750e-02 rk=1.196e-03 rq=6.693e-04
[modal_frozen] 1900/4000 M=1.45 loss=2.250096e-02 rk=1.818e-03 rq=1.727e-03
[modal_frozen] 2000/4000 M=1.60 loss=1.666330e-02 rk=1.234e-03 rq=4.936e-04
[modal_frozen] 2100/4000 M=1.55 loss=5.567489e-03 rk=1.067e-03 rq=1.056e-03
[modal_frozen] 2200/4000 M=1.40 loss=3.596308e-02 rk=6.678e-04 rq=4.453e-04
[modal_frozen] 2300/4000 M=1.55 loss=1.118749e-01 rk=4.033e-03 rq=3.688e-03
[modal_frozen] 2400/4000 M=1.60 loss=6.201963e-03 rk=1.578e-03 rq=7.829e-04
[modal_frozen] 2500/4000 M=1.45 loss=3.594228e-03 rk=9.606e-04 rq=1.000e-03
[modal_frozen] 2600/4000 M=1.65 loss=3.978480e-03 rk=1.392e-03 rq=1.001e-03
[modal_frozen] 2700/4000 M=1.35 loss=2.476343e-03 rk=8.678e-04 rq=7.788e-04
[modal_frozen] 2800/4000 M=1.45 loss=3.394940e-03 rk=9.558e-04 rq=7.562e-04
[modal_frozen] 2900/4000 M=1.65 loss=3.349656e-03 rk=1.089e-03 rq=8.694e-04
[modal_frozen] 3000/4000 M=1.60 loss=1.752784e-03 rk=9.173e-04 rq=2.769e-04
[modal_frozen] 3100/4000 M=1.45 loss=2.954235e-03 rk=7.123e-04 rq=7.066e-04
[modal_frozen] 3200/4000 M=1.55 loss=3.630965e-03 rk=6.740e-04 rq=5.348e-04
[modal_frozen] 3300/4000 M=1.35 loss=4.309077e-03 rk=5.435e-04 rq=4.940e-04
[modal_frozen] 3400/4000 M=1.40 loss=1.629375e-02 rk=7.724e-04 rq=6.223e-04
[modal_frozen] 3500/4000 M=1.55 loss=1.408051e-02 rk=1.190e-03 rq=9.508e-04
[modal_frozen] 3600/4000 M=1.55 loss=5.145256e-03 rk=5.522e-04 rq=4.689e-04
[modal_frozen] 3700/4000 M=1.45 loss=3.592149e-03 rk=6.133e-04 rq=5.611e-04
[modal_frozen] 3800/4000 M=1.60 loss=9.743859e-03 rk=6.822e-04 rq=2.339e-04
[modal_frozen] 3900/4000 M=1.40 loss=5.112965e-03 rk=3.006e-04 rq=2.543e-04
[modal_frozen] 4000/4000 M=1.65 loss=2.129500e-03 rk=5.121e-04 rq=5.071e-04
[joint] 1/4000 M=1.40 loss=8.256906e-02 spec=1.614e-03
[joint] 100/4000 M=1.55 loss=4.865610e-02 spec=9.174e-04
[joint] 200/4000 M=1.45 loss=4.970768e-02 spec=8.856e-04
[joint] 300/4000 M=1.45 loss=1.476498e-01 spec=2.336e-03
[joint] 400/4000 M=1.60 loss=8.410759e-02 spec=1.586e-03
[joint] 500/4000 M=1.55 loss=6.388581e-03 spec=3.414e-05
[joint] 600/4000 M=1.45 loss=2.782293e-02 spec=5.209e-04
[joint] 700/4000 M=1.60 loss=7.360912e-03 spec=1.360e-04
[joint] 800/4000 M=1.35 loss=1.886626e-03 spec=2.101e-05
[joint] 900/4000 M=1.45 loss=4.826730e-03 spec=6.714e-05
[joint] 1000/4000 M=1.60 loss=6.424077e-03 spec=9.085e-05
[joint] 1100/4000 M=1.65 loss=1.589249e-01 spec=3.032e-03
[joint] 1200/4000 M=1.40 loss=3.098616e-03 spec=4.132e-05
[joint] 1300/4000 M=1.55 loss=1.655069e-02 spec=2.729e-04
[joint] 1400/4000 M=1.35 loss=1.591310e-02 spec=2.167e-04
[joint] 1500/4000 M=1.60 loss=1.386463e-02 spec=1.864e-04
[joint] 1600/4000 M=1.55 loss=1.257684e-01 spec=2.436e-03
[joint] 1700/4000 M=1.35 loss=4.874997e-03 spec=6.460e-05
[joint] 1800/4000 M=1.65 loss=8.921485e-02 spec=1.753e-03
[joint] 1900/4000 M=1.65 loss=8.320041e-02 spec=1.645e-03
[joint] 2000/4000 M=1.40 loss=2.120083e-03 spec=1.432e-05
[joint] 2100/4000 M=1.40 loss=9.791504e-04 spec=2.034e-06
[joint] 2200/4000 M=1.60 loss=2.220724e-03 spec=1.635e-05
[joint] 2300/4000 M=1.45 loss=1.527560e-02 spec=1.186e-05
[joint] 2400/4000 M=1.40 loss=1.472991e-02 spec=2.242e-04
[joint] 2500/4000 M=1.65 loss=7.490082e-02 spec=1.465e-03
[joint] 2600/4000 M=1.40 loss=1.056607e-03 spec=2.519e-06
[joint] 2700/4000 M=1.65 loss=5.400540e-02 spec=1.061e-03
[joint] 2800/4000 M=1.35 loss=1.601821e-02 spec=3.086e-04
[joint] 2900/4000 M=1.55 loss=1.529035e-03 spec=2.049e-05
[joint] 3000/4000 M=1.60 loss=8.055409e-04 spec=8.429e-06
[joint] 3100/4000 M=1.60 loss=1.764292e-03 spec=6.941e-06
[joint] 3200/4000 M=1.35 loss=2.955847e-02 spec=5.497e-04
[joint] 3300/4000 M=1.40 loss=3.334794e-02 spec=6.287e-04
[joint] 3400/4000 M=1.65 loss=2.253220e-01 spec=4.332e-03
[joint] 3500/4000 M=1.45 loss=8.170225e-03 spec=1.181e-04
[joint] 3600/4000 M=1.55 loss=9.312743e-02 spec=1.510e-03
[joint] 3700/4000 M=1.65 loss=2.948684e-02 spec=5.662e-04
[joint] 3800/4000 M=1.60 loss=3.133908e-03 spec=5.221e-05
[joint] 3900/4000 M=1.65 loss=2.405233e-02 spec=4.712e-04
[joint] 4000/4000 M=1.60 loss=6.982539e-03 spec=1.313e-04

================================================================================
GLOBAL S4M0 TRAINING COMPLETE
================================================================================
selected: /lustre/fswork/projects/rech/fdb/usv13rn/These_PINN_KH_RT/assets/pinn_supersonic/atlas2d_v1/N76/runs/C20/best_joint_checkpoint.pt

{
  "train": {
    "n": 12,
    "n_mach": 6,
    "cr_mae": 9.843527502077325e-05,
    "cr_max_abs": 0.0002618798924480803,
    "ci_mae": 0.00011400049339440586,
    "ci_max_abs": 0.0005071290572503037,
    "omega_i_mae": 6.92004019696912e-06,
    "spectral_error_mean": 0.00017031542003438334,
    "spectral_error_max": 0.0005357792227675959
  }
}

TEST SPLIT REMAINS SEALED.

output: /lustre/fswork/projects/rech/fdb/usv13rn/These_PINN_KH_RT/assets/pinn_supersonic/atlas2d_v1/N76/runs/C20

====================================================================================================
FINISHED
chart = C20
end   = Tue Aug 11 02:27:17 PM CEST 2026
====================================================================================================
