====================================================================================================
SUPERSONIC ATLAS2D V1 — N76
====================================================================================================
job          = 839107
array task   = 9
chart        = C30
config       = configs/pinn_supersonic/atlas2d_v1/N76/C30.json
output       = assets/pinn_supersonic/atlas2d_v1/N76/runs/C30
node         = r10i4n5
start        = Tue Aug 11 02:20:13 PM CEST 2026
====================================================================================================
train Mach: 1.55 1.60 1.65 1.70 1.75 1.80 1.90
validation Mach: 
test Mach (sealed): 
[spectral_prefit] 1/2000 M=1.60 loss=2.457405e+01
[spectral_prefit] 100/2000 M=1.55 loss=1.005139e+00
[spectral_prefit] 200/2000 M=1.55 loss=4.307628e-01
[spectral_prefit] 300/2000 M=1.65 loss=1.728785e-02
[spectral_prefit] 400/2000 M=1.90 loss=3.854219e-02
[spectral_prefit] 500/2000 M=1.80 loss=1.009807e-01
[spectral_prefit] 600/2000 M=1.80 loss=3.511591e-02
[spectral_prefit] 700/2000 M=1.90 loss=4.608826e-02
[spectral_prefit] 800/2000 M=1.60 loss=1.129608e-02
[spectral_prefit] 900/2000 M=1.90 loss=3.854976e-02
[spectral_prefit] 1000/2000 M=1.60 loss=8.957070e-03
[spectral_prefit] 1100/2000 M=1.60 loss=2.905113e-03
[spectral_prefit] 1200/2000 M=1.90 loss=1.745451e-02
[spectral_prefit] 1300/2000 M=1.55 loss=9.139568e-03
[spectral_prefit] 1400/2000 M=1.75 loss=1.215946e-02
[spectral_prefit] 1500/2000 M=1.70 loss=3.562721e-02
[spectral_prefit] 1600/2000 M=1.70 loss=2.174056e-02
[spectral_prefit] 1700/2000 M=1.90 loss=3.649317e-03
[spectral_prefit] 1800/2000 M=1.90 loss=3.279052e-03
[spectral_prefit] 1900/2000 M=1.60 loss=2.503150e-04
[spectral_prefit] 2000/2000 M=1.75 loss=4.125777e-03
[modal_frozen] 1/4000 M=1.80 loss=9.089012e+00 rk=6.316e-02 rq=9.616e-02
[modal_frozen] 100/4000 M=1.90 loss=2.509157e-01 rk=4.169e-02 rq=5.075e-02
[modal_frozen] 200/4000 M=1.75 loss=7.501481e-02 rk=1.631e-02 rq=1.400e-02
[modal_frozen] 300/4000 M=1.55 loss=6.897499e-02 rk=1.413e-02 rq=1.589e-02
[modal_frozen] 400/4000 M=1.55 loss=5.657500e-01 rk=9.413e-03 rq=1.095e-02
[modal_frozen] 500/4000 M=1.90 loss=2.357886e-01 rk=1.295e-02 rq=1.417e-02
[modal_frozen] 600/4000 M=1.75 loss=2.799340e-02 rk=5.165e-03 rq=5.406e-03
[modal_frozen] 700/4000 M=1.65 loss=1.607867e-02 rk=4.025e-03 rq=4.262e-03
[modal_frozen] 800/4000 M=1.70 loss=1.682134e-02 rk=1.802e-03 rq=1.610e-03
[modal_frozen] 900/4000 M=1.60 loss=1.198272e-01 rk=3.334e-03 rq=3.105e-03
[modal_frozen] 1000/4000 M=1.70 loss=3.852077e-02 rk=1.568e-03 rq=1.436e-03
[modal_frozen] 1100/4000 M=1.55 loss=1.514949e-02 rk=2.528e-03 rq=3.409e-03
[modal_frozen] 1200/4000 M=1.90 loss=1.573221e-02 rk=4.846e-03 rq=4.062e-03
[modal_frozen] 1300/4000 M=1.90 loss=1.382807e-02 rk=4.430e-03 rq=4.120e-03
[modal_frozen] 1400/4000 M=1.60 loss=6.540215e-03 rk=1.571e-03 rq=1.314e-03
[modal_frozen] 1500/4000 M=1.75 loss=1.032405e-02 rk=1.911e-03 rq=1.581e-03
[modal_frozen] 1600/4000 M=1.70 loss=4.279457e-02 rk=1.288e-03 rq=1.194e-03
[modal_frozen] 1700/4000 M=1.80 loss=2.262881e-02 rk=8.645e-04 rq=9.976e-04
[modal_frozen] 1800/4000 M=1.90 loss=1.319610e-02 rk=2.778e-03 rq=2.275e-03
[modal_frozen] 1900/4000 M=1.55 loss=1.713329e-02 rk=1.387e-03 rq=1.472e-03
[modal_frozen] 2000/4000 M=1.75 loss=1.273773e-02 rk=1.604e-03 rq=1.359e-03
[modal_frozen] 2100/4000 M=1.80 loss=9.164961e-03 rk=5.634e-04 rq=7.185e-04
[modal_frozen] 2200/4000 M=1.70 loss=2.755146e-02 rk=3.752e-04 rq=4.740e-04
[modal_frozen] 2300/4000 M=1.90 loss=9.454913e-03 rk=2.032e-03 rq=1.439e-03
[modal_frozen] 2400/4000 M=1.55 loss=7.293509e-02 rk=1.040e-03 rq=1.147e-03
[modal_frozen] 2500/4000 M=1.80 loss=1.175294e-02 rk=4.271e-04 rq=5.176e-04
[modal_frozen] 2600/4000 M=1.75 loss=1.598060e-02 rk=1.028e-03 rq=9.016e-04
[modal_frozen] 2700/4000 M=1.55 loss=5.094659e-02 rk=1.120e-03 rq=1.201e-03
[modal_frozen] 2800/4000 M=1.80 loss=9.899011e-03 rk=7.884e-04 rq=5.782e-04
[modal_frozen] 2900/4000 M=1.65 loss=1.932835e-02 rk=9.113e-04 rq=8.741e-04
[modal_frozen] 3000/4000 M=1.75 loss=9.896338e-03 rk=7.554e-04 rq=6.902e-04
[modal_frozen] 3100/4000 M=1.55 loss=8.855420e-03 rk=6.336e-04 rq=7.431e-04
[modal_frozen] 3200/4000 M=1.55 loss=6.746423e-03 rk=6.122e-04 rq=6.093e-04
[modal_frozen] 3300/4000 M=1.55 loss=1.280715e-02 rk=7.913e-04 rq=8.714e-04
[modal_frozen] 3400/4000 M=1.70 loss=7.527581e-03 rk=2.377e-04 rq=2.439e-04
[modal_frozen] 3500/4000 M=1.75 loss=7.480369e-03 rk=8.048e-04 rq=7.144e-04
[modal_frozen] 3600/4000 M=1.75 loss=2.136313e-03 rk=6.005e-04 rq=4.858e-04
[modal_frozen] 3700/4000 M=1.90 loss=3.507970e-03 rk=9.861e-04 rq=7.609e-04
[modal_frozen] 3800/4000 M=1.60 loss=1.470707e-03 rk=3.178e-04 rq=2.318e-04
[modal_frozen] 3900/4000 M=1.60 loss=5.065489e-03 rk=3.983e-04 rq=2.555e-04
[modal_frozen] 4000/4000 M=1.55 loss=3.372589e-03 rk=3.887e-04 rq=4.896e-04
[joint] 1/4000 M=1.75 loss=1.962339e-01 spec=3.877e-03
[joint] 100/4000 M=1.80 loss=4.564961e-02 spec=8.741e-04
[joint] 200/4000 M=1.90 loss=1.715048e-01 spec=3.279e-03
[joint] 300/4000 M=1.80 loss=1.892366e-02 spec=4.604e-05
[joint] 400/4000 M=1.65 loss=1.330992e-01 spec=2.548e-03
[joint] 500/4000 M=1.55 loss=3.359787e-02 spec=5.447e-04
[joint] 600/4000 M=1.80 loss=1.187223e-02 spec=2.161e-04
[joint] 700/4000 M=1.80 loss=3.081873e-03 spec=3.221e-05
[joint] 800/4000 M=1.60 loss=4.660280e-01 spec=9.150e-03
[joint] 900/4000 M=1.90 loss=8.769840e-02 spec=6.607e-04
[joint] 1000/4000 M=1.65 loss=5.039517e-02 spec=9.500e-04
[joint] 1100/4000 M=1.90 loss=5.470126e-03 spec=7.028e-05
[joint] 1200/4000 M=1.60 loss=2.481427e-03 spec=1.020e-05
[joint] 1300/4000 M=1.75 loss=2.338193e-03 spec=9.624e-06
[joint] 1400/4000 M=1.80 loss=3.129104e-02 spec=1.053e-05
[joint] 1500/4000 M=1.75 loss=4.057059e-03 spec=5.158e-05
[joint] 1600/4000 M=1.70 loss=6.069771e-02 spec=1.197e-03
[joint] 1700/4000 M=1.55 loss=3.468835e-03 spec=4.723e-05
[joint] 1800/4000 M=1.80 loss=6.508908e-04 spec=3.738e-06
[joint] 1900/4000 M=1.65 loss=1.677797e-02 spec=3.155e-04
[joint] 2000/4000 M=1.60 loss=8.155446e-04 spec=4.434e-06
[joint] 2100/4000 M=1.70 loss=6.207350e-03 spec=2.229e-05
[joint] 2200/4000 M=1.55 loss=3.943024e-03 spec=1.360e-05
[joint] 2300/4000 M=1.80 loss=3.745321e-03 spec=2.750e-06
[joint] 2400/4000 M=1.65 loss=1.531881e-02 spec=1.835e-04
[joint] 2500/4000 M=1.90 loss=2.952484e-03 spec=3.843e-06
[joint] 2600/4000 M=1.75 loss=3.426860e-03 spec=1.423e-05
[joint] 2700/4000 M=1.65 loss=1.461441e+00 spec=2.908e-02
[joint] 2800/4000 M=1.55 loss=1.209661e-01 spec=2.352e-03
[joint] 2900/4000 M=1.75 loss=1.474109e-02 spec=1.848e-04
[joint] 3000/4000 M=1.55 loss=2.124109e-03 spec=1.659e-05
[joint] 3100/4000 M=1.80 loss=4.905393e-03 spec=8.974e-05
[joint] 3200/4000 M=1.75 loss=2.061747e-03 spec=2.499e-05
[joint] 3300/4000 M=1.60 loss=1.264096e-03 spec=1.779e-05
[joint] 3400/4000 M=1.55 loss=2.195681e-03 spec=8.912e-06
[joint] 3500/4000 M=1.70 loss=9.673295e-04 spec=4.520e-06
[joint] 3600/4000 M=1.75 loss=1.005349e-02 spec=1.496e-04
[joint] 3700/4000 M=1.80 loss=4.001966e-02 spec=2.734e-06
[joint] 3800/4000 M=1.80 loss=1.822700e-03 spec=7.517e-06
[joint] 3900/4000 M=1.55 loss=1.742849e-02 spec=3.310e-04
[joint] 4000/4000 M=1.65 loss=1.885967e-01 spec=3.758e-03

================================================================================
GLOBAL S4M0 TRAINING COMPLETE
================================================================================
selected: /lustre/fswork/projects/rech/fdb/usv13rn/These_PINN_KH_RT/assets/pinn_supersonic/atlas2d_v1/N76/runs/C30/best_joint_checkpoint.pt

{
  "train": {
    "n": 13,
    "n_mach": 7,
    "cr_mae": 7.980880190822958e-05,
    "cr_max_abs": 0.0002463034729233149,
    "ci_mae": 4.999054309084956e-05,
    "ci_max_abs": 0.00022488558144497656,
    "omega_i_mae": 3.6691868843090576e-06,
    "spectral_error_mean": 0.00010445698039012435,
    "spectral_error_max": 0.00024783148821301717
  }
}

TEST SPLIT REMAINS SEALED.

output: /lustre/fswork/projects/rech/fdb/usv13rn/These_PINN_KH_RT/assets/pinn_supersonic/atlas2d_v1/N76/runs/C30

====================================================================================================
FINISHED
chart = C30
end   = Tue Aug 11 02:27:14 PM CEST 2026
====================================================================================================
