====================================================================================================
SUPERSONIC ATLAS2D V1 — N76
====================================================================================================
job          = 1130209
array task   = 2
chart        = C02
config       = configs/pinn_supersonic/atlas2d_v1_continuousM/N76/C02.json
output       = assets/pinn_supersonic/atlas2d_v1_continuousM/N76/runs/C02
node         = r3i7n3
start        = Wed Aug 19 11:48:33 AM CEST 2026
====================================================================================================
train Mach: 1.00 1.05 1.10 1.15 1.20 1.25
validation Mach: 
test Mach (sealed): 
[spectral_prefit] 1/2000 M=1.15 loss=2.205649e+01
[spectral_prefit] 100/2000 M=1.25 loss=2.027864e+00
[spectral_prefit] 200/2000 M=1.10 loss=4.077800e-01
[spectral_prefit] 300/2000 M=1.20 loss=3.743317e-01
[spectral_prefit] 400/2000 M=1.05 loss=7.443682e-03
[spectral_prefit] 500/2000 M=1.20 loss=4.666894e-02
[spectral_prefit] 600/2000 M=1.20 loss=7.584968e-02
[spectral_prefit] 700/2000 M=1.05 loss=1.414894e-02
[spectral_prefit] 800/2000 M=1.20 loss=5.274465e-02
[spectral_prefit] 900/2000 M=1.10 loss=9.989308e-02
[spectral_prefit] 1000/2000 M=1.25 loss=1.452047e-01
[spectral_prefit] 1100/2000 M=1.25 loss=1.499613e-01
[spectral_prefit] 1200/2000 M=1.25 loss=1.257578e-01
[spectral_prefit] 1300/2000 M=1.20 loss=1.958852e-02
[spectral_prefit] 1400/2000 M=1.00 loss=3.068773e-01
[spectral_prefit] 1500/2000 M=1.10 loss=1.723422e-02
[spectral_prefit] 1600/2000 M=1.05 loss=1.343459e-04
[spectral_prefit] 1700/2000 M=1.25 loss=9.369200e-02
[spectral_prefit] 1800/2000 M=1.15 loss=2.706106e-02
[spectral_prefit] 1900/2000 M=1.15 loss=2.738607e-02
[spectral_prefit] 2000/2000 M=1.05 loss=5.744384e-04
[modal_frozen] 1/4000 M=1.01 loss=6.061186e+00 rk=7.799e-02 rq=7.925e-02
[modal_frozen] 100/4000 M=1.14 loss=9.509539e-02 rk=2.549e-02 rq=2.033e-02
[modal_frozen] 200/4000 M=1.04 loss=6.392232e-02 rk=1.485e-02 rq=1.532e-02
[modal_frozen] 300/4000 M=1.10 loss=3.324134e-02 rk=7.487e-03 rq=5.944e-03
[modal_frozen] 400/4000 M=1.04 loss=5.508655e-02 rk=6.973e-03 rq=6.834e-03
[modal_frozen] 500/4000 M=1.02 loss=3.619988e-02 rk=7.921e-03 rq=8.743e-03
[modal_frozen] 600/4000 M=1.02 loss=3.647202e-02 rk=6.426e-03 rq=5.469e-03
[modal_frozen] 700/4000 M=1.21 loss=3.892362e-02 rk=5.079e-03 rq=2.847e-03
[modal_frozen] 800/4000 M=1.08 loss=1.771370e-02 rk=2.917e-03 rq=2.420e-03
[modal_frozen] 900/4000 M=1.21 loss=1.458349e-02 rk=3.886e-03 rq=1.960e-03
[modal_frozen] 1000/4000 M=1.18 loss=1.133152e-01 rk=3.606e-03 rq=2.446e-03
[modal_frozen] 1100/4000 M=1.04 loss=3.145309e-02 rk=2.305e-03 rq=2.343e-03
[modal_frozen] 1200/4000 M=1.21 loss=1.266944e-02 rk=3.390e-03 rq=1.807e-03
[modal_frozen] 1300/4000 M=1.16 loss=6.683489e-03 rk=1.969e-03 rq=1.180e-03
[modal_frozen] 1400/4000 M=1.06 loss=1.087368e-02 rk=1.287e-03 rq=9.757e-04
[modal_frozen] 1500/4000 M=1.22 loss=4.780596e-02 rk=3.014e-03 rq=1.342e-03
[modal_frozen] 1600/4000 M=1.14 loss=7.571518e-03 rk=1.353e-03 rq=9.421e-04
[modal_frozen] 1700/4000 M=1.20 loss=1.384488e-02 rk=2.067e-03 rq=9.903e-04
[modal_frozen] 1800/4000 M=1.15 loss=6.579294e-03 rk=1.320e-03 rq=7.952e-04
[modal_frozen] 1900/4000 M=1.00 loss=1.275697e-02 rk=2.049e-03 rq=1.668e-03
[modal_frozen] 2000/4000 M=1.06 loss=4.396586e-03 rk=9.569e-04 rq=8.110e-04
[modal_frozen] 2100/4000 M=1.02 loss=4.439823e-03 rk=1.169e-03 rq=1.071e-03
[modal_frozen] 2200/4000 M=1.08 loss=8.886213e-03 rk=7.942e-04 rq=6.867e-04
[modal_frozen] 2300/4000 M=1.22 loss=9.116893e-03 rk=1.468e-03 rq=6.608e-04
[modal_frozen] 2400/4000 M=1.16 loss=2.531137e-02 rk=1.132e-03 rq=7.896e-04
[modal_frozen] 2500/4000 M=1.17 loss=1.835378e-02 rk=1.038e-03 rq=6.265e-04
[modal_frozen] 2600/4000 M=1.03 loss=3.527367e-03 rk=7.205e-04 rq=5.866e-04
[modal_frozen] 2700/4000 M=1.11 loss=3.862287e-03 rk=5.782e-04 rq=4.299e-04
[modal_frozen] 2800/4000 M=1.20 loss=2.963024e-02 rk=1.340e-03 rq=7.082e-04
[modal_frozen] 2900/4000 M=1.20 loss=1.023778e-02 rk=7.973e-04 rq=4.495e-04
[modal_frozen] 3000/4000 M=1.18 loss=3.362110e-03 rk=6.661e-04 rq=3.930e-04
[modal_frozen] 3100/4000 M=1.03 loss=3.841701e-03 rk=5.692e-04 rq=4.672e-04
[modal_frozen] 3200/4000 M=1.04 loss=2.934216e-03 rk=4.930e-04 rq=3.660e-04
[modal_frozen] 3300/4000 M=1.21 loss=1.402932e-02 rk=9.448e-04 rq=4.051e-04
[modal_frozen] 3400/4000 M=1.08 loss=1.238586e-02 rk=6.101e-04 rq=4.048e-04
[modal_frozen] 3500/4000 M=1.13 loss=5.775275e-03 rk=4.302e-04 rq=3.267e-04
[modal_frozen] 3600/4000 M=1.13 loss=3.504859e-03 rk=4.048e-04 rq=2.858e-04
[modal_frozen] 3700/4000 M=1.11 loss=5.153907e-03 rk=3.966e-04 rq=2.820e-04
[modal_frozen] 3800/4000 M=1.22 loss=2.740311e-03 rk=1.082e-03 rq=3.413e-04
[modal_frozen] 3900/4000 M=1.11 loss=2.243004e-02 rk=5.919e-04 rq=5.331e-04
[modal_frozen] 4000/4000 M=1.16 loss=3.396265e-02 rk=8.361e-04 rq=6.492e-04
[joint] 1/4000 Mphys=1.117 Manchor=1.05 loss=3.429466e-02 spec=3.265e-04
[joint] 100/4000 Mphys=1.211 Manchor=1.10 loss=7.603989e-01 spec=1.514e-02
[joint] 200/4000 Mphys=1.029 Manchor=1.20 loss=3.944600e-01 spec=7.841e-03
[joint] 300/4000 Mphys=1.225 Manchor=1.10 loss=5.873947e-01 spec=1.170e-02
[joint] 400/4000 Mphys=1.231 Manchor=1.00 loss=8.607725e+00 spec=1.720e-01
[joint] 500/4000 Mphys=1.197 Manchor=1.15 loss=9.966823e-01 spec=1.989e-02
[joint] 600/4000 Mphys=1.174 Manchor=1.00 loss=7.562668e+00 spec=1.512e-01
[joint] 700/4000 Mphys=1.196 Manchor=1.15 loss=4.051439e-01 spec=8.079e-03
[joint] 800/4000 Mphys=1.129 Manchor=1.15 loss=1.791845e-01 spec=3.566e-03
[joint] 900/4000 Mphys=1.211 Manchor=1.10 loss=4.176944e-01 spec=8.322e-03
[joint] 1000/4000 Mphys=1.124 Manchor=1.05 loss=2.090972e-03 spec=8.203e-06
[joint] 1100/4000 Mphys=1.176 Manchor=1.15 loss=1.445537e-01 spec=2.817e-03
[joint] 1200/4000 Mphys=1.245 Manchor=1.05 loss=1.181281e-02 spec=1.298e-04
[joint] 1300/4000 Mphys=1.201 Manchor=1.20 loss=3.312818e-02 spec=6.135e-04
[joint] 1400/4000 Mphys=1.050 Manchor=1.05 loss=5.955018e-02 spec=1.172e-03
[joint] 1500/4000 Mphys=1.033 Manchor=1.00 loss=2.834185e+00 spec=5.664e-02
[joint] 1600/4000 Mphys=1.040 Manchor=1.05 loss=7.592393e-02 spec=1.483e-03
[joint] 1700/4000 Mphys=1.167 Manchor=1.00 loss=2.517546e+00 spec=5.029e-02
[joint] 1800/4000 Mphys=1.154 Manchor=1.00 loss=1.999530e+00 spec=3.997e-02
[joint] 1900/4000 Mphys=1.219 Manchor=1.10 loss=1.474201e-01 spec=2.913e-03
[joint] 2000/4000 Mphys=1.247 Manchor=1.20 loss=1.120461e-02 spec=1.655e-04
[joint] 2100/4000 Mphys=1.174 Manchor=1.05 loss=8.819802e-03 spec=6.406e-05
[joint] 2200/4000 Mphys=1.210 Manchor=1.05 loss=6.305595e-02 spec=8.255e-04
[joint] 2300/4000 Mphys=1.080 Manchor=1.20 loss=1.119078e-02 spec=1.485e-04
[joint] 2400/4000 Mphys=1.130 Manchor=1.25 loss=6.775158e-02 spec=1.338e-03
[joint] 2500/4000 Mphys=1.158 Manchor=1.05 loss=2.792450e-02 spec=5.404e-04
[joint] 2600/4000 Mphys=1.198 Manchor=1.00 loss=7.548603e-01 spec=1.508e-02
[joint] 2700/4000 Mphys=1.243 Manchor=1.15 loss=5.169629e-02 spec=1.009e-03
[joint] 2800/4000 Mphys=1.108 Manchor=1.00 loss=5.601391e-01 spec=1.119e-02
[joint] 2900/4000 Mphys=1.013 Manchor=1.25 loss=4.813305e-02 spec=9.404e-04
[joint] 3000/4000 Mphys=1.032 Manchor=1.10 loss=5.119140e-02 spec=1.004e-03
[joint] 3100/4000 Mphys=1.148 Manchor=1.10 loss=7.926254e-02 spec=1.567e-03
[joint] 3200/4000 Mphys=1.020 Manchor=1.10 loss=1.562528e-01 spec=3.040e-03
[joint] 3300/4000 Mphys=1.203 Manchor=1.20 loss=7.071651e-03 spec=8.691e-05
[joint] 3400/4000 Mphys=1.157 Manchor=1.15 loss=3.345099e-03 spec=3.604e-05
[joint] 3500/4000 Mphys=1.089 Manchor=1.10 loss=4.101701e-02 spec=7.935e-04
[joint] 3600/4000 Mphys=1.163 Manchor=1.10 loss=4.109061e-02 spec=8.056e-04
[joint] 3700/4000 Mphys=1.147 Manchor=1.25 loss=1.089162e-02 spec=2.012e-04
[joint] 3800/4000 Mphys=1.090 Manchor=1.00 loss=1.484660e-01 spec=2.931e-03
[joint] 3900/4000 Mphys=1.158 Manchor=1.20 loss=2.257440e-03 spec=3.498e-05
[joint] 4000/4000 Mphys=1.037 Manchor=1.15 loss=1.312057e-03 spec=8.107e-06

================================================================================
GLOBAL S4M0 TRAINING COMPLETE
================================================================================
selected: /lustre/fswork/projects/rech/fdb/usv13rn/These_PINN_KH_RT/assets/pinn_supersonic/atlas2d_v1_continuousM/N76/runs/C02/best_joint_checkpoint.pt

{
  "train": {
    "n": 15,
    "n_mach": 6,
    "cr_mae": 0.00025302556449626666,
    "cr_max_abs": 0.0005964038080060186,
    "ci_mae": 0.0006663062877815272,
    "ci_max_abs": 0.003150878113623058,
    "omega_i_mae": 0.0001800851747618616,
    "spectral_error_mean": 0.0008132010687715519,
    "spectral_error_max": 0.003196218313231747
  }
}

TEST SPLIT REMAINS SEALED.

output: /lustre/fswork/projects/rech/fdb/usv13rn/These_PINN_KH_RT/assets/pinn_supersonic/atlas2d_v1_continuousM/N76/runs/C02

====================================================================================================
FINISHED
chart = C02
end   = Wed Aug 19 11:55:17 AM CEST 2026
====================================================================================================
