====================================================================================================
SUPERSONIC ATLAS2D V1 — N76
====================================================================================================
job          = 839106
array task   = 8
chart        = C22
config       = configs/pinn_supersonic/atlas2d_v1/N76/C22.json
output       = assets/pinn_supersonic/atlas2d_v1/N76/runs/C22
node         = r10i4n5
start        = Tue Aug 11 02:20:13 PM CEST 2026
====================================================================================================
train Mach: 1.35 1.40 1.45 1.50 1.55 1.60 1.65
validation Mach: 
test Mach (sealed): 
[spectral_prefit] 1/2000 M=1.50 loss=4.963269e+01
[spectral_prefit] 100/2000 M=1.65 loss=1.247315e+01
[spectral_prefit] 200/2000 M=1.65 loss=4.993708e+00
[spectral_prefit] 300/2000 M=1.50 loss=1.932781e+00
[spectral_prefit] 400/2000 M=1.60 loss=3.658194e-02
[spectral_prefit] 500/2000 M=1.50 loss=5.356867e-01
[spectral_prefit] 600/2000 M=1.40 loss=6.316184e-01
[spectral_prefit] 700/2000 M=1.55 loss=3.154066e-01
[spectral_prefit] 800/2000 M=1.35 loss=2.854000e-01
[spectral_prefit] 900/2000 M=1.35 loss=2.052641e-01
[spectral_prefit] 1000/2000 M=1.35 loss=1.841010e-01
[spectral_prefit] 1100/2000 M=1.40 loss=5.700455e-01
[spectral_prefit] 1200/2000 M=1.45 loss=9.438789e-01
[spectral_prefit] 1300/2000 M=1.55 loss=7.900957e-04
[spectral_prefit] 1400/2000 M=1.40 loss=4.261215e-01
[spectral_prefit] 1500/2000 M=1.55 loss=4.366931e-03
[spectral_prefit] 1600/2000 M=1.45 loss=6.524964e-01
[spectral_prefit] 1700/2000 M=1.65 loss=3.392426e-01
[spectral_prefit] 1800/2000 M=1.40 loss=1.574098e-01
[spectral_prefit] 1900/2000 M=1.60 loss=1.641047e-01
[spectral_prefit] 2000/2000 M=1.60 loss=1.779170e-01
[modal_frozen] 1/4000 M=1.65 loss=1.505964e+01 rk=7.959e-02 rq=8.654e-02
[modal_frozen] 100/4000 M=1.40 loss=1.451215e-01 rk=3.673e-02 rq=3.130e-02
[modal_frozen] 200/4000 M=1.50 loss=9.582756e-02 rk=2.009e-02 rq=1.228e-02
[modal_frozen] 300/4000 M=1.35 loss=6.996310e-02 rk=1.816e-02 rq=1.436e-02
[modal_frozen] 400/4000 M=1.65 loss=6.374840e-02 rk=1.907e-02 rq=8.468e-03
[modal_frozen] 500/4000 M=1.40 loss=6.174370e-02 rk=8.007e-03 rq=6.385e-03
[modal_frozen] 600/4000 M=1.60 loss=4.544093e-02 rk=7.880e-03 rq=2.230e-03
[modal_frozen] 700/4000 M=1.50 loss=5.929693e-02 rk=6.795e-03 rq=3.006e-03
[modal_frozen] 800/4000 M=1.45 loss=1.297056e-01 rk=6.178e-03 rq=3.866e-03
[modal_frozen] 900/4000 M=1.65 loss=6.094330e-02 rk=1.338e-02 rq=2.437e-03
[modal_frozen] 1000/4000 M=1.60 loss=1.475286e-02 rk=4.933e-03 rq=1.839e-03
[modal_frozen] 1100/4000 M=1.50 loss=1.069745e-02 rk=4.329e-03 rq=2.248e-03
[modal_frozen] 1200/4000 M=1.40 loss=1.271838e-02 rk=3.272e-03 rq=2.959e-03
[modal_frozen] 1300/4000 M=1.40 loss=1.009915e-02 rk=2.513e-03 rq=2.619e-03
[modal_frozen] 1400/4000 M=1.60 loss=8.963292e-03 rk=2.872e-03 rq=1.944e-03
[modal_frozen] 1500/4000 M=1.50 loss=6.570711e-02 rk=3.112e-03 rq=1.804e-03
[modal_frozen] 1600/4000 M=1.50 loss=5.641270e-02 rk=4.628e-03 rq=2.631e-03
[modal_frozen] 1700/4000 M=1.35 loss=3.680741e-02 rk=3.071e-03 rq=1.751e-03
[modal_frozen] 1800/4000 M=1.35 loss=1.711967e-02 rk=2.619e-03 rq=1.615e-03
[modal_frozen] 1900/4000 M=1.45 loss=8.851965e-03 rk=2.337e-03 rq=1.850e-03
[modal_frozen] 2000/4000 M=1.60 loss=5.938135e-03 rk=2.011e-03 rq=1.256e-03
[modal_frozen] 2100/4000 M=1.35 loss=7.345939e-02 rk=2.262e-03 rq=1.067e-03
[modal_frozen] 2200/4000 M=1.50 loss=2.819660e-02 rk=2.079e-03 rq=1.131e-03
[modal_frozen] 2300/4000 M=1.55 loss=3.307036e-02 rk=1.195e-03 rq=1.328e-03
[modal_frozen] 2400/4000 M=1.50 loss=1.733254e-02 rk=1.571e-03 rq=9.728e-04
[modal_frozen] 2500/4000 M=1.60 loss=5.807687e-03 rk=1.455e-03 rq=1.286e-03
[modal_frozen] 2600/4000 M=1.65 loss=2.809799e-02 rk=5.070e-03 rq=9.560e-04
[modal_frozen] 2700/4000 M=1.35 loss=1.237926e-01 rk=2.321e-03 rq=1.247e-03
[modal_frozen] 2800/4000 M=1.55 loss=3.866182e-02 rk=1.141e-03 rq=1.335e-03
[modal_frozen] 2900/4000 M=1.50 loss=8.219520e-03 rk=1.233e-03 rq=9.263e-04
[modal_frozen] 3000/4000 M=1.60 loss=6.934019e-03 rk=1.095e-03 rq=1.083e-03
[modal_frozen] 3100/4000 M=1.65 loss=8.691167e-03 rk=4.780e-03 rq=9.243e-04
[modal_frozen] 3200/4000 M=1.35 loss=6.997237e-03 rk=1.526e-03 rq=1.016e-03
[modal_frozen] 3300/4000 M=1.45 loss=4.805896e-03 rk=1.145e-03 rq=8.159e-04
[modal_frozen] 3400/4000 M=1.40 loss=2.535561e-03 rk=6.079e-04 rq=7.321e-04
[modal_frozen] 3500/4000 M=1.45 loss=2.886709e-03 rk=8.956e-04 rq=6.355e-04
[modal_frozen] 3600/4000 M=1.40 loss=5.371924e-03 rk=6.970e-04 rq=8.450e-04
[modal_frozen] 3700/4000 M=1.45 loss=5.364581e-03 rk=9.141e-04 rq=8.769e-04
[modal_frozen] 3800/4000 M=1.50 loss=4.082291e-02 rk=8.959e-04 rq=7.181e-04
[modal_frozen] 3900/4000 M=1.45 loss=6.042408e-02 rk=1.827e-03 rq=1.243e-03
[modal_frozen] 4000/4000 M=1.40 loss=2.231549e-02 rk=8.536e-04 rq=1.173e-03
[joint] 1/4000 M=1.40 loss=9.187973e+00 spec=1.835e-01
[joint] 100/4000 M=1.50 loss=2.360904e+00 spec=4.715e-02
[joint] 200/4000 M=1.45 loss=1.810759e+01 spec=3.615e-01
[joint] 300/4000 M=1.40 loss=8.069275e+00 spec=1.613e-01
[joint] 400/4000 M=1.50 loss=4.548416e-01 spec=8.997e-03
[joint] 500/4000 M=1.50 loss=2.004542e-01 spec=3.895e-03
[joint] 600/4000 M=1.45 loss=1.298136e+01 spec=2.593e-01
[joint] 700/4000 M=1.40 loss=5.083895e+00 spec=1.016e-01
[joint] 800/4000 M=1.45 loss=9.898430e+00 spec=1.979e-01
[joint] 900/4000 M=1.35 loss=1.926147e-01 spec=3.791e-03
[joint] 1000/4000 M=1.50 loss=3.096175e-01 spec=5.927e-03
[joint] 1100/4000 M=1.65 loss=1.045417e+00 spec=2.083e-02
[joint] 1200/4000 M=1.60 loss=1.014963e+00 spec=2.026e-02
[joint] 1300/4000 M=1.40 loss=2.484328e+00 spec=4.965e-02
[joint] 1400/4000 M=1.55 loss=6.153354e-02 spec=1.186e-03
[joint] 1500/4000 M=1.65 loss=2.666569e-01 spec=5.214e-03
[joint] 1600/4000 M=1.50 loss=1.655994e-02 spec=2.968e-04
[joint] 1700/4000 M=1.60 loss=1.658577e-01 spec=3.255e-03
[joint] 1800/4000 M=1.45 loss=5.800422e+00 spec=1.159e-01
[joint] 1900/4000 M=1.50 loss=3.101543e-02 spec=4.618e-04
[joint] 2000/4000 M=1.40 loss=7.027618e-01 spec=1.400e-02
[joint] 2100/4000 M=1.45 loss=4.445084e+00 spec=8.883e-02
[joint] 2200/4000 M=1.40 loss=3.186109e-01 spec=6.295e-03
[joint] 2300/4000 M=1.40 loss=4.810511e-01 spec=9.584e-03
[joint] 2400/4000 M=1.55 loss=7.963946e-02 spec=1.532e-03
[joint] 2500/4000 M=1.60 loss=3.806365e-02 spec=7.188e-04
[joint] 2600/4000 M=1.40 loss=4.536397e-01 spec=8.981e-03
[joint] 2700/4000 M=1.45 loss=2.539422e+00 spec=5.067e-02
[joint] 2800/4000 M=1.55 loss=8.105442e-03 spec=2.057e-05
[joint] 2900/4000 M=1.60 loss=2.602601e-02 spec=2.334e-04
[joint] 3000/4000 M=1.35 loss=4.509526e-02 spec=8.207e-04
[joint] 3100/4000 M=1.65 loss=2.277522e-02 spec=4.194e-04
[joint] 3200/4000 M=1.50 loss=9.586787e-02 spec=1.893e-03
[joint] 3300/4000 M=1.45 loss=1.160277e+00 spec=2.319e-02
[joint] 3400/4000 M=1.35 loss=7.772411e-02 spec=1.531e-03
[joint] 3500/4000 M=1.50 loss=4.849382e-02 spec=9.482e-04
[joint] 3600/4000 M=1.55 loss=4.156292e-03 spec=4.158e-05
[joint] 3700/4000 M=1.40 loss=6.143958e-02 spec=1.164e-03
[joint] 3800/4000 M=1.50 loss=7.475477e-02 spec=1.191e-03
[joint] 3900/4000 M=1.50 loss=5.343547e-02 spec=9.464e-04
[joint] 4000/4000 M=1.40 loss=1.450975e-02 spec=2.723e-04

================================================================================
GLOBAL S4M0 TRAINING COMPLETE
================================================================================
selected: /lustre/fswork/projects/rech/fdb/usv13rn/These_PINN_KH_RT/assets/pinn_supersonic/atlas2d_v1/N76/runs/C22/best_joint_checkpoint.pt

{
  "train": {
    "n": 9,
    "n_mach": 7,
    "cr_mae": 0.00022476287471356882,
    "cr_max_abs": 0.0009788035289657326,
    "ci_mae": 0.0004385091528892847,
    "ci_max_abs": 0.001035131923225737,
    "omega_i_mae": 0.00010623894534563697,
    "spectral_error_mean": 0.0005381331027582288,
    "spectral_error_max": 0.0014246243177753162
  }
}

TEST SPLIT REMAINS SEALED.

output: /lustre/fswork/projects/rech/fdb/usv13rn/These_PINN_KH_RT/assets/pinn_supersonic/atlas2d_v1/N76/runs/C22

====================================================================================================
FINISHED
chart = C22
end   = Tue Aug 11 02:27:51 PM CEST 2026
====================================================================================================
