====================================================================================================
SUPERSONIC ATLAS2D V1 — N76
====================================================================================================
job          = 1130212
array task   = 5
chart        = C12
config       = configs/pinn_supersonic/atlas2d_v1_continuousM/N76/C12.json
output       = assets/pinn_supersonic/atlas2d_v1_continuousM/N76/runs/C12
node         = r3i7n1
start        = Wed Aug 19 11:43:24 AM CEST 2026
====================================================================================================
train Mach: 1.15 1.20 1.25 1.30 1.35 1.40 1.45
validation Mach: 
test Mach (sealed): 
[spectral_prefit] 1/2000 M=1.25 loss=5.511704e+00
[spectral_prefit] 100/2000 M=1.45 loss=5.102055e+00
[spectral_prefit] 200/2000 M=1.15 loss=7.123725e-01
[spectral_prefit] 300/2000 M=1.40 loss=2.112508e-01
[spectral_prefit] 400/2000 M=1.25 loss=1.378059e+00
[spectral_prefit] 500/2000 M=1.30 loss=4.924437e-01
[spectral_prefit] 600/2000 M=1.25 loss=8.567732e-01
[spectral_prefit] 700/2000 M=1.45 loss=5.319766e-01
[spectral_prefit] 800/2000 M=1.40 loss=3.023003e-01
[spectral_prefit] 900/2000 M=1.20 loss=3.080146e-02
[spectral_prefit] 1000/2000 M=1.45 loss=3.147039e-01
[spectral_prefit] 1100/2000 M=1.40 loss=1.572638e-01
[spectral_prefit] 1200/2000 M=1.20 loss=6.863782e-03
[spectral_prefit] 1300/2000 M=1.20 loss=5.093999e-03
[spectral_prefit] 1400/2000 M=1.20 loss=7.402648e-03
[spectral_prefit] 1500/2000 M=1.25 loss=1.095156e-01
[spectral_prefit] 1600/2000 M=1.15 loss=2.938471e-02
[spectral_prefit] 1700/2000 M=1.45 loss=9.285215e-02
[spectral_prefit] 1800/2000 M=1.30 loss=1.501147e-02
[spectral_prefit] 1900/2000 M=1.45 loss=7.742644e-02
[spectral_prefit] 2000/2000 M=1.35 loss=2.162926e-02
[modal_frozen] 1/4000 M=1.17 loss=9.890940e+00 rk=7.603e-02 rq=7.450e-02
[modal_frozen] 100/4000 M=1.25 loss=1.536072e-01 rk=2.715e-02 rq=2.766e-02
[modal_frozen] 200/4000 M=1.44 loss=1.176216e-01 rk=3.245e-02 rq=2.447e-02
[modal_frozen] 300/4000 M=1.35 loss=3.845145e-02 rk=1.251e-02 rq=7.972e-03
[modal_frozen] 400/4000 M=1.28 loss=3.415506e-02 rk=1.005e-02 rq=5.482e-03
[modal_frozen] 500/4000 M=1.29 loss=3.227146e-02 rk=8.212e-03 rq=3.859e-03
[modal_frozen] 600/4000 M=1.29 loss=6.637711e-02 rk=7.813e-03 rq=3.954e-03
[modal_frozen] 700/4000 M=1.41 loss=4.145871e-02 rk=1.106e-02 rq=3.788e-03
[modal_frozen] 800/4000 M=1.31 loss=1.541223e-02 rk=6.804e-03 rq=2.794e-03
[modal_frozen] 900/4000 M=1.32 loss=1.741785e-02 rk=6.220e-03 rq=2.554e-03
[modal_frozen] 1000/4000 M=1.26 loss=1.352713e-02 rk=4.536e-03 rq=1.780e-03
[modal_frozen] 1100/4000 M=1.26 loss=1.222535e-02 rk=4.128e-03 rq=1.850e-03
[modal_frozen] 1200/4000 M=1.28 loss=1.957290e-02 rk=4.581e-03 rq=1.603e-03
[modal_frozen] 1300/4000 M=1.18 loss=1.405108e-02 rk=3.983e-03 rq=2.552e-03
[modal_frozen] 1400/4000 M=1.22 loss=3.788343e-02 rk=2.839e-03 rq=1.550e-03
[modal_frozen] 1500/4000 M=1.44 loss=3.800441e-02 rk=7.800e-03 rq=2.045e-03
[modal_frozen] 1600/4000 M=1.42 loss=1.261572e-02 rk=7.712e-03 rq=1.395e-03
[modal_frozen] 1700/4000 M=1.44 loss=1.737045e-02 rk=7.206e-03 rq=2.035e-03
[modal_frozen] 1800/4000 M=1.30 loss=5.888565e-03 rk=1.957e-03 rq=8.755e-04
[modal_frozen] 1900/4000 M=1.37 loss=1.694905e-02 rk=2.892e-03 rq=9.533e-04
[modal_frozen] 2000/4000 M=1.20 loss=8.540852e-03 rk=1.334e-03 rq=9.970e-04
[modal_frozen] 2100/4000 M=1.19 loss=5.004229e-03 rk=1.285e-03 rq=8.914e-04
[modal_frozen] 2200/4000 M=1.32 loss=4.107198e-03 rk=1.339e-03 rq=7.834e-04
[modal_frozen] 2300/4000 M=1.31 loss=9.196985e-03 rk=1.032e-03 rq=6.458e-04
[modal_frozen] 2400/4000 M=1.37 loss=5.801158e-03 rk=1.505e-03 rq=7.247e-04
[modal_frozen] 2500/4000 M=1.41 loss=6.022311e-03 rk=2.333e-03 rq=7.581e-04
[modal_frozen] 2600/4000 M=1.34 loss=3.454312e-03 rk=8.527e-04 rq=5.103e-04
[modal_frozen] 2700/4000 M=1.21 loss=2.207944e-02 rk=9.459e-04 rq=6.856e-04
[modal_frozen] 2800/4000 M=1.31 loss=5.476352e-03 rk=7.710e-04 rq=5.309e-04
[modal_frozen] 2900/4000 M=1.31 loss=2.952606e-03 rk=7.197e-04 rq=4.846e-04
[modal_frozen] 3000/4000 M=1.25 loss=5.555761e-03 rk=6.161e-04 rq=4.478e-04
[modal_frozen] 3100/4000 M=1.42 loss=7.490242e-02 rk=1.348e-03 rq=8.421e-04
[modal_frozen] 3200/4000 M=1.26 loss=2.239866e-02 rk=1.181e-03 rq=7.460e-04
[modal_frozen] 3300/4000 M=1.41 loss=5.239684e-03 rk=1.225e-03 rq=5.759e-04
[modal_frozen] 3400/4000 M=1.34 loss=1.660342e-03 rk=5.199e-04 rq=3.013e-04
[modal_frozen] 3500/4000 M=1.23 loss=2.195898e-03 rk=5.042e-04 rq=3.182e-04
[modal_frozen] 3600/4000 M=1.28 loss=1.991786e-03 rk=4.308e-04 rq=3.052e-04
[modal_frozen] 3700/4000 M=1.26 loss=1.694382e-03 rk=3.891e-04 rq=2.769e-04
[modal_frozen] 3800/4000 M=1.38 loss=1.486722e-03 rk=4.827e-04 rq=3.057e-04
[modal_frozen] 3900/4000 M=1.32 loss=1.439876e-03 rk=3.449e-04 rq=2.286e-04
[modal_frozen] 4000/4000 M=1.35 loss=2.693306e-03 rk=3.057e-04 rq=2.314e-04
[joint] 1/4000 Mphys=1.252 Manchor=1.30 loss=7.098756e-01 spec=1.417e-02
[joint] 100/4000 Mphys=1.165 Manchor=1.45 loss=3.074523e+00 spec=6.144e-02
[joint] 200/4000 Mphys=1.440 Manchor=1.40 loss=2.884842e+00 spec=5.758e-02
[joint] 300/4000 Mphys=1.171 Manchor=1.15 loss=6.398989e-02 spec=1.229e-03
[joint] 400/4000 Mphys=1.249 Manchor=1.15 loss=1.914838e-01 spec=3.758e-03
[joint] 500/4000 Mphys=1.280 Manchor=1.40 loss=1.168646e+00 spec=2.325e-02
[joint] 600/4000 Mphys=1.334 Manchor=1.40 loss=1.602277e+00 spec=3.198e-02
[joint] 700/4000 Mphys=1.332 Manchor=1.15 loss=3.339984e-02 spec=4.684e-04
[joint] 800/4000 Mphys=1.160 Manchor=1.35 loss=6.202626e-02 spec=1.134e-03
[joint] 900/4000 Mphys=1.199 Manchor=1.25 loss=3.069470e-01 spec=6.069e-03
[joint] 1000/4000 Mphys=1.391 Manchor=1.40 loss=5.456344e-01 spec=1.086e-02
[joint] 1100/4000 Mphys=1.162 Manchor=1.40 loss=3.345142e-01 spec=6.633e-03
[joint] 1200/4000 Mphys=1.339 Manchor=1.25 loss=2.287083e-01 spec=4.556e-03
[joint] 1300/4000 Mphys=1.331 Manchor=1.35 loss=6.535996e-02 spec=1.280e-03
[joint] 1400/4000 Mphys=1.279 Manchor=1.25 loss=1.884412e-01 spec=3.746e-03
[joint] 1500/4000 Mphys=1.192 Manchor=1.30 loss=4.657498e-02 spec=8.411e-04
[joint] 1600/4000 Mphys=1.168 Manchor=1.35 loss=4.855396e-02 spec=8.721e-04
[joint] 1700/4000 Mphys=1.349 Manchor=1.45 loss=4.788961e-01 spec=9.554e-03
[joint] 1800/4000 Mphys=1.326 Manchor=1.25 loss=1.654446e-01 spec=3.282e-03
[joint] 1900/4000 Mphys=1.212 Manchor=1.45 loss=4.523917e-01 spec=9.016e-03
[joint] 2000/4000 Mphys=1.363 Manchor=1.40 loss=1.856070e-01 spec=3.693e-03
[joint] 2100/4000 Mphys=1.379 Manchor=1.15 loss=5.755323e-02 spec=1.107e-03
[joint] 2200/4000 Mphys=1.336 Manchor=1.30 loss=5.281778e-02 spec=1.010e-03
[joint] 2300/4000 Mphys=1.203 Manchor=1.40 loss=1.509020e-01 spec=2.677e-03
[joint] 2400/4000 Mphys=1.284 Manchor=1.35 loss=6.765927e-02 spec=1.317e-03
[joint] 2500/4000 Mphys=1.310 Manchor=1.20 loss=4.104855e-03 spec=5.426e-05
[joint] 2600/4000 Mphys=1.168 Manchor=1.30 loss=2.227679e-02 spec=3.862e-04
[joint] 2700/4000 Mphys=1.387 Manchor=1.30 loss=1.371778e-02 spec=2.545e-04
[joint] 2800/4000 Mphys=1.410 Manchor=1.40 loss=4.069125e-02 spec=7.963e-04
[joint] 2900/4000 Mphys=1.427 Manchor=1.35 loss=1.970142e-02 spec=3.777e-04
[joint] 3000/4000 Mphys=1.294 Manchor=1.20 loss=6.381748e-03 spec=1.165e-04
[joint] 3100/4000 Mphys=1.280 Manchor=1.45 loss=7.635947e-02 spec=1.385e-03
[joint] 3200/4000 Mphys=1.283 Manchor=1.35 loss=2.418054e-02 spec=3.635e-04
[joint] 3300/4000 Mphys=1.413 Manchor=1.30 loss=2.176716e-02 spec=4.142e-04
[joint] 3400/4000 Mphys=1.413 Manchor=1.35 loss=4.523298e-02 spec=8.743e-04
[joint] 3500/4000 Mphys=1.446 Manchor=1.15 loss=2.769672e-02 spec=5.194e-04
[joint] 3600/4000 Mphys=1.371 Manchor=1.20 loss=1.721980e-02 spec=3.231e-04
[joint] 3700/4000 Mphys=1.177 Manchor=1.25 loss=7.666217e-02 spec=1.518e-03
[joint] 3800/4000 Mphys=1.246 Manchor=1.25 loss=6.584600e-02 spec=1.301e-03
[joint] 3900/4000 Mphys=1.172 Manchor=1.45 loss=1.233327e-01 spec=2.278e-03
[joint] 4000/4000 Mphys=1.177 Manchor=1.35 loss=1.365810e-02 spec=2.203e-04

================================================================================
GLOBAL S4M0 TRAINING COMPLETE
================================================================================
selected: /lustre/fswork/projects/rech/fdb/usv13rn/These_PINN_KH_RT/assets/pinn_supersonic/atlas2d_v1_continuousM/N76/runs/C12/best_joint_checkpoint.pt

{
  "train": {
    "n": 14,
    "n_mach": 7,
    "cr_mae": 0.00013329440821186717,
    "cr_max_abs": 0.0004081055541733658,
    "ci_mae": 0.00039614575052783686,
    "ci_max_abs": 0.001852659829549963,
    "omega_i_mae": 9.883105826729488e-05,
    "spectral_error_mean": 0.0004566263946893568,
    "spectral_error_max": 0.0018552770746927607
  }
}

TEST SPLIT REMAINS SEALED.

output: /lustre/fswork/projects/rech/fdb/usv13rn/These_PINN_KH_RT/assets/pinn_supersonic/atlas2d_v1_continuousM/N76/runs/C12

====================================================================================================
FINISHED
chart = C12
end   = Wed Aug 19 11:50:20 AM CEST 2026
====================================================================================================
