====================================================================================================
SUPERSONIC ATLAS2D V1 — N76
====================================================================================================
job          = 1130214
array task   = 7
chart        = C21
config       = configs/pinn_supersonic/atlas2d_v1_continuousM/N76/C21.json
output       = assets/pinn_supersonic/atlas2d_v1_continuousM/N76/runs/C21
node         = r3i7n2
start        = Wed Aug 19 11:43:24 AM CEST 2026
====================================================================================================
train Mach: 1.35 1.40 1.45 1.50 1.55 1.60 1.65
validation Mach: 
test Mach (sealed): 
[spectral_prefit] 1/2000 M=1.60 loss=1.982787e+01
[spectral_prefit] 100/2000 M=1.35 loss=1.356012e+00
[spectral_prefit] 200/2000 M=1.45 loss=5.713876e-01
[spectral_prefit] 300/2000 M=1.65 loss=7.108401e-02
[spectral_prefit] 400/2000 M=1.65 loss=1.001382e-01
[spectral_prefit] 500/2000 M=1.60 loss=2.103943e-02
[spectral_prefit] 600/2000 M=1.55 loss=3.038913e-02
[spectral_prefit] 700/2000 M=1.60 loss=1.083516e-02
[spectral_prefit] 800/2000 M=1.50 loss=1.890305e-01
[spectral_prefit] 900/2000 M=1.40 loss=2.314025e-02
[spectral_prefit] 1000/2000 M=1.50 loss=5.571814e-02
[spectral_prefit] 1100/2000 M=1.45 loss=1.276266e-02
[spectral_prefit] 1200/2000 M=1.50 loss=3.820013e-02
[spectral_prefit] 1300/2000 M=1.65 loss=4.441232e-04
[spectral_prefit] 1400/2000 M=1.65 loss=5.984704e-04
[spectral_prefit] 1500/2000 M=1.65 loss=2.628608e-04
[spectral_prefit] 1600/2000 M=1.50 loss=4.762216e-03
[spectral_prefit] 1700/2000 M=1.40 loss=1.488921e-03
[spectral_prefit] 1800/2000 M=1.55 loss=5.471359e-03
[spectral_prefit] 1900/2000 M=1.50 loss=2.004851e-03
[spectral_prefit] 2000/2000 M=1.45 loss=3.554212e-04
[modal_frozen] 1/4000 M=1.51 loss=1.218842e+01 rk=9.384e-02 rq=8.357e-02
[modal_frozen] 100/4000 M=1.36 loss=2.913050e-01 rk=4.247e-02 rq=3.344e-02
[modal_frozen] 200/4000 M=1.61 loss=7.620002e-02 rk=2.228e-02 rq=1.617e-02
[modal_frozen] 300/4000 M=1.59 loss=4.850018e-02 rk=1.166e-02 rq=9.260e-03
[modal_frozen] 400/4000 M=1.40 loss=5.730018e-02 rk=8.569e-03 rq=9.564e-03
[modal_frozen] 500/4000 M=1.41 loss=7.222361e-02 rk=6.393e-03 rq=6.705e-03
[modal_frozen] 600/4000 M=1.61 loss=4.695150e-02 rk=7.428e-03 rq=5.517e-03
[modal_frozen] 700/4000 M=1.53 loss=1.480843e-02 rk=4.773e-03 rq=3.344e-03
[modal_frozen] 800/4000 M=1.49 loss=1.117285e-02 rk=3.116e-03 rq=2.323e-03
[modal_frozen] 900/4000 M=1.63 loss=2.693112e-02 rk=5.341e-03 rq=4.963e-03
[modal_frozen] 1000/4000 M=1.54 loss=9.831070e-03 rk=2.631e-03 rq=2.055e-03
[modal_frozen] 1100/4000 M=1.54 loss=1.991934e-02 rk=3.128e-03 rq=2.185e-03
[modal_frozen] 1200/4000 M=1.36 loss=1.610196e-02 rk=3.821e-03 rq=3.768e-03
[modal_frozen] 1300/4000 M=1.55 loss=8.038562e-03 rk=2.040e-03 rq=1.422e-03
[modal_frozen] 1400/4000 M=1.49 loss=1.137126e-02 rk=1.526e-03 rq=1.285e-03
[modal_frozen] 1500/4000 M=1.49 loss=2.390628e-02 rk=1.655e-03 rq=1.450e-03
[modal_frozen] 1600/4000 M=1.63 loss=7.701515e-03 rk=2.226e-03 rq=1.814e-03
[modal_frozen] 1700/4000 M=1.42 loss=1.503906e-02 rk=9.503e-04 rq=1.093e-03
[modal_frozen] 1800/4000 M=1.49 loss=4.834262e-03 rk=1.045e-03 rq=8.654e-04
[modal_frozen] 1900/4000 M=1.65 loss=1.376693e-02 rk=2.620e-03 rq=2.438e-03
[modal_frozen] 2000/4000 M=1.55 loss=2.313271e-02 rk=1.136e-03 rq=1.092e-03
[modal_frozen] 2100/4000 M=1.50 loss=2.639153e-02 rk=1.022e-03 rq=9.577e-04
[modal_frozen] 2200/4000 M=1.38 loss=2.226070e-02 rk=1.112e-03 rq=1.133e-03
[modal_frozen] 2300/4000 M=1.55 loss=4.601599e-03 rk=7.678e-04 rq=6.436e-04
[modal_frozen] 2400/4000 M=1.60 loss=4.902173e-03 rk=9.796e-04 rq=7.105e-04
[modal_frozen] 2500/4000 M=1.53 loss=2.136422e-03 rk=5.537e-04 rq=6.073e-04
[modal_frozen] 2600/4000 M=1.37 loss=3.715319e-03 rk=8.890e-04 rq=8.472e-04
[modal_frozen] 2700/4000 M=1.51 loss=2.540848e-03 rk=5.193e-04 rq=4.756e-04
[modal_frozen] 2800/4000 M=1.54 loss=6.563387e-03 rk=4.635e-04 rq=4.057e-04
[modal_frozen] 2900/4000 M=1.39 loss=3.243559e-03 rk=4.802e-04 rq=5.254e-04
[modal_frozen] 3000/4000 M=1.38 loss=7.042118e-03 rk=6.796e-04 rq=6.459e-04
[modal_frozen] 3100/4000 M=1.62 loss=1.540196e-02 rk=7.948e-04 rq=7.852e-04
[modal_frozen] 3200/4000 M=1.45 loss=5.252752e-03 rk=4.062e-04 rq=3.787e-04
[modal_frozen] 3300/4000 M=1.60 loss=3.206643e-03 rk=4.911e-04 rq=4.501e-04
[modal_frozen] 3400/4000 M=1.43 loss=5.619664e-03 rk=4.670e-04 rq=4.303e-04
[modal_frozen] 3500/4000 M=1.46 loss=2.918617e-02 rk=6.327e-04 rq=8.056e-04
[modal_frozen] 3600/4000 M=1.41 loss=1.255006e-02 rk=4.193e-04 rq=4.814e-04
[modal_frozen] 3700/4000 M=1.57 loss=7.301868e-03 rk=3.426e-04 rq=2.778e-04
[modal_frozen] 3800/4000 M=1.52 loss=1.221654e-02 rk=3.484e-04 rq=3.212e-04
[modal_frozen] 3900/4000 M=1.57 loss=3.926996e-03 rk=2.835e-04 rq=3.109e-04
[modal_frozen] 4000/4000 M=1.43 loss=1.879942e-03 rk=2.673e-04 rq=2.750e-04
[joint] 1/4000 Mphys=1.591 Manchor=1.65 loss=1.759016e-02 spec=3.061e-04
[joint] 100/4000 Mphys=1.376 Manchor=1.65 loss=3.472701e-02 spec=6.045e-04
[joint] 200/4000 Mphys=1.463 Manchor=1.45 loss=3.435219e-02 spec=6.169e-04
[joint] 300/4000 Mphys=1.560 Manchor=1.65 loss=1.062233e-01 spec=2.099e-03
[joint] 400/4000 Mphys=1.386 Manchor=1.50 loss=7.215003e-02 spec=1.410e-03
[joint] 500/4000 Mphys=1.391 Manchor=1.50 loss=2.006227e-02 spec=2.670e-04
[joint] 600/4000 Mphys=1.537 Manchor=1.35 loss=3.793053e-03 spec=2.067e-05
[joint] 700/4000 Mphys=1.370 Manchor=1.60 loss=4.007865e-01 spec=7.965e-03
[joint] 800/4000 Mphys=1.546 Manchor=1.40 loss=3.989482e-02 spec=7.677e-04
[joint] 900/4000 Mphys=1.564 Manchor=1.55 loss=3.614891e-02 spec=6.897e-04
[joint] 1000/4000 Mphys=1.441 Manchor=1.65 loss=2.181360e-02 spec=3.035e-04
[joint] 1100/4000 Mphys=1.421 Manchor=1.40 loss=9.627322e-03 spec=1.318e-04
[joint] 1200/4000 Mphys=1.375 Manchor=1.65 loss=1.733985e-02 spec=3.106e-04
[joint] 1300/4000 Mphys=1.549 Manchor=1.55 loss=2.416332e-02 spec=2.320e-04
[joint] 1400/4000 Mphys=1.538 Manchor=1.65 loss=1.664894e-02 spec=8.622e-05
[joint] 1500/4000 Mphys=1.417 Manchor=1.65 loss=8.010301e-03 spec=1.355e-04
[joint] 1600/4000 Mphys=1.371 Manchor=1.50 loss=3.608881e-02 spec=7.020e-04
[joint] 1700/4000 Mphys=1.397 Manchor=1.40 loss=5.488711e-03 spec=7.964e-05
[joint] 1800/4000 Mphys=1.502 Manchor=1.60 loss=1.096684e-01 spec=2.182e-03
[joint] 1900/4000 Mphys=1.619 Manchor=1.35 loss=1.200413e-02 spec=2.239e-04
[joint] 2000/4000 Mphys=1.540 Manchor=1.40 loss=2.885116e-01 spec=5.738e-03
[joint] 2100/4000 Mphys=1.443 Manchor=1.35 loss=1.226563e-03 spec=1.220e-05
[joint] 2200/4000 Mphys=1.649 Manchor=1.40 loss=6.042229e-02 spec=1.177e-03
[joint] 2300/4000 Mphys=1.424 Manchor=1.40 loss=9.849574e-03 spec=1.513e-04
[joint] 2400/4000 Mphys=1.377 Manchor=1.50 loss=8.268263e-03 spec=5.173e-05
[joint] 2500/4000 Mphys=1.558 Manchor=1.40 loss=5.275236e-03 spec=7.581e-05
[joint] 2600/4000 Mphys=1.613 Manchor=1.50 loss=6.761943e-03 spec=1.192e-04
[joint] 2700/4000 Mphys=1.478 Manchor=1.35 loss=8.682949e-04 spec=7.725e-06
[joint] 2800/4000 Mphys=1.481 Manchor=1.60 loss=3.778491e-02 spec=7.428e-04
[joint] 2900/4000 Mphys=1.375 Manchor=1.40 loss=3.915444e-02 spec=1.760e-04
[joint] 3000/4000 Mphys=1.521 Manchor=1.65 loss=3.163596e-03 spec=6.876e-06
[joint] 3100/4000 Mphys=1.493 Manchor=1.55 loss=4.102784e-02 spec=8.098e-04
[joint] 3200/4000 Mphys=1.363 Manchor=1.55 loss=5.877465e-03 spec=1.020e-04
[joint] 3300/4000 Mphys=1.413 Manchor=1.50 loss=3.005288e-03 spec=3.320e-05
[joint] 3400/4000 Mphys=1.577 Manchor=1.40 loss=1.861835e-01 spec=3.694e-03
[joint] 3500/4000 Mphys=1.526 Manchor=1.45 loss=1.371462e-02 spec=2.612e-04
[joint] 3600/4000 Mphys=1.638 Manchor=1.50 loss=2.938215e-03 spec=2.023e-05
[joint] 3700/4000 Mphys=1.415 Manchor=1.50 loss=5.650260e-03 spec=4.256e-05
[joint] 3800/4000 Mphys=1.531 Manchor=1.50 loss=9.930830e-03 spec=1.304e-05
[joint] 3900/4000 Mphys=1.582 Manchor=1.60 loss=2.006214e-02 spec=3.701e-04
[joint] 4000/4000 Mphys=1.478 Manchor=1.45 loss=9.153077e-03 spec=1.764e-04

================================================================================
GLOBAL S4M0 TRAINING COMPLETE
================================================================================
selected: /lustre/fswork/projects/rech/fdb/usv13rn/These_PINN_KH_RT/assets/pinn_supersonic/atlas2d_v1_continuousM/N76/runs/C21/best_joint_checkpoint.pt

{
  "train": {
    "n": 14,
    "n_mach": 7,
    "cr_mae": 7.304373089208774e-05,
    "cr_max_abs": 0.00021691838304904731,
    "ci_mae": 0.0001987088073705637,
    "ci_max_abs": 0.0005673442979872712,
    "omega_i_mae": 3.602684198244292e-05,
    "spectral_error_mean": 0.0002362927893528994,
    "spectral_error_max": 0.0005675049682866535
  }
}

TEST SPLIT REMAINS SEALED.

output: /lustre/fswork/projects/rech/fdb/usv13rn/These_PINN_KH_RT/assets/pinn_supersonic/atlas2d_v1_continuousM/N76/runs/C21

====================================================================================================
FINISHED
chart = C21
end   = Wed Aug 19 11:50:21 AM CEST 2026
====================================================================================================
