============================================================
N76 PINN-SEEDED SHOOTING — T401
============================================================
job   = 1237823
task  = 5
node  = r10i6n1
start = Fri Aug 21 11:52:11 AM CEST 2026

================================================================================
T401 N76 SHOOTING WORKER
================================================================================
chunk        : 5
input global : PREDICTIONS
input        : /lustre/fswork/projects/rech/fdb/usv13rn/These_PINN_KH_RT/assets/pinn_supersonic/atlas2d_v1_continuousM/N76/shooting_T401/chunks/T401_chunk_05.csv
output global: OUTPUT_ROOT
output       : /lustre/fswork/projects/rech/fdb/usv13rn/These_PINN_KH_RT/assets/pinn_supersonic/atlas2d_v1_continuousM/N76/shooting_T401/results/chunk_05

==============================================================================================================
PINN-SEEDED SHOOTING — CONTINUOUS-M N76
==============================================================================================================
points: 50

==============================================================================================================
[01/50] id=00 C21 M=1.450 alpha=0.145
PINN seed = (0.33714370, 0.04910131)
PINN validation error = 1.193904e-03
shooting: success=True/True error=5.315628e-06 mismatch=1.257e-06 time=346.4s

==============================================================================================================
[02/50] id=01 C21 M=1.450 alpha=0.150
PINN seed = (0.33829716, 0.04793819)
PINN validation error = 2.654402e-03
shooting: success=True/True error=4.336817e-06 mismatch=1.071e-06 time=350.1s

==============================================================================================================
[03/50] id=02 C21 M=1.450 alpha=0.155
PINN seed = (0.33926892, 0.04678345)
PINN validation error = 4.248787e-03
shooting: success=True/True error=4.142467e-06 mismatch=1.067e-06 time=354.8s

==============================================================================================================
[04/50] id=03 C21 M=1.450 alpha=0.170
PINN seed = (0.34257920, 0.04257853)
PINN validation error = 8.063182e-03
shooting: success=True/True error=2.602258e-06 mismatch=7.515e-07 time=370.7s

==============================================================================================================
[05/50] id=04 C21 M=1.450 alpha=0.185
PINN seed = (0.34884328, 0.03651572)
PINN validation error = 8.042838e-03
shooting: success=True/True error=6.244102e-06 mismatch=1.991e-06 time=386.2s

==============================================================================================================
[06/50] id=05 C21 M=1.450 alpha=0.200
PINN seed = (0.36048907, 0.03055156)
PINN validation error = 2.195806e-03
shooting: success=True/True error=2.278060e-06 mismatch=7.924e-07 time=395.2s

==============================================================================================================
[07/50] id=06 C21 M=1.500 alpha=0.120
PINN seed = (0.34150776, 0.05030274)
PINN validation error = 4.833066e-03
shooting: success=True/True error=4.043514e-06 mismatch=7.636e-07 time=337.6s

==============================================================================================================
[08/50] id=07 C21 M=1.500 alpha=0.135
PINN seed = (0.35749373, 0.04528972)
PINN validation error = 2.824289e-03
shooting: success=True/True error=1.570017e-06 mismatch=3.476e-07 time=343.0s

==============================================================================================================
[09/50] id=08 C21 M=1.500 alpha=0.145
PINN seed = (0.36388648, 0.04255951)
PINN validation error = 4.023316e-03
shooting: success=True/True error=2.210286e-06 mismatch=5.366e-07 time=350.7s

==============================================================================================================
[10/50] id=09 C21 M=1.500 alpha=0.155
PINN seed = (0.36644995, 0.04013683)
PINN validation error = 1.748407e-03
shooting: success=True/True error=4.429918e-07 mismatch=1.169e-07 time=359.4s

==============================================================================================================
[11/50] id=10 C21 M=1.500 alpha=0.165
PINN seed = (0.36763316, 0.03768214)
PINN validation error = 1.611204e-03
shooting: success=True/True error=2.291490e-06 mismatch=6.516e-07 time=370.3s

==============================================================================================================
[12/50] id=11 C21 M=1.500 alpha=0.180
PINN seed = (0.37127010, 0.03300969)
PINN validation error = 4.138497e-03
shooting: success=True/True error=2.247862e-06 mismatch=7.059e-07 time=388.8s

==============================================================================================================
[13/50] id=12 C21 M=1.500 alpha=0.195
PINN seed = (0.38013694, 0.02758613)
PINN validation error = 9.045360e-04
shooting: success=True/True error=1.601847e-06 mismatch=5.486e-07 time=399.2s

==============================================================================================================
[14/50] id=13 C21 M=1.550 alpha=0.125
PINN seed = (0.36736795, 0.04350906)
PINN validation error = 2.995204e-03
shooting: success=True/True error=9.805088e-06 mismatch=2.021e-06 time=343.4s

==============================================================================================================
[15/50] id=14 C21 M=1.550 alpha=0.140
PINN seed = (0.38534254, 0.03848918)
PINN validation error = 7.477260e-03
shooting: success=True/True error=4.214118e-06 mismatch=1.004e-06 time=352.3s

==============================================================================================================
[16/50] id=15 C21 M=1.550 alpha=0.155
PINN seed = (0.39205910, 0.03445326)
PINN validation error = 7.365746e-03
shooting: success=True/True error=1.824489e-06 mismatch=4.916e-07 time=364.8s

==============================================================================================================
[17/50] id=16 C21 M=1.550 alpha=0.165
PINN seed = (0.39323440, 0.03205137)
PINN validation error = 4.317949e-03
shooting: success=True/True error=7.149184e-06 mismatch=2.070e-06 time=373.2s

==============================================================================================================
[18/50] id=17 C21 M=1.550 alpha=0.175
PINN seed = (0.39447874, 0.02940461)
PINN validation error = 1.608556e-03
shooting: success=True/True error=3.402722e-06 mismatch=1.051e-06 time=383.5s

==============================================================================================================
[19/50] id=18 C21 M=1.550 alpha=0.185
PINN seed = (0.39668807, 0.02628911)
PINN validation error = 1.696634e-04
shooting: success=True/True error=2.411193e-06 mismatch=7.898e-07 time=397.5s

==============================================================================================================
[20/50] id=19 C21 M=1.550 alpha=0.195
PINN seed = (0.40053060, 0.02296212)
PINN validation error = 5.313148e-04
shooting: success=True/True error=2.110272e-06 mismatch=7.294e-07 time=404.0s

==============================================================================================================
[21/50] id=20 C21 M=1.550 alpha=0.205
PINN seed = (0.40638477, 0.01997678)
PINN validation error = 2.995400e-03
shooting: success=True/True error=3.322880e-06 mismatch=1.207e-06 time=408.9s

==============================================================================================================
[22/50] id=21 C21 M=1.600 alpha=0.130
PINN seed = (0.39686560, 0.03641109)
PINN validation error = 4.291494e-03
shooting: success=True/True error=3.771058e-06 mismatch=8.410e-07 time=348.4s

==============================================================================================================
[23/50] id=22 C21 M=1.600 alpha=0.145
PINN seed = (0.40850780, 0.03232168)
PINN validation error = 9.139498e-03
shooting: success=True/True error=5.317062e-06 mismatch=1.353e-06 time=361.3s

==============================================================================================================
[24/50] id=23 C21 M=1.600 alpha=0.150
PINN seed = (0.40973213, 0.03121608)
PINN validation error = 8.224795e-03
shooting: success=True/True error=2.096221e-06 mismatch=5.546e-07 time=365.6s

==============================================================================================================
[25/50] id=24 C21 M=1.600 alpha=0.165
PINN seed = (0.40952528, 0.02818364)
PINN validation error = 1.958966e-03
shooting: success=True/True error=7.424791e-06 mismatch=2.182e-06 time=378.1s

==============================================================================================================
[26/50] id=25 C21 M=1.600 alpha=0.180
PINN seed = (0.41099966, 0.02454248)
PINN validation error = 2.087069e-03
shooting: success=True/True error=4.851862e-06 mismatch=1.561e-06 time=397.7s

==============================================================================================================
[27/50] id=26 C21 M=1.600 alpha=0.190
PINN seed = (0.41436052, 0.02146876)
PINN validation error = 2.100536e-03
shooting: success=True/True error=2.144258e-06 mismatch=7.273e-07 time=407.3s

==============================================================================================================
[28/50] id=27 C21 M=1.600 alpha=0.200
PINN seed = (0.41844043, 0.01824581)
PINN validation error = 1.220219e-03
shooting: success=True/True error=3.707523e-06 mismatch=1.320e-06 time=412.9s

==============================================================================================================
[29/50] id=28 C21 M=1.600 alpha=0.205
PINN seed = (0.42061270, 0.01677686)
PINN validation error = 6.251787e-04
shooting: success=True/True error=3.585954e-06 mismatch=1.307e-06 time=415.8s

==============================================================================================================
[30/50] id=29 C22 M=1.450 alpha=0.210
PINN seed = (0.36374438, 0.02730579)
PINN validation error = 2.645775e-03
shooting: success=True/True error=3.492793e-06 mismatch=1.280e-06 time=397.4s

==============================================================================================================
[31/50] id=30 C22 M=1.450 alpha=0.215
PINN seed = (0.36274987, 0.02616035)
PINN validation error = 5.465140e-03
shooting: success=True/True error=4.594351e-06 mismatch=1.726e-06 time=400.3s

==============================================================================================================
[32/50] id=31 C22 M=1.450 alpha=0.225
PINN seed = (0.36323148, 0.02278248)
PINN validation error = 8.322962e-03
shooting: success=True/True error=4.842878e-06 mismatch=1.907e-06 time=405.8s

==============================================================================================================
[33/50] id=32 C22 M=1.450 alpha=0.240
PINN seed = (0.37057936, 0.01514671)
PINN validation error = 5.464322e-03
shooting: success=True/True error=4.870131e-06 mismatch=2.046e-06 time=414.1s

==============================================================================================================
[34/50] id=33 C22 M=1.450 alpha=0.250
PINN seed = (0.37806898, 0.01007788)
PINN validation error = 1.604221e-03
shooting: success=True/True error=1.192958e-06 mismatch=5.212e-07 time=422.1s

==============================================================================================================
[35/50] id=34 C22 M=1.450 alpha=0.265
PINN seed = (0.38520060, 0.00546038)
PINN validation error = 2.016187e-03
shooting: success=True/True error=1.308280e-07 mismatch=6.054e-08 time=433.5s

==============================================================================================================
[36/50] id=35 C22 M=1.500 alpha=0.210
PINN seed = (0.37967700, 0.02315937)
PINN validation error = 6.598157e-03
shooting: success=True/True error=2.329868e-06 mismatch=8.612e-07 time=405.2s

==============================================================================================================
[37/50] id=36 C22 M=1.500 alpha=0.225
PINN seed = (0.38425064, 0.01818718)
PINN validation error = 6.876804e-03
shooting: success=True/True error=4.553481e-06 mismatch=1.802e-06 time=413.5s

==============================================================================================================
[38/50] id=37 C22 M=1.500 alpha=0.230
PINN seed = (0.38776246, 0.01601720)
PINN validation error = 4.850627e-03
shooting: success=True/True error=1.332761e-06 mismatch=5.388e-07 time=416.7s

==============================================================================================================
[39/50] id=38 C22 M=1.500 alpha=0.250
PINN seed = (0.40305048, 0.00775665)
PINN validation error = 4.794345e-03
shooting: success=True/True error=7.119702e-07 mismatch=3.112e-07 time=430.1s

==============================================================================================================
[40/50] id=39 C22 M=1.500 alpha=0.260
PINN seed = (0.40554786, 0.00563032)
PINN validation error = 4.850150e-03
shooting: success=True/True error=8.012881e-06 mismatch=3.632e-06 time=439.1s

==============================================================================================================
[41/50] id=40 C22 M=1.500 alpha=0.270
PINN seed = (0.40313810, 0.00474883)
PINN validation error = 4.348620e-03
shooting: success=True/True error=5.008017e-06 mismatch=2.261e-06 time=459.1s

==============================================================================================================
[42/50] id=41 C22 M=1.550 alpha=0.210
PINN seed = (0.39837670, 0.02001528)
PINN validation error = 6.815598e-03
shooting: success=True/True error=3.124634e-06 mismatch=1.161e-06 time=411.2s

==============================================================================================================
[43/50] id=42 C22 M=1.550 alpha=0.220
PINN seed = (0.40542606, 0.01599856)
PINN validation error = 2.809678e-03
shooting: success=True/True error=4.746972e-06 mismatch=1.843e-06 time=420.6s

==============================================================================================================
[44/50] id=43 C22 M=1.550 alpha=0.225
PINN seed = (0.41032620, 0.01364319)
PINN validation error = 8.753228e-04
shooting: success=True/True error=1.990667e-06 mismatch=7.893e-07 time=422.3s

==============================================================================================================
[45/50] id=44 C22 M=1.550 alpha=0.240
PINN seed = (0.42404947, 0.00710539)
PINN validation error = 1.034893e-02
shooting: success=True/True error=3.606858e-06 mismatch=1.516e-06 time=430.7s

==============================================================================================================
[46/50] id=45 C22 M=1.550 alpha=0.255
PINN seed = (0.42625168, 0.00413623)
PINN validation error = 8.630974e-03
shooting: success=True/True error=2.057268e-06 mismatch=9.125e-07 time=445.8s

==============================================================================================================
[47/50] id=46 C22 M=1.600 alpha=0.215
PINN seed = (0.42901750, 0.01215558)
PINN validation error = 4.999859e-03
shooting: success=True/True error=8.117371e-06 mismatch=3.088e-06 time=422.6s

==============================================================================================================
[48/50] id=47 C22 M=1.600 alpha=0.225
PINN seed = (0.44062380, 0.00709212)
PINN validation error = 1.395940e-02
shooting: success=True/True error=3.082581e-06 mismatch=1.221e-06 time=429.6s

==============================================================================================================
[49/50] id=48 C22 M=1.600 alpha=0.235
PINN seed = (0.44681585, 0.00383542)
PINN validation error = 1.737232e-02
shooting: success=True/True error=4.147761e-06 mismatch=1.706e-06 time=436.9s

==============================================================================================================
[50/50] id=49 C22 M=1.600 alpha=0.245
PINN seed = (0.44624230, 0.00243998)
PINN validation error = 1.398089e-02
shooting: success=True/True error=4.296998e-06 mismatch=1.831e-06 time=446.3s

==============================================================================================================
FINAL SUMMARY
==============================================================================================================
{
  "n_total": 50,
  "n_shoot_completed": 50,
  "n_spectral_success": 50,
  "n_mode_success": 50,
  "spectral_error_mean": 3.654200857669516e-06,
  "spectral_error_median": 3.5393731531705237e-06,
  "spectral_error_p90": 6.334610182999687e-06,
  "spectral_error_p95": 7.748240262043304e-06,
  "spectral_error_p99": 8.978106943685511e-06,
  "spectral_error_max": 9.805088346803204e-06,
  "n_error_le_1e-6": 3,
  "n_error_le_1e-5": 50,
  "n_error_le_1e-4": 50,
  "n_error_le_1e-3": 50,
  "n_error_le_5e-3": 50,
  "n_error_le_1e-2": 50,
  "n_improved_vs_pinn": 50,
  "n_worsened_vs_pinn": 0,
  "mean_seconds": 395.40507679357773,
  "median_seconds": 399.771710533998,
  "total_seconds": 19770.253839678888
}

written: /lustre/fswork/projects/rech/fdb/usv13rn/These_PINN_KH_RT/assets/pinn_supersonic/atlas2d_v1_continuousM/N76/shooting_T401/results/chunk_05/shooting_validation_64.csv
written: /lustre/fswork/projects/rech/fdb/usv13rn/These_PINN_KH_RT/assets/pinn_supersonic/atlas2d_v1_continuousM/N76/shooting_T401/results/chunk_05/shooting_summary.json

end = Fri Aug 21 05:21:50 PM CEST 2026
