============================================================
N76 PINN-SEEDED SHOOTING — T401
============================================================
job   = 1237824
task  = 6
node  = r10i1n5
start = Fri Aug 21 11:52:10 AM CEST 2026

================================================================================
T401 N76 SHOOTING WORKER
================================================================================
chunk        : 6
input global : PREDICTIONS
input        : /lustre/fswork/projects/rech/fdb/usv13rn/These_PINN_KH_RT/assets/pinn_supersonic/atlas2d_v1_continuousM/N76/shooting_T401/chunks/T401_chunk_06.csv
output global: OUTPUT_ROOT
output       : /lustre/fswork/projects/rech/fdb/usv13rn/These_PINN_KH_RT/assets/pinn_supersonic/atlas2d_v1_continuousM/N76/shooting_T401/results/chunk_06

==============================================================================================================
PINN-SEEDED SHOOTING — CONTINUOUS-M N76
==============================================================================================================
points: 50

==============================================================================================================
[01/50] id=00 C22 M=1.600 alpha=0.255
PINN seed = (0.44059986, 0.00196203)
PINN validation error = 6.044178e-03
shooting: success=True/True error=1.115089e-05 mismatch=2.024e-06 time=467.6s

==============================================================================================================
[02/50] id=01 C30 M=1.650 alpha=0.060
PINN seed = (0.37055212, 0.03801957)
PINN validation error = 4.643887e-04
shooting: success=True/True error=5.916191e-06 mismatch=4.721e-07 time=318.7s

==============================================================================================================
[03/50] id=02 C30 M=1.650 alpha=0.065
PINN seed = (0.37510425, 0.03869554)
PINN validation error = 1.216897e-03
shooting: success=True/True error=5.243346e-06 mismatch=4.691e-07 time=322.0s

==============================================================================================================
[04/50] id=03 C30 M=1.650 alpha=0.070
PINN seed = (0.37960290, 0.03916750)
PINN validation error = 2.120719e-03
shooting: success=True/True error=2.447576e-06 mismatch=2.434e-07 time=325.0s

==============================================================================================================
[05/50] id=04 C30 M=1.650 alpha=0.075
PINN seed = (0.38376993, 0.03929292)
PINN validation error = 2.834732e-03
shooting: success=True/True error=1.435747e-07 mismatch=1.574e-08 time=328.0s

==============================================================================================================
[06/50] id=05 C30 M=1.650 alpha=0.080
PINN seed = (0.38755417, 0.03893052)
PINN validation error = 3.309421e-03
shooting: success=True/True error=2.409570e-06 mismatch=2.897e-07 time=330.3s

==============================================================================================================
[07/50] id=06 C30 M=1.650 alpha=0.085
PINN seed = (0.39139032, 0.03802700)
PINN validation error = 4.066714e-03
shooting: success=True/True error=3.337755e-06 mismatch=4.369e-07 time=332.2s

==============================================================================================================
[08/50] id=07 C30 M=1.650 alpha=0.090
PINN seed = (0.39572150, 0.03671332)
PINN validation error = 5.583291e-03
shooting: success=True/True error=9.212387e-06 mismatch=1.306e-06 time=334.7s

==============================================================================================================
[09/50] id=08 C30 M=1.650 alpha=0.095
PINN seed = (0.40037090, 0.03530178)
PINN validation error = 7.542284e-03
shooting: success=True/True error=2.383105e-06 mismatch=3.638e-07 time=337.4s

==============================================================================================================
[10/50] id=09 C30 M=1.650 alpha=0.105
PINN seed = (0.40712005, 0.03354196)
PINN validation error = 8.895977e-03
shooting: success=True/True error=4.822075e-06 mismatch=8.421e-07 time=342.5s

==============================================================================================================
[11/50] id=10 C30 M=1.650 alpha=0.115
PINN seed = (0.40779996, 0.03387455)
PINN validation error = 4.082980e-03
shooting: success=True/True error=5.087108e-06 mismatch=9.997e-07 time=345.9s

==============================================================================================================
[12/50] id=11 C30 M=1.700 alpha=0.055
PINN seed = (0.38805667, 0.03305414)
PINN validation error = 4.848600e-04
shooting: success=True/True error=1.371888e-06 mismatch=1.026e-07 time=320.8s

==============================================================================================================
[13/50] id=12 C30 M=1.700 alpha=0.070
PINN seed = (0.39777160, 0.03592691)
PINN validation error = 1.398465e-03
shooting: success=True/True error=7.380516e-06 mismatch=7.711e-07 time=329.7s

==============================================================================================================
[14/50] id=13 C30 M=1.700 alpha=0.085
PINN seed = (0.40655106, 0.03565069)
PINN validation error = 1.029562e-03
shooting: success=True/True error=4.852887e-06 mismatch=6.623e-07 time=337.6s

==============================================================================================================
[15/50] id=14 C30 M=1.700 alpha=0.100
PINN seed = (0.41529690, 0.03185910)
PINN validation error = 1.818420e-03
shooting: success=True/True error=6.965758e-06 mismatch=1.180e-06 time=343.3s

==============================================================================================================
[16/50] id=15 C30 M=1.700 alpha=0.115
PINN seed = (0.42290460, 0.03031496)
PINN validation error = 1.646016e-03
shooting: success=True/True error=3.748468e-06 mismatch=7.575e-07 time=349.9s

==============================================================================================================
[17/50] id=16 C30 M=1.750 alpha=0.050
PINN seed = (0.40197513, 0.02918216)
PINN validation error = 2.598403e-03
shooting: success=True/True error=4.507011e-06 mismatch=3.131e-07 time=320.6s

==============================================================================================================
[18/50] id=17 C30 M=1.750 alpha=0.065
PINN seed = (0.41418275, 0.03073946)
PINN validation error = 6.131534e-04
shooting: success=True/True error=2.890453e-06 mismatch=2.861e-07 time=330.0s

==============================================================================================================
[19/50] id=18 C30 M=1.750 alpha=0.075
PINN seed = (0.41868705, 0.03265178)
PINN validation error = 1.879612e-03
shooting: success=True/True error=6.159424e-06 mismatch=7.394e-07 time=335.1s

==============================================================================================================
[20/50] id=19 C30 M=1.750 alpha=0.085
PINN seed = (0.42161298, 0.03275466)
PINN validation error = 3.726212e-03
shooting: success=True/True error=5.139698e-06 mismatch=7.288e-07 time=340.1s

==============================================================================================================
[21/50] id=20 C30 M=1.750 alpha=0.095
PINN seed = (0.42613345, 0.03099127)
PINN validation error = 3.818996e-03
shooting: success=True/True error=3.370841e-06 mismatch=5.521e-07 time=344.4s

==============================================================================================================
[22/50] id=21 C30 M=1.750 alpha=0.110
PINN seed = (0.43879467, 0.02732404)
PINN validation error = 2.557583e-03
shooting: success=True/True error=2.749925e-06 mismatch=5.402e-07 time=351.3s

==============================================================================================================
[23/50] id=22 C30 M=1.800 alpha=0.050
PINN seed = (0.41676027, 0.02601108)
PINN validation error = 6.602274e-03
shooting: success=True/True error=4.525236e-06 mismatch=3.315e-07 time=324.2s

==============================================================================================================
[24/50] id=23 C30 M=1.800 alpha=0.065
PINN seed = (0.43564144, 0.02612363)
PINN validation error = 4.046173e-03
shooting: success=True/True error=2.463793e-06 mismatch=2.549e-07 time=332.8s

==============================================================================================================
[25/50] id=24 C30 M=1.800 alpha=0.080
PINN seed = (0.44221386, 0.02788268)
PINN validation error = 2.723934e-03
shooting: success=True/True error=2.580682e-06 mismatch=3.505e-07 time=340.6s

==============================================================================================================
[26/50] id=25 C30 M=1.800 alpha=0.095
PINN seed = (0.44616860, 0.02709323)
PINN validation error = 4.862826e-04
shooting: success=True/True error=3.099438e-06 mismatch=5.230e-07 time=347.6s

==============================================================================================================
[27/50] id=26 C30 M=1.800 alpha=0.110
PINN seed = (0.45720667, 0.02430915)
PINN validation error = 4.518607e-03
shooting: success=True/True error=2.758570e-06 mismatch=5.544e-07 time=355.8s

==============================================================================================================
[28/50] id=27 C30 M=1.850 alpha=0.055
PINN seed = (0.44199517, 0.02249510)
PINN validation error = 1.735304e-03
shooting: success=True/True error=4.847927e-06 mismatch=4.209e-07 time=329.5s

==============================================================================================================
[29/50] id=28 C30 M=1.850 alpha=0.065
PINN seed = (0.45858264, 0.02271765)
PINN validation error = 1.010071e-02
shooting: success=True/True error=2.660931e-06 mismatch=2.866e-07 time=335.6s

==============================================================================================================
[30/50] id=29 C30 M=1.850 alpha=0.075
PINN seed = (0.46531847, 0.02351138)
PINN validation error = 1.197898e-02
shooting: success=True/True error=4.087643e-06 mismatch=5.288e-07 time=341.4s

==============================================================================================================
[31/50] id=30 C30 M=1.850 alpha=0.090
PINN seed = (0.46543017, 0.02370814)
PINN validation error = 5.402664e-03
shooting: success=True/True error=4.220098e-06 mismatch=6.849e-07 time=347.2s

==============================================================================================================
[32/50] id=31 C30 M=1.850 alpha=0.100
PINN seed = (0.46702483, 0.02334398)
PINN validation error = 2.863693e-03
shooting: success=True/True error=2.923782e-06 mismatch=5.377e-07 time=351.6s

==============================================================================================================
[33/50] id=32 C30 M=1.850 alpha=0.110
PINN seed = (0.47160047, 0.02217816)
PINN validation error = 3.548122e-03
shooting: success=True/True error=2.177531e-06 mismatch=4.460e-07 time=359.5s

==============================================================================================================
[34/50] id=33 C30 M=1.900 alpha=0.050
PINN seed = (0.44829667, 0.02123070)
PINN validation error = 9.267330e-03
shooting: success=True/True error=4.639742e-06 mismatch=3.718e-07 time=328.6s

==============================================================================================================
[35/50] id=34 C30 M=1.900 alpha=0.065
PINN seed = (0.47737855, 0.02122519)
PINN validation error = 1.291289e-02
shooting: success=True/True error=5.219637e-06 mismatch=5.825e-07 time=337.4s

==============================================================================================================
[36/50] id=35 C30 M=1.900 alpha=0.080
PINN seed = (0.48217064, 0.02199056)
PINN validation error = 1.115521e-02
shooting: success=True/True error=1.311483e-06 mismatch=1.894e-07 time=343.9s

==============================================================================================================
[37/50] id=36 C30 M=1.900 alpha=0.090
PINN seed = (0.47874190, 0.02221287)
PINN validation error = 3.624025e-03
shooting: success=True/True error=3.618504e-06 mismatch=6.016e-07 time=346.3s

==============================================================================================================
[38/50] id=37 C30 M=1.900 alpha=0.100
PINN seed = (0.47626010, 0.02235890)
PINN validation error = 2.777803e-03
shooting: success=True/True error=5.721223e-07 mismatch=1.073e-07 time=353.2s

==============================================================================================================
[39/50] id=38 C30 M=1.900 alpha=0.110
PINN seed = (0.47729522, 0.02175401)
PINN validation error = 5.431896e-03
shooting: success=True/True error=4.150244e-06 mismatch=8.628e-07 time=361.4s

==============================================================================================================
[40/50] id=39 C30 M=1.900 alpha=0.125
PINN seed = (0.48593664, 0.01921086)
PINN validation error = 1.914835e-03
shooting: success=True/True error=4.468315e-06 mismatch=1.056e-06 time=372.5s

==============================================================================================================
[41/50] id=40 C31 M=1.650 alpha=0.125
PINN seed = (0.40956026, 0.03358866)
PINN validation error = 7.167135e-04
shooting: success=True/True error=3.367366e-06 mismatch=7.342e-07 time=349.5s

==============================================================================================================
[42/50] id=41 C31 M=1.650 alpha=0.135
PINN seed = (0.41378850, 0.03133508)
PINN validation error = 6.825919e-04
shooting: success=True/True error=2.498872e-06 mismatch=5.973e-07 time=357.5s

==============================================================================================================
[43/50] id=42 C31 M=1.650 alpha=0.145
PINN seed = (0.41752797, 0.02921759)
PINN validation error = 4.544539e-04
shooting: success=True/True error=2.769634e-06 mismatch=7.181e-07 time=366.1s

==============================================================================================================
[44/50] id=43 C31 M=1.650 alpha=0.155
PINN seed = (0.42124158, 0.02688435)
PINN validation error = 4.717009e-04
shooting: success=True/True error=6.460011e-06 mismatch=1.801e-06 time=375.0s

==============================================================================================================
[45/50] id=44 C31 M=1.650 alpha=0.170
PINN seed = (0.42664534, 0.02279442)
PINN validation error = 7.235275e-04
shooting: success=True/True error=4.323203e-06 mismatch=1.325e-06 time=387.9s

==============================================================================================================
[46/50] id=45 C31 M=1.650 alpha=0.175
PINN seed = (0.42840904, 0.02134468)
PINN validation error = 8.097560e-04
shooting: success=True/True error=8.938903e-06 mismatch=2.818e-06 time=393.4s

==============================================================================================================
[47/50] id=46 C31 M=1.650 alpha=0.185
PINN seed = (0.43207320, 0.01848906)
PINN validation error = 8.793332e-04
shooting: success=True/True error=5.841150e-07 mismatch=1.941e-07 time=406.4s

==============================================================================================================
[48/50] id=47 C31 M=1.650 alpha=0.195
PINN seed = (0.43589014, 0.01588783)
PINN validation error = 1.034607e-03
shooting: success=True/True error=4.108574e-06 mismatch=1.433e-06 time=413.1s

==============================================================================================================
[49/50] id=48 C31 M=1.650 alpha=0.205
PINN seed = (0.43885690, 0.01376515)
PINN validation error = 8.600794e-04
shooting: success=True/True error=4.193483e-06 mismatch=1.529e-06 time=420.6s

==============================================================================================================
[50/50] id=49 C31 M=1.700 alpha=0.125
PINN seed = (0.42806470, 0.02976015)
PINN validation error = 1.563801e-03
shooting: success=True/True error=4.693348e-06 mismatch=1.048e-06 time=355.8s

==============================================================================================================
FINAL SUMMARY
==============================================================================================================
{
  "n_total": 50,
  "n_shoot_completed": 50,
  "n_spectral_success": 50,
  "n_mode_success": 50,
  "spectral_error_mean": 4.0710727128461495e-06,
  "spectral_error_median": 4.098108331394153e-06,
  "spectral_error_p90": 6.510586045737356e-06,
  "spectral_error_p95": 8.237628891276889e-06,
  "spectral_error_p99": 1.0201025826490937e-05,
  "spectral_error_max": 1.1150894739400718e-05,
  "n_error_le_1e-6": 3,
  "n_error_le_1e-5": 49,
  "n_error_le_1e-4": 50,
  "n_error_le_1e-3": 50,
  "n_error_le_5e-3": 50,
  "n_error_le_1e-2": 50,
  "n_improved_vs_pinn": 50,
  "n_worsened_vs_pinn": 0,
  "mean_seconds": 350.4316259172454,
  "median_seconds": 343.6057420875004,
  "total_seconds": 17521.58129586227
}

written: /lustre/fswork/projects/rech/fdb/usv13rn/These_PINN_KH_RT/assets/pinn_supersonic/atlas2d_v1_continuousM/N76/shooting_T401/results/chunk_06/shooting_validation_64.csv
written: /lustre/fswork/projects/rech/fdb/usv13rn/These_PINN_KH_RT/assets/pinn_supersonic/atlas2d_v1_continuousM/N76/shooting_T401/results/chunk_06/shooting_summary.json

end = Fri Aug 21 04:44:18 PM CEST 2026
