============================================================
N76 PINN-SEEDED SHOOTING — T401
============================================================
job   = 1237822
task  = 4
node  = r10i4n3
start = Fri Aug 21 11:52:11 AM CEST 2026

================================================================================
T401 N76 SHOOTING WORKER
================================================================================
chunk        : 4
input global : PREDICTIONS
input        : /lustre/fswork/projects/rech/fdb/usv13rn/These_PINN_KH_RT/assets/pinn_supersonic/atlas2d_v1_continuousM/N76/shooting_T401/chunks/T401_chunk_04.csv
output global: OUTPUT_ROOT
output       : /lustre/fswork/projects/rech/fdb/usv13rn/These_PINN_KH_RT/assets/pinn_supersonic/atlas2d_v1_continuousM/N76/shooting_T401/results/chunk_04

==============================================================================================================
PINN-SEEDED SHOOTING — CONTINUOUS-M N76
==============================================================================================================
points: 50

==============================================================================================================
[01/50] id=00 C12 M=1.300 alpha=0.230
PINN seed = (0.30604900, 0.03546279)
PINN validation error = 1.001450e-03
shooting: success=True/True error=3.144576e-06 mismatch=1.231e-06 time=377.6s

==============================================================================================================
[02/50] id=01 C12 M=1.300 alpha=0.240
PINN seed = (0.30975083, 0.03175753)
PINN validation error = 1.741738e-03
shooting: success=True/True error=1.572556e-06 mismatch=6.462e-07 time=384.1s

==============================================================================================================
[03/50] id=02 C12 M=1.300 alpha=0.255
PINN seed = (0.31572545, 0.02277813)
PINN validation error = 6.858711e-04
shooting: success=True/True error=1.086158e-06 mismatch=4.774e-07 time=392.4s

==============================================================================================================
[04/50] id=03 C12 M=1.300 alpha=0.260
PINN seed = (0.31747517, 0.01931288)
PINN validation error = 1.822853e-03
shooting: success=True/True error=8.353336e-06 mismatch=3.752e-06 time=395.7s

==============================================================================================================
[05/50] id=04 C12 M=1.300 alpha=0.270
PINN seed = (0.32047418, 0.01302841)
PINN validation error = 3.535075e-03
shooting: success=True/True error=4.660004e-06 mismatch=2.180e-06 time=402.8s

==============================================================================================================
[06/50] id=05 C12 M=1.300 alpha=0.280
PINN seed = (0.32323045, 0.00846461)
PINN validation error = 3.571218e-03
shooting: success=True/True error=1.415315e-06 mismatch=6.885e-07 time=410.5s

==============================================================================================================
[07/50] id=06 C12 M=1.300 alpha=0.290
PINN seed = (0.32599226, 0.00550346)
PINN validation error = 2.023118e-03
shooting: success=True/True error=5.196368e-06 mismatch=2.624e-06 time=417.2s

==============================================================================================================
[08/50] id=07 C12 M=1.300 alpha=0.305
PINN seed = (0.33045965, 0.00299635)
PINN validation error = 2.245406e-03
shooting: success=True/True error=1.550979e-06 mismatch=8.418e-07 time=440.0s

==============================================================================================================
[09/50] id=08 C12 M=1.350 alpha=0.210
PINN seed = (0.32606092, 0.03356654)
PINN validation error = 4.995538e-03
shooting: success=True/True error=4.538348e-06 mismatch=1.623e-06 time=375.8s

==============================================================================================================
[10/50] id=09 C12 M=1.350 alpha=0.225
PINN seed = (0.32701412, 0.03103552)
PINN validation error = 1.255157e-03
shooting: success=True/True error=2.473566e-06 mismatch=9.565e-07 time=385.1s

==============================================================================================================
[11/50] id=10 C12 M=1.350 alpha=0.235
PINN seed = (0.32952628, 0.02760781)
PINN validation error = 2.487233e-03
shooting: success=True/True error=4.570327e-06 mismatch=1.854e-06 time=392.3s

==============================================================================================================
[12/50] id=11 C12 M=1.350 alpha=0.245
PINN seed = (0.33315212, 0.02206441)
PINN validation error = 2.036968e-03
shooting: success=True/True error=5.283730e-07 mismatch=2.242e-07 time=397.3s

==============================================================================================================
[13/50] id=12 C12 M=1.350 alpha=0.255
PINN seed = (0.33711347, 0.01511005)
PINN validation error = 3.229539e-03
shooting: success=True/True error=1.790914e-06 mismatch=7.930e-07 time=404.2s

==============================================================================================================
[14/50] id=13 C12 M=1.350 alpha=0.270
PINN seed = (0.34220237, 0.00691808)
PINN validation error = 4.800847e-03
shooting: success=True/True error=2.918524e-06 mismatch=1.372e-06 time=414.4s

==============================================================================================================
[15/50] id=14 C12 M=1.350 alpha=0.280
PINN seed = (0.34546828, 0.00427957)
PINN validation error = 3.114093e-03
shooting: success=True/True error=3.402841e-06 mismatch=1.660e-06 time=421.8s

==============================================================================================================
[16/50] id=15 C12 M=1.350 alpha=0.295
PINN seed = (0.35035616, 0.00251833)
PINN validation error = 1.645752e-03
shooting: success=True/True error=4.270017e-06 mismatch=2.212e-06 time=442.8s

==============================================================================================================
[17/50] id=16 C12 M=1.400 alpha=0.220
PINN seed = (0.34780097, 0.02874907)
PINN validation error = 1.521379e-03
shooting: success=True/True error=6.298818e-06 mismatch=2.402e-06 time=392.9s

==============================================================================================================
[18/50] id=17 C12 M=1.400 alpha=0.235
PINN seed = (0.35269356, 0.02310028)
PINN validation error = 1.913261e-03
shooting: success=True/True error=1.979807e-06 mismatch=8.099e-07 time=401.2s

==============================================================================================================
[19/50] id=18 C12 M=1.400 alpha=0.250
PINN seed = (0.35908340, 0.01338435)
PINN validation error = 2.189104e-03
shooting: success=True/True error=2.778601e-06 mismatch=1.211e-06 time=409.4s

==============================================================================================================
[20/50] id=19 C12 M=1.400 alpha=0.260
PINN seed = (0.36210230, 0.00731055)
PINN validation error = 4.182018e-03
shooting: success=True/True error=3.383143e-06 mismatch=1.535e-06 time=417.4s

==============================================================================================================
[21/50] id=20 C12 M=1.400 alpha=0.270
PINN seed = (0.36471802, 0.00384088)
PINN validation error = 3.558077e-03
shooting: success=True/True error=4.275594e-06 mismatch=2.014e-06 time=424.6s

==============================================================================================================
[22/50] id=21 C12 M=1.400 alpha=0.285
PINN seed = (0.36921108, 0.00196125)
PINN validation error = 1.057219e-03
shooting: success=True/True error=5.654136e-06 mismatch=2.834e-06 time=444.5s

==============================================================================================================
[23/50] id=22 C20 M=1.450 alpha=0.055
PINN seed = (0.27041993, 0.06483354)
PINN validation error = 6.403697e-03
shooting: success=True/True error=8.344042e-06 mismatch=4.634e-07 time=293.1s

==============================================================================================================
[24/50] id=23 C20 M=1.450 alpha=0.065
PINN seed = (0.28664368, 0.06059165)
PINN validation error = 1.198812e-02
shooting: success=True/True error=5.308653e-06 mismatch=3.832e-07 time=299.1s

==============================================================================================================
[25/50] id=24 C20 M=1.450 alpha=0.075
PINN seed = (0.29267110, 0.06285377)
PINN validation error = 6.276469e-03
shooting: success=True/True error=3.842311e-06 mismatch=3.467e-07 time=304.7s

==============================================================================================================
[26/50] id=25 C20 M=1.450 alpha=0.085
PINN seed = (0.29176160, 0.06930070)
PINN validation error = 6.875667e-03
shooting: success=True/True error=4.404050e-06 mismatch=4.820e-07 time=310.3s

==============================================================================================================
[27/50] id=26 C20 M=1.450 alpha=0.100
PINN seed = (0.29710528, 0.07127952)
PINN validation error = 1.565078e-02
shooting: success=True/True error=5.225169e-06 mismatch=7.312e-07 time=317.7s

==============================================================================================================
[28/50] id=27 C20 M=1.450 alpha=0.110
PINN seed = (0.31307790, 0.06317686)
PINN validation error = 5.413159e-03
shooting: success=True/True error=4.042275e-06 mismatch=6.510e-07 time=323.8s

==============================================================================================================
[29/50] id=28 C20 M=1.500 alpha=0.050
PINN seed = (0.28831387, 0.05823953)
PINN validation error = 1.567616e-03
shooting: success=True/True error=1.950461e-06 mismatch=9.875e-08 time=297.0s

==============================================================================================================
[30/50] id=29 C20 M=1.500 alpha=0.065
PINN seed = (0.31559938, 0.05269719)
PINN validation error = 1.340941e-02
shooting: success=True/True error=1.226233e-06 mismatch=9.310e-08 time=305.3s

==============================================================================================================
[31/50] id=30 C20 M=1.500 alpha=0.075
PINN seed = (0.32156146, 0.05430400)
PINN validation error = 9.179817e-03
shooting: success=True/True error=2.801649e-06 mismatch=2.650e-07 time=310.8s

==============================================================================================================
[32/50] id=31 C20 M=1.500 alpha=0.090
PINN seed = (0.31848380, 0.06032676)
PINN validation error = 8.413051e-03
shooting: success=True/True error=5.353401e-06 mismatch=6.671e-07 time=318.7s

==============================================================================================================
[33/50] id=32 C20 M=1.500 alpha=0.100
PINN seed = (0.32033077, 0.05908189)
PINN validation error = 1.375212e-02
shooting: success=True/True error=8.288357e-06 mismatch=1.207e-06 time=323.9s

==============================================================================================================
[34/50] id=33 C20 M=1.500 alpha=0.115
PINN seed = (0.34104705, 0.04909210)
PINN validation error = 3.120608e-03
shooting: success=True/True error=3.019726e-06 mismatch=5.374e-07 time=331.1s

==============================================================================================================
[35/50] id=34 C20 M=1.550 alpha=0.055
PINN seed = (0.32245415, 0.04763487)
PINN validation error = 4.338249e-03
shooting: success=True/True error=5.065110e-06 mismatch=3.155e-07 time=304.7s

==============================================================================================================
[36/50] id=35 C20 M=1.550 alpha=0.065
PINN seed = (0.33561084, 0.04639044)
PINN validation error = 8.360990e-03
shooting: success=True/True error=2.861778e-06 mismatch=2.293e-07 time=310.9s

==============================================================================================================
[37/50] id=36 C20 M=1.550 alpha=0.075
PINN seed = (0.34265470, 0.04754179)
PINN validation error = 6.318883e-03
shooting: success=True/True error=9.092984e-07 mismatch=9.038e-08 time=305.1s

==============================================================================================================
[38/50] id=37 C20 M=1.550 alpha=0.090
PINN seed = (0.34490648, 0.05078629)
PINN validation error = 4.030950e-03
shooting: success=True/True error=3.042203e-06 mismatch=3.960e-07 time=322.7s

==============================================================================================================
[39/50] id=38 C20 M=1.550 alpha=0.100
PINN seed = (0.34674942, 0.04948743)
PINN validation error = 8.922171e-03
shooting: success=True/True error=3.258392e-06 mismatch=4.939e-07 time=327.1s

==============================================================================================================
[40/50] id=39 C20 M=1.550 alpha=0.115
PINN seed = (0.36177626, 0.04321840)
PINN validation error = 3.650882e-03
shooting: success=True/True error=5.127429e-06 mismatch=9.449e-07 time=334.1s

==============================================================================================================
[41/50] id=40 C20 M=1.600 alpha=0.050
PINN seed = (0.33691200, 0.04150890)
PINN validation error = 1.912014e-03
shooting: success=True/True error=9.164672e-07 mismatch=5.285e-08 time=305.0s

==============================================================================================================
[42/50] id=41 C20 M=1.600 alpha=0.060
PINN seed = (0.34894103, 0.04067204)
PINN validation error = 3.343425e-03
shooting: success=True/True error=3.150893e-06 mismatch=2.373e-07 time=311.0s

==============================================================================================================
[43/50] id=42 C20 M=1.600 alpha=0.070
PINN seed = (0.35498932, 0.04063765)
PINN validation error = 3.892122e-03
shooting: success=True/True error=7.764213e-06 mismatch=7.332e-07 time=317.2s

==============================================================================================================
[44/50] id=43 C20 M=1.600 alpha=0.080
PINN seed = (0.36303243, 0.04164283)
PINN validation error = 2.693312e-03
shooting: success=True/True error=4.108781e-06 mismatch=4.715e-07 time=321.9s

==============================================================================================================
[45/50] id=44 C20 M=1.600 alpha=0.095
PINN seed = (0.37119326, 0.04232429)
PINN validation error = 2.384936e-03
shooting: success=True/True error=3.795940e-06 mismatch=5.570e-07 time=329.4s

==============================================================================================================
[46/50] id=45 C20 M=1.600 alpha=0.105
PINN seed = (0.37836826, 0.04057585)
PINN validation error = 1.634453e-03
shooting: success=True/True error=5.869273e-06 mismatch=9.896e-07 time=333.4s

==============================================================================================================
[47/50] id=46 C20 M=1.600 alpha=0.115
PINN seed = (0.38650396, 0.03846462)
PINN validation error = 2.211431e-03
shooting: success=True/True error=4.223559e-06 mismatch=8.047e-07 time=337.5s

==============================================================================================================
[48/50] id=47 C21 M=1.450 alpha=0.125
PINN seed = (0.32724184, 0.05454532)
PINN validation error = 8.576704e-04
shooting: success=True/True error=2.001790e-06 mismatch=3.870e-07 time=329.1s

==============================================================================================================
[49/50] id=48 C21 M=1.450 alpha=0.130
PINN seed = (0.33053774, 0.05301795)
PINN validation error = 1.039268e-03
shooting: success=True/True error=4.234716e-06 mismatch=8.645e-07 time=331.6s

==============================================================================================================
[50/50] id=49 C21 M=1.450 alpha=0.135
PINN seed = (0.33337682, 0.05161858)
PINN validation error = 9.068025e-04
shooting: success=True/True error=3.785060e-06 mismatch=8.135e-07 time=333.7s

==============================================================================================================
FINAL SUMMARY
==============================================================================================================
{
  "n_total": 50,
  "n_shoot_completed": 50,
  "n_spectral_success": 50,
  "n_mode_success": 50,
  "spectral_error_mean": 3.7952706720593798e-06,
  "spectral_error_median": 3.7905002715036087e-06,
  "spectral_error_p90": 5.9122271129083175e-06,
  "spectral_error_p95": 8.052491988276577e-06,
  "spectral_error_p99": 8.348782100568398e-06,
  "spectral_error_max": 8.353336445997231e-06,
  "n_error_le_1e-6": 3,
  "n_error_le_1e-5": 50,
  "n_error_le_1e-4": 50,
  "n_error_le_1e-3": 50,
  "n_error_le_5e-3": 50,
  "n_error_le_1e-2": 50,
  "n_improved_vs_pinn": 50,
  "n_worsened_vs_pinn": 0,
  "mean_seconds": 356.6748242796969,
  "median_seconds": 333.5789332205022,
  "total_seconds": 17833.741213984846
}

written: /lustre/fswork/projects/rech/fdb/usv13rn/These_PINN_KH_RT/assets/pinn_supersonic/atlas2d_v1_continuousM/N76/shooting_T401/results/chunk_04/shooting_validation_64.csv
written: /lustre/fswork/projects/rech/fdb/usv13rn/These_PINN_KH_RT/assets/pinn_supersonic/atlas2d_v1_continuousM/N76/shooting_T401/results/chunk_04/shooting_summary.json

end = Fri Aug 21 04:49:34 PM CEST 2026
