============================================================
N76 PINN-SEEDED SHOOTING — T401
============================================================
job   = 1237818
task  = 0
node  = r6i1n8
start = Fri Aug 21 11:52:11 AM CEST 2026

================================================================================
T401 N76 SHOOTING WORKER
================================================================================
chunk        : 0
input global : PREDICTIONS
input        : /lustre/fswork/projects/rech/fdb/usv13rn/These_PINN_KH_RT/assets/pinn_supersonic/atlas2d_v1_continuousM/N76/shooting_T401/chunks/T401_chunk_00.csv
output global: OUTPUT_ROOT
output       : /lustre/fswork/projects/rech/fdb/usv13rn/These_PINN_KH_RT/assets/pinn_supersonic/atlas2d_v1_continuousM/N76/shooting_T401/results/chunk_00

==============================================================================================================
PINN-SEEDED SHOOTING — CONTINUOUS-M N76
==============================================================================================================
points: 51

==============================================================================================================
[01/51] id=00 C00 M=1.000 alpha=0.055
PINN seed = (-0.00585303, 0.00303761)
PINN validation error = 5.853695e-03
shooting: success=True/True error=1.181269e-06 mismatch=5.793e-07 time=244.9s

==============================================================================================================
[02/51] id=01 C00 M=1.000 alpha=0.065
PINN seed = (-0.01791790, 0.00558028)
PINN validation error = 1.795357e-02
shooting: success=True/True error=1.367518e-06 mismatch=7.501e-07 time=248.3s

==============================================================================================================
[03/51] id=02 C00 M=1.000 alpha=0.075
PINN seed = (-0.01985869, 0.01115398)
PINN validation error = 2.050821e-02
shooting: success=True/True error=7.000220e-07 mismatch=3.740e-07 time=254.0s

==============================================================================================================
[04/51] id=03 C00 M=1.000 alpha=0.085
PINN seed = (-0.01540562, 0.01747105)
PINN validation error = 1.812703e-02
shooting: success=True/True error=1.716049e-07 mismatch=8.851e-08 time=259.2s

==============================================================================================================
[05/51] id=04 C00 M=1.000 alpha=0.095
PINN seed = (-0.01356146, 0.02115014)
PINN validation error = 1.746606e-02
shooting: success=True/True error=1.616079e-06 mismatch=7.844e-07 time=264.8s

==============================================================================================================
[06/51] id=05 C00 M=1.000 alpha=0.110
PINN seed = (-0.01753813, 0.02111692)
PINN validation error = 1.883948e-02
shooting: success=True/True error=2.096877e-07 mismatch=9.458e-08 time=270.5s

==============================================================================================================
[07/51] id=06 C00 M=1.000 alpha=0.125
PINN seed = (-0.00886884, 0.02017931)
PINN validation error = 8.896794e-03
shooting: success=True/True error=1.552445e-06 mismatch=6.352e-07 time=276.0s

==============================================================================================================
[08/51] id=07 C00 M=1.050 alpha=0.050
PINN seed = (-0.00439060, 0.00518572)
PINN validation error = 1.706098e-02
shooting: success=True/True error=2.154551e-06 mismatch=2.969e-07 time=265.1s

==============================================================================================================
[09/51] id=08 C00 M=1.050 alpha=0.060
PINN seed = (-0.01606184, 0.00924909)
PINN validation error = 2.382831e-02
shooting: success=True/True error=7.119599e-07 mismatch=1.102e-07 time=267.7s

==============================================================================================================
[10/51] id=09 C00 M=1.050 alpha=0.070
PINN seed = (-0.01917344, 0.02042251)
PINN validation error = 2.267509e-02
shooting: success=True/True error=4.058460e-06 mismatch=6.759e-07 time=270.6s

==============================================================================================================
[11/51] id=10 C00 M=1.050 alpha=0.075
PINN seed = (-0.01574865, 0.02807240)
PINN validation error = 1.745648e-02
shooting: success=True/True error=1.231229e-06 mismatch=2.096e-07 time=272.3s

==============================================================================================================
[12/51] id=11 C00 M=1.050 alpha=0.085
PINN seed = (-0.00500762, 0.04163264)
PINN validation error = 5.060710e-03
shooting: success=True/True error=1.341189e-06 mismatch=2.317e-07 time=272.9s

==============================================================================================================
[13/51] id=12 C00 M=1.050 alpha=0.100
PINN seed = (0.00710210, 0.05086481)
PINN validation error = 8.071376e-03
shooting: success=True/True error=2.885084e-06 mismatch=4.690e-07 time=274.7s

==============================================================================================================
[14/51] id=13 C00 M=1.050 alpha=0.115
PINN seed = (0.01766691, 0.05389677)
PINN validation error = 2.522778e-02
shooting: success=True/True error=8.654200e-06 mismatch=1.130e-06 time=276.0s

==============================================================================================================
[15/51] id=14 C00 M=1.100 alpha=0.095
PINN seed = (0.05458456, 0.10189237)
PINN validation error = 5.540465e-02
shooting: success=True/True error=1.023888e-05 mismatch=1.999e-07 time=267.1s

==============================================================================================================
[16/51] id=15 C00 M=1.100 alpha=0.110
PINN seed = (0.06999461, 0.10353874)
PINN validation error = 3.136269e-02
shooting: success=True/True error=1.351713e-05 mismatch=1.087e-06 time=277.4s

==============================================================================================================
[17/51] id=16 C00 M=1.150 alpha=0.060
PINN seed = (0.02608927, 0.11558069)
PINN validation error = 8.821280e-02
shooting: success=True/True error=9.778216e-02 mismatch=2.244e-08 time=219.0s

==============================================================================================================
[18/51] id=17 C00 M=1.150 alpha=0.075
PINN seed = (0.06119044, 0.15250480)
PINN validation error = 1.088063e-02
shooting: success=True/True error=5.186191e-06 mismatch=2.157e-07 time=265.3s

==============================================================================================================
[19/51] id=18 C00 M=1.150 alpha=0.080
PINN seed = (0.07836883, 0.15468666)
PINN validation error = 1.542169e-02
shooting: success=True/True error=8.046476e-06 mismatch=4.261e-07 time=268.5s

==============================================================================================================
[20/51] id=19 C00 M=1.150 alpha=0.090
PINN seed = (0.10595794, 0.14533767)
PINN validation error = 1.275102e-02
shooting: success=True/True error=3.227826e-06 mismatch=2.403e-07 time=274.8s

==============================================================================================================
[21/51] id=20 C00 M=1.150 alpha=0.105
PINN seed = (0.12082545, 0.12130611)
PINN validation error = 6.242642e-03
shooting: success=True/True error=2.673404e-06 mismatch=2.816e-07 time=284.9s

==============================================================================================================
[22/51] id=21 C00 M=1.150 alpha=0.115
PINN seed = (0.12468594, 0.11970028)
PINN validation error = 1.449477e-02
shooting: success=True/True error=5.177216e-06 mismatch=6.525e-07 time=293.4s

==============================================================================================================
[23/51] id=22 C00 M=1.200 alpha=0.050
PINN seed = (0.06356445, 0.11870087)
PINN validation error = 2.264870e-02
shooting: success=True/True error=5.276023e-06 mismatch=1.139e-07 time=260.1s

==============================================================================================================
[24/51] id=23 C00 M=1.200 alpha=0.065
PINN seed = (0.09346147, 0.14514562)
PINN validation error = 1.675841e-02
shooting: success=True/True error=3.957161e-06 mismatch=1.884e-07 time=270.5s

==============================================================================================================
[25/51] id=24 C00 M=1.200 alpha=0.080
PINN seed = (0.14128435, 0.14307813)
PINN validation error = 1.924054e-02
shooting: success=True/True error=9.848647e-07 mismatch=7.242e-08 time=278.0s

==============================================================================================================
[26/51] id=25 C00 M=1.200 alpha=0.090
PINN seed = (0.16811230, 0.12950070)
PINN validation error = 2.109633e-02
shooting: success=True/True error=4.164986e-06 mismatch=3.815e-07 time=287.0s

==============================================================================================================
[27/51] id=26 C00 M=1.200 alpha=0.100
PINN seed = (0.18443377, 0.11347698)
PINN validation error = 2.216085e-02
shooting: success=True/True error=3.050845e-06 mismatch=3.368e-07 time=293.0s

==============================================================================================================
[28/51] id=27 C00 M=1.200 alpha=0.115
PINN seed = (0.18775871, 0.10260381)
PINN validation error = 9.808103e-03
shooting: success=True/True error=3.116779e-06 mismatch=4.355e-07 time=301.6s

==============================================================================================================
[29/51] id=28 C01 M=1.000 alpha=0.135
PINN seed = (0.00103906, 0.02821241)
PINN validation error = 4.526266e-03
shooting: success=True/True error=1.091043e-06 mismatch=4.108e-07 time=277.4s

==============================================================================================================
[30/51] id=29 C01 M=1.000 alpha=0.140
PINN seed = (0.00208655, 0.03516712)
PINN validation error = 9.113151e-03
shooting: success=True/True error=1.275287e-06 mismatch=4.572e-07 time=276.5s

==============================================================================================================
[31/51] id=30 C01 M=1.000 alpha=0.150
PINN seed = (0.00339243, 0.05199941)
PINN validation error = 2.018030e-02
shooting: success=True/True error=5.369152e-07 mismatch=1.711e-07 time=279.4s

==============================================================================================================
[32/51] id=31 C01 M=1.000 alpha=0.160
PINN seed = (0.00245675, 0.06664820)
PINN validation error = 2.732195e-02
shooting: success=True/True error=4.238430e-06 mismatch=1.153e-06 time=281.6s

==============================================================================================================
[33/51] id=32 C01 M=1.000 alpha=0.165
PINN seed = (0.00134817, 0.07155228)
PINN validation error = 2.765447e-02
shooting: success=True/True error=5.367941e-06 mismatch=1.318e-06 time=282.8s

==============================================================================================================
[34/51] id=33 C01 M=1.000 alpha=0.175
PINN seed = (-0.00060320, 0.07625127)
PINN validation error = 2.055180e-02
shooting: success=True/True error=5.837702e-06 mismatch=1.061e-06 time=284.6s

==============================================================================================================
[35/51] id=34 C01 M=1.000 alpha=0.195
PINN seed = (0.00763348, 0.07582726)
PINN validation error = 3.767016e-02
shooting: success=True/True error=5.274122e-06 mismatch=5.589e-07 time=302.9s

==============================================================================================================
[36/51] id=35 C01 M=1.000 alpha=0.205
PINN seed = (0.02573481, 0.07702673)
PINN validation error = 3.718210e-02
shooting: success=True/True error=4.525644e-06 mismatch=7.441e-07 time=308.4s

==============================================================================================================
[37/51] id=36 C01 M=1.000 alpha=0.215
PINN seed = (0.05947980, 0.08036243)
PINN validation error = 1.655738e-02
shooting: success=True/True error=7.260887e-06 mismatch=1.504e-06 time=313.2s

==============================================================================================================
[38/51] id=37 C01 M=1.050 alpha=0.120
PINN seed = (0.03517020, 0.05879761)
PINN validation error = 4.097413e-02
shooting: success=True/True error=3.094808e-06 mismatch=3.490e-07 time=274.4s

==============================================================================================================
[39/51] id=38 C01 M=1.050 alpha=0.130
PINN seed = (0.04512611, 0.08330081)
PINN validation error = 5.039373e-02
shooting: success=True/True error=3.520468e-07 mismatch=1.873e-08 time=273.6s

==============================================================================================================
[40/51] id=39 C01 M=1.050 alpha=0.145
PINN seed = (0.06309928, 0.11537303)
PINN validation error = 1.033063e-02
shooting: success=True/True error=4.846845e-06 mismatch=4.843e-07 time=284.1s

==============================================================================================================
[41/51] id=40 C01 M=1.050 alpha=0.160
PINN seed = (0.07486944, 0.12329920)
PINN validation error = 1.310920e-02
shooting: success=True/True error=3.521048e-06 mismatch=5.358e-07 time=303.1s

==============================================================================================================
[42/51] id=41 C01 M=1.050 alpha=0.170
PINN seed = (0.07819721, 0.11455765)
PINN validation error = 2.079898e-02
shooting: success=True/True error=4.746990e-06 mismatch=8.626e-07 time=310.2s

==============================================================================================================
[43/51] id=42 C01 M=1.050 alpha=0.180
PINN seed = (0.07992539, 0.09879105)
PINN validation error = 2.964200e-02
shooting: success=True/True error=5.184686e-06 mismatch=1.084e-06 time=314.9s

==============================================================================================================
[44/51] id=43 C01 M=1.050 alpha=0.190
PINN seed = (0.08505557, 0.08596002)
PINN validation error = 3.568158e-02
shooting: success=True/True error=3.730154e-06 mismatch=8.766e-07 time=318.5s

==============================================================================================================
[45/51] id=44 C01 M=1.050 alpha=0.205
PINN seed = (0.11413540, 0.08299010)
PINN validation error = 1.854835e-02
shooting: success=True/True error=5.087973e-06 mismatch=1.386e-06 time=324.9s

==============================================================================================================
[46/51] id=45 C01 M=1.100 alpha=0.120
PINN seed = (0.09450606, 0.11846928)
PINN validation error = 1.019994e-02
shooting: success=True/True error=3.903637e-06 mismatch=4.180e-07 time=280.7s

==============================================================================================================
[47/51] id=46 C01 M=1.100 alpha=0.135
PINN seed = (0.11796075, 0.13708073)
PINN validation error = 1.790087e-02
shooting: success=True/True error=5.653923e-06 mismatch=8.127e-07 time=291.2s

==============================================================================================================
[48/51] id=47 C01 M=1.100 alpha=0.150
PINN seed = (0.14241050, 0.13910997)
PINN validation error = 3.045142e-02
shooting: success=True/True error=5.894238e-06 mismatch=1.054e-06 time=306.6s

==============================================================================================================
[49/51] id=48 C01 M=1.100 alpha=0.165
PINN seed = (0.15113187, 0.11295014)
PINN validation error = 1.230658e-02
shooting: success=True/True error=3.560496e-06 mismatch=7.587e-07 time=320.2s

==============================================================================================================
[50/51] id=49 C01 M=1.100 alpha=0.175
PINN seed = (0.14960758, 0.08833096)
PINN validation error = 9.030376e-03
shooting: success=True/True error=3.679280e-06 mismatch=8.670e-07 time=325.4s

==============================================================================================================
[51/51] id=50 C01 M=1.100 alpha=0.190
PINN seed = (0.15417609, 0.07346480)
PINN validation error = 1.800141e-02
shooting: success=True/True error=9.831366e-06 mismatch=2.646e-06 time=331.4s

==============================================================================================================
FINAL SUMMARY
==============================================================================================================
{
  "n_total": 51,
  "n_shoot_completed": 51,
  "n_spectral_success": 51,
  "n_mode_success": 51,
  "spectral_error_mean": 0.0019211197651847433,
  "spectral_error_median": 3.730153653306557e-06,
  "spectral_error_p90": 8.046476449898393e-06,
  "spectral_error_p95": 1.0035122847354654e-05,
  "spectral_error_p99": 0.04889783830599864,
  "spectral_error_max": 0.09778215948361772,
  "n_error_le_1e-6": 7,
  "n_error_le_1e-5": 48,
  "n_error_le_1e-4": 50,
  "n_error_le_1e-3": 50,
  "n_error_le_5e-3": 50,
  "n_error_le_1e-2": 50,
  "n_improved_vs_pinn": 50,
  "n_worsened_vs_pinn": 1,
  "mean_seconds": 282.8080414849865,
  "median_seconds": 277.3828600270208,
  "total_seconds": 14423.210115734313
}

written: /lustre/fswork/projects/rech/fdb/usv13rn/These_PINN_KH_RT/assets/pinn_supersonic/atlas2d_v1_continuousM/N76/shooting_T401/results/chunk_00/shooting_validation_64.csv
written: /lustre/fswork/projects/rech/fdb/usv13rn/These_PINN_KH_RT/assets/pinn_supersonic/atlas2d_v1_continuousM/N76/shooting_T401/results/chunk_00/shooting_summary.json

end = Fri Aug 21 03:52:44 PM CEST 2026
