============================================================
N76 PINN-SEEDED SHOOTING — T401
============================================================
job   = 1237819
task  = 1
node  = r10i1n0
start = Fri Aug 21 11:52:10 AM CEST 2026

================================================================================
T401 N76 SHOOTING WORKER
================================================================================
chunk        : 1
input global : PREDICTIONS
input        : /lustre/fswork/projects/rech/fdb/usv13rn/These_PINN_KH_RT/assets/pinn_supersonic/atlas2d_v1_continuousM/N76/shooting_T401/chunks/T401_chunk_01.csv
output global: OUTPUT_ROOT
output       : /lustre/fswork/projects/rech/fdb/usv13rn/These_PINN_KH_RT/assets/pinn_supersonic/atlas2d_v1_continuousM/N76/shooting_T401/results/chunk_01

==============================================================================================================
PINN-SEEDED SHOOTING — CONTINUOUS-M N76
==============================================================================================================
points: 50

==============================================================================================================
[01/50] id=00 C01 M=1.100 alpha=0.200
PINN seed = (0.16756338, 0.07558014)
PINN validation error = 7.712320e-03
shooting: success=True/True error=1.619192e-06 mismatch=4.716e-07 time=333.1s

==============================================================================================================
[02/50] id=01 C01 M=1.150 alpha=0.120
PINN seed = (0.14297736, 0.13013612)
PINN validation error = 1.388674e-02
shooting: success=True/True error=4.243037e-06 mismatch=5.790e-07 time=288.7s

==============================================================================================================
[03/50] id=02 C01 M=1.150 alpha=0.130
PINN seed = (0.15449858, 0.12724605)
PINN validation error = 1.652296e-02
shooting: success=True/True error=6.587409e-06 mismatch=1.037e-06 time=295.9s

==============================================================================================================
[04/50] id=03 C01 M=1.150 alpha=0.145
PINN seed = (0.17114037, 0.10913810)
PINN validation error = 6.800207e-03
shooting: success=True/True error=1.240320e-06 mismatch=2.347e-07 time=306.7s

==============================================================================================================
[05/50] id=04 C01 M=1.150 alpha=0.160
PINN seed = (0.18045431, 0.08166840)
PINN validation error = 1.257865e-02
shooting: success=True/True error=5.652964e-06 mismatch=1.251e-06 time=324.9s

==============================================================================================================
[06/50] id=05 C01 M=1.150 alpha=0.170
PINN seed = (0.18522564, 0.07134482)
PINN validation error = 1.782058e-02
shooting: success=True/True error=5.585520e-06 mismatch=1.356e-06 time=330.8s

==============================================================================================================
[07/50] id=06 C01 M=1.150 alpha=0.180
PINN seed = (0.19308206, 0.06688398)
PINN validation error = 1.657534e-02
shooting: success=True/True error=2.598904e-06 mismatch=6.866e-07 time=334.1s

==============================================================================================================
[08/50] id=07 C01 M=1.150 alpha=0.188
PINN seed = (0.20005360, 0.06532871)
PINN validation error = 1.373339e-02
shooting: success=True/True error=2.946886e-06 mismatch=8.257e-07 time=336.6s

==============================================================================================================
[09/50] id=08 C01 M=1.150 alpha=0.195
PINN seed = (0.20593491, 0.06465615)
PINN validation error = 1.027730e-02
shooting: success=True/True error=4.221004e-06 mismatch=1.250e-06 time=338.8s

==============================================================================================================
[10/50] id=09 C01 M=1.150 alpha=0.205
PINN seed = (0.21052794, 0.06497044)
PINN validation error = 4.623555e-03
shooting: success=True/True error=7.330817e-06 mismatch=2.326e-06 time=341.9s

==============================================================================================================
[11/50] id=10 C01 M=1.200 alpha=0.130
PINN seed = (0.19878073, 0.09732831)
PINN validation error = 5.911088e-03
shooting: success=True/True error=7.570188e-06 mismatch=1.288e-06 time=304.0s

==============================================================================================================
[12/50] id=11 C01 M=1.200 alpha=0.140
PINN seed = (0.21094990, 0.08965550)
PINN validation error = 1.039855e-02
shooting: success=True/True error=3.953183e-06 mismatch=7.542e-07 time=312.2s

==============================================================================================================
[13/50] id=12 C01 M=1.200 alpha=0.150
PINN seed = (0.21712887, 0.08273335)
PINN validation error = 1.009891e-02
shooting: success=True/True error=3.156473e-06 mismatch=6.683e-07 time=320.6s

==============================================================================================================
[14/50] id=13 C01 M=1.200 alpha=0.160
PINN seed = (0.21777779, 0.07808241)
PINN validation error = 6.028864e-03
shooting: success=True/True error=2.456303e-06 mismatch=5.716e-07 time=331.8s

==============================================================================================================
[15/50] id=14 C01 M=1.200 alpha=0.170
PINN seed = (0.22073019, 0.07495311)
PINN validation error = 4.390263e-03
shooting: success=True/True error=5.256316e-06 mismatch=1.334e-06 time=337.4s

==============================================================================================================
[16/50] id=15 C01 M=1.200 alpha=0.185
PINN seed = (0.23756875, 0.06911085)
PINN validation error = 6.145495e-03
shooting: success=True/True error=4.581666e-06 mismatch=1.308e-06 time=341.1s

==============================================================================================================
[17/50] id=16 C01 M=1.200 alpha=0.195
PINN seed = (0.24978195, 0.06361444)
PINN validation error = 1.277979e-02
shooting: success=True/True error=2.610107e-06 mismatch=7.999e-07 time=344.5s

==============================================================================================================
[18/50] id=17 C01 M=1.200 alpha=0.205
PINN seed = (0.25399745, 0.05850123)
PINN validation error = 1.189342e-02
shooting: success=True/True error=7.569618e-06 mismatch=2.478e-06 time=347.7s

==============================================================================================================
[19/50] id=18 C02 M=1.000 alpha=0.225
PINN seed = (0.08543757, 0.07725280)
PINN validation error = 2.848018e-03
shooting: success=True/True error=7.512521e-06 mismatch=1.828e-06 time=312.5s

==============================================================================================================
[20/50] id=19 C02 M=1.000 alpha=0.230
PINN seed = (0.08972961, 0.07357594)
PINN validation error = 4.122850e-03
shooting: success=True/True error=3.106004e-06 mismatch=8.072e-07 time=315.2s

==============================================================================================================
[21/50] id=20 C02 M=1.000 alpha=0.235
PINN seed = (0.09442928, 0.07043458)
PINN validation error = 4.466558e-03
shooting: success=True/True error=2.467036e-06 mismatch=6.805e-07 time=316.9s

==============================================================================================================
[22/50] id=21 C02 M=1.000 alpha=0.240
PINN seed = (0.09943078, 0.06781291)
PINN validation error = 4.020299e-03
shooting: success=True/True error=1.680573e-06 mismatch=4.895e-07 time=318.9s

==============================================================================================================
[23/50] id=22 C02 M=1.000 alpha=0.245
PINN seed = (0.10467124, 0.06565102)
PINN validation error = 2.927189e-03
shooting: success=True/True error=4.992347e-06 mismatch=1.529e-06 time=321.3s

==============================================================================================================
[24/50] id=23 C02 M=1.000 alpha=0.260
PINN seed = (0.12140149, 0.06095560)
PINN validation error = 3.658505e-03
shooting: success=True/True error=2.088539e-06 mismatch=7.287e-07 time=328.4s

==============================================================================================================
[25/50] id=24 C02 M=1.000 alpha=0.265
PINN seed = (0.12709380, 0.05962215)
PINN validation error = 6.201308e-03
shooting: success=True/True error=6.294412e-06 mismatch=2.283e-06 time=332.6s

==============================================================================================================
[26/50] id=25 C02 M=1.000 alpha=0.270
PINN seed = (0.13265980, 0.05822384)
PINN validation error = 8.751871e-03
shooting: success=True/True error=4.796998e-06 mismatch=1.806e-06 time=333.5s

==============================================================================================================
[27/50] id=26 C02 M=1.000 alpha=0.275
PINN seed = (0.13795687, 0.05665714)
PINN validation error = 1.110432e-02
shooting: success=True/True error=5.023042e-06 mismatch=1.958e-06 time=335.6s

==============================================================================================================
[28/50] id=27 C02 M=1.000 alpha=0.280
PINN seed = (0.14284402, 0.05482111)
PINN validation error = 1.307094e-02
shooting: success=True/True error=4.694228e-06 mismatch=1.891e-06 time=337.9s

==============================================================================================================
[29/50] id=28 C02 M=1.000 alpha=0.290
PINN seed = (0.15092106, 0.04995687)
PINN validation error = 1.520219e-02
shooting: success=True/True error=5.129305e-06 mismatch=2.201e-06 time=343.0s

==============================================================================================================
[30/50] id=29 C02 M=1.000 alpha=0.305
PINN seed = (0.15778734, 0.03858488)
PINN validation error = 1.235613e-02
shooting: success=True/True error=5.771351e-07 mismatch=2.701e-07 time=351.5s

==============================================================================================================
[31/50] id=30 C02 M=1.000 alpha=0.320
PINN seed = (0.15856300, 0.02262186)
PINN validation error = 3.412174e-03
shooting: success=True/True error=2.620265e-06 mismatch=1.326e-06 time=359.9s

==============================================================================================================
[32/50] id=31 C02 M=1.000 alpha=0.335
PINN seed = (0.15829470, 0.00794950)
PINN validation error = 7.712431e-03
shooting: success=True/True error=1.281837e-06 mismatch=6.972e-07 time=370.8s

==============================================================================================================
[33/50] id=32 C02 M=1.000 alpha=0.350
PINN seed = (0.16564246, 0.00177593)
PINN validation error = 5.353956e-03
shooting: success=True/True error=1.479334e-06 mismatch=8.621e-07 time=381.1s

==============================================================================================================
[34/50] id=33 C02 M=1.050 alpha=0.210
PINN seed = (0.12353429, 0.08566944)
PINN validation error = 1.283527e-02
shooting: success=True/True error=3.374700e-06 mismatch=9.599e-07 time=320.8s

==============================================================================================================
[35/50] id=34 C02 M=1.050 alpha=0.230
PINN seed = (0.13193630, 0.07128660)
PINN validation error = 1.835397e-02
shooting: success=True/True error=1.284972e-06 mismatch=4.262e-07 time=327.4s

==============================================================================================================
[36/50] id=35 C02 M=1.050 alpha=0.245
PINN seed = (0.14338925, 0.06305666)
PINN validation error = 1.611117e-02
shooting: success=True/True error=3.289780e-06 mismatch=1.205e-06 time=334.1s

==============================================================================================================
[37/50] id=36 C02 M=1.050 alpha=0.255
PINN seed = (0.15249825, 0.05845333)
PINN validation error = 1.271650e-02
shooting: success=True/True error=1.742343e-06 mismatch=6.780e-07 time=338.3s

==============================================================================================================
[38/50] id=37 C02 M=1.050 alpha=0.270
PINN seed = (0.16709211, 0.05100643)
PINN validation error = 6.437290e-03
shooting: success=True/True error=4.133736e-06 mismatch=1.749e-06 time=345.4s

==============================================================================================================
[39/50] id=38 C02 M=1.050 alpha=0.280
PINN seed = (0.17550147, 0.04470433)
PINN validation error = 3.116105e-03
shooting: success=True/True error=3.948840e-06 mismatch=1.759e-06 time=350.5s

==============================================================================================================
[40/50] id=39 C02 M=1.050 alpha=0.295
PINN seed = (0.18538770, 0.03239082)
PINN validation error = 1.839685e-03
shooting: success=True/True error=4.865233e-06 mismatch=2.331e-06 time=358.0s

==============================================================================================================
[41/50] id=40 C02 M=1.050 alpha=0.310
PINN seed = (0.19456603, 0.01851145)
PINN validation error = 7.984222e-03
shooting: success=True/True error=7.052010e-06 mismatch=3.615e-06 time=365.5s

==============================================================================================================
[42/50] id=41 C02 M=1.050 alpha=0.325
PINN seed = (0.20225565, 0.00813521)
PINN validation error = 1.063390e-02
shooting: success=True/True error=5.739956e-07 mismatch=3.138e-07 time=374.5s

==============================================================================================================
[43/50] id=42 C02 M=1.050 alpha=0.340
PINN seed = (0.20539257, 0.00315757)
PINN validation error = 6.580472e-03
shooting: success=True/True error=3.048100e-06 mismatch=1.769e-06 time=383.6s

==============================================================================================================
[44/50] id=43 C02 M=1.050 alpha=0.355
PINN seed = (0.20363536, 0.00141334)
PINN validation error = 3.668445e-03
shooting: success=True/True error=4.506748e-06 mismatch=1.832e-06 time=410.1s

==============================================================================================================
[45/50] id=44 C02 M=1.100 alpha=0.210
PINN seed = (0.17807154, 0.07529470)
PINN validation error = 1.043709e-03
shooting: success=True/True error=4.336902e-06 mismatch=1.358e-06 time=331.4s

==============================================================================================================
[46/50] id=45 C02 M=1.100 alpha=0.220
PINN seed = (0.18395040, 0.06789626)
PINN validation error = 2.144015e-03
shooting: success=True/True error=2.752359e-06 mismatch=9.218e-07 time=336.0s

==============================================================================================================
[47/50] id=46 C02 M=1.100 alpha=0.230
PINN seed = (0.19024903, 0.06194156)
PINN validation error = 2.197222e-03
shooting: success=True/True error=3.529043e-06 mismatch=1.258e-06 time=339.5s

==============================================================================================================
[48/50] id=47 C02 M=1.100 alpha=0.245
PINN seed = (0.19773856, 0.05505736)
PINN validation error = 7.030030e-04
shooting: success=True/True error=2.057611e-06 mismatch=8.000e-07 time=346.3s

==============================================================================================================
[49/50] id=48 C02 M=1.100 alpha=0.260
PINN seed = (0.20531654, 0.04873608)
PINN validation error = 1.433365e-03
shooting: success=True/True error=5.584617e-07 mismatch=2.350e-07 time=353.1s

==============================================================================================================
[50/50] id=49 C02 M=1.100 alpha=0.270
PINN seed = (0.21158022, 0.04387803)
PINN validation error = 3.058708e-03
shooting: success=True/True error=5.791726e-06 mismatch=2.560e-06 time=356.8s

==============================================================================================================
FINAL SUMMARY
==============================================================================================================
{
  "n_total": 50,
  "n_shoot_completed": 50,
  "n_spectral_success": 50,
  "n_mode_success": 50,
  "spectral_error_mean": 3.795400902994922e-06,
  "spectral_error_median": 3.7389414423800146e-06,
  "spectral_error_p90": 6.633868795028828e-06,
  "spectral_error_p95": 7.430754309858144e-06,
  "spectral_error_p99": 7.5699085545448705e-06,
  "spectral_error_max": 7.570187808159127e-06,
  "n_error_le_1e-6": 3,
  "n_error_le_1e-5": 50,
  "n_error_le_1e-4": 50,
  "n_error_le_1e-3": 50,
  "n_error_le_5e-3": 50,
  "n_error_le_1e-2": 50,
  "n_improved_vs_pinn": 50,
  "n_worsened_vs_pinn": 0,
  "mean_seconds": 338.0223480101803,
  "median_seconds": 336.2609411079902,
  "total_seconds": 16901.117400509014
}

written: /lustre/fswork/projects/rech/fdb/usv13rn/These_PINN_KH_RT/assets/pinn_supersonic/atlas2d_v1_continuousM/N76/shooting_T401/results/chunk_01/shooting_validation_64.csv
written: /lustre/fswork/projects/rech/fdb/usv13rn/These_PINN_KH_RT/assets/pinn_supersonic/atlas2d_v1_continuousM/N76/shooting_T401/results/chunk_01/shooting_summary.json

end = Fri Aug 21 04:33:55 PM CEST 2026
