============================================================
N76 PINN-SEEDED SHOOTING — T401
============================================================
job   = 1237821
task  = 3
node  = r10i3n1
start = Fri Aug 21 11:52:11 AM CEST 2026

================================================================================
T401 N76 SHOOTING WORKER
================================================================================
chunk        : 3
input global : PREDICTIONS
input        : /lustre/fswork/projects/rech/fdb/usv13rn/These_PINN_KH_RT/assets/pinn_supersonic/atlas2d_v1_continuousM/N76/shooting_T401/chunks/T401_chunk_03.csv
output global: OUTPUT_ROOT
output       : /lustre/fswork/projects/rech/fdb/usv13rn/These_PINN_KH_RT/assets/pinn_supersonic/atlas2d_v1_continuousM/N76/shooting_T401/results/chunk_03

==============================================================================================================
PINN-SEEDED SHOOTING — CONTINUOUS-M N76
==============================================================================================================
points: 50

==============================================================================================================
[01/50] id=00 C10 M=1.400 alpha=0.065
PINN seed = (0.22920655, 0.07553358)
PINN validation error = 2.025133e-02
shooting: success=True/True error=8.594910e-06 mismatch=5.924e-07 time=293.5s

==============================================================================================================
[02/50] id=01 C10 M=1.400 alpha=0.080
PINN seed = (0.25716220, 0.07512780)
PINN validation error = 8.984508e-03
shooting: success=True/True error=4.024671e-06 mismatch=3.844e-07 time=302.4s

==============================================================================================================
[03/50] id=02 C10 M=1.400 alpha=0.090
PINN seed = (0.27855065, 0.07360723)
PINN validation error = 2.720563e-03
shooting: success=True/True error=2.891233e-06 mismatch=3.314e-07 time=307.7s

==============================================================================================================
[04/50] id=03 C10 M=1.400 alpha=0.100
PINN seed = (0.29265240, 0.07068892)
PINN validation error = 8.052462e-03
shooting: success=True/True error=6.532938e-06 mismatch=8.794e-07 time=314.1s

==============================================================================================================
[05/50] id=04 C10 M=1.400 alpha=0.115
PINN seed = (0.30036557, 0.06537449)
PINN validation error = 4.189589e-03
shooting: success=True/True error=6.861391e-06 mismatch=1.137e-06 time=320.9s

==============================================================================================================
[06/50] id=05 C11 M=1.250 alpha=0.120
PINN seed = (0.22025391, 0.09268820)
PINN validation error = 3.175977e-03
shooting: success=True/True error=2.561102e-06 mismatch=4.048e-07 time=304.0s

==============================================================================================================
[07/50] id=06 C11 M=1.250 alpha=0.125
PINN seed = (0.22524460, 0.08966330)
PINN validation error = 4.066897e-03
shooting: success=True/True error=3.176624e-06 mismatch=5.343e-07 time=306.9s

==============================================================================================================
[08/50] id=07 C11 M=1.250 alpha=0.130
PINN seed = (0.22927621, 0.08696296)
PINN validation error = 4.170207e-03
shooting: success=True/True error=2.940387e-06 mismatch=5.247e-07 time=309.9s

==============================================================================================================
[09/50] id=08 C11 M=1.250 alpha=0.135
PINN seed = (0.23267023, 0.08460586)
PINN validation error = 3.733712e-03
shooting: success=True/True error=4.378353e-06 mismatch=8.265e-07 time=312.6s

==============================================================================================================
[10/50] id=09 C11 M=1.250 alpha=0.140
PINN seed = (0.23565666, 0.08255581)
PINN validation error = 2.949623e-03
shooting: success=True/True error=2.168856e-06 mismatch=4.320e-07 time=315.6s

==============================================================================================================
[11/50] id=10 C11 M=1.250 alpha=0.150
PINN seed = (0.24088010, 0.07901921)
PINN validation error = 9.142920e-04
shooting: success=True/True error=5.325843e-06 mismatch=1.172e-06 time=323.9s

==============================================================================================================
[12/50] id=11 C11 M=1.250 alpha=0.165
PINN seed = (0.24842209, 0.07345389)
PINN validation error = 1.789725e-03
shooting: success=True/True error=6.081276e-06 mismatch=1.531e-06 time=341.1s

==============================================================================================================
[13/50] id=12 C11 M=1.250 alpha=0.175
PINN seed = (0.25489220, 0.06865317)
PINN validation error = 1.439030e-03
shooting: success=True/True error=2.413606e-06 mismatch=6.582e-07 time=345.1s

==============================================================================================================
[14/50] id=13 C11 M=1.250 alpha=0.185
PINN seed = (0.26258126, 0.06307994)
PINN validation error = 2.013338e-03
shooting: success=True/True error=4.760844e-06 mismatch=1.398e-06 time=348.6s

==============================================================================================================
[15/50] id=14 C11 M=1.250 alpha=0.200
PINN seed = (0.27128386, 0.05515606)
PINN validation error = 3.173745e-03
shooting: success=True/True error=2.460443e-06 mismatch=7.992e-07 time=353.2s

==============================================================================================================
[16/50] id=15 C11 M=1.300 alpha=0.125
PINN seed = (0.25193366, 0.08107889)
PINN validation error = 1.303797e-03
shooting: success=True/True error=3.855281e-06 mismatch=6.739e-07 time=314.2s

==============================================================================================================
[17/50] id=16 C11 M=1.300 alpha=0.140
PINN seed = (0.26202150, 0.07412652)
PINN validation error = 5.437854e-04
shooting: success=True/True error=5.742673e-07 mismatch=1.184e-07 time=323.2s

==============================================================================================================
[18/50] id=17 C11 M=1.300 alpha=0.150
PINN seed = (0.26856416, 0.07012184)
PINN validation error = 6.392837e-04
shooting: success=True/True error=2.756150e-06 mismatch=6.264e-07 time=330.4s

==============================================================================================================
[19/50] id=18 C11 M=1.300 alpha=0.165
PINN seed = (0.27661700, 0.06438840)
PINN validation error = 9.963301e-04
shooting: success=True/True error=4.039919e-06 mismatch=1.046e-06 time=347.6s

==============================================================================================================
[20/50] id=19 C11 M=1.300 alpha=0.180
PINN seed = (0.28472474, 0.05730585)
PINN validation error = 4.817489e-04
shooting: success=True/True error=3.010182e-06 mismatch=8.742e-07 time=354.6s

==============================================================================================================
[21/50] id=20 C11 M=1.300 alpha=0.190
PINN seed = (0.29113266, 0.05193254)
PINN validation error = 1.582807e-03
shooting: success=True/True error=3.651587e-06 mismatch=1.136e-06 time=358.3s

==============================================================================================================
[22/50] id=21 C11 M=1.300 alpha=0.205
PINN seed = (0.30017838, 0.04517101)
PINN validation error = 3.826217e-03
shooting: success=True/True error=5.000713e-06 mismatch=1.709e-06 time=366.3s

==============================================================================================================
[23/50] id=22 C11 M=1.350 alpha=0.120
PINN seed = (0.27700640, 0.07376849)
PINN validation error = 2.895321e-03
shooting: success=True/True error=1.624194e-06 mismatch=2.768e-07 time=318.1s

==============================================================================================================
[24/50] id=23 C11 M=1.350 alpha=0.130
PINN seed = (0.27960720, 0.07011482)
PINN validation error = 1.885495e-03
shooting: success=True/True error=2.934274e-06 mismatch=5.618e-07 time=325.0s

==============================================================================================================
[25/50] id=24 C11 M=1.350 alpha=0.140
PINN seed = (0.28471570, 0.06582763)
PINN validation error = 3.155313e-03
shooting: success=True/True error=3.568603e-06 mismatch=7.590e-07 time=331.2s

==============================================================================================================
[26/50] id=25 C11 M=1.350 alpha=0.150
PINN seed = (0.29216713, 0.06154951)
PINN validation error = 1.732625e-03
shooting: success=True/True error=3.378109e-06 mismatch=7.904e-07 time=340.7s

==============================================================================================================
[27/50] id=26 C11 M=1.350 alpha=0.160
PINN seed = (0.29920152, 0.05759920)
PINN validation error = 3.113036e-04
shooting: success=True/True error=4.963581e-06 mismatch=1.267e-06 time=345.3s

==============================================================================================================
[28/50] id=27 C11 M=1.350 alpha=0.175
PINN seed = (0.30677086, 0.05128752)
PINN validation error = 5.475775e-04
shooting: success=True/True error=2.643427e-06 mismatch=7.578e-07 time=360.2s

==============================================================================================================
[29/50] id=28 C11 M=1.350 alpha=0.190
PINN seed = (0.31398237, 0.04360955)
PINN validation error = 1.860923e-03
shooting: success=True/True error=3.315941e-06 mismatch=1.053e-06 time=369.8s

==============================================================================================================
[30/50] id=29 C11 M=1.350 alpha=0.195
PINN seed = (0.31691256, 0.04108788)
PINN validation error = 2.361431e-03
shooting: success=True/True error=5.283324e-06 mismatch=1.731e-06 time=370.5s

==============================================================================================================
[31/50] id=30 C11 M=1.350 alpha=0.205
PINN seed = (0.32367352, 0.03696668)
PINN validation error = 3.843225e-03
shooting: success=True/True error=2.475594e-06 mismatch=8.608e-07 time=375.8s

==============================================================================================================
[32/50] id=31 C11 M=1.400 alpha=0.130
PINN seed = (0.30280337, 0.06163069)
PINN validation error = 3.619014e-03
shooting: success=True/True error=1.389566e-06 mismatch=2.748e-07 time=329.3s

==============================================================================================================
[33/50] id=32 C11 M=1.400 alpha=0.145
PINN seed = (0.31311578, 0.05598873)
PINN validation error = 2.262832e-03
shooting: success=True/True error=6.959717e-06 mismatch=1.600e-06 time=337.6s

==============================================================================================================
[34/50] id=33 C11 M=1.400 alpha=0.160
PINN seed = (0.32531068, 0.05067610)
PINN validation error = 1.902327e-03
shooting: success=True/True error=5.677751e-06 mismatch=1.486e-06 time=346.2s

==============================================================================================================
[35/50] id=34 C11 M=1.400 alpha=0.170
PINN seed = (0.33007630, 0.04709122)
PINN validation error = 1.774431e-03
shooting: success=True/True error=2.612853e-06 mismatch=7.386e-07 time=359.5s

==============================================================================================================
[36/50] id=35 C11 M=1.400 alpha=0.180
PINN seed = (0.33327493, 0.04287909)
PINN validation error = 4.310243e-04
shooting: success=True/True error=2.451993e-06 mismatch=7.436e-07 time=368.9s

==============================================================================================================
[37/50] id=36 C11 M=1.400 alpha=0.195
PINN seed = (0.33833414, 0.03565119)
PINN validation error = 1.941159e-03
shooting: success=True/True error=8.691416e-06 mismatch=2.897e-06 time=379.1s

==============================================================================================================
[38/50] id=37 C11 M=1.400 alpha=0.205
PINN seed = (0.34253463, 0.03165330)
PINN validation error = 1.925564e-03
shooting: success=True/True error=5.872334e-06 mismatch=2.072e-06 time=384.2s

==============================================================================================================
[39/50] id=38 C12 M=1.250 alpha=0.210
PINN seed = (0.27169138, 0.05034788)
PINN validation error = 1.067341e-03
shooting: success=True/True error=1.812127e-06 mismatch=6.258e-07 time=356.8s

==============================================================================================================
[40/50] id=39 C12 M=1.250 alpha=0.220
PINN seed = (0.27545696, 0.04731109)
PINN validation error = 2.181342e-03
shooting: success=True/True error=4.402433e-06 mismatch=1.610e-06 time=362.7s

==============================================================================================================
[41/50] id=40 C12 M=1.250 alpha=0.230
PINN seed = (0.28034680, 0.04373632)
PINN validation error = 2.782051e-03
shooting: success=True/True error=2.065067e-06 mismatch=7.967e-07 time=368.8s

==============================================================================================================
[42/50] id=41 C12 M=1.250 alpha=0.240
PINN seed = (0.28544010, 0.03928820)
PINN validation error = 2.987575e-03
shooting: success=True/True error=5.191559e-06 mismatch=2.107e-06 time=373.9s

==============================================================================================================
[43/50] id=42 C12 M=1.250 alpha=0.250
PINN seed = (0.28996918, 0.03397225)
PINN validation error = 2.683806e-03
shooting: success=True/True error=2.285043e-06 mismatch=9.722e-07 time=379.7s

==============================================================================================================
[44/50] id=43 C12 M=1.250 alpha=0.260
PINN seed = (0.29352200, 0.02784935)
PINN validation error = 1.595750e-03
shooting: success=True/True error=3.814500e-06 mismatch=1.698e-06 time=386.1s

==============================================================================================================
[45/50] id=44 C12 M=1.250 alpha=0.270
PINN seed = (0.29621077, 0.02116621)
PINN validation error = 1.037809e-03
shooting: success=True/True error=4.370113e-06 mismatch=2.030e-06 time=391.0s

==============================================================================================================
[46/50] id=45 C12 M=1.250 alpha=0.280
PINN seed = (0.29860616, 0.01466619)
PINN validation error = 2.661315e-03
shooting: success=True/True error=6.561599e-06 mismatch=3.173e-06 time=398.0s

==============================================================================================================
[47/50] id=46 C12 M=1.250 alpha=0.295
PINN seed = (0.30278036, 0.00721393)
PINN validation error = 3.071127e-03
shooting: success=True/True error=5.688812e-06 mismatch=2.915e-06 time=409.6s

==============================================================================================================
[48/50] id=47 C12 M=1.250 alpha=0.305
PINN seed = (0.30619780, 0.00428456)
PINN validation error = 1.207105e-03
shooting: success=True/True error=4.385898e-06 mismatch=2.331e-06 time=419.4s

==============================================================================================================
[49/50] id=48 C12 M=1.300 alpha=0.210
PINN seed = (0.30169225, 0.03950087)
PINN validation error = 5.107801e-03
shooting: success=True/True error=2.489255e-06 mismatch=8.760e-07 time=372.1s

==============================================================================================================
[50/50] id=49 C12 M=1.300 alpha=0.220
PINN seed = (0.30321145, 0.03774661)
PINN validation error = 1.424795e-03
shooting: success=True/True error=1.670659e-06 mismatch=6.213e-07 time=371.7s

==============================================================================================================
FINAL SUMMARY
==============================================================================================================
{
  "n_total": 50,
  "n_shoot_completed": 50,
  "n_spectral_success": 50,
  "n_mode_success": 50,
  "spectral_error_mean": 3.932806356259569e-06,
  "spectral_error_median": 3.610095032758004e-06,
  "spectral_error_p90": 6.535804430849971e-06,
  "spectral_error_p95": 6.915470027968681e-06,
  "spectral_error_p99": 8.64412788323802e-06,
  "spectral_error_max": 8.69141562889929e-06,
  "n_error_le_1e-6": 1,
  "n_error_le_1e-5": 50,
  "n_error_le_1e-4": 50,
  "n_error_le_1e-3": 50,
  "n_error_le_5e-3": 50,
  "n_error_le_1e-2": 50,
  "n_improved_vs_pinn": 50,
  "n_worsened_vs_pinn": 0,
  "mean_seconds": 348.5065069452755,
  "median_seconds": 348.0968659319915,
  "total_seconds": 17425.325347263773
}

written: /lustre/fswork/projects/rech/fdb/usv13rn/These_PINN_KH_RT/assets/pinn_supersonic/atlas2d_v1_continuousM/N76/shooting_T401/results/chunk_03/shooting_validation_64.csv
written: /lustre/fswork/projects/rech/fdb/usv13rn/These_PINN_KH_RT/assets/pinn_supersonic/atlas2d_v1_continuousM/N76/shooting_T401/results/chunk_03/shooting_summary.json

end = Fri Aug 21 04:42:45 PM CEST 2026
