============================================================
N76 PINN-SEEDED SHOOTING — T401
============================================================
job   = 1237820
task  = 2
node  = r10i1n0
start = Fri Aug 21 11:52:10 AM CEST 2026

================================================================================
T401 N76 SHOOTING WORKER
================================================================================
chunk        : 2
input global : PREDICTIONS
input        : /lustre/fswork/projects/rech/fdb/usv13rn/These_PINN_KH_RT/assets/pinn_supersonic/atlas2d_v1_continuousM/N76/shooting_T401/chunks/T401_chunk_02.csv
output global: OUTPUT_ROOT
output       : /lustre/fswork/projects/rech/fdb/usv13rn/These_PINN_KH_RT/assets/pinn_supersonic/atlas2d_v1_continuousM/N76/shooting_T401/results/chunk_02

==============================================================================================================
PINN-SEEDED SHOOTING — CONTINUOUS-M N76
==============================================================================================================
points: 50

==============================================================================================================
[01/50] id=00 C02 M=1.100 alpha=0.280
PINN seed = (0.21706662, 0.03830764)
PINN validation error = 4.133370e-03
shooting: success=True/True error=3.279527e-06 mismatch=1.519e-06 time=361.5s

==============================================================================================================
[02/50] id=01 C02 M=1.100 alpha=0.290
PINN seed = (0.22076810, 0.03200929)
PINN validation error = 3.590879e-03
shooting: success=True/True error=4.297090e-06 mismatch=2.081e-06 time=364.8s

==============================================================================================================
[03/50] id=02 C02 M=1.100 alpha=0.305
PINN seed = (0.22423282, 0.02191608)
PINN validation error = 1.496503e-03
shooting: success=True/True error=2.295154e-06 mismatch=1.185e-06 time=375.4s

==============================================================================================================
[04/50] id=03 C02 M=1.100 alpha=0.310
PINN seed = (0.22534163, 0.01871460)
PINN validation error = 1.391231e-03
shooting: success=True/True error=3.751292e-06 mismatch=1.976e-06 time=378.6s

==============================================================================================================
[05/50] id=04 C02 M=1.100 alpha=0.315
PINN seed = (0.22662216, 0.01573710)
PINN validation error = 1.524158e-03
shooting: success=True/True error=1.132143e-06 mismatch=6.082e-07 time=382.2s

==============================================================================================================
[06/50] id=05 C02 M=1.100 alpha=0.325
PINN seed = (0.22980416, 0.01067498)
PINN validation error = 1.192174e-03
shooting: success=True/True error=1.314173e-06 mismatch=7.341e-07 time=390.6s

==============================================================================================================
[07/50] id=06 C02 M=1.100 alpha=0.335
PINN seed = (0.23291612, 0.00694881)
PINN validation error = 4.504547e-04
shooting: success=True/True error=3.422638e-06 mismatch=1.985e-06 time=398.6s

==============================================================================================================
[08/50] id=07 C02 M=1.100 alpha=0.345
PINN seed = (0.23373832, 0.00447019)
PINN validation error = 4.062240e-03
shooting: success=True/True error=4.641411e-06 mismatch=2.710e-06 time=417.1s

==============================================================================================================
[09/50] id=08 C02 M=1.150 alpha=0.210
PINN seed = (0.21350843, 0.06853867)
PINN validation error = 1.814471e-03
shooting: success=True/True error=1.835707e-06 mismatch=6.019e-07 time=341.0s

==============================================================================================================
[10/50] id=09 C02 M=1.150 alpha=0.225
PINN seed = (0.22697723, 0.05817441)
PINN validation error = 5.354043e-03
shooting: success=True/True error=6.819991e-07 mismatch=2.451e-07 time=346.0s

==============================================================================================================
[11/50] id=10 C02 M=1.150 alpha=0.240
PINN seed = (0.23445491, 0.05051421)
PINN validation error = 5.864367e-03
shooting: success=True/True error=9.070126e-06 mismatch=3.544e-06 time=351.5s

==============================================================================================================
[12/50] id=11 C02 M=1.150 alpha=0.245
PINN seed = (0.23539950, 0.04810576)
PINN validation error = 4.617115e-03
shooting: success=True/True error=2.204777e-06 mismatch=8.845e-07 time=353.7s

==============================================================================================================
[13/50] id=12 C02 M=1.150 alpha=0.255
PINN seed = (0.23646255, 0.04293782)
PINN validation error = 1.484440e-03
shooting: success=True/True error=1.039123e-06 mismatch=4.381e-07 time=358.7s

==============================================================================================================
[14/50] id=13 C02 M=1.150 alpha=0.270
PINN seed = (0.24098408, 0.03406058)
PINN validation error = 8.061575e-04
shooting: success=True/True error=9.263880e-06 mismatch=4.193e-06 time=366.4s

==============================================================================================================
[15/50] id=14 C02 M=1.150 alpha=0.280
PINN seed = (0.24601887, 0.02839816)
PINN validation error = 1.854046e-03
shooting: success=True/True error=4.090958e-06 mismatch=1.935e-06 time=372.7s

==============================================================================================================
[16/50] id=15 C02 M=1.150 alpha=0.295
PINN seed = (0.25086123, 0.02137911)
PINN validation error = 1.059575e-03
shooting: success=True/True error=4.947467e-06 mismatch=2.492e-06 time=382.3s

==============================================================================================================
[17/50] id=16 C02 M=1.150 alpha=0.305
PINN seed = (0.25228020, 0.01722782)
PINN validation error = 1.125650e-03
shooting: success=True/True error=3.993656e-06 mismatch=2.093e-06 time=390.9s

==============================================================================================================
[18/50] id=17 C02 M=1.150 alpha=0.315
PINN seed = (0.25387730, 0.01332031)
PINN validation error = 3.158844e-03
shooting: success=True/True error=3.250262e-06 mismatch=1.770e-06 time=397.7s

==============================================================================================================
[19/50] id=18 C02 M=1.150 alpha=0.325
PINN seed = (0.25603253, 0.00984428)
PINN validation error = 4.963459e-03
shooting: success=True/True error=2.980728e-06 mismatch=1.684e-06 time=406.4s

==============================================================================================================
[20/50] id=19 C02 M=1.150 alpha=0.335
PINN seed = (0.25767633, 0.00703066)
PINN validation error = 7.575894e-03
shooting: success=True/True error=3.077286e-06 mismatch=1.702e-06 time=423.6s

==============================================================================================================
[21/50] id=20 C02 M=1.200 alpha=0.210
PINN seed = (0.24365099, 0.05906450)
PINN validation error = 1.323050e-03
shooting: success=True/True error=3.601490e-06 mismatch=1.216e-06 time=348.3s

==============================================================================================================
[22/50] id=21 C02 M=1.200 alpha=0.220
PINN seed = (0.25092468, 0.05310338)
PINN validation error = 1.460426e-03
shooting: success=True/True error=5.493707e-06 mismatch=1.969e-06 time=349.5s

==============================================================================================================
[23/50] id=22 C02 M=1.200 alpha=0.235
PINN seed = (0.25741228, 0.04585769)
PINN validation error = 1.392395e-03
shooting: success=True/True error=3.866690e-06 mismatch=1.504e-06 time=358.4s

==============================================================================================================
[24/50] id=23 C02 M=1.200 alpha=0.245
PINN seed = (0.25966210, 0.04097833)
PINN validation error = 4.969988e-04
shooting: success=True/True error=3.071218e-06 mismatch=1.257e-06 time=364.9s

==============================================================================================================
[25/50] id=24 C02 M=1.200 alpha=0.255
PINN seed = (0.26128212, 0.03527775)
PINN validation error = 2.715301e-03
shooting: success=True/True error=4.955236e-06 mismatch=2.128e-06 time=369.0s

==============================================================================================================
[26/50] id=25 C02 M=1.200 alpha=0.270
PINN seed = (0.26535425, 0.02448387)
PINN validation error = 5.505196e-03
shooting: success=True/True error=4.737367e-06 mismatch=2.177e-06 time=378.8s

==============================================================================================================
[27/50] id=26 C02 M=1.200 alpha=0.280
PINN seed = (0.27036870, 0.01716823)
PINN validation error = 6.524126e-03
shooting: success=True/True error=6.064401e-06 mismatch=2.907e-06 time=385.1s

==============================================================================================================
[28/50] id=27 C02 M=1.200 alpha=0.290
PINN seed = (0.27480596, 0.01174634)
PINN validation error = 6.609502e-03
shooting: success=True/True error=4.380028e-06 mismatch=2.186e-06 time=392.8s

==============================================================================================================
[29/50] id=28 C02 M=1.200 alpha=0.305
PINN seed = (0.27563840, 0.00739897)
PINN validation error = 6.179125e-03
shooting: success=True/True error=2.319791e-06 mismatch=1.227e-06 time=403.9s

==============================================================================================================
[30/50] id=29 C02 M=1.200 alpha=0.325
PINN seed = (0.27139306, 0.00468702)
PINN validation error = 1.569961e-02
shooting: success=True/True error=8.380848e-06 mismatch=4.766e-06 time=430.7s

==============================================================================================================
[31/50] id=30 C10 M=1.250 alpha=0.055
PINN seed = (0.12353609, 0.12177084)
PINN validation error = 8.020677e-03
shooting: success=True/True error=5.598641e-06 mismatch=2.372e-07 time=262.4s

==============================================================================================================
[32/50] id=31 C10 M=1.250 alpha=0.060
PINN seed = (0.12970018, 0.11880498)
PINN validation error = 1.200840e-02
shooting: success=True/True error=1.403116e-06 mismatch=6.989e-08 time=265.8s

==============================================================================================================
[33/50] id=32 C10 M=1.250 alpha=0.065
PINN seed = (0.13845155, 0.11627735)
PINN validation error = 1.241417e-02
shooting: success=True/True error=2.523671e-06 mismatch=1.451e-07 time=269.3s

==============================================================================================================
[34/50] id=33 C10 M=1.250 alpha=0.070
PINN seed = (0.14943443, 0.11429521)
PINN validation error = 9.751764e-03
shooting: success=True/True error=3.556254e-06 mismatch=2.329e-07 time=272.6s

==============================================================================================================
[35/50] id=34 C10 M=1.250 alpha=0.085
PINN seed = (0.18499950, 0.11047417)
PINN validation error = 4.736457e-03
shooting: success=True/True error=8.401285e-07 mismatch=7.652e-08 time=281.9s

==============================================================================================================
[36/50] id=35 C10 M=1.250 alpha=0.100
PINN seed = (0.20833659, 0.10495690)
PINN validation error = 1.072634e-02
shooting: success=True/True error=3.993640e-06 mismatch=4.741e-07 time=290.3s

==============================================================================================================
[37/50] id=36 C10 M=1.250 alpha=0.110
PINN seed = (0.21226853, 0.09891114)
PINN validation error = 4.394388e-03
shooting: success=True/True error=4.416134e-06 mismatch=6.098e-07 time=296.9s

==============================================================================================================
[38/50] id=37 C10 M=1.300 alpha=0.050
PINN seed = (0.15939374, 0.11093644)
PINN validation error = 2.738844e-03
shooting: success=True/True error=3.512396e-06 mismatch=1.419e-07 time=267.0s

==============================================================================================================
[39/50] id=38 C10 M=1.300 alpha=0.065
PINN seed = (0.18178046, 0.10199298)
PINN validation error = 5.835329e-03
shooting: success=True/True error=3.581560e-06 mismatch=2.239e-07 time=277.7s

==============================================================================================================
[40/50] id=39 C10 M=1.300 alpha=0.080
PINN seed = (0.21792896, 0.09873712)
PINN validation error = 1.042855e-02
shooting: success=True/True error=1.518530e-06 mismatch=1.329e-07 time=286.7s

==============================================================================================================
[41/50] id=40 C10 M=1.300 alpha=0.095
PINN seed = (0.24220523, 0.09558904)
PINN validation error = 1.815639e-02
shooting: success=True/True error=5.552910e-06 mismatch=6.384e-07 time=295.7s

==============================================================================================================
[42/50] id=41 C10 M=1.300 alpha=0.105
PINN seed = (0.24605542, 0.09067164)
PINN validation error = 1.222596e-02
shooting: success=True/True error=5.158167e-06 mismatch=6.927e-07 time=300.8s

==============================================================================================================
[43/50] id=42 C10 M=1.300 alpha=0.115
PINN seed = (0.24410543, 0.08435305)
PINN validation error = 1.409888e-03
shooting: success=True/True error=4.656285e-06 mismatch=7.185e-07 time=306.2s

==============================================================================================================
[44/50] id=43 C10 M=1.350 alpha=0.060
PINN seed = (0.20094800, 0.08957376)
PINN validation error = 1.173774e-02
shooting: success=True/True error=4.702661e-06 mismatch=2.726e-07 time=281.8s

==============================================================================================================
[45/50] id=44 C10 M=1.350 alpha=0.070
PINN seed = (0.21655953, 0.08750343)
PINN validation error = 9.665406e-03
shooting: success=True/True error=9.016721e-06 mismatch=6.687e-07 time=288.0s

==============================================================================================================
[46/50] id=45 C10 M=1.350 alpha=0.085
PINN seed = (0.24770695, 0.08609974)
PINN validation error = 4.492353e-03
shooting: success=True/True error=6.040578e-06 mismatch=6.086e-07 time=296.9s

==============================================================================================================
[47/50] id=46 C10 M=1.350 alpha=0.095
PINN seed = (0.26337700, 0.08398150)
PINN validation error = 1.030035e-02
shooting: success=True/True error=3.356276e-06 mismatch=4.020e-07 time=302.9s

==============================================================================================================
[48/50] id=47 C10 M=1.350 alpha=0.105
PINN seed = (0.27109396, 0.07971200)
PINN validation error = 8.913196e-03
shooting: success=True/True error=1.901655e-06 mismatch=2.654e-07 time=308.7s

==============================================================================================================
[49/50] id=48 C10 M=1.350 alpha=0.110
PINN seed = (0.27280426, 0.07709114)
PINN validation error = 6.379970e-03
shooting: success=True/True error=2.605066e-06 mismatch=3.901e-07 time=311.8s

==============================================================================================================
[50/50] id=49 C10 M=1.400 alpha=0.055
PINN seed = (0.22708839, 0.07686384)
PINN validation error = 9.383607e-03
shooting: success=True/True error=1.835199e-06 mismatch=9.702e-08 time=284.2s

==============================================================================================================
FINAL SUMMARY
==============================================================================================================
{
  "n_total": 50,
  "n_shoot_completed": 50,
  "n_spectral_success": 50,
  "n_mode_success": 50,
  "spectral_error_mean": 3.864195266569728e-06,
  "spectral_error_median": 3.5915250129335924e-06,
  "spectral_error_p90": 6.042960670928151e-06,
  "spectral_error_p95": 8.730578111052352e-06,
  "spectral_error_p99": 9.168940426802911e-06,
  "spectral_error_max": 9.263879917248616e-06,
  "n_error_le_1e-6": 2,
  "n_error_le_1e-5": 50,
  "n_error_le_1e-4": 50,
  "n_error_le_1e-3": 50,
  "n_error_le_5e-3": 50,
  "n_error_le_1e-2": 50,
  "n_improved_vs_pinn": 50,
  "n_worsened_vs_pinn": 0,
  "mean_seconds": 341.7798891069181,
  "median_seconds": 352.6058015659801,
  "total_seconds": 17088.994455345906
}

written: /lustre/fswork/projects/rech/fdb/usv13rn/These_PINN_KH_RT/assets/pinn_supersonic/atlas2d_v1_continuousM/N76/shooting_T401/results/chunk_02/shooting_validation_64.csv
written: /lustre/fswork/projects/rech/fdb/usv13rn/These_PINN_KH_RT/assets/pinn_supersonic/atlas2d_v1_continuousM/N76/shooting_T401/results/chunk_02/shooting_summary.json

end = Fri Aug 21 04:37:03 PM CEST 2026
