============================================================
N76 PINN-SEEDED SHOOTING — T401
============================================================
job   = 1237809
task  = 7
node  = r10i1n6
start = Fri Aug 21 11:52:11 AM CEST 2026

================================================================================
T401 N76 SHOOTING WORKER
================================================================================
chunk        : 7
input global : PREDICTIONS
input        : /lustre/fswork/projects/rech/fdb/usv13rn/These_PINN_KH_RT/assets/pinn_supersonic/atlas2d_v1_continuousM/N76/shooting_T401/chunks/T401_chunk_07.csv
output global: OUTPUT_ROOT
output       : /lustre/fswork/projects/rech/fdb/usv13rn/These_PINN_KH_RT/assets/pinn_supersonic/atlas2d_v1_continuousM/N76/shooting_T401/results/chunk_07

==============================================================================================================
PINN-SEEDED SHOOTING — CONTINUOUS-M N76
==============================================================================================================
points: 50

==============================================================================================================
[01/50] id=00 C31 M=1.700 alpha=0.135
PINN seed = (0.43277293, 0.02655017)
PINN validation error = 2.692376e-03
shooting: success=True/True error=1.125669e-06 mismatch=2.743e-07 time=365.5s

==============================================================================================================
[02/50] id=01 C31 M=1.700 alpha=0.145
PINN seed = (0.43594655, 0.02446464)
PINN validation error = 2.202418e-03
shooting: success=True/True error=5.930265e-06 mismatch=1.562e-06 time=372.3s

==============================================================================================================
[03/50] id=02 C31 M=1.700 alpha=0.155
PINN seed = (0.43848193, 0.02289786)
PINN validation error = 1.108396e-03
shooting: success=True/True error=5.477827e-06 mismatch=1.545e-06 time=381.1s

==============================================================================================================
[04/50] id=03 C31 M=1.700 alpha=0.165
PINN seed = (0.44124123, 0.02132992)
PINN validation error = 6.009479e-04
shooting: success=True/True error=4.075243e-06 mismatch=1.222e-06 time=389.6s

==============================================================================================================
[05/50] id=04 C31 M=1.700 alpha=0.175
PINN seed = (0.44468346, 0.01925605)
PINN validation error = 4.064651e-04
shooting: success=True/True error=1.453141e-06 mismatch=4.605e-07 time=399.8s

==============================================================================================================
[06/50] id=05 C31 M=1.700 alpha=0.185
PINN seed = (0.44819942, 0.01655354)
PINN validation error = 9.426473e-05
shooting: success=True/True error=4.424599e-06 mismatch=1.474e-06 time=411.6s

==============================================================================================================
[07/50] id=06 C31 M=1.700 alpha=0.195
PINN seed = (0.44974846, 0.01383041)
PINN validation error = 1.371936e-03
shooting: success=True/True error=1.952988e-06 mismatch=6.809e-07 time=419.5s

==============================================================================================================
[08/50] id=07 C31 M=1.700 alpha=0.205
PINN seed = (0.44766825, 0.01177857)
PINN validation error = 6.316186e-03
shooting: success=True/True error=5.128223e-06 mismatch=1.864e-06 time=425.6s

==============================================================================================================
[09/50] id=08 C31 M=1.750 alpha=0.120
PINN seed = (0.44073159, 0.02980253)
PINN validation error = 2.184389e-03
shooting: success=True/True error=4.777981e-06 mismatch=1.039e-06 time=356.9s

==============================================================================================================
[10/50] id=09 C31 M=1.750 alpha=0.130
PINN seed = (0.44579310, 0.02477795)
PINN validation error = 1.407495e-03
shooting: success=True/True error=6.761116e-06 mismatch=1.608e-06 time=363.6s

==============================================================================================================
[11/50] id=10 C31 M=1.750 alpha=0.145
PINN seed = (0.45244437, 0.02128724)
PINN validation error = 2.559168e-03
shooting: success=True/True error=2.647358e-06 mismatch=7.055e-07 time=375.1s

==============================================================================================================
[12/50] id=11 C31 M=1.750 alpha=0.155
PINN seed = (0.45508530, 0.02045902)
PINN validation error = 1.080889e-03
shooting: success=True/True error=3.887865e-06 mismatch=1.106e-06 time=383.4s

==============================================================================================================
[13/50] id=12 C31 M=1.750 alpha=0.165
PINN seed = (0.45650417, 0.01966920)
PINN validation error = 1.287526e-03
shooting: success=True/True error=2.482690e-06 mismatch=7.482e-07 time=392.8s

==============================================================================================================
[14/50] id=13 C31 M=1.750 alpha=0.170
PINN seed = (0.45713094, 0.01892517)
PINN validation error = 2.305162e-03
shooting: success=True/True error=3.647139e-06 mismatch=1.129e-06 time=397.1s

==============================================================================================================
[15/50] id=14 C31 M=1.750 alpha=0.180
PINN seed = (0.45905182, 0.01637268)
PINN validation error = 3.237297e-03
shooting: success=True/True error=3.391614e-06 mismatch=1.103e-06 time=407.5s

==============================================================================================================
[16/50] id=15 C31 M=1.750 alpha=0.195
PINN seed = (0.46244425, 0.01136986)
PINN validation error = 3.872891e-03
shooting: success=True/True error=4.931526e-06 mismatch=1.713e-06 time=425.3s

==============================================================================================================
[17/50] id=16 C31 M=1.750 alpha=0.205
PINN seed = (0.45913112, 0.00906116)
PINN validation error = 9.863191e-03
shooting: success=True/True error=9.788555e-07 mismatch=3.536e-07 time=431.4s

==============================================================================================================
[18/50] id=17 C31 M=1.800 alpha=0.120
PINN seed = (0.45287460, 0.02707194)
PINN validation error = 4.739384e-03
shooting: success=True/True error=8.517090e-06 mismatch=1.887e-06 time=360.3s

==============================================================================================================
[19/50] id=18 C31 M=1.800 alpha=0.130
PINN seed = (0.45979410, 0.02242031)
PINN validation error = 1.271947e-03
shooting: success=True/True error=4.617568e-06 mismatch=1.114e-06 time=368.5s

==============================================================================================================
[20/50] id=19 C31 M=1.800 alpha=0.145
PINN seed = (0.47012734, 0.01900524)
PINN validation error = 4.406400e-03
shooting: success=True/True error=3.333591e-06 mismatch=8.957e-07 time=379.5s

==============================================================================================================
[21/50] id=20 C31 M=1.800 alpha=0.160
PINN seed = (0.47572440, 0.01757977)
PINN validation error = 4.904705e-03
shooting: success=True/True error=1.380054e-06 mismatch=4.055e-07 time=391.7s

==============================================================================================================
[22/50] id=21 C31 M=1.800 alpha=0.170
PINN seed = (0.47681580, 0.01611366)
PINN validation error = 3.111195e-03
shooting: success=True/True error=2.313835e-06 mismatch=7.160e-07 time=400.3s

==============================================================================================================
[23/50] id=22 C31 M=1.800 alpha=0.180
PINN seed = (0.47735962, 0.01343509)
PINN validation error = 8.605691e-04
shooting: success=True/True error=5.490343e-06 mismatch=1.780e-06 time=411.4s

==============================================================================================================
[24/50] id=23 C31 M=1.800 alpha=0.190
PINN seed = (0.47911808, 0.00998635)
PINN validation error = 5.445066e-04
shooting: success=True/True error=2.308713e-06 mismatch=7.809e-07 time=427.1s

==============================================================================================================
[25/50] id=24 C31 M=1.800 alpha=0.205
PINN seed = (0.47917830, 0.00603682)
PINN validation error = 4.114559e-03
shooting: success=True/True error=4.293982e-06 mismatch=1.537e-06 time=438.2s

==============================================================================================================
[26/50] id=25 C31 M=1.850 alpha=0.130
PINN seed = (0.47514760, 0.02057187)
PINN validation error = 4.211818e-04
shooting: success=True/True error=4.721829e-06 mismatch=1.151e-06 time=373.3s

==============================================================================================================
[27/50] id=26 C31 M=1.850 alpha=0.140
PINN seed = (0.48218042, 0.01811110)
PINN validation error = 3.488532e-03
shooting: success=True/True error=3.956687e-07 mismatch=1.035e-07 time=379.6s

==============================================================================================================
[28/50] id=27 C31 M=1.850 alpha=0.150
PINN seed = (0.48721540, 0.01642434)
PINN validation error = 5.291424e-03
shooting: success=True/True error=3.331536e-06 mismatch=9.265e-07 time=388.0s

==============================================================================================================
[29/50] id=28 C31 M=1.850 alpha=0.160
PINN seed = (0.49094164, 0.01489568)
PINN validation error = 5.968557e-03
shooting: success=True/True error=1.558659e-06 mismatch=4.578e-07 time=396.1s

==============================================================================================================
[30/50] id=29 C31 M=1.850 alpha=0.170
PINN seed = (0.49409983, 0.01287872)
PINN validation error = 6.275180e-03
shooting: success=True/True error=4.657888e-06 mismatch=1.436e-06 time=405.5s

==============================================================================================================
[31/50] id=30 C31 M=1.850 alpha=0.185
PINN seed = (0.49728644, 0.00850656)
PINN validation error = 5.572209e-03
shooting: success=True/True error=1.480694e-06 mismatch=4.868e-07 time=422.6s

==============================================================================================================
[32/50] id=31 C31 M=1.850 alpha=0.195
PINN seed = (0.49905756, 0.00549744)
PINN validation error = 5.022433e-03
shooting: success=True/True error=6.317667e-06 mismatch=2.158e-06 time=435.1s

==============================================================================================================
[33/50] id=32 C31 M=1.850 alpha=0.205
PINN seed = (0.50001050, 0.00347088)
PINN validation error = 3.491835e-03
shooting: success=True/True error=2.391397e-06 mismatch=8.462e-07 time=445.4s

==============================================================================================================
[34/50] id=33 C31 M=1.900 alpha=0.140
PINN seed = (0.49436940, 0.01664669)
PINN validation error = 1.798307e-03
shooting: success=True/True error=2.622034e-06 mismatch=6.872e-07 time=384.7s

==============================================================================================================
[35/50] id=34 C31 M=1.900 alpha=0.150
PINN seed = (0.49618020, 0.01486911)
PINN validation error = 7.057054e-04
shooting: success=True/True error=2.061857e-06 mismatch=5.728e-07 time=393.4s

==============================================================================================================
[36/50] id=35 C31 M=1.900 alpha=0.160
PINN seed = (0.49756768, 0.01301997)
PINN validation error = 9.040476e-04
shooting: success=True/True error=5.951753e-07 mismatch=1.741e-07 time=402.5s

==============================================================================================================
[37/50] id=36 C31 M=1.900 alpha=0.180
PINN seed = (0.50658590, 0.00789129)
PINN validation error = 3.136390e-03
shooting: success=True/True error=5.561493e-06 mismatch=1.774e-06 time=420.9s

==============================================================================================================
[38/50] id=37 C31 M=1.900 alpha=0.205
PINN seed = (0.51462650, 0.00204692)
PINN validation error = 5.122544e-03
shooting: success=True/True error=1.003212e-06 mismatch=3.495e-07 time=449.9s

==============================================================================================================
[39/50] id=38 C32 M=1.650 alpha=0.210
PINN seed = (0.44137794, 0.01154331)
PINN validation error = 1.997696e-03
shooting: success=True/True error=4.789626e-06 mismatch=1.783e-06 time=422.8s

==============================================================================================================
[40/50] id=39 C32 M=1.650 alpha=0.215
PINN seed = (0.44381574, 0.00908191)
PINN validation error = 3.315291e-03
shooting: success=True/True error=6.917514e-06 mismatch=2.627e-06 time=425.7s

==============================================================================================================
[41/50] id=40 C32 M=1.650 alpha=0.220
PINN seed = (0.44531230, 0.00666454)
PINN validation error = 3.900022e-03
shooting: success=True/True error=1.088459e-06 mismatch=4.210e-07 time=429.4s

==============================================================================================================
[42/50] id=41 C32 M=1.650 alpha=0.225
PINN seed = (0.44579023, 0.00459005)
PINN validation error = 3.664297e-03
shooting: success=True/True error=2.934246e-06 mismatch=1.157e-06 time=433.1s

==============================================================================================================
[43/50] id=42 C32 M=1.650 alpha=0.240
PINN seed = (0.44691223, 0.00161845)
PINN validation error = 1.240026e-03
shooting: success=True/True error=3.409107e-06 mismatch=1.421e-06 time=447.6s

==============================================================================================================
[44/50] id=43 C32 M=1.700 alpha=0.210
PINN seed = (0.45816296, 0.00907425)
PINN validation error = 2.911305e-03
shooting: success=True/True error=1.573633e-06 mismatch=5.836e-07 time=428.6s

==============================================================================================================
[45/50] id=44 C32 M=1.700 alpha=0.225
PINN seed = (0.46092040, 0.00401179)
PINN validation error = 2.068206e-03
shooting: success=True/True error=3.703699e-06 mismatch=1.451e-06 time=440.7s

==============================================================================================================
[46/50] id=45 C32 M=1.700 alpha=0.240
PINN seed = (0.45728517, 0.00182264)
PINN validation error = 5.656918e-03
shooting: success=True/True error=4.524189e-06 mismatch=1.714e-06 time=461.4s

==============================================================================================================
[47/50] id=46 C32 M=1.750 alpha=0.215
PINN seed = (0.47355460, 0.00558042)
PINN validation error = 2.041391e-03
shooting: success=True/True error=2.889446e-07 mismatch=1.082e-07 time=439.8s

==============================================================================================================
[48/50] id=47 C32 M=1.750 alpha=0.235
PINN seed = (0.47074473, 0.00207839)
PINN validation error = 5.874689e-03
shooting: success=True/True error=1.397897e-05 mismatch=3.392e-07 time=472.1s

==============================================================================================================
[49/50] id=48 C32 M=1.800 alpha=0.220
PINN seed = (0.48698840, 0.00292673)
PINN validation error = 3.583123e-04
shooting: success=True/True error=4.626898e-06 mismatch=1.745e-06 time=452.0s

==============================================================================================================
[50/50] id=49 C32 M=1.850 alpha=0.215
PINN seed = (0.49925324, 0.00211948)
PINN validation error = 2.037869e-04
shooting: success=True/True error=1.359278e-06 mismatch=4.960e-07 time=454.9s

==============================================================================================================
FINAL SUMMARY
==============================================================================================================
{
  "n_total": 50,
  "n_shoot_completed": 50,
  "n_spectral_success": 50,
  "n_mode_success": 50,
  "spectral_error_mean": 3.6244590806446632e-06,
  "spectral_error_median": 3.4003603748133076e-06,
  "spectral_error_p90": 5.969005500393908e-06,
  "spectral_error_p95": 6.847134978236627e-06,
  "spectral_error_p99": 1.1302651076273442e-05,
  "spectral_error_max": 1.3978974371808207e-05,
  "n_error_le_1e-6": 4,
  "n_error_le_1e-5": 49,
  "n_error_le_1e-4": 50,
  "n_error_le_1e-3": 50,
  "n_error_le_5e-3": 50,
  "n_error_le_1e-2": 50,
  "n_improved_vs_pinn": 50,
  "n_worsened_vs_pinn": 0,
  "mean_seconds": 409.6093468492851,
  "median_seconds": 409.46492854648386,
  "total_seconds": 20480.467342464253
}

written: /lustre/fswork/projects/rech/fdb/usv13rn/These_PINN_KH_RT/assets/pinn_supersonic/atlas2d_v1_continuousM/N76/shooting_T401/results/chunk_07/shooting_validation_64.csv
written: /lustre/fswork/projects/rech/fdb/usv13rn/These_PINN_KH_RT/assets/pinn_supersonic/atlas2d_v1_continuousM/N76/shooting_T401/results/chunk_07/shooting_summary.json

end = Fri Aug 21 05:33:41 PM CEST 2026
