============================================================
PHASE 8 — T401 FAILURE BASIN
range = [485,582)
job   = 1513529
task  = 5
============================================================
====================================================================================================
PHASE 8 — T401 FAILURE BASIN
====================================================================================================
M, alpha       = 1.15, 0.06
target         = -0.0000000025 + 0.1998472245 i
PINN seed      = 0.0260892660 + 0.1155806900 i
failure root   = 0.0000000000 + 0.1020650650 i
grid           = 25 x 31 = 775
cr range       = [0.0, 0.12]
ci range       = [0.06, 0.24]
local box      = (0.015, 0.008)
max_retries    = 0
chunk          = [485,582)
0485/0775 center=(0.05000,0.17400) class=other root=(0.020029296875000012,0.18998437500000004) time=21.6s
0486/0775 center=(0.05500,0.17400) class=other root=(0.025029296874999996,0.18998437500000004) time=21.6s
0487/0775 center=(0.06000,0.17400) class=other root=(0.030029296875000007,0.18465104166666668) time=21.7s
0488/0775 center=(0.06500,0.17400) class=other root=(0.03502929687500002,0.17398437500000002) time=21.8s
0489/0775 center=(0.07000,0.17400) class=other root=(0.04002929687500002,0.17398437500000002) time=21.8s
0490/0775 center=(0.07500,0.17400) class=other root=(0.045029296874999986,0.16865104166666667) time=21.9s
0491/0775 center=(0.08000,0.17400) class=other root=(0.05002929687499999,0.16598437500000002) time=22.0s
0492/0775 center=(0.08500,0.17400) class=other root=(0.05502929687500001,0.161984375) time=22.0s
0493/0775 center=(0.09000,0.17400) class=other root=(0.06002929687500001,0.1596302083333333) time=22.1s
0494/0775 center=(0.09500,0.17400) class=other root=(0.06502929687500003,0.15831770833333328) time=22.1s
0495/0775 center=(0.10000,0.17400) class=other root=(0.07002929687500004,0.15801562499999994) time=22.1s
0496/0775 center=(0.10500,0.17400) class=other root=(0.07502929687500001,0.15801562499999994) time=22.2s
0497/0775 center=(0.11000,0.17400) class=other root=(0.08002929687500002,0.15801562499999994) time=22.3s
0498/0775 center=(0.11500,0.17400) class=other root=(0.08502929687500002,0.15801562499999994) time=22.3s
0499/0775 center=(0.12000,0.17400) class=other root=(0.09002929687499997,0.15801562499999994) time=22.3s
0500/0775 center=(0.00000,0.18000) class=other root=(3.7231445312500006e-05,0.19598437500000004) time=21.5s
0501/0775 center=(0.00500,0.18000) class=other root=(3.729926215277779e-05,0.19598437500000004) time=21.6s
0502/0775 center=(0.01000,0.18000) class=other root=(3.712972005208333e-05,0.19598437500000004) time=21.5s
0503/0775 center=(0.01500,0.18000) class=other root=(3.7231445312500006e-05,0.19598437500000004) time=21.6s
0504/0775 center=(0.02000,0.18000) class=other root=(3.763834635416666e-05,0.19598437500000004) time=21.4s
0505/0775 center=(0.02500,0.18000) class=other root=(3.763834635416668e-05,0.19598437500000004) time=21.4s
0506/0775 center=(0.03000,0.18000) class=other root=(2.9296875e-05,0.19598437500000004) time=21.5s
0507/0775 center=(0.03500,0.18000) class=other root=(0.0050292968750000056,0.19598437500000004) time=21.4s
0508/0775 center=(0.04000,0.18000) class=other root=(0.010029296875000005,0.19598437500000004) time=21.4s
0509/0775 center=(0.04500,0.18000) class=other root=(0.015029296875000002,0.19598437500000004) time=21.4s
0510/0775 center=(0.05000,0.18000) class=other root=(0.020029296875000012,0.19581770833333334) time=21.4s
0511/0775 center=(0.05500,0.18000) class=other root=(0.025029296874999996,0.1906510416666667) time=21.6s
0512/0775 center=(0.06000,0.18000) class=other root=(0.030029296875000007,0.18531770833333333) time=21.6s
0513/0775 center=(0.06500,0.18000) class=other root=(0.03502929687500002,0.17998437500000003) time=21.7s
0514/0775 center=(0.07000,0.18000) class=other root=(0.04002929687500002,0.17465104166666667) time=21.7s
0515/0775 center=(0.07500,0.18000) class=other root=(0.045029296874999986,0.17198437500000002) time=21.8s
0516/0775 center=(0.08000,0.18000) class=other root=(0.05002929687499999,0.16665104166666667) time=21.9s
0517/0775 center=(0.08500,0.18000) class=other root=(0.05502929687500001,0.16401562499999994) time=22.0s
0518/0775 center=(0.09000,0.18000) class=other root=(0.06002929687500001,0.16401562499999994) time=21.9s
0519/0775 center=(0.09500,0.18000) class=other root=(0.06502929687500003,0.16401562499999994) time=22.0s
0520/0775 center=(0.10000,0.18000) class=other root=(0.07002929687500004,0.16401562499999994) time=22.0s
0521/0775 center=(0.10500,0.18000) class=other root=(0.07502929687500001,0.16401562499999994) time=22.1s
0522/0775 center=(0.11000,0.18000) class=other root=(0.08002929687500002,0.16401562499999994) time=22.2s
0523/0775 center=(0.11500,0.18000) class=other root=(0.08502929687500002,0.16401562499999994) time=22.3s
0524/0775 center=(0.12000,0.18000) class=other root=(0.09002929687499997,0.16401562499999994) time=22.2s
0525/0775 center=(0.00000,0.18600) class=target root=(0.0,0.19984895833333335) time=21.3s
0526/0775 center=(0.00500,0.18600) class=target root=(0.0,0.19984895833333335) time=21.3s
0527/0775 center=(0.01000,0.18600) class=target root=(0.0,0.19984895833333335) time=21.3s
0528/0775 center=(0.01500,0.18600) class=target root=(0.0,0.19984895833333335) time=21.3s
0529/0775 center=(0.02000,0.18600) class=target root=(0.0,0.19984895833333335) time=21.3s
0530/0775 center=(0.02500,0.18600) class=target root=(0.0,0.19984895833333335) time=21.3s
0531/0775 center=(0.03000,0.18600) class=target root=(2.9296875e-05,0.19984895833333335) time=21.3s
0532/0775 center=(0.03500,0.18600) class=other root=(0.0050292968750000056,0.19960937499999998) time=21.3s
0533/0775 center=(0.04000,0.18600) class=other root=(0.010029296875000005,0.19886979166666666) time=21.4s
0534/0775 center=(0.04500,0.18600) class=other root=(0.015029296875000002,0.1966510416666667) time=21.5s
0535/0775 center=(0.05000,0.18600) class=other root=(0.020029296875000012,0.19581770833333334) time=21.5s
0536/0775 center=(0.05500,0.18600) class=other root=(0.025029296874999996,0.19131770833333334) time=21.5s
0537/0775 center=(0.06000,0.18600) class=other root=(0.030029296875000007,0.18598437500000004) time=21.7s
0538/0775 center=(0.06500,0.18600) class=other root=(0.03502929687500002,0.18331770833333333) time=21.7s
0539/0775 center=(0.07000,0.18600) class=other root=(0.04002929687500002,0.17798437500000003) time=21.7s
0540/0775 center=(0.07500,0.18600) class=other root=(0.045029296874999986,0.17398437500000002) time=22.0s
0541/0775 center=(0.08000,0.18600) class=other root=(0.05002929687499999,0.17001562499999995) time=21.9s
0542/0775 center=(0.08500,0.18600) class=other root=(0.05502929687500001,0.17001562499999995) time=21.9s
0543/0775 center=(0.09000,0.18600) class=other root=(0.06002929687500001,0.17001562499999995) time=22.2s
0544/0775 center=(0.09500,0.18600) class=other root=(0.06502929687500003,0.17001562499999995) time=22.1s
0545/0775 center=(0.10000,0.18600) class=other root=(0.07002929687500004,0.17001562499999995) time=22.0s
0546/0775 center=(0.10500,0.18600) class=other root=(0.07502929687500001,0.17001562499999995) time=22.0s
0547/0775 center=(0.11000,0.18600) class=other root=(0.08002929687500002,0.17001562499999995) time=22.0s
0548/0775 center=(0.11500,0.18600) class=other root=(0.08502929687500002,0.17001562499999995) time=22.2s
0549/0775 center=(0.12000,0.18600) class=other root=(0.09002929687499997,0.17001562499999995) time=22.2s
0550/0775 center=(0.00000,0.19200) class=target root=(0.0,0.19984895833333335) time=21.4s
0551/0775 center=(0.00500,0.19200) class=target root=(0.0,0.19984895833333335) time=21.3s
0552/0775 center=(0.01000,0.19200) class=target root=(0.0,0.19984895833333335) time=21.3s
0553/0775 center=(0.01500,0.19200) class=target root=(0.0,0.19984895833333335) time=21.3s
0554/0775 center=(0.02000,0.19200) class=target root=(0.0,0.19984895833333335) time=21.3s
0555/0775 center=(0.02500,0.19200) class=target root=(0.0,0.19984895833333335) time=21.3s
0556/0775 center=(0.03000,0.19200) class=target root=(2.9296875e-05,0.19984895833333335) time=21.3s
0557/0775 center=(0.03500,0.19200) class=other root=(0.0050292968750000056,0.19960937499999998) time=21.4s
0558/0775 center=(0.04000,0.19200) class=other root=(0.010029296875000005,0.19886979166666666) time=21.4s
0559/0775 center=(0.04500,0.19200) class=other root=(0.015029296875000002,0.19731770833333334) time=21.5s
0560/0775 center=(0.05000,0.19200) class=other root=(0.020029296875000012,0.19198437500000004) time=21.6s
0561/0775 center=(0.05500,0.19200) class=other root=(0.025029296874999996,0.19198437500000004) time=21.5s
0562/0775 center=(0.06000,0.19200) class=other root=(0.030029296875000007,0.18931770833333333) time=21.7s
0563/0775 center=(0.06500,0.19200) class=other root=(0.03502929687500002,0.18398437500000003) time=21.7s
0564/0775 center=(0.07000,0.19200) class=other root=(0.04002929687500002,0.17998437500000003) time=21.8s
0565/0775 center=(0.07500,0.19200) class=other root=(0.045029296874999986,0.17601562499999995) time=21.8s
0566/0775 center=(0.08000,0.19200) class=other root=(0.05002929687499999,0.17601562499999995) time=21.8s
0567/0775 center=(0.08500,0.19200) class=other root=(0.05502929687500001,0.17601562499999995) time=21.9s
0568/0775 center=(0.09000,0.19200) class=other root=(0.06002929687500001,0.17601562499999995) time=21.9s
0569/0775 center=(0.09500,0.19200) class=other root=(0.06502929687500003,0.17601562499999995) time=21.9s
0570/0775 center=(0.10000,0.19200) class=other root=(0.07002929687500004,0.17601562499999995) time=21.8s
0571/0775 center=(0.10500,0.19200) class=other root=(0.07502929687500001,0.17601562499999995) time=21.9s
0572/0775 center=(0.11000,0.19200) class=other root=(0.08002929687500002,0.17601562499999995) time=21.9s
0573/0775 center=(0.11500,0.19200) class=other root=(0.08502929687500002,0.17601562499999995) time=21.9s
0574/0775 center=(0.12000,0.19200) class=other root=(0.09002929687499997,0.17601562499999995) time=22.6s
0575/0775 center=(0.00000,0.19800) class=target root=(0.0,0.1998489583333334) time=21.3s
0576/0775 center=(0.00500,0.19800) class=target root=(0.0,0.1998489583333334) time=21.3s
0577/0775 center=(0.01000,0.19800) class=target root=(0.0,0.1998489583333334) time=21.3s
0578/0775 center=(0.01500,0.19800) class=target root=(0.0,0.1998489583333334) time=21.3s
0579/0775 center=(0.02000,0.19800) class=target root=(0.0,0.1998489583333334) time=21.2s
0580/0775 center=(0.02500,0.19800) class=target root=(0.0,0.1998489583333334) time=21.3s
0581/0775 center=(0.03000,0.19800) class=target root=(2.9296875e-05,0.19984895833333335) time=21.3s

WROTE: /lustre/fswork/projects/rech/fdb/usv13rn/These_PINN_KH_RT/assets/pinn_supersonic/atlas2d_v1_continuousM/N76/basin_T401_failure/basin_0485_0582.csv
