============================================================
PHASE 8 — T401 FAILURE BASIN
range = [582,679)
job   = 1513530
task  = 6
============================================================
====================================================================================================
PHASE 8 — T401 FAILURE BASIN
====================================================================================================
M, alpha       = 1.15, 0.06
target         = -0.0000000025 + 0.1998472245 i
PINN seed      = 0.0260892660 + 0.1155806900 i
failure root   = 0.0000000000 + 0.1020650650 i
grid           = 25 x 31 = 775
cr range       = [0.0, 0.12]
ci range       = [0.06, 0.24]
local box      = (0.015, 0.008)
max_retries    = 0
chunk          = [582,679)
0582/0775 center=(0.03500,0.19800) class=other root=(0.0050292968750000056,0.19960937499999998) time=20.2s
0583/0775 center=(0.04000,0.19800) class=other root=(0.010029296875000005,0.19886979166666666) time=20.3s
0584/0775 center=(0.04500,0.19800) class=other root=(0.015029296875000002,0.19763020833333333) time=20.2s
0585/0775 center=(0.05000,0.19800) class=other root=(0.020029296875000012,0.19531770833333334) time=20.3s
0586/0775 center=(0.05500,0.19800) class=other root=(0.025029296874999996,0.1926510416666667) time=20.3s
0587/0775 center=(0.06000,0.19800) class=other root=(0.030029296875000007,0.18998437500000004) time=20.4s
0588/0775 center=(0.06500,0.19800) class=other root=(0.03502929687500002,0.18598437500000004) time=20.4s
0589/0775 center=(0.07000,0.19800) class=other root=(0.04002929687500002,0.18201562499999996) time=20.5s
0590/0775 center=(0.07500,0.19800) class=other root=(0.045029296874999986,0.18201562499999996) time=20.5s
0591/0775 center=(0.08000,0.19800) class=other root=(0.05002929687499999,0.18201562499999996) time=20.5s
0592/0775 center=(0.08500,0.19800) class=other root=(0.05502929687500001,0.18201562499999996) time=20.6s
0593/0775 center=(0.09000,0.19800) class=other root=(0.06002929687500001,0.18201562499999996) time=20.6s
0594/0775 center=(0.09500,0.19800) class=other root=(0.06502929687500003,0.18201562499999996) time=20.6s
0595/0775 center=(0.10000,0.19800) class=other root=(0.07002929687500004,0.18201562499999996) time=20.6s
0596/0775 center=(0.10500,0.19800) class=other root=(0.07502929687500001,0.18201562499999996) time=20.7s
0597/0775 center=(0.11000,0.19800) class=other root=(0.08002929687500002,0.18201562499999996) time=20.7s
0598/0775 center=(0.11500,0.19800) class=other root=(0.08502929687500002,0.18201562499999996) time=20.7s
0599/0775 center=(0.12000,0.19800) class=other root=(0.09002929687499997,0.18201562499999996) time=20.9s
0600/0775 center=(0.00000,0.20400) class=target root=(0.0,0.19984895833333335) time=20.1s
0601/0775 center=(0.00500,0.20400) class=target root=(0.0,0.19984895833333335) time=20.1s
0602/0775 center=(0.01000,0.20400) class=target root=(0.0,0.19984895833333335) time=20.1s
0603/0775 center=(0.01500,0.20400) class=target root=(0.0,0.19984895833333335) time=20.1s
0604/0775 center=(0.02000,0.20400) class=target root=(0.0,0.19984895833333335) time=20.1s
0605/0775 center=(0.02500,0.20400) class=target root=(0.0,0.19984895833333335) time=20.1s
0606/0775 center=(0.03000,0.20400) class=target root=(2.9296875e-05,0.19984895833333335) time=20.1s
0607/0775 center=(0.03500,0.20400) class=other root=(0.0050292968750000056,0.19960937499999998) time=20.1s
0608/0775 center=(0.04000,0.20400) class=other root=(0.010029296875000005,0.19886979166666666) time=20.2s
0609/0775 center=(0.04500,0.20400) class=other root=(0.015029296875000002,0.19763020833333333) time=20.3s
0610/0775 center=(0.05000,0.20400) class=other root=(0.020029296875000012,0.19581770833333334) time=20.2s
0611/0775 center=(0.05500,0.20400) class=other root=(0.025029296874999996,0.19331770833333334) time=20.3s
0612/0775 center=(0.06000,0.20400) class=other root=(0.030029296875000007,0.18998437500000004) time=20.3s
0613/0775 center=(0.06500,0.20400) class=other root=(0.03502929687500002,0.18801562499999996) time=20.4s
0614/0775 center=(0.07000,0.20400) class=other root=(0.04002929687500002,0.18801562499999996) time=20.4s
0615/0775 center=(0.07500,0.20400) class=other root=(0.045029296874999986,0.18801562499999996) time=20.4s
0616/0775 center=(0.08000,0.20400) class=other root=(0.05002929687499999,0.18801562499999996) time=20.4s
0617/0775 center=(0.08500,0.20400) class=other root=(0.05502929687500001,0.18801562499999996) time=20.5s
0618/0775 center=(0.09000,0.20400) class=other root=(0.06002929687500001,0.18801562499999996) time=20.4s
0619/0775 center=(0.09500,0.20400) class=other root=(0.06502929687500003,0.18801562499999996) time=20.4s
0620/0775 center=(0.10000,0.20400) class=other root=(0.07002929687500004,0.18801562499999996) time=20.4s
0621/0775 center=(0.10500,0.20400) class=other root=(0.07502929687500001,0.18801562499999996) time=20.5s
0622/0775 center=(0.11000,0.20400) class=other root=(0.08002929687500002,0.18801562499999996) time=20.5s
0623/0775 center=(0.11500,0.20400) class=other root=(0.08502929687500002,0.18801562499999996) time=20.5s
0624/0775 center=(0.12000,0.20400) class=other root=(0.09002929687499997,0.18801562499999996) time=20.5s
0625/0775 center=(0.00000,0.21000) class=target root=(0.0,0.19984895833333335) time=20.0s
0626/0775 center=(0.00500,0.21000) class=target root=(0.0,0.19984895833333335) time=20.0s
0627/0775 center=(0.01000,0.21000) class=target root=(0.0,0.19984895833333335) time=20.0s
0628/0775 center=(0.01500,0.21000) class=target root=(0.0,0.19984895833333335) time=20.0s
0629/0775 center=(0.02000,0.21000) class=target root=(0.0,0.19984895833333335) time=20.0s
0630/0775 center=(0.02500,0.21000) class=target root=(0.0,0.19984895833333335) time=20.0s
0631/0775 center=(0.03000,0.21000) class=target root=(2.9296875e-05,0.19984895833333335) time=20.0s
0632/0775 center=(0.03500,0.21000) class=other root=(0.0050292968750000056,0.19960937499999998) time=20.0s
0633/0775 center=(0.04000,0.21000) class=other root=(0.010029296875000005,0.19886979166666666) time=20.1s
0634/0775 center=(0.04500,0.21000) class=other root=(0.015029296875000002,0.19763020833333328) time=20.1s
0635/0775 center=(0.05000,0.21000) class=other root=(0.020029296875000012,0.19581770833333334) time=20.1s
0636/0775 center=(0.05500,0.21000) class=other root=(0.025029296874999996,0.19401562499999997) time=20.2s
0637/0775 center=(0.06000,0.21000) class=other root=(0.030029296875000007,0.19401562499999997) time=20.2s
0638/0775 center=(0.06500,0.21000) class=other root=(0.03502929687500002,0.19401562499999997) time=20.2s
0639/0775 center=(0.07000,0.21000) class=other root=(0.04002929687500002,0.19401562499999997) time=20.2s
0640/0775 center=(0.07500,0.21000) class=other root=(0.045029296874999986,0.19401562499999997) time=20.2s
0641/0775 center=(0.08000,0.21000) class=other root=(0.05002929687499999,0.19401562499999997) time=20.3s
0642/0775 center=(0.08500,0.21000) class=other root=(0.05502929687500001,0.19401562499999997) time=20.3s
0643/0775 center=(0.09000,0.21000) class=other root=(0.06002929687500001,0.19401562499999997) time=20.3s
0644/0775 center=(0.09500,0.21000) class=other root=(0.06502929687500003,0.19401562499999997) time=20.4s
0645/0775 center=(0.10000,0.21000) class=other root=(0.07002929687500004,0.19401562499999997) time=20.6s
0646/0775 center=(0.10500,0.21000) class=other root=(0.07502929687500001,0.19401562499999997) time=20.7s
0647/0775 center=(0.11000,0.21000) class=other root=(0.08002929687500002,0.19401562499999997) time=20.7s
0648/0775 center=(0.11500,0.21000) class=other root=(0.08502929687500002,0.19401562499999997) time=20.5s
0649/0775 center=(0.12000,0.21000) class=other root=(0.09002929687499997,0.19401562499999997) time=20.7s
0650/0775 center=(0.00000,0.21600) class=other root=(5.7220458984375004e-08,0.20001562499999997) time=20.0s
0651/0775 center=(0.00500,0.21600) class=other root=(7.629394531250001e-08,0.20001562499999997) time=20.0s
0652/0775 center=(0.01000,0.21600) class=other root=(9.536743164062499e-08,0.20001562499999997) time=20.0s
0653/0775 center=(0.01500,0.21600) class=other root=(3.814697265625001e-08,0.20001562499999997) time=20.1s
0654/0775 center=(0.02000,0.21600) class=other root=(6.357828776041667e-08,0.20001562499999997) time=20.0s
0655/0775 center=(0.02500,0.21600) class=other root=(1.2715657552083338e-07,0.20001562499999997) time=20.0s
0656/0775 center=(0.03000,0.21600) class=other root=(2.9296875e-05,0.20001562499999997) time=20.0s
0657/0775 center=(0.03500,0.21600) class=other root=(0.0050292968750000056,0.20001562499999997) time=20.0s
0658/0775 center=(0.04000,0.21600) class=other root=(0.010029296875000005,0.20001562499999997) time=20.1s
0659/0775 center=(0.04500,0.21600) class=other root=(0.015029296875000002,0.20001562499999997) time=20.1s
0660/0775 center=(0.05000,0.21600) class=other root=(0.020029296875000012,0.20001562499999997) time=20.1s
0661/0775 center=(0.05500,0.21600) class=other root=(0.025029296874999996,0.20001562499999997) time=20.1s
0662/0775 center=(0.06000,0.21600) class=other root=(0.030029296875000007,0.20001562499999997) time=20.2s
0663/0775 center=(0.06500,0.21600) class=other root=(0.03502929687500002,0.20001562499999997) time=20.2s
0664/0775 center=(0.07000,0.21600) class=other root=(0.04002929687500002,0.20001562499999997) time=20.2s
0665/0775 center=(0.07500,0.21600) class=other root=(0.045029296874999986,0.20001562499999997) time=20.3s
0666/0775 center=(0.08000,0.21600) class=other root=(0.05002929687499999,0.20001562499999997) time=20.4s
0667/0775 center=(0.08500,0.21600) class=other root=(0.05502929687500001,0.20001562499999997) time=20.3s
0668/0775 center=(0.09000,0.21600) class=other root=(0.06002929687500001,0.20001562499999997) time=20.2s
0669/0775 center=(0.09500,0.21600) class=other root=(0.06502929687500003,0.20001562499999997) time=20.7s
0670/0775 center=(0.10000,0.21600) class=other root=(0.07002929687500004,0.20001562499999997) time=20.2s
0671/0775 center=(0.10500,0.21600) class=other root=(0.07502929687500001,0.20001562499999997) time=20.2s
0672/0775 center=(0.11000,0.21600) class=other root=(0.08002929687500002,0.20001562499999997) time=20.3s
0673/0775 center=(0.11500,0.21600) class=other root=(0.08502929687500002,0.20001562499999997) time=20.3s
0674/0775 center=(0.12000,0.21600) class=other root=(0.09002929687499997,0.20001562499999997) time=20.4s
0675/0775 center=(0.00000,0.22200) class=other root=(9.46044921875e-05,0.20601562499999998) time=19.8s
0676/0775 center=(0.00500,0.22200) class=other root=(9.358723958333337e-05,0.20601562499999998) time=19.9s
0677/0775 center=(0.01000,0.22200) class=other root=(9.460449218749999e-05,0.20601562499999998) time=19.8s
0678/0775 center=(0.01500,0.22200) class=other root=(9.399414062500002e-05,0.20601562499999998) time=19.8s

WROTE: /lustre/fswork/projects/rech/fdb/usv13rn/These_PINN_KH_RT/assets/pinn_supersonic/atlas2d_v1_continuousM/N76/basin_T401_failure/basin_0582_0679.csv
