============================================================
PHASE 8 — T401 FAILURE BASIN
range = [291,388)
job   = 1513527
task  = 3
============================================================
====================================================================================================
PHASE 8 — T401 FAILURE BASIN
====================================================================================================
M, alpha       = 1.15, 0.06
target         = -0.0000000025 + 0.1998472245 i
PINN seed      = 0.0260892660 + 0.1155806900 i
failure root   = 0.0000000000 + 0.1020650650 i
grid           = 25 x 31 = 775
cr range       = [0.0, 0.12]
ci range       = [0.06, 0.24]
local box      = (0.015, 0.008)
max_retries    = 0
chunk          = [291,388)
0291/0775 center=(0.08000,0.12600) class=other root=(0.05002929687499999,0.14198437500000005) time=21.7s
0292/0775 center=(0.08500,0.12600) class=other root=(0.05502929687500001,0.14198437500000005) time=21.8s
0293/0775 center=(0.09000,0.12600) class=other root=(0.06002929687500001,0.14198437500000005) time=21.8s
0294/0775 center=(0.09500,0.12600) class=other root=(0.06502929687500003,0.14198437500000005) time=21.8s
0295/0775 center=(0.10000,0.12600) class=other root=(0.07002929687500004,0.14198437500000005) time=21.8s
0296/0775 center=(0.10500,0.12600) class=other root=(0.07502929687500001,0.14198437500000005) time=21.8s
0297/0775 center=(0.11000,0.12600) class=other root=(0.08002929687500002,0.14198437500000005) time=21.9s
0298/0775 center=(0.11500,0.12600) class=other root=(0.08502929687500002,0.14198437500000005) time=21.9s
0299/0775 center=(0.12000,0.12600) class=other root=(0.09002929687499997,0.14198437500000005) time=22.0s
0300/0775 center=(0.00000,0.13200) class=other root=(0.00048583984374999994,0.11601562499999997) time=21.6s
0301/0775 center=(0.00500,0.13200) class=other root=(0.00048665364583333335,0.11601562499999997) time=21.6s
0302/0775 center=(0.01000,0.13200) class=other root=(0.00048624674479166673,0.11601562499999997) time=21.6s
0303/0775 center=(0.01500,0.13200) class=other root=(0.00048583984374999994,0.11601562499999997) time=21.6s
0304/0775 center=(0.02000,0.13200) class=other root=(0.0004842122395833332,0.11601562499999997) time=21.6s
0305/0775 center=(0.02500,0.13200) class=other root=(0.00048421223958333356,0.11601562499999997) time=21.6s
0306/0775 center=(0.03000,0.13200) class=other root=(0.000478515625,0.11601562499999997) time=21.6s
0307/0775 center=(0.03500,0.13200) class=other root=(0.0050292968750000056,0.11601562499999997) time=21.7s
0308/0775 center=(0.04000,0.13200) class=other root=(0.010029296875000005,0.11601562499999997) time=21.8s
0309/0775 center=(0.04500,0.13200) class=other root=(0.015029296875000002,0.11601562499999997) time=21.7s
0310/0775 center=(0.05000,0.13200) class=other root=(0.020029296875000012,0.11601562499999997) time=21.7s
0311/0775 center=(0.05500,0.13200) class=other root=(0.025029296874999996,0.11601562499999997) time=21.8s
0312/0775 center=(0.06000,0.13200) class=other root=(0.030029296875000007,0.13201562499999997) time=21.6s
0313/0775 center=(0.06500,0.13200) class=other root=(0.03502929687500002,0.13201562499999997) time=21.6s
0314/0775 center=(0.07000,0.13200) class=other root=(0.04002929687500002,0.14798437500000006) time=21.5s
0315/0775 center=(0.07500,0.13200) class=other root=(0.045029296874999986,0.14798437500000006) time=21.5s
0316/0775 center=(0.08000,0.13200) class=other root=(0.05002929687499999,0.14798437500000006) time=21.6s
0317/0775 center=(0.08500,0.13200) class=other root=(0.05502929687500001,0.14798437500000006) time=21.6s
0318/0775 center=(0.09000,0.13200) class=other root=(0.06002929687500001,0.14798437500000006) time=21.7s
0319/0775 center=(0.09500,0.13200) class=other root=(0.06502929687500003,0.14798437500000006) time=21.7s
0320/0775 center=(0.10000,0.13200) class=other root=(0.07002929687500004,0.14798437500000006) time=21.8s
0321/0775 center=(0.10500,0.13200) class=other root=(0.07502929687500001,0.14798437500000006) time=21.8s
0322/0775 center=(0.11000,0.13200) class=other root=(0.08002929687500002,0.14798437500000006) time=22.0s
0323/0775 center=(0.11500,0.13200) class=other root=(0.08502929687500002,0.14798437500000006) time=22.0s
0324/0775 center=(0.12000,0.13200) class=other root=(0.09002929687499997,0.14798437500000006) time=22.2s
0325/0775 center=(0.00000,0.13800) class=other root=(0.00095458984375,0.12201562499999997) time=21.7s
0326/0775 center=(0.00500,0.13800) class=other root=(0.0009537760416666669,0.12201562499999997) time=21.5s
0327/0775 center=(0.01000,0.13800) class=other root=(0.0009562174479166664,0.12201562499999997) time=21.6s
0328/0775 center=(0.01500,0.13800) class=other root=(0.0009562174479166666,0.12201562499999997) time=21.7s
0329/0775 center=(0.02000,0.13800) class=other root=(0.0009562174479166666,0.12201562499999997) time=21.8s
0330/0775 center=(0.02500,0.13800) class=other root=(0.0009521484375000004,0.12201562499999997) time=21.7s
0331/0775 center=(0.03000,0.13800) class=other root=(0.000947265625,0.12201562499999997) time=21.7s
0332/0775 center=(0.03500,0.13800) class=other root=(0.0050292968750000056,0.12201562499999997) time=21.7s
0333/0775 center=(0.04000,0.13800) class=other root=(0.010029296875000005,0.12201562499999997) time=21.6s
0334/0775 center=(0.04500,0.13800) class=other root=(0.015029296875000002,0.12201562499999997) time=21.8s
0335/0775 center=(0.05000,0.13800) class=other root=(0.020029296875000012,0.12201562499999997) time=21.8s
0336/0775 center=(0.05500,0.13800) class=other root=(0.025029296874999996,0.12201562499999997) time=21.7s
0337/0775 center=(0.06000,0.13800) class=other root=(0.030029296875000007,0.13801562499999998) time=21.8s
0338/0775 center=(0.06500,0.13800) class=other root=(0.03502929687500002,0.15398437500000006) time=21.6s
0339/0775 center=(0.07000,0.13800) class=other root=(0.04002929687500002,0.15398437500000006) time=21.5s
0340/0775 center=(0.07500,0.13800) class=other root=(0.045029296874999986,0.15398437500000006) time=21.7s
0341/0775 center=(0.08000,0.13800) class=other root=(0.05002929687499999,0.15398437500000006) time=21.7s
0342/0775 center=(0.08500,0.13800) class=other root=(0.05502929687500001,0.15398437500000006) time=21.8s
0343/0775 center=(0.09000,0.13800) class=other root=(0.06002929687500001,0.15398437500000006) time=21.8s
0344/0775 center=(0.09500,0.13800) class=other root=(0.06502929687500003,0.15398437500000006) time=21.7s
0345/0775 center=(0.10000,0.13800) class=other root=(0.07002929687500004,0.15398437500000006) time=21.8s
0346/0775 center=(0.10500,0.13800) class=other root=(0.07502929687500001,0.15398437500000006) time=21.9s
0347/0775 center=(0.11000,0.13800) class=other root=(0.08002929687500002,0.15398437500000006) time=21.9s
0348/0775 center=(0.11500,0.13800) class=other root=(0.08502929687500002,0.15398437500000006) time=22.0s
0349/0775 center=(0.12000,0.13800) class=other root=(0.09002929687499997,0.15398437500000006) time=21.9s
0350/0775 center=(0.00000,0.14400) class=other root=(0.00152099609375,0.12801562499999997) time=21.5s
0351/0775 center=(0.00500,0.14400) class=other root=(0.0015201822916666669,0.12801562499999997) time=21.5s
0352/0775 center=(0.01000,0.14400) class=other root=(0.00152587890625,0.12801562499999997) time=21.6s
0353/0775 center=(0.01500,0.14400) class=other root=(0.0015185546875000002,0.12801562499999997) time=21.8s
0354/0775 center=(0.02000,0.14400) class=other root=(0.00152587890625,0.12801562499999997) time=21.7s
0355/0775 center=(0.02500,0.14400) class=other root=(0.0015218098958333342,0.12801562499999997) time=21.7s
0356/0775 center=(0.03000,0.14400) class=other root=(0.0015136718750000003,0.12801562499999997) time=21.7s
0357/0775 center=(0.03500,0.14400) class=other root=(0.0050292968750000056,0.12801562499999997) time=21.7s
0358/0775 center=(0.04000,0.14400) class=other root=(0.010029296875000005,0.12801562499999997) time=21.8s
0359/0775 center=(0.04500,0.14400) class=other root=(0.015029296875000002,0.12801562499999997) time=21.8s
0360/0775 center=(0.05000,0.14400) class=other root=(0.020029296875000012,0.12801562499999997) time=21.8s
0361/0775 center=(0.05500,0.14400) class=other root=(0.025029296874999996,0.12801562499999997) time=21.8s
0362/0775 center=(0.06000,0.14400) class=other root=(0.030029296875000007,0.15998437500000007) time=21.6s
0363/0775 center=(0.06500,0.14400) class=other root=(0.03502929687500002,0.15998437500000007) time=21.7s
0364/0775 center=(0.07000,0.14400) class=other root=(0.04002929687500002,0.15998437500000007) time=21.7s
0365/0775 center=(0.07500,0.14400) class=other root=(0.045029296874999986,0.15998437500000007) time=21.7s
0366/0775 center=(0.08000,0.14400) class=other root=(0.05002929687499999,0.15998437500000007) time=21.7s
0367/0775 center=(0.08500,0.14400) class=other root=(0.05502929687500001,0.15998437500000007) time=21.6s
0368/0775 center=(0.09000,0.14400) class=other root=(0.06002929687500001,0.15963020833333336) time=21.8s
0369/0775 center=(0.09500,0.14400) class=other root=(0.06502929687500003,0.15831770833333333) time=21.8s
0370/0775 center=(0.10000,0.14400) class=other root=(0.07002929687500004,0.15773437500000007) time=21.9s
0371/0775 center=(0.10500,0.14400) class=other root=(0.07502929687500001,0.15750520833333334) time=21.8s
0372/0775 center=(0.11000,0.14400) class=other root=(0.08002929687500002,0.15749479166666672) time=21.7s
0373/0775 center=(0.11500,0.14400) class=other root=(0.08502929687500002,0.15761979166666668) time=21.8s
0374/0775 center=(0.12000,0.14400) class=other root=(0.09002929687499997,0.15784895833333337) time=21.9s
0375/0775 center=(0.00000,0.15000) class=other root=(0.002103678385416667,0.13401562499999997) time=21.5s
0376/0775 center=(0.00500,0.15000) class=other root=(0.002106119791666667,0.13401562499999997) time=21.5s
0377/0775 center=(0.01000,0.15000) class=other root=(0.0021036783854166663,0.13401562499999997) time=21.5s
0378/0775 center=(0.01500,0.15000) class=other root=(0.0021044921875000002,0.13401562499999997) time=21.6s
0379/0775 center=(0.02000,0.15000) class=other root=(0.0021077473958333332,0.13401562499999997) time=21.4s
0380/0775 center=(0.02500,0.15000) class=other root=(0.0021077473958333345,0.13401562499999997) time=21.4s
0381/0775 center=(0.03000,0.15000) class=other root=(0.002099609375,0.13401562499999997) time=21.4s
0382/0775 center=(0.03500,0.15000) class=other root=(0.0050292968750000056,0.16598437500000002) time=21.1s
0383/0775 center=(0.04000,0.15000) class=other root=(0.010029296875000005,0.16598437500000002) time=21.2s
0384/0775 center=(0.04500,0.15000) class=other root=(0.015029296875000002,0.16598437500000002) time=21.2s
0385/0775 center=(0.05000,0.15000) class=other root=(0.020029296875000012,0.16598437500000002) time=21.2s
0386/0775 center=(0.05500,0.15000) class=other root=(0.025029296874999996,0.16598437500000002) time=21.2s
0387/0775 center=(0.06000,0.15000) class=other root=(0.030029296875000007,0.16598437500000002) time=21.3s

WROTE: /lustre/fswork/projects/rech/fdb/usv13rn/These_PINN_KH_RT/assets/pinn_supersonic/atlas2d_v1_continuousM/N76/basin_T401_failure/basin_0291_0388.csv
