============================================================
PHASE 8 — T401 FAILURE BASIN
range = [97,194)
job   = 1513525
task  = 1
============================================================
====================================================================================================
PHASE 8 — T401 FAILURE BASIN
====================================================================================================
M, alpha       = 1.15, 0.06
target         = -0.0000000025 + 0.1998472245 i
PINN seed      = 0.0260892660 + 0.1155806900 i
failure root   = 0.0000000000 + 0.1020650650 i
grid           = 25 x 31 = 775
cr range       = [0.0, 0.12]
ci range       = [0.06, 0.24]
local box      = (0.015, 0.008)
max_retries    = 0
chunk          = [97,194)
0097/0775 center=(0.11000,0.07800) class=other root=(0.08002929687500002,0.09398437500000002) time=27.0s
0098/0775 center=(0.11500,0.07800) class=other root=(0.08502929687500002,0.09398437500000002) time=23.0s
0099/0775 center=(0.12000,0.07800) class=other root=(0.09002929687499997,0.09398437500000002) time=22.0s
0100/0775 center=(0.00000,0.08400) class=other root=(1.1291503906250002e-05,0.09998437500000003) time=21.2s
0101/0775 center=(0.00500,0.08400) class=other root=(1.0986328125000005e-05,0.09998437500000003) time=21.2s
0102/0775 center=(0.01000,0.08400) class=other root=(1.1444091796875e-05,0.09998437500000003) time=21.2s
0103/0775 center=(0.01500,0.08400) class=other root=(1.1291503906250002e-05,0.09998437500000003) time=21.2s
0104/0775 center=(0.02000,0.08400) class=other root=(1.0681152343749998e-05,0.09998437500000003) time=21.2s
0105/0775 center=(0.02500,0.08400) class=other root=(1.0681152343750004e-05,0.09998437500000003) time=21.2s
0106/0775 center=(0.03000,0.08400) class=other root=(2.9296875e-05,0.09998437500000003) time=21.2s
0107/0775 center=(0.03500,0.08400) class=other root=(0.0050292968750000056,0.09998437500000003) time=21.2s
0108/0775 center=(0.04000,0.08400) class=other root=(0.010029296875000005,0.09998437500000003) time=21.3s
0109/0775 center=(0.04500,0.08400) class=other root=(0.015029296875000002,0.09998437500000003) time=21.3s
0110/0775 center=(0.05000,0.08400) class=other root=(0.020029296875000012,0.09998437500000003) time=21.4s
0111/0775 center=(0.05500,0.08400) class=other root=(0.025029296874999996,0.09998437500000003) time=21.4s
0112/0775 center=(0.06000,0.08400) class=other root=(0.030029296875000007,0.09998437500000003) time=21.4s
0113/0775 center=(0.06500,0.08400) class=other root=(0.03502929687500002,0.09998437500000003) time=21.5s
0114/0775 center=(0.07000,0.08400) class=other root=(0.04002929687500002,0.09998437500000003) time=21.5s
0115/0775 center=(0.07500,0.08400) class=other root=(0.045029296874999986,0.09998437500000003) time=21.5s
0116/0775 center=(0.08000,0.08400) class=other root=(0.05002929687499999,0.09998437500000003) time=21.6s
0117/0775 center=(0.08500,0.08400) class=other root=(0.05502929687500001,0.09998437500000003) time=21.6s
0118/0775 center=(0.09000,0.08400) class=other root=(0.06002929687500001,0.09998437500000003) time=21.6s
0119/0775 center=(0.09500,0.08400) class=other root=(0.06502929687500003,0.09998437500000003) time=21.7s
0120/0775 center=(0.10000,0.08400) class=other root=(0.07002929687500004,0.09998437500000003) time=21.7s
0121/0775 center=(0.10500,0.08400) class=other root=(0.07502929687500001,0.09998437500000003) time=21.7s
0122/0775 center=(0.11000,0.08400) class=other root=(0.08002929687500002,0.09998437500000003) time=21.8s
0123/0775 center=(0.11500,0.08400) class=other root=(0.08502929687500002,0.09998437500000003) time=21.8s
0124/0775 center=(0.12000,0.08400) class=other root=(0.09002929687499997,0.09998437500000003) time=21.8s
0125/0775 center=(0.00000,0.09000) class=failure_branch root=(0.0,0.1020625) time=17.0s
0126/0775 center=(0.00500,0.09000) class=failure_branch root=(0.0,0.1020625) time=17.0s
0127/0775 center=(0.01000,0.09000) class=failure_branch root=(0.0,0.1020625) time=17.0s
0128/0775 center=(0.01500,0.09000) class=failure_branch root=(0.0,0.1020625) time=17.0s
0129/0775 center=(0.02000,0.09000) class=failure_branch root=(0.0,0.1020625) time=17.0s
0130/0775 center=(0.02500,0.09000) class=failure_branch root=(0.0,0.1020625) time=17.0s
0131/0775 center=(0.03000,0.09000) class=failure_branch root=(2.9296875e-05,0.10206770833333333) time=21.1s
0132/0775 center=(0.03500,0.09000) class=other root=(0.0050292968750000056,0.102328125) time=21.2s
0133/0775 center=(0.04000,0.09000) class=other root=(0.010029296875000005,0.10311979166666668) time=21.2s
0134/0775 center=(0.04500,0.09000) class=other root=(0.015029296875000002,0.10448437500000003) time=21.2s
0135/0775 center=(0.05000,0.09000) class=other root=(0.020029296875000012,0.10598437500000003) time=21.2s
0136/0775 center=(0.05500,0.09000) class=other root=(0.025029296874999996,0.10598437500000003) time=21.3s
0137/0775 center=(0.06000,0.09000) class=other root=(0.030029296875000007,0.10598437500000003) time=21.4s
0138/0775 center=(0.06500,0.09000) class=other root=(0.03502929687500002,0.10598437500000003) time=21.4s
0139/0775 center=(0.07000,0.09000) class=other root=(0.04002929687500002,0.10598437500000003) time=21.4s
0140/0775 center=(0.07500,0.09000) class=other root=(0.045029296874999986,0.10598437500000003) time=21.4s
0141/0775 center=(0.08000,0.09000) class=other root=(0.05002929687499999,0.10598437500000003) time=21.5s
0142/0775 center=(0.08500,0.09000) class=other root=(0.05502929687500001,0.10598437500000003) time=21.5s
0143/0775 center=(0.09000,0.09000) class=other root=(0.06002929687500001,0.10598437500000003) time=21.5s
0144/0775 center=(0.09500,0.09000) class=other root=(0.06502929687500003,0.10598437500000003) time=21.6s
0145/0775 center=(0.10000,0.09000) class=other root=(0.07002929687500004,0.10598437500000003) time=21.6s
0146/0775 center=(0.10500,0.09000) class=other root=(0.07502929687500001,0.10598437500000003) time=21.6s
0147/0775 center=(0.11000,0.09000) class=other root=(0.08002929687500002,0.10598437500000003) time=21.7s
0148/0775 center=(0.11500,0.09000) class=other root=(0.08502929687500002,0.10598437500000003) time=21.7s
0149/0775 center=(0.12000,0.09000) class=other root=(0.09002929687499997,0.10598437500000003) time=21.7s
0150/0775 center=(0.00000,0.09600) class=failure_branch root=(0.0,0.10206250000000001) time=16.9s
0151/0775 center=(0.00500,0.09600) class=failure_branch root=(0.0,0.10206250000000001) time=17.0s
0152/0775 center=(0.01000,0.09600) class=failure_branch root=(0.0,0.10206250000000001) time=16.9s
0153/0775 center=(0.01500,0.09600) class=failure_branch root=(0.0,0.10206250000000001) time=16.9s
0154/0775 center=(0.02000,0.09600) class=failure_branch root=(0.0,0.10206250000000001) time=17.1s
0155/0775 center=(0.02500,0.09600) class=failure_branch root=(0.0,0.10206250000000001) time=17.1s
0156/0775 center=(0.03000,0.09600) class=failure_branch root=(2.9296875e-05,0.10206770833333335) time=21.1s
0157/0775 center=(0.03500,0.09600) class=other root=(0.0050292968750000056,0.102328125) time=21.1s
0158/0775 center=(0.04000,0.09600) class=other root=(0.010029296875000005,0.10311979166666668) time=21.2s
0159/0775 center=(0.04500,0.09600) class=other root=(0.015029296875000002,0.10448437500000003) time=21.2s
0160/0775 center=(0.05000,0.09600) class=other root=(0.020029296875000012,0.10668229166666668) time=21.1s
0161/0775 center=(0.05500,0.09600) class=other root=(0.025029296874999996,0.10934895833333336) time=21.2s
0162/0775 center=(0.06000,0.09600) class=other root=(0.030029296875000007,0.11198437500000004) time=21.2s
0163/0775 center=(0.06500,0.09600) class=other root=(0.03502929687500002,0.11198437500000004) time=21.2s
0164/0775 center=(0.07000,0.09600) class=other root=(0.04002929687500002,0.11198437500000004) time=21.3s
0165/0775 center=(0.07500,0.09600) class=other root=(0.045029296874999986,0.11198437500000004) time=21.4s
0166/0775 center=(0.08000,0.09600) class=other root=(0.05002929687499999,0.11198437500000004) time=21.4s
0167/0775 center=(0.08500,0.09600) class=other root=(0.05502929687500001,0.11198437500000004) time=21.4s
0168/0775 center=(0.09000,0.09600) class=other root=(0.06002929687500001,0.11198437500000004) time=21.5s
0169/0775 center=(0.09500,0.09600) class=other root=(0.06502929687500003,0.11198437500000004) time=21.5s
0170/0775 center=(0.10000,0.09600) class=other root=(0.07002929687500004,0.11198437500000004) time=21.5s
0171/0775 center=(0.10500,0.09600) class=other root=(0.07502929687500001,0.11198437500000004) time=21.6s
0172/0775 center=(0.11000,0.09600) class=other root=(0.08002929687500002,0.11198437500000004) time=21.6s
0173/0775 center=(0.11500,0.09600) class=other root=(0.08502929687500002,0.11198437500000004) time=21.7s
0174/0775 center=(0.12000,0.09600) class=other root=(0.09002929687499997,0.11198437500000004) time=21.7s
0175/0775 center=(0.00000,0.10200) class=failure_branch root=(0.0,0.1020625) time=17.0s
0176/0775 center=(0.00500,0.10200) class=failure_branch root=(0.0,0.1020625) time=17.0s
0177/0775 center=(0.01000,0.10200) class=failure_branch root=(0.0,0.1020625) time=17.0s
0178/0775 center=(0.01500,0.10200) class=failure_branch root=(0.0,0.1020625) time=17.0s
0179/0775 center=(0.02000,0.10200) class=failure_branch root=(0.0,0.1020625) time=17.0s
0180/0775 center=(0.02500,0.10200) class=failure_branch root=(0.0,0.1020625) time=17.0s
0181/0775 center=(0.03000,0.10200) class=failure_branch root=(2.9296875e-05,0.10206770833333333) time=21.2s
0182/0775 center=(0.03500,0.10200) class=other root=(0.0050292968750000056,0.102328125) time=21.2s
0183/0775 center=(0.04000,0.10200) class=other root=(0.010029296875000005,0.10311979166666668) time=21.2s
0184/0775 center=(0.04500,0.10200) class=other root=(0.015029296875000002,0.10468229166666668) time=21.2s
0185/0775 center=(0.05000,0.10200) class=other root=(0.020029296875000012,0.10734895833333336) time=21.2s
0186/0775 center=(0.05500,0.10200) class=other root=(0.025029296874999996,0.11001562499999999) time=21.2s
0187/0775 center=(0.06000,0.10200) class=other root=(0.030029296875000007,0.114015625) time=21.2s
0188/0775 center=(0.06500,0.10200) class=other root=(0.03502929687500002,0.11791145833333336) time=21.2s
0189/0775 center=(0.07000,0.10200) class=other root=(0.04002929687500002,0.11798437500000004) time=21.3s
0190/0775 center=(0.07500,0.10200) class=other root=(0.045029296874999986,0.11798437500000004) time=21.3s
0191/0775 center=(0.08000,0.10200) class=other root=(0.05002929687499999,0.11798437500000004) time=21.7s
0192/0775 center=(0.08500,0.10200) class=other root=(0.05502929687500001,0.11798437500000004) time=21.2s
0193/0775 center=(0.09000,0.10200) class=other root=(0.06002929687500001,0.11798437500000004) time=21.2s

WROTE: /lustre/fswork/projects/rech/fdb/usv13rn/These_PINN_KH_RT/assets/pinn_supersonic/atlas2d_v1_continuousM/N76/basin_T401_failure/basin_0097_0194.csv
