============================================================
PHASE 8 — T401 FAILURE BASIN
range = [0,97)
job   = 1513524
task  = 0
============================================================
====================================================================================================
PHASE 8 — T401 FAILURE BASIN
====================================================================================================
M, alpha       = 1.15, 0.06
target         = -0.0000000025 + 0.1998472245 i
PINN seed      = 0.0260892660 + 0.1155806900 i
failure root   = 0.0000000000 + 0.1020650650 i
grid           = 25 x 31 = 775
cr range       = [0.0, 0.12]
ci range       = [0.06, 0.24]
local box      = (0.015, 0.008)
max_retries    = 0
chunk          = [0,97)
0000/0775 center=(0.00000,0.06000) class=other root=(0.001680501302083333,0.07598437500000003) time=21.9s
0001/0775 center=(0.00500,0.06000) class=other root=(0.0016829427083333336,0.07598437500000003) time=21.9s
0002/0775 center=(0.01000,0.06000) class=other root=(0.001680501302083333,0.07598437500000003) time=22.0s
0003/0775 center=(0.01500,0.06000) class=other root=(0.0016845703125000003,0.07598437500000003) time=21.9s
0004/0775 center=(0.02000,0.06000) class=other root=(0.0016750759548611112,0.07598437500000003) time=22.0s
0005/0775 center=(0.02500,0.06000) class=other root=(0.0016845703125000007,0.07598437500000003) time=22.0s
0006/0775 center=(0.03000,0.06000) class=other root=(0.0016894531250000002,0.07598437500000003) time=22.0s
0007/0775 center=(0.03500,0.06000) class=other root=(0.0050292968750000056,0.07598437500000003) time=22.0s
0008/0775 center=(0.04000,0.06000) class=other root=(0.010029296875000005,0.07598437500000003) time=22.0s
0009/0775 center=(0.04500,0.06000) class=other root=(0.015029296875000002,0.07598437500000003) time=22.1s
0010/0775 center=(0.05000,0.06000) class=other root=(0.020029296875000012,0.07598437500000003) time=22.1s
0011/0775 center=(0.05500,0.06000) class=other root=(0.025029296874999996,0.07598437500000003) time=22.2s
0012/0775 center=(0.06000,0.06000) class=other root=(0.030029296875000007,0.07598437500000003) time=22.2s
0013/0775 center=(0.06500,0.06000) class=other root=(0.03502929687500002,0.07598437500000003) time=22.2s
0014/0775 center=(0.07000,0.06000) class=other root=(0.04002929687500002,0.07598437500000003) time=22.3s
0015/0775 center=(0.07500,0.06000) class=other root=(0.045029296874999986,0.07598437500000003) time=22.3s
0016/0775 center=(0.08000,0.06000) class=other root=(0.05002929687499999,0.07598437500000003) time=22.5s
0017/0775 center=(0.08500,0.06000) class=other root=(0.05502929687500001,0.07598437500000003) time=22.4s
0018/0775 center=(0.09000,0.06000) class=other root=(0.06002929687500001,0.07598437500000003) time=22.5s
0019/0775 center=(0.09500,0.06000) class=other root=(0.06502929687500003,0.07598437500000003) time=22.6s
0020/0775 center=(0.10000,0.06000) class=other root=(0.07002929687500004,0.07598437500000003) time=22.5s
0021/0775 center=(0.10500,0.06000) class=other root=(0.07502929687500001,0.07598437500000003) time=22.5s
0022/0775 center=(0.11000,0.06000) class=other root=(0.08002929687500002,0.07598437500000003) time=22.5s
0023/0775 center=(0.11500,0.06000) class=other root=(0.08502929687500002,0.07598437500000003) time=22.6s
0024/0775 center=(0.12000,0.06000) class=other root=(0.09002929687499997,0.07598437500000003) time=22.6s
0025/0775 center=(0.00000,0.06600) class=other root=(0.00101318359375,0.08198437500000004) time=21.8s
0026/0775 center=(0.00500,0.06600) class=other root=(0.0010123697916666673,0.08198437500000004) time=21.9s
0027/0775 center=(0.01000,0.06600) class=other root=(0.0010131835937499999,0.08198437500000004) time=22.0s
0028/0775 center=(0.01500,0.06600) class=other root=(0.0010131835937500003,0.08198437500000004) time=21.9s
0029/0775 center=(0.02000,0.06600) class=other root=(0.0010131835937499999,0.08198437500000004) time=21.9s
0030/0775 center=(0.02500,0.06600) class=other root=(0.0010172526041666672,0.08198437500000004) time=21.8s
0031/0775 center=(0.03000,0.06600) class=other root=(0.001005859375,0.08198437500000004) time=21.8s
0032/0775 center=(0.03500,0.06600) class=other root=(0.0050292968750000056,0.08198437500000004) time=21.9s
0033/0775 center=(0.04000,0.06600) class=other root=(0.010029296875000005,0.08198437500000004) time=21.9s
0034/0775 center=(0.04500,0.06600) class=other root=(0.015029296875000002,0.08198437500000004) time=22.0s
0035/0775 center=(0.05000,0.06600) class=other root=(0.020029296875000012,0.08198437500000004) time=22.0s
0036/0775 center=(0.05500,0.06600) class=other root=(0.025029296874999996,0.08198437500000004) time=22.1s
0037/0775 center=(0.06000,0.06600) class=other root=(0.030029296875000007,0.08198437500000004) time=22.1s
0038/0775 center=(0.06500,0.06600) class=other root=(0.03502929687500002,0.08198437500000004) time=22.1s
0039/0775 center=(0.07000,0.06600) class=other root=(0.04002929687500002,0.08198437500000004) time=22.1s
0040/0775 center=(0.07500,0.06600) class=other root=(0.045029296874999986,0.08198437500000004) time=22.2s
0041/0775 center=(0.08000,0.06600) class=other root=(0.05002929687499999,0.08198437500000004) time=22.2s
0042/0775 center=(0.08500,0.06600) class=other root=(0.05502929687500001,0.08198437500000004) time=22.3s
0043/0775 center=(0.09000,0.06600) class=other root=(0.06002929687500001,0.08198437500000004) time=22.3s
0044/0775 center=(0.09500,0.06600) class=other root=(0.06502929687500003,0.08198437500000004) time=22.4s
0045/0775 center=(0.10000,0.06600) class=other root=(0.07002929687500004,0.08198437500000004) time=22.4s
0046/0775 center=(0.10500,0.06600) class=other root=(0.07502929687500001,0.08198437500000004) time=22.4s
0047/0775 center=(0.11000,0.06600) class=other root=(0.08002929687500002,0.08198437500000004) time=22.5s
0048/0775 center=(0.11500,0.06600) class=other root=(0.08502929687500002,0.08198437500000004) time=22.5s
0049/0775 center=(0.12000,0.06600) class=other root=(0.09002929687499997,0.08198437500000004) time=22.5s
0050/0775 center=(0.00000,0.07200) class=other root=(0.00050537109375,0.08798437500000002) time=21.9s
0051/0775 center=(0.00500,0.07200) class=other root=(0.0005061848958333334,0.08798437500000002) time=21.8s
0052/0775 center=(0.01000,0.07200) class=other root=(0.0005065917968749999,0.08798437500000002) time=21.7s
0053/0775 center=(0.01500,0.07200) class=other root=(0.00050537109375,0.08798437500000002) time=21.7s
0054/0775 center=(0.02000,0.07200) class=other root=(0.0005086263020833333,0.08798437500000002) time=21.8s
0055/0775 center=(0.02500,0.07200) class=other root=(0.0005086263020833336,0.08798437500000002) time=21.7s
0056/0775 center=(0.03000,0.07200) class=other root=(0.000498046875,0.08798437500000002) time=21.7s
0057/0775 center=(0.03500,0.07200) class=other root=(0.0050292968750000056,0.08798437500000002) time=21.8s
0058/0775 center=(0.04000,0.07200) class=other root=(0.010029296875000005,0.08798437500000002) time=21.9s
0059/0775 center=(0.04500,0.07200) class=other root=(0.015029296875000002,0.08798437500000002) time=21.8s
0060/0775 center=(0.05000,0.07200) class=other root=(0.020029296875000012,0.08798437500000002) time=21.8s
0061/0775 center=(0.05500,0.07200) class=other root=(0.025029296874999996,0.08798437500000002) time=21.9s
0062/0775 center=(0.06000,0.07200) class=other root=(0.030029296875000007,0.08798437500000002) time=22.0s
0063/0775 center=(0.06500,0.07200) class=other root=(0.03502929687500002,0.08798437500000002) time=22.1s
0064/0775 center=(0.07000,0.07200) class=other root=(0.04002929687500002,0.08798437500000002) time=22.1s
0065/0775 center=(0.07500,0.07200) class=other root=(0.045029296874999986,0.08798437500000002) time=22.1s
0066/0775 center=(0.08000,0.07200) class=other root=(0.05002929687499999,0.08798437500000002) time=22.1s
0067/0775 center=(0.08500,0.07200) class=other root=(0.05502929687500001,0.08798437500000002) time=22.3s
0068/0775 center=(0.09000,0.07200) class=other root=(0.06002929687500001,0.08798437500000002) time=22.2s
0069/0775 center=(0.09500,0.07200) class=other root=(0.06502929687500003,0.08798437500000002) time=22.3s
0070/0775 center=(0.10000,0.07200) class=other root=(0.07002929687500004,0.08798437500000002) time=22.2s
0071/0775 center=(0.10500,0.07200) class=other root=(0.07502929687500001,0.08798437500000002) time=22.3s
0072/0775 center=(0.11000,0.07200) class=other root=(0.08002929687500002,0.08798437500000002) time=22.3s
0073/0775 center=(0.11500,0.07200) class=other root=(0.08502929687500002,0.08798437500000002) time=22.4s
0074/0775 center=(0.12000,0.07200) class=other root=(0.09002929687499997,0.08798437500000002) time=22.5s
0075/0775 center=(0.00000,0.07800) class=other root=(0.000167236328125,0.09398437500000002) time=21.6s
0076/0775 center=(0.00500,0.07800) class=other root=(0.00016764322916666674,0.09398437500000002) time=21.6s
0077/0775 center=(0.01000,0.07800) class=other root=(0.0001678466796875,0.09398437500000002) time=21.7s
0078/0775 center=(0.01500,0.07800) class=other root=(0.000167236328125,0.09398437500000002) time=21.6s
0079/0775 center=(0.02000,0.07800) class=other root=(0.00016886393229166664,0.09398437500000002) time=21.7s
0080/0775 center=(0.02500,0.07800) class=other root=(0.00016886393229166672,0.09398437500000002) time=21.7s
0081/0775 center=(0.03000,0.07800) class=other root=(0.000166015625,0.09398437500000002) time=21.6s
0082/0775 center=(0.03500,0.07800) class=other root=(0.0050292968750000056,0.09398437500000002) time=21.6s
0083/0775 center=(0.04000,0.07800) class=other root=(0.010029296875000005,0.09398437500000002) time=21.7s
0084/0775 center=(0.04500,0.07800) class=other root=(0.015029296875000002,0.09398437500000002) time=21.8s
0085/0775 center=(0.05000,0.07800) class=other root=(0.020029296875000012,0.09398437500000002) time=21.8s
0086/0775 center=(0.05500,0.07800) class=other root=(0.025029296874999996,0.09398437500000002) time=21.9s
0087/0775 center=(0.06000,0.07800) class=other root=(0.030029296875000007,0.09398437500000002) time=22.2s
0088/0775 center=(0.06500,0.07800) class=other root=(0.03502929687500002,0.09398437500000002) time=21.9s
0089/0775 center=(0.07000,0.07800) class=other root=(0.04002929687500002,0.09398437500000002) time=22.0s
0090/0775 center=(0.07500,0.07800) class=other root=(0.045029296874999986,0.09398437500000002) time=22.3s
0091/0775 center=(0.08000,0.07800) class=other root=(0.05002929687499999,0.09398437500000002) time=22.0s
0092/0775 center=(0.08500,0.07800) class=other root=(0.05502929687500001,0.09398437500000002) time=22.1s
0093/0775 center=(0.09000,0.07800) class=other root=(0.06002929687500001,0.09398437500000002) time=22.1s
0094/0775 center=(0.09500,0.07800) class=other root=(0.06502929687500003,0.09398437500000002) time=22.1s
0095/0775 center=(0.10000,0.07800) class=other root=(0.07002929687500004,0.09398437500000002) time=22.2s
0096/0775 center=(0.10500,0.07800) class=other root=(0.07502929687500001,0.09398437500000002) time=22.2s

WROTE: /lustre/fswork/projects/rech/fdb/usv13rn/These_PINN_KH_RT/assets/pinn_supersonic/atlas2d_v1_continuousM/N76/basin_T401_failure/basin_0000_0097.csv
