============================================================
PHASE 8 — T401 FAILURE BASIN
range = [388,485)
job   = 1513528
task  = 4
============================================================
====================================================================================================
PHASE 8 — T401 FAILURE BASIN
====================================================================================================
M, alpha       = 1.15, 0.06
target         = -0.0000000025 + 0.1998472245 i
PINN seed      = 0.0260892660 + 0.1155806900 i
failure root   = 0.0000000000 + 0.1020650650 i
grid           = 25 x 31 = 775
cr range       = [0.0, 0.12]
ci range       = [0.06, 0.24]
local box      = (0.015, 0.008)
max_retries    = 0
chunk          = [388,485)
0388/0775 center=(0.06500,0.15000) class=other root=(0.03502929687500002,0.16598437500000002) time=20.9s
0389/0775 center=(0.07000,0.15000) class=other root=(0.04002929687500002,0.16598437500000002) time=21.0s
0390/0775 center=(0.07500,0.15000) class=other root=(0.045029296874999986,0.16598437500000002) time=21.0s
0391/0775 center=(0.08000,0.15000) class=other root=(0.05002929687499999,0.16598437500000002) time=21.0s
0392/0775 center=(0.08500,0.15000) class=other root=(0.05502929687500001,0.161984375) time=21.0s
0393/0775 center=(0.09000,0.15000) class=other root=(0.06002929687500001,0.1596302083333334) time=21.1s
0394/0775 center=(0.09500,0.15000) class=other root=(0.06502929687500003,0.15831770833333333) time=21.2s
0395/0775 center=(0.10000,0.15000) class=other root=(0.07002929687500004,0.157734375) time=21.2s
0396/0775 center=(0.10500,0.15000) class=other root=(0.07502929687500001,0.15750520833333334) time=21.2s
0397/0775 center=(0.11000,0.15000) class=other root=(0.08002929687500002,0.15749479166666666) time=21.3s
0398/0775 center=(0.11500,0.15000) class=other root=(0.08502929687500002,0.15761979166666668) time=21.3s
0399/0775 center=(0.12000,0.15000) class=other root=(0.09002929687499997,0.15784895833333332) time=21.3s
0400/0775 center=(0.00000,0.15600) class=other root=(0.0016870117187500003,0.17198437500000002) time=20.7s
0401/0775 center=(0.00500,0.15600) class=other root=(0.0016894531250000004,0.17198437500000002) time=20.7s
0402/0775 center=(0.01000,0.15600) class=other root=(0.0016886393229166663,0.17198437500000002) time=20.6s
0403/0775 center=(0.01500,0.15600) class=other root=(0.0016845703125000003,0.17198437500000002) time=20.7s
0404/0775 center=(0.02000,0.15600) class=other root=(0.0016886393229166663,0.17198437500000002) time=20.7s
0405/0775 center=(0.02500,0.15600) class=other root=(0.0016845703125000007,0.17198437500000002) time=20.7s
0406/0775 center=(0.03000,0.15600) class=other root=(0.0016894531250000002,0.17198437500000002) time=20.7s
0407/0775 center=(0.03500,0.15600) class=other root=(0.0050292968750000056,0.17198437500000002) time=20.7s
0408/0775 center=(0.04000,0.15600) class=other root=(0.010029296875000005,0.17198437500000002) time=20.7s
0409/0775 center=(0.04500,0.15600) class=other root=(0.015029296875000002,0.17198437500000002) time=20.7s
0410/0775 center=(0.05000,0.15600) class=other root=(0.020029296875000012,0.17198437500000002) time=20.8s
0411/0775 center=(0.05500,0.15600) class=other root=(0.025029296874999996,0.17198437500000002) time=20.8s
0412/0775 center=(0.06000,0.15600) class=other root=(0.030029296875000007,0.17198437500000002) time=20.8s
0413/0775 center=(0.06500,0.15600) class=other root=(0.03502929687500002,0.17198437500000002) time=20.8s
0414/0775 center=(0.07000,0.15600) class=other root=(0.04002929687500002,0.17198437500000002) time=20.8s
0415/0775 center=(0.07500,0.15600) class=other root=(0.045029296874999986,0.16665104166666672) time=20.9s
0416/0775 center=(0.08000,0.15600) class=other root=(0.05002929687499999,0.16398437500000002) time=21.0s
0417/0775 center=(0.08500,0.15600) class=other root=(0.05502929687500001,0.161984375) time=21.0s
0418/0775 center=(0.09000,0.15600) class=other root=(0.06002929687500001,0.15963020833333336) time=21.1s
0419/0775 center=(0.09500,0.15600) class=other root=(0.06502929687500003,0.15831770833333333) time=21.1s
0420/0775 center=(0.10000,0.15600) class=other root=(0.07002929687500004,0.15773437500000007) time=21.1s
0421/0775 center=(0.10500,0.15600) class=other root=(0.07502929687500001,0.15750520833333334) time=21.2s
0422/0775 center=(0.11000,0.15600) class=other root=(0.08002929687500002,0.15749479166666672) time=21.3s
0423/0775 center=(0.11500,0.15600) class=other root=(0.08502929687500002,0.15761979166666668) time=21.2s
0424/0775 center=(0.12000,0.15600) class=other root=(0.09002929687499997,0.15784895833333337) time=21.3s
0425/0775 center=(0.00000,0.16200) class=other root=(0.00110595703125,0.17798437500000003) time=20.5s
0426/0775 center=(0.00500,0.16200) class=other root=(0.0011100260416666667,0.17798437500000003) time=20.6s
0427/0775 center=(0.01000,0.16200) class=other root=(0.0011108398437499997,0.17798437500000003) time=20.6s
0428/0775 center=(0.01500,0.16200) class=other root=(0.0011083984375,0.17798437500000003) time=20.6s
0429/0775 center=(0.02000,0.16200) class=other root=(0.0011108398437500002,0.17798437500000003) time=20.6s
0430/0775 center=(0.02500,0.16200) class=other root=(0.0011149088541666675,0.17798437500000003) time=20.6s
0431/0775 center=(0.03000,0.16200) class=other root=(0.0011035156250000001,0.17798437500000003) time=20.6s
0432/0775 center=(0.03500,0.16200) class=other root=(0.0050292968750000056,0.17798437500000003) time=20.6s
0433/0775 center=(0.04000,0.16200) class=other root=(0.010029296875000005,0.17798437500000003) time=20.6s
0434/0775 center=(0.04500,0.16200) class=other root=(0.015029296875000002,0.17798437500000003) time=20.7s
0435/0775 center=(0.05000,0.16200) class=other root=(0.020029296875000012,0.17798437500000003) time=20.7s
0436/0775 center=(0.05500,0.16200) class=other root=(0.025029296874999996,0.17798437500000003) time=20.7s
0437/0775 center=(0.06000,0.16200) class=other root=(0.030029296875000007,0.17798437500000003) time=20.7s
0438/0775 center=(0.06500,0.16200) class=other root=(0.03502929687500002,0.17798437500000003) time=20.8s
0439/0775 center=(0.07000,0.16200) class=other root=(0.04002929687500002,0.17265104166666673) time=20.8s
0440/0775 center=(0.07500,0.16200) class=other root=(0.045029296874999986,0.16731770833333337) time=20.9s
0441/0775 center=(0.08000,0.16200) class=other root=(0.05002929687499999,0.16465104166666666) time=20.9s
0442/0775 center=(0.08500,0.16200) class=other root=(0.05502929687500001,0.161984375) time=21.0s
0443/0775 center=(0.09000,0.16200) class=other root=(0.06002929687500001,0.1596302083333334) time=21.1s
0444/0775 center=(0.09500,0.16200) class=other root=(0.06502929687500003,0.15831770833333328) time=21.1s
0445/0775 center=(0.10000,0.16200) class=other root=(0.07002929687500004,0.157734375) time=21.1s
0446/0775 center=(0.10500,0.16200) class=other root=(0.07502929687500001,0.15750520833333329) time=21.2s
0447/0775 center=(0.11000,0.16200) class=other root=(0.08002929687500002,0.15749479166666666) time=21.3s
0448/0775 center=(0.11500,0.16200) class=other root=(0.08502929687500002,0.15761979166666662) time=21.2s
0449/0775 center=(0.12000,0.16200) class=other root=(0.09002929687499997,0.15784895833333337) time=21.3s
0450/0775 center=(0.00000,0.16800) class=other root=(0.0006079101562500002,0.18398437500000003) time=20.5s
0451/0775 center=(0.00500,0.16800) class=other root=(0.000604926215277778,0.18398437500000003) time=20.5s
0452/0775 center=(0.01000,0.16800) class=other root=(0.0006083170572916666,0.18398437500000003) time=20.5s
0453/0775 center=(0.01500,0.16800) class=other root=(0.0006079101562500002,0.18398437500000003) time=20.5s
0454/0775 center=(0.02000,0.16800) class=other root=(0.0006062825520833332,0.18398437500000003) time=20.5s
0455/0775 center=(0.02500,0.16800) class=other root=(0.0006062825520833336,0.18398437500000003) time=20.5s
0456/0775 center=(0.03000,0.16800) class=other root=(0.0006152343750000001,0.18398437500000003) time=20.5s
0457/0775 center=(0.03500,0.16800) class=other root=(0.0050292968750000056,0.18398437500000003) time=20.5s
0458/0775 center=(0.04000,0.16800) class=other root=(0.010029296875000005,0.18398437500000003) time=20.6s
0459/0775 center=(0.04500,0.16800) class=other root=(0.015029296875000002,0.18398437500000003) time=20.7s
0460/0775 center=(0.05000,0.16800) class=other root=(0.020029296875000012,0.18398437500000003) time=20.6s
0461/0775 center=(0.05500,0.16800) class=other root=(0.025029296874999996,0.18398437500000003) time=20.6s
0462/0775 center=(0.06000,0.16800) class=other root=(0.030029296875000007,0.18398437500000003) time=20.6s
0463/0775 center=(0.06500,0.16800) class=other root=(0.03502929687500002,0.17865104166666668) time=20.7s
0464/0775 center=(0.07000,0.16800) class=other root=(0.04002929687500002,0.16798437500000002) time=20.8s
0465/0775 center=(0.07500,0.16800) class=other root=(0.045029296874999986,0.16798437500000002) time=20.9s
0466/0775 center=(0.08000,0.16800) class=other root=(0.05002929687499999,0.1653177083333333) time=21.0s
0467/0775 center=(0.08500,0.16800) class=other root=(0.05502929687500001,0.161984375) time=21.0s
0468/0775 center=(0.09000,0.16800) class=other root=(0.06002929687500001,0.1596302083333333) time=21.0s
0469/0775 center=(0.09500,0.16800) class=other root=(0.06502929687500003,0.15831770833333328) time=21.1s
0470/0775 center=(0.10000,0.16800) class=other root=(0.07002929687500004,0.157734375) time=21.1s
0471/0775 center=(0.10500,0.16800) class=other root=(0.07502929687500001,0.15750520833333329) time=21.1s
0472/0775 center=(0.11000,0.16800) class=other root=(0.08002929687500002,0.15749479166666666) time=21.2s
0473/0775 center=(0.11500,0.16800) class=other root=(0.08502929687500002,0.15761979166666662) time=21.2s
0474/0775 center=(0.12000,0.16800) class=other root=(0.09002929687499997,0.15784895833333332) time=21.3s
0475/0775 center=(0.00000,0.17400) class=other root=(0.000240478515625,0.18998437500000004) time=20.4s
0476/0775 center=(0.00500,0.17400) class=other root=(0.00023925781250000005,0.18998437500000004) time=20.4s
0477/0775 center=(0.01000,0.17400) class=other root=(0.00023803710937499994,0.18998437500000004) time=20.5s
0478/0775 center=(0.01500,0.17400) class=other root=(0.000238037109375,0.18998437500000004) time=20.4s
0479/0775 center=(0.02000,0.17400) class=other root=(0.000238037109375,0.18998437500000004) time=20.5s
0480/0775 center=(0.02500,0.17400) class=other root=(0.00024007161458333343,0.18998437500000004) time=20.4s
0481/0775 center=(0.03000,0.17400) class=other root=(0.000244140625,0.18998437500000004) time=20.4s
0482/0775 center=(0.03500,0.17400) class=other root=(0.0050292968750000056,0.18998437500000004) time=20.4s
0483/0775 center=(0.04000,0.17400) class=other root=(0.010029296875000005,0.18998437500000004) time=20.4s
0484/0775 center=(0.04500,0.17400) class=other root=(0.015029296875000002,0.18998437500000004) time=20.4s

WROTE: /lustre/fswork/projects/rech/fdb/usv13rn/These_PINN_KH_RT/assets/pinn_supersonic/atlas2d_v1_continuousM/N76/basin_T401_failure/basin_0388_0485.csv
