====================================================================================================
SUPERSONIC ATLAS2D V1 — N24
====================================================================================================
job          = 1175325
array task   = 5
chart        = C12
config       = configs/pinn_supersonic/atlas2d_v1_continuousM/N24/C12.json
output       = assets/pinn_supersonic/atlas2d_v1_continuousM/N24/runs/C12
node         = r8i0n7
start        = Thu Aug 20 11:49:46 AM CEST 2026
====================================================================================================
train Mach: 1.20 1.25 1.40 1.45
validation Mach: 
test Mach (sealed): 
[spectral_prefit] 1/2000 M=1.25 loss=5.838094e+00
[spectral_prefit] 100/2000 M=1.45 loss=5.557585e+00
[spectral_prefit] 200/2000 M=1.20 loss=4.378710e-02
[spectral_prefit] 300/2000 M=1.45 loss=1.425183e+00
[spectral_prefit] 400/2000 M=1.25 loss=1.711360e+00
[spectral_prefit] 500/2000 M=1.25 loss=1.245137e+00
[spectral_prefit] 600/2000 M=1.25 loss=9.514322e-01
[spectral_prefit] 700/2000 M=1.45 loss=6.603127e-01
[spectral_prefit] 800/2000 M=1.40 loss=3.766143e-03
[spectral_prefit] 900/2000 M=1.20 loss=6.207534e-03
[spectral_prefit] 1000/2000 M=1.45 loss=3.869995e-01
[spectral_prefit] 1100/2000 M=1.45 loss=3.017560e-01
[spectral_prefit] 1200/2000 M=1.20 loss=1.709148e-02
[spectral_prefit] 1300/2000 M=1.20 loss=4.425608e-03
[spectral_prefit] 1400/2000 M=1.20 loss=6.683385e-03
[spectral_prefit] 1500/2000 M=1.25 loss=6.166657e-02
[spectral_prefit] 1600/2000 M=1.20 loss=1.879390e-03
[spectral_prefit] 1700/2000 M=1.45 loss=5.171769e-02
[spectral_prefit] 1800/2000 M=1.40 loss=7.554645e-03
[spectral_prefit] 1900/2000 M=1.45 loss=2.412796e-02
[spectral_prefit] 2000/2000 M=1.40 loss=2.276963e-03
[modal_frozen] 1/4000 M=1.17 loss=9.652133e+00 rk=7.674e-02 rq=7.354e-02
[modal_frozen] 100/4000 M=1.25 loss=1.481186e-01 rk=2.693e-02 rq=2.828e-02
[modal_frozen] 200/4000 M=1.44 loss=1.200327e-01 rk=3.271e-02 rq=2.415e-02
[modal_frozen] 300/4000 M=1.35 loss=4.149525e-02 rk=1.175e-02 rq=7.868e-03
[modal_frozen] 400/4000 M=1.28 loss=3.820221e-02 rk=9.517e-03 rq=5.366e-03
[modal_frozen] 500/4000 M=1.29 loss=3.319925e-02 rk=7.724e-03 rq=3.930e-03
[modal_frozen] 600/4000 M=1.29 loss=7.881653e-02 rk=7.093e-03 rq=3.507e-03
[modal_frozen] 700/4000 M=1.41 loss=1.183958e-01 rk=1.083e-02 rq=3.593e-03
[modal_frozen] 800/4000 M=1.31 loss=1.638050e-02 rk=6.320e-03 rq=2.686e-03
[modal_frozen] 900/4000 M=1.32 loss=1.926764e-02 rk=5.651e-03 rq=2.403e-03
[modal_frozen] 1000/4000 M=1.26 loss=3.464587e-02 rk=4.394e-03 rq=1.842e-03
[modal_frozen] 1100/4000 M=1.26 loss=1.609963e-02 rk=3.853e-03 rq=1.820e-03
[modal_frozen] 1200/4000 M=1.28 loss=1.648613e-02 rk=4.188e-03 rq=1.579e-03
[modal_frozen] 1300/4000 M=1.18 loss=1.333578e-02 rk=3.915e-03 rq=2.442e-03
[modal_frozen] 1400/4000 M=1.22 loss=6.113997e-02 rk=2.645e-03 rq=1.443e-03
[modal_frozen] 1500/4000 M=1.44 loss=2.113093e-02 rk=7.383e-03 rq=1.758e-03
[modal_frozen] 1600/4000 M=1.42 loss=1.289523e-02 rk=6.886e-03 rq=1.355e-03
[modal_frozen] 1700/4000 M=1.44 loss=1.834486e-02 rk=6.547e-03 rq=1.976e-03
[modal_frozen] 1800/4000 M=1.30 loss=6.716392e-03 rk=1.642e-03 rq=8.546e-04
[modal_frozen] 1900/4000 M=1.37 loss=2.892523e-02 rk=2.574e-03 rq=9.677e-04
[modal_frozen] 2000/4000 M=1.20 loss=1.183219e-02 rk=1.288e-03 rq=1.020e-03
[modal_frozen] 2100/4000 M=1.19 loss=6.777840e-03 rk=1.284e-03 rq=9.044e-04
[modal_frozen] 2200/4000 M=1.32 loss=5.432426e-03 rk=1.214e-03 rq=7.507e-04
[modal_frozen] 2300/4000 M=1.31 loss=7.992244e-03 rk=9.104e-04 rq=6.402e-04
[modal_frozen] 2400/4000 M=1.37 loss=5.825014e-03 rk=1.355e-03 rq=7.211e-04
[modal_frozen] 2500/4000 M=1.41 loss=5.146628e-03 rk=2.291e-03 rq=7.397e-04
[modal_frozen] 2600/4000 M=1.34 loss=2.921632e-03 rk=8.116e-04 rq=4.892e-04
[modal_frozen] 2700/4000 M=1.21 loss=1.517761e-02 rk=8.577e-04 rq=6.593e-04
[modal_frozen] 2800/4000 M=1.31 loss=4.723478e-03 rk=7.416e-04 rq=5.240e-04
[modal_frozen] 2900/4000 M=1.31 loss=3.288801e-03 rk=6.987e-04 rq=5.182e-04
[modal_frozen] 3000/4000 M=1.25 loss=1.633863e-02 rk=6.759e-04 rq=4.724e-04
[modal_frozen] 3100/4000 M=1.42 loss=3.322943e-02 rk=1.628e-03 rq=1.071e-03
[modal_frozen] 3200/4000 M=1.26 loss=5.896954e-03 rk=7.040e-04 rq=5.589e-04
[modal_frozen] 3300/4000 M=1.41 loss=4.550995e-03 rk=1.111e-03 rq=4.664e-04
[modal_frozen] 3400/4000 M=1.34 loss=3.476302e-03 rk=4.593e-04 rq=3.078e-04
[modal_frozen] 3500/4000 M=1.23 loss=2.253540e-03 rk=5.117e-04 rq=3.286e-04
[modal_frozen] 3600/4000 M=1.28 loss=3.422692e-03 rk=4.314e-04 rq=3.258e-04
[modal_frozen] 3700/4000 M=1.26 loss=3.423962e-03 rk=4.188e-04 rq=2.967e-04
[modal_frozen] 3800/4000 M=1.38 loss=2.242111e-03 rk=4.538e-04 rq=3.054e-04
[modal_frozen] 3900/4000 M=1.32 loss=2.436725e-03 rk=3.466e-04 rq=2.756e-04
[modal_frozen] 4000/4000 M=1.35 loss=5.524828e-03 rk=3.393e-04 rq=2.592e-04
[joint] 1/4000 Mphys=1.252 Manchor=1.25 loss=1.811925e-01 spec=3.534e-03
[joint] 100/4000 Mphys=1.165 Manchor=1.45 loss=3.639747e-01 spec=7.228e-03
[joint] 200/4000 Mphys=1.440 Manchor=1.40 loss=2.964064e-02 spec=3.770e-04
[joint] 300/4000 Mphys=1.171 Manchor=1.20 loss=1.394415e-02 spec=2.219e-04
[joint] 400/4000 Mphys=1.249 Manchor=1.20 loss=4.324483e-03 spec=4.830e-05
[joint] 500/4000 Mphys=1.280 Manchor=1.45 loss=4.095480e-02 spec=7.370e-04
[joint] 600/4000 Mphys=1.334 Manchor=1.45 loss=3.140544e-02 spec=5.397e-04
[joint] 700/4000 Mphys=1.332 Manchor=1.20 loss=6.132422e-02 spec=7.877e-04
[joint] 800/4000 Mphys=1.160 Manchor=1.40 loss=9.474901e-03 spec=1.171e-04
[joint] 900/4000 Mphys=1.199 Manchor=1.25 loss=7.666947e-03 spec=1.286e-04
[joint] 1000/4000 Mphys=1.391 Manchor=1.45 loss=4.641162e-03 spec=6.872e-05
[joint] 1100/4000 Mphys=1.162 Manchor=1.45 loss=3.133278e-03 spec=1.582e-05
[joint] 1200/4000 Mphys=1.339 Manchor=1.25 loss=2.616060e-03 spec=3.695e-05
[joint] 1300/4000 Mphys=1.331 Manchor=1.40 loss=1.240197e-02 spec=1.765e-06
[joint] 1400/4000 Mphys=1.279 Manchor=1.25 loss=1.212126e-03 spec=4.730e-06
[joint] 1500/4000 Mphys=1.192 Manchor=1.40 loss=3.150174e-03 spec=5.393e-06
[joint] 1600/4000 Mphys=1.168 Manchor=1.40 loss=7.531510e-02 spec=1.412e-03
[joint] 1700/4000 Mphys=1.349 Manchor=1.45 loss=2.092070e-03 spec=1.261e-06
[joint] 1800/4000 Mphys=1.326 Manchor=1.25 loss=9.824137e-03 spec=1.752e-04
[joint] 1900/4000 Mphys=1.212 Manchor=1.45 loss=3.140649e-02 spec=5.946e-04
[joint] 2000/4000 Mphys=1.363 Manchor=1.45 loss=1.676189e-03 spec=1.284e-05
[joint] 2100/4000 Mphys=1.379 Manchor=1.20 loss=1.819050e-03 spec=5.823e-06
[joint] 2200/4000 Mphys=1.336 Manchor=1.25 loss=1.778983e-03 spec=5.865e-07
[joint] 2300/4000 Mphys=1.203 Manchor=1.45 loss=1.116985e-02 spec=3.654e-07
[joint] 2400/4000 Mphys=1.284 Manchor=1.40 loss=2.549335e-03 spec=1.031e-07
[joint] 2500/4000 Mphys=1.310 Manchor=1.25 loss=2.462141e-03 spec=5.120e-10
[joint] 2600/4000 Mphys=1.168 Manchor=1.40 loss=3.070332e-03 spec=1.959e-07
[joint] 2700/4000 Mphys=1.387 Manchor=1.25 loss=9.254865e-04 spec=4.244e-08
[joint] 2800/4000 Mphys=1.410 Manchor=1.45 loss=7.314129e-04 spec=6.875e-08
[joint] 2900/4000 Mphys=1.427 Manchor=1.40 loss=1.578075e-03 spec=1.718e-05
[joint] 3000/4000 Mphys=1.294 Manchor=1.20 loss=8.481600e-02 spec=1.677e-03
[joint] 3100/4000 Mphys=1.280 Manchor=1.45 loss=5.904713e-03 spec=6.620e-05
[joint] 3200/4000 Mphys=1.283 Manchor=1.40 loss=1.705950e-02 spec=1.812e-07
[joint] 3300/4000 Mphys=1.413 Manchor=1.40 loss=9.815382e-04 spec=7.603e-07
[joint] 3400/4000 Mphys=1.413 Manchor=1.40 loss=1.731997e-03 spec=2.281e-06
[joint] 3500/4000 Mphys=1.446 Manchor=1.20 loss=2.646187e-03 spec=2.662e-05
[joint] 3600/4000 Mphys=1.371 Manchor=1.20 loss=4.936195e-03 spec=7.491e-05
[joint] 3700/4000 Mphys=1.177 Manchor=1.25 loss=1.407798e-03 spec=9.867e-06
[joint] 3800/4000 Mphys=1.246 Manchor=1.25 loss=1.459081e-02 spec=2.486e-04
[joint] 3900/4000 Mphys=1.172 Manchor=1.45 loss=1.397844e-01 spec=2.487e-03
[joint] 4000/4000 Mphys=1.177 Manchor=1.40 loss=6.646527e-03 spec=7.202e-05

================================================================================
GLOBAL S4M0 TRAINING COMPLETE
================================================================================
selected: /lustre/fswork/projects/rech/fdb/usv13rn/These_PINN_KH_RT/assets/pinn_supersonic/atlas2d_v1_continuousM/N24/runs/C12/best_joint_checkpoint.pt

{
  "train": {
    "n": 6,
    "n_mach": 4,
    "cr_mae": 2.3233596035921827e-05,
    "cr_max_abs": 7.960107318674692e-05,
    "ci_mae": 1.5102940244829967e-06,
    "ci_max_abs": 3.5023990748936362e-06,
    "omega_i_mae": 3.200495929948101e-07,
    "spectral_error_mean": 2.3531608888403516e-05,
    "spectral_error_max": 7.965225655120121e-05
  }
}

TEST SPLIT REMAINS SEALED.

output: /lustre/fswork/projects/rech/fdb/usv13rn/These_PINN_KH_RT/assets/pinn_supersonic/atlas2d_v1_continuousM/N24/runs/C12

====================================================================================================
FINISHED
chart = C12
end   = Thu Aug 20 11:59:19 AM CEST 2026
====================================================================================================
