====================================================================================================
SUPERSONIC ATLAS2D V1 — N36
====================================================================================================
job          = 1175309
array task   = 0
chart        = C00
config       = configs/pinn_supersonic/atlas2d_v1_continuousM/N36/C00.json
output       = assets/pinn_supersonic/atlas2d_v1_continuousM/N36/runs/C00
node         = r9i5n3
start        = Thu Aug 20 11:49:43 AM CEST 2026
====================================================================================================
train Mach: 1.00 1.05 1.20 1.25
validation Mach: 
test Mach (sealed): 
[spectral_prefit] 1/2000 M=1.20 loss=7.756263e+00
[spectral_prefit] 100/2000 M=1.00 loss=6.907606e+00
[spectral_prefit] 200/2000 M=1.00 loss=2.275144e+00
[spectral_prefit] 300/2000 M=1.05 loss=2.350982e-01
[spectral_prefit] 400/2000 M=1.20 loss=4.756779e-03
[spectral_prefit] 500/2000 M=1.20 loss=8.601370e-05
[spectral_prefit] 600/2000 M=1.05 loss=6.078375e-02
[spectral_prefit] 700/2000 M=1.20 loss=5.239677e-04
[spectral_prefit] 800/2000 M=1.20 loss=4.985200e-04
[spectral_prefit] 900/2000 M=1.05 loss=1.597791e-02
[spectral_prefit] 1000/2000 M=1.20 loss=2.557447e-05
[spectral_prefit] 1100/2000 M=1.00 loss=2.710465e-01
[spectral_prefit] 1200/2000 M=1.00 loss=2.047122e-01
[spectral_prefit] 1300/2000 M=1.20 loss=1.201193e-05
[spectral_prefit] 1400/2000 M=1.00 loss=1.184909e-01
[spectral_prefit] 1500/2000 M=1.25 loss=2.011764e-04
[spectral_prefit] 1600/2000 M=1.05 loss=1.059159e-03
[spectral_prefit] 1700/2000 M=1.00 loss=5.271606e-02
[spectral_prefit] 1800/2000 M=1.20 loss=1.110370e-04
[spectral_prefit] 1900/2000 M=1.00 loss=2.726755e-02
[spectral_prefit] 2000/2000 M=1.05 loss=7.507649e-05
[modal_frozen] 1/4000 M=1.19 loss=6.114879e+00 rk=7.492e-02 rq=7.857e-02
[modal_frozen] 100/4000 M=1.09 loss=1.201833e-01 rk=2.302e-02 rq=2.480e-02
[modal_frozen] 200/4000 M=1.06 loss=5.106618e-02 rk=1.320e-02 rq=1.405e-02
[modal_frozen] 300/4000 M=1.19 loss=2.965233e-02 rk=7.206e-03 rq=7.196e-03
[modal_frozen] 400/4000 M=1.19 loss=7.235585e-02 rk=5.913e-03 rq=6.705e-03
[modal_frozen] 500/4000 M=1.21 loss=2.213985e-02 rk=5.445e-03 rq=4.504e-03
[modal_frozen] 600/4000 M=1.24 loss=7.044145e-02 rk=8.132e-03 rq=6.826e-03
[modal_frozen] 700/4000 M=1.02 loss=7.968969e-02 rk=4.560e-03 rq=4.545e-03
[modal_frozen] 800/4000 M=1.06 loss=2.699825e-02 rk=2.617e-03 rq=2.376e-03
[modal_frozen] 900/4000 M=1.13 loss=5.530751e-02 rk=2.261e-03 rq=2.298e-03
[modal_frozen] 1000/4000 M=1.05 loss=7.016678e-02 rk=1.842e-03 rq=1.930e-03
[modal_frozen] 1100/4000 M=1.17 loss=8.713781e-03 rk=1.409e-03 rq=1.210e-03
[modal_frozen] 1200/4000 M=1.02 loss=8.361211e-03 rk=2.029e-03 rq=2.016e-03
[modal_frozen] 1300/4000 M=1.00 loss=2.800729e-02 rk=3.134e-03 rq=3.021e-03
[modal_frozen] 1400/4000 M=1.16 loss=3.635552e-03 rk=8.235e-04 rq=7.821e-04
[modal_frozen] 1500/4000 M=1.08 loss=4.592155e-03 rk=1.026e-03 rq=1.017e-03
[modal_frozen] 1600/4000 M=1.07 loss=4.895562e-03 rk=9.075e-04 rq=8.241e-04
[modal_frozen] 1700/4000 M=1.08 loss=9.876324e-03 rk=8.018e-04 rq=7.309e-04
[modal_frozen] 1800/4000 M=1.07 loss=6.104316e-03 rk=8.030e-04 rq=6.970e-04
[modal_frozen] 1900/4000 M=1.02 loss=5.715389e-03 rk=9.965e-04 rq=1.092e-03
[modal_frozen] 2000/4000 M=1.20 loss=1.493944e-02 rk=7.922e-04 rq=7.133e-04
[modal_frozen] 2100/4000 M=1.08 loss=3.774421e-02 rk=1.008e-03 rq=6.623e-04
[modal_frozen] 2200/4000 M=1.24 loss=1.733568e-02 rk=1.336e-03 rq=1.088e-03
[modal_frozen] 2300/4000 M=1.04 loss=6.501889e-02 rk=1.101e-03 rq=9.103e-04
[modal_frozen] 2400/4000 M=1.04 loss=5.427192e-03 rk=7.564e-04 rq=7.285e-04
[modal_frozen] 2500/4000 M=1.12 loss=2.303519e-03 rk=4.198e-04 rq=3.707e-04
[modal_frozen] 2600/4000 M=1.10 loss=6.176013e-03 rk=4.239e-04 rq=4.226e-04
[modal_frozen] 2700/4000 M=1.15 loss=2.462233e-03 rk=3.590e-04 rq=3.272e-04
[modal_frozen] 2800/4000 M=1.10 loss=1.653521e-03 rk=3.398e-04 rq=3.473e-04
[modal_frozen] 2900/4000 M=1.00 loss=4.546086e-03 rk=9.114e-04 rq=9.147e-04
[modal_frozen] 3000/4000 M=1.16 loss=1.344999e-03 rk=2.865e-04 rq=2.862e-04
[modal_frozen] 3100/4000 M=1.02 loss=3.037290e-03 rk=4.906e-04 rq=5.818e-04
[modal_frozen] 3200/4000 M=1.06 loss=4.395067e-03 rk=3.613e-04 rq=3.369e-04
[modal_frozen] 3300/4000 M=1.04 loss=4.169318e-03 rk=3.185e-04 rq=3.339e-04
[modal_frozen] 3400/4000 M=1.01 loss=4.820249e-03 rk=6.094e-04 rq=6.116e-04
[modal_frozen] 3500/4000 M=1.21 loss=7.028903e-03 rk=4.017e-04 rq=3.693e-04
[modal_frozen] 3600/4000 M=1.03 loss=9.553120e-03 rk=4.482e-04 rq=4.394e-04
[modal_frozen] 3700/4000 M=1.07 loss=8.465871e-03 rk=3.603e-04 rq=3.198e-04
[modal_frozen] 3800/4000 M=1.02 loss=2.348574e-03 rk=4.032e-04 rq=3.551e-04
[modal_frozen] 3900/4000 M=1.18 loss=2.742087e-03 rk=2.723e-04 rq=2.302e-04
[modal_frozen] 4000/4000 M=1.23 loss=3.960687e-03 rk=3.586e-04 rq=3.168e-04
[joint] 1/4000 Mphys=1.174 Manchor=1.05 loss=1.009035e-02 spec=7.378e-05
[joint] 100/4000 Mphys=1.217 Manchor=1.05 loss=1.053484e-02 spec=5.297e-05
[joint] 200/4000 Mphys=1.201 Manchor=1.25 loss=8.894021e-02 spec=1.743e-03
[joint] 300/4000 Mphys=1.035 Manchor=1.05 loss=6.073241e-03 spec=2.927e-05
[joint] 400/4000 Mphys=1.011 Manchor=1.20 loss=3.531434e-02 spec=3.821e-07
[joint] 500/4000 Mphys=1.049 Manchor=1.00 loss=7.093796e-03 spec=2.995e-05
[joint] 600/4000 Mphys=1.124 Manchor=1.25 loss=1.538550e-03 spec=5.731e-07
[joint] 700/4000 Mphys=1.188 Manchor=1.00 loss=7.926141e-03 spec=6.867e-07
[joint] 800/4000 Mphys=1.229 Manchor=1.05 loss=4.045962e-03 spec=1.093e-05
[joint] 900/4000 Mphys=1.087 Manchor=1.20 loss=1.982763e-03 spec=1.630e-05
[joint] 1000/4000 Mphys=1.202 Manchor=1.05 loss=1.630805e-03 spec=1.143e-06
[joint] 1100/4000 Mphys=1.127 Manchor=1.25 loss=1.845721e-01 spec=3.574e-03
[joint] 1200/4000 Mphys=1.166 Manchor=1.00 loss=2.224564e-02 spec=3.810e-04
[joint] 1300/4000 Mphys=1.036 Manchor=1.20 loss=2.027335e-03 spec=2.084e-05
[joint] 1400/4000 Mphys=1.186 Manchor=1.25 loss=2.487414e-03 spec=3.457e-05
[joint] 1500/4000 Mphys=1.050 Manchor=1.20 loss=1.186664e-03 spec=9.611e-06
[joint] 1600/4000 Mphys=1.104 Manchor=1.20 loss=6.162860e-04 spec=1.913e-07
[joint] 1700/4000 Mphys=1.138 Manchor=1.25 loss=1.539447e-03 spec=2.519e-09
[joint] 1800/4000 Mphys=1.171 Manchor=1.05 loss=1.095937e-03 spec=4.249e-08
[joint] 1900/4000 Mphys=1.011 Manchor=1.00 loss=1.586095e-03 spec=1.145e-07
[joint] 2000/4000 Mphys=1.083 Manchor=1.00 loss=3.050789e-03 spec=3.729e-08
[joint] 2100/4000 Mphys=1.014 Manchor=1.20 loss=6.247695e-03 spec=1.475e-08
[joint] 2200/4000 Mphys=1.065 Manchor=1.05 loss=1.652696e-03 spec=1.090e-11
[joint] 2300/4000 Mphys=1.061 Manchor=1.25 loss=5.852213e-04 spec=1.689e-11
[joint] 2400/4000 Mphys=1.066 Manchor=1.25 loss=2.475502e-03 spec=1.694e-11
[joint] 2500/4000 Mphys=1.029 Manchor=1.20 loss=1.959987e-03 spec=2.270e-11
[joint] 2600/4000 Mphys=1.143 Manchor=1.05 loss=1.359844e-03 spec=1.167e-09
[joint] 2700/4000 Mphys=1.207 Manchor=1.00 loss=2.698137e-03 spec=4.190e-08
[joint] 2800/4000 Mphys=1.199 Manchor=1.20 loss=2.652322e-03 spec=8.312e-06
[joint] 2900/4000 Mphys=1.125 Manchor=1.20 loss=6.739786e+00 spec=1.347e-01
[joint] 3000/4000 Mphys=1.011 Manchor=1.25 loss=1.501467e-02 spec=2.669e-04
[joint] 3100/4000 Mphys=1.241 Manchor=1.20 loss=5.428560e-03 spec=2.709e-05
[joint] 3200/4000 Mphys=1.073 Manchor=1.00 loss=1.629867e-03 spec=2.220e-07
[joint] 3300/4000 Mphys=1.056 Manchor=1.25 loss=9.215577e-04 spec=3.629e-10
[joint] 3400/4000 Mphys=1.087 Manchor=1.25 loss=3.478028e-03 spec=8.223e-10
[joint] 3500/4000 Mphys=1.163 Manchor=1.05 loss=8.463406e-04 spec=1.831e-11
[joint] 3600/4000 Mphys=1.117 Manchor=1.05 loss=8.970670e-04 spec=5.287e-11
[joint] 3700/4000 Mphys=1.245 Manchor=1.20 loss=2.087875e-02 spec=5.859e-10
[joint] 3800/4000 Mphys=1.164 Manchor=1.05 loss=1.793960e-03 spec=1.392e-09
[joint] 3900/4000 Mphys=1.144 Manchor=1.00 loss=6.018660e-04 spec=1.952e-11
[joint] 4000/4000 Mphys=1.002 Manchor=1.05 loss=1.063768e-03 spec=3.030e-11

================================================================================
GLOBAL S4M0 TRAINING COMPLETE
================================================================================
selected: /lustre/fswork/projects/rech/fdb/usv13rn/These_PINN_KH_RT/assets/pinn_supersonic/atlas2d_v1_continuousM/N36/runs/C00/best_joint_checkpoint.pt

{
  "train": {
    "n": 6,
    "n_mach": 4,
    "cr_mae": 6.751910945756732e-07,
    "cr_max_abs": 1.8976703193562816e-06,
    "ci_mae": 1.771584666083291e-07,
    "ci_max_abs": 4.344799548056111e-07,
    "omega_i_mae": 1.8787891899860643e-08,
    "spectral_error_mean": 7.131757474889581e-07,
    "spectral_error_max": 1.9467730920920542e-06
  }
}

TEST SPLIT REMAINS SEALED.

output: /lustre/fswork/projects/rech/fdb/usv13rn/These_PINN_KH_RT/assets/pinn_supersonic/atlas2d_v1_continuousM/N36/runs/C00

====================================================================================================
FINISHED
chart = C00
end   = Thu Aug 20 11:58:56 AM CEST 2026
====================================================================================================
