====================================================================================================
SUPERSONIC ATLAS2D V1 — N24
====================================================================================================
job          = 1175321
array task   = 1
chart        = C01
config       = configs/pinn_supersonic/atlas2d_v1_continuousM/N24/C01.json
output       = assets/pinn_supersonic/atlas2d_v1_continuousM/N24/runs/C01
node         = r8i0n5
start        = Thu Aug 20 11:49:44 AM CEST 2026
====================================================================================================
train Mach: 1.00 1.20 1.25
validation Mach: 
test Mach (sealed): 
[spectral_prefit] 1/2000 M=1.00 loss=1.354760e+01
[spectral_prefit] 100/2000 M=1.20 loss=2.197558e-01
[spectral_prefit] 200/2000 M=1.20 loss=5.254357e-03
[spectral_prefit] 300/2000 M=1.00 loss=1.289142e-01
[spectral_prefit] 400/2000 M=1.00 loss=6.348407e-02
[spectral_prefit] 500/2000 M=1.20 loss=4.021402e-03
[spectral_prefit] 600/2000 M=1.00 loss=1.597355e-02
[spectral_prefit] 700/2000 M=1.20 loss=1.971163e-03
[spectral_prefit] 800/2000 M=1.20 loss=2.356366e-03
[spectral_prefit] 900/2000 M=1.25 loss=1.028292e-03
[spectral_prefit] 1000/2000 M=1.20 loss=1.056717e-03
[spectral_prefit] 1100/2000 M=1.20 loss=1.007986e-04
[spectral_prefit] 1200/2000 M=1.20 loss=3.033368e-04
[spectral_prefit] 1300/2000 M=1.20 loss=7.350029e-05
[spectral_prefit] 1400/2000 M=1.20 loss=8.333295e-05
[spectral_prefit] 1500/2000 M=1.25 loss=1.634004e-05
[spectral_prefit] 1600/2000 M=1.00 loss=3.466312e-06
[spectral_prefit] 1700/2000 M=1.20 loss=3.589688e-06
[spectral_prefit] 1800/2000 M=1.00 loss=4.116873e-07
[spectral_prefit] 1900/2000 M=1.25 loss=4.257955e-08
[spectral_prefit] 2000/2000 M=1.00 loss=5.024584e-08
[modal_frozen] 1/4000 M=1.21 loss=9.452716e+00 rk=8.513e-02 rq=9.125e-02
[modal_frozen] 100/4000 M=1.17 loss=1.495398e-01 rk=3.309e-02 rq=3.264e-02
[modal_frozen] 200/4000 M=1.09 loss=6.064684e-02 rk=1.325e-02 rq=1.328e-02
[modal_frozen] 300/4000 M=1.01 loss=8.761845e-02 rk=1.377e-02 rq=1.568e-02
[modal_frozen] 400/4000 M=1.10 loss=9.052957e-02 rk=6.345e-03 rq=5.521e-03
[modal_frozen] 500/4000 M=1.15 loss=4.427519e-02 rk=4.450e-03 rq=4.220e-03
[modal_frozen] 600/4000 M=1.24 loss=1.362286e-01 rk=8.343e-03 rq=8.163e-03
[modal_frozen] 700/4000 M=1.05 loss=3.003295e-02 rk=3.503e-03 rq=3.429e-03
[modal_frozen] 800/4000 M=1.14 loss=9.966189e-03 rk=2.563e-03 rq=2.530e-03
[modal_frozen] 900/4000 M=1.16 loss=9.926793e-03 rk=2.212e-03 rq=2.096e-03
[modal_frozen] 1000/4000 M=1.15 loss=8.214114e-03 rk=1.935e-03 rq=1.792e-03
[modal_frozen] 1100/4000 M=1.14 loss=7.119765e-03 rk=1.768e-03 rq=1.688e-03
[modal_frozen] 1200/4000 M=1.19 loss=6.436547e-03 rk=1.539e-03 rq=1.295e-03
[modal_frozen] 1300/4000 M=1.19 loss=1.843070e-02 rk=1.569e-03 rq=1.379e-03
[modal_frozen] 1400/4000 M=1.01 loss=1.214638e-02 rk=2.774e-03 rq=2.934e-03
[modal_frozen] 1500/4000 M=1.25 loss=2.716179e-02 rk=3.708e-03 rq=3.434e-03
[modal_frozen] 1600/4000 M=1.05 loss=2.871622e-02 rk=1.225e-03 rq=1.079e-03
[modal_frozen] 1700/4000 M=1.16 loss=1.866808e-01 rk=1.417e-03 rq=1.433e-03
[modal_frozen] 1800/4000 M=1.24 loss=1.357559e-02 rk=2.255e-03 rq=2.111e-03
[modal_frozen] 1900/4000 M=1.09 loss=5.559303e-03 rk=8.705e-04 rq=8.332e-04
[modal_frozen] 2000/4000 M=1.23 loss=5.953482e-03 rk=1.466e-03 rq=1.229e-03
[modal_frozen] 2100/4000 M=1.07 loss=3.760085e-03 rk=6.078e-04 rq=6.101e-04
[modal_frozen] 2200/4000 M=1.14 loss=4.143810e-03 rk=7.759e-04 rq=6.575e-04
[modal_frozen] 2300/4000 M=1.09 loss=1.772347e-02 rk=7.615e-04 rq=7.253e-04
[modal_frozen] 2400/4000 M=1.06 loss=4.940451e-03 rk=5.428e-04 rq=6.150e-04
[modal_frozen] 2500/4000 M=1.16 loss=4.120872e-02 rk=8.038e-04 rq=6.562e-04
[modal_frozen] 2600/4000 M=1.12 loss=7.000547e-03 rk=5.525e-04 rq=5.100e-04
[modal_frozen] 2700/4000 M=1.09 loss=6.741444e-03 rk=5.478e-04 rq=5.896e-04
[modal_frozen] 2800/4000 M=1.08 loss=5.295663e-03 rk=4.864e-04 rq=4.629e-04
[modal_frozen] 2900/4000 M=1.21 loss=1.322774e-02 rk=1.085e-03 rq=9.110e-04
[modal_frozen] 3000/4000 M=1.10 loss=4.699466e-02 rk=6.428e-04 rq=6.576e-04
[modal_frozen] 3100/4000 M=1.23 loss=6.416100e-03 rk=8.150e-04 rq=7.486e-04
[modal_frozen] 3200/4000 M=1.24 loss=4.105418e-03 rk=8.946e-04 rq=8.439e-04
[modal_frozen] 3300/4000 M=1.08 loss=2.122096e-03 rk=3.996e-04 rq=4.126e-04
[modal_frozen] 3400/4000 M=1.19 loss=2.449961e-03 rk=4.422e-04 rq=4.108e-04
[modal_frozen] 3500/4000 M=1.12 loss=2.009075e-03 rk=3.628e-04 rq=3.469e-04
[modal_frozen] 3600/4000 M=1.05 loss=2.591483e-03 rk=3.086e-04 rq=3.321e-04
[modal_frozen] 3700/4000 M=1.17 loss=2.692590e-03 rk=3.331e-04 rq=3.240e-04
[modal_frozen] 3800/4000 M=1.08 loss=6.010750e-03 rk=4.111e-04 rq=4.257e-04
[modal_frozen] 3900/4000 M=1.06 loss=5.630042e-03 rk=3.084e-04 rq=3.745e-04
[modal_frozen] 4000/4000 M=1.18 loss=7.465219e-03 rk=3.419e-04 rq=4.065e-04
[joint] 1/4000 Mphys=1.122 Manchor=1.20 loss=1.300852e-02 spec=8.979e-08
[joint] 100/4000 Mphys=1.044 Manchor=1.00 loss=2.795905e-03 spec=1.468e-05
[joint] 200/4000 Mphys=1.053 Manchor=1.00 loss=1.151737e-02 spec=1.901e-04
[joint] 300/4000 Mphys=1.164 Manchor=1.00 loss=5.365341e-03 spec=9.091e-07
[joint] 400/4000 Mphys=1.016 Manchor=1.00 loss=2.334146e-03 spec=5.853e-07
[joint] 500/4000 Mphys=1.126 Manchor=1.25 loss=6.963116e-03 spec=7.714e-05
[joint] 600/4000 Mphys=1.048 Manchor=1.25 loss=8.640915e-03 spec=1.009e-04
[joint] 700/4000 Mphys=1.243 Manchor=1.00 loss=3.633884e-03 spec=2.261e-05
[joint] 800/4000 Mphys=1.079 Manchor=1.00 loss=1.044245e-02 spec=1.649e-04
[joint] 900/4000 Mphys=1.202 Manchor=1.20 loss=1.594243e-03 spec=1.176e-05
[joint] 1000/4000 Mphys=1.047 Manchor=1.20 loss=1.738623e-03 spec=1.487e-05
[joint] 1100/4000 Mphys=1.215 Manchor=1.25 loss=1.534194e-02 spec=9.596e-06
[joint] 1200/4000 Mphys=1.242 Manchor=1.20 loss=2.664533e-03 spec=1.312e-05
[joint] 1300/4000 Mphys=1.017 Manchor=1.25 loss=4.627148e-02 spec=8.926e-04
[joint] 1400/4000 Mphys=1.101 Manchor=1.25 loss=1.225487e-02 spec=2.327e-04
[joint] 1500/4000 Mphys=1.032 Manchor=1.20 loss=1.537029e-03 spec=1.363e-05
[joint] 1600/4000 Mphys=1.171 Manchor=1.25 loss=7.893494e-04 spec=6.660e-07
[joint] 1700/4000 Mphys=1.144 Manchor=1.25 loss=1.539330e-03 spec=4.636e-09
[joint] 1800/4000 Mphys=1.023 Manchor=1.00 loss=1.303081e-03 spec=2.103e-09
[joint] 1900/4000 Mphys=1.090 Manchor=1.25 loss=8.207150e-04 spec=9.356e-11
[joint] 2000/4000 Mphys=1.089 Manchor=1.25 loss=1.316753e-03 spec=2.282e-09
[joint] 2100/4000 Mphys=1.034 Manchor=1.00 loss=1.219017e-02 spec=1.455e-08
[joint] 2200/4000 Mphys=1.013 Manchor=1.25 loss=2.458208e-03 spec=3.472e-07
[joint] 2300/4000 Mphys=1.097 Manchor=1.00 loss=9.628886e-04 spec=2.604e-08
[joint] 2400/4000 Mphys=1.192 Manchor=1.25 loss=8.216393e-04 spec=2.365e-07
[joint] 2500/4000 Mphys=1.150 Manchor=1.00 loss=6.705682e-04 spec=8.517e-07
[joint] 2600/4000 Mphys=1.073 Manchor=1.25 loss=2.582040e-01 spec=5.149e-03
[joint] 2700/4000 Mphys=1.140 Manchor=1.25 loss=3.504779e-02 spec=6.880e-04
[joint] 2800/4000 Mphys=1.100 Manchor=1.25 loss=9.034397e-04 spec=1.939e-06
[joint] 2900/4000 Mphys=1.135 Manchor=1.25 loss=1.079791e-03 spec=6.307e-06
[joint] 3000/4000 Mphys=1.176 Manchor=1.00 loss=5.481211e-04 spec=3.597e-08
[joint] 3100/4000 Mphys=1.136 Manchor=1.20 loss=7.033438e-04 spec=3.229e-08
[joint] 3200/4000 Mphys=1.246 Manchor=1.20 loss=1.201475e-03 spec=4.572e-09
[joint] 3300/4000 Mphys=1.035 Manchor=1.00 loss=8.827103e-04 spec=1.055e-09
[joint] 3400/4000 Mphys=1.117 Manchor=1.00 loss=1.075868e-03 spec=1.628e-08
[joint] 3500/4000 Mphys=1.028 Manchor=1.25 loss=4.171764e-03 spec=1.262e-06
[joint] 3600/4000 Mphys=1.168 Manchor=1.00 loss=1.269428e-02 spec=1.047e-07
[joint] 3700/4000 Mphys=1.215 Manchor=1.25 loss=1.480813e-03 spec=7.280e-08
[joint] 3800/4000 Mphys=1.139 Manchor=1.25 loss=8.433650e-04 spec=3.714e-07
[joint] 3900/4000 Mphys=1.150 Manchor=1.00 loss=4.728475e-02 spec=9.220e-04
[joint] 4000/4000 Mphys=1.202 Manchor=1.25 loss=1.290885e-03 spec=1.232e-05

================================================================================
GLOBAL S4M0 TRAINING COMPLETE
================================================================================
selected: /lustre/fswork/projects/rech/fdb/usv13rn/These_PINN_KH_RT/assets/pinn_supersonic/atlas2d_v1_continuousM/N24/runs/C01/best_joint_checkpoint.pt

{
  "train": {
    "n": 6,
    "n_mach": 3,
    "cr_mae": 8.980306085436435e-05,
    "cr_max_abs": 0.00023561770641500335,
    "ci_mae": 1.0745150202544929e-05,
    "ci_max_abs": 2.8901504521297583e-05,
    "omega_i_mae": 1.4293459100966303e-06,
    "spectral_error_mean": 9.046229844095306e-05,
    "spectral_error_max": 0.00023738365685080617
  }
}

TEST SPLIT REMAINS SEALED.

output: /lustre/fswork/projects/rech/fdb/usv13rn/These_PINN_KH_RT/assets/pinn_supersonic/atlas2d_v1_continuousM/N24/runs/C01

====================================================================================================
FINISHED
chart = C01
end   = Thu Aug 20 11:59:17 AM CEST 2026
====================================================================================================
