====================================================================================================
SUPERSONIC ATLAS2D V1 — N60
====================================================================================================
job          = 1175292
array task   = 5
chart        = C12
config       = configs/pinn_supersonic/atlas2d_v1_continuousM/N60/C12.json
output       = assets/pinn_supersonic/atlas2d_v1_continuousM/N60/runs/C12
node         = r9i0n2
start        = Thu Aug 20 11:49:42 AM CEST 2026
====================================================================================================
train Mach: 1.15 1.20 1.25 1.30 1.35 1.40 1.45
validation Mach: 
test Mach (sealed): 
[spectral_prefit] 1/2000 M=1.25 loss=5.511704e+00
[spectral_prefit] 100/2000 M=1.45 loss=5.309168e+00
[spectral_prefit] 200/2000 M=1.15 loss=7.372931e-01
[spectral_prefit] 300/2000 M=1.40 loss=3.757864e-01
[spectral_prefit] 400/2000 M=1.25 loss=1.345100e+00
[spectral_prefit] 500/2000 M=1.30 loss=6.930932e-01
[spectral_prefit] 600/2000 M=1.25 loss=8.338643e-01
[spectral_prefit] 700/2000 M=1.45 loss=4.675817e-01
[spectral_prefit] 800/2000 M=1.40 loss=2.647072e-01
[spectral_prefit] 900/2000 M=1.20 loss=1.131799e-02
[spectral_prefit] 1000/2000 M=1.45 loss=2.438907e-01
[spectral_prefit] 1100/2000 M=1.40 loss=5.770394e-02
[spectral_prefit] 1200/2000 M=1.20 loss=3.886060e-04
[spectral_prefit] 1300/2000 M=1.20 loss=3.052791e-03
[spectral_prefit] 1400/2000 M=1.20 loss=1.508945e-05
[spectral_prefit] 1500/2000 M=1.25 loss=1.204691e-01
[spectral_prefit] 1600/2000 M=1.15 loss=1.403925e-02
[spectral_prefit] 1700/2000 M=1.45 loss=4.650841e-02
[spectral_prefit] 1800/2000 M=1.30 loss=6.504506e-03
[spectral_prefit] 1900/2000 M=1.45 loss=3.057680e-02
[spectral_prefit] 2000/2000 M=1.35 loss=9.342360e-03
[modal_frozen] 1/4000 M=1.17 loss=9.845399e+00 rk=7.581e-02 rq=7.420e-02
[modal_frozen] 100/4000 M=1.25 loss=1.546929e-01 rk=2.719e-02 rq=2.766e-02
[modal_frozen] 200/4000 M=1.44 loss=1.181877e-01 rk=3.270e-02 rq=2.435e-02
[modal_frozen] 300/4000 M=1.35 loss=3.848272e-02 rk=1.231e-02 rq=7.921e-03
[modal_frozen] 400/4000 M=1.28 loss=3.449387e-02 rk=1.000e-02 rq=5.421e-03
[modal_frozen] 500/4000 M=1.29 loss=3.260013e-02 rk=8.206e-03 rq=3.882e-03
[modal_frozen] 600/4000 M=1.29 loss=8.118379e-02 rk=8.115e-03 rq=3.911e-03
[modal_frozen] 700/4000 M=1.41 loss=4.415071e-02 rk=1.103e-02 rq=3.826e-03
[modal_frozen] 800/4000 M=1.31 loss=1.474813e-02 rk=6.749e-03 rq=2.788e-03
[modal_frozen] 900/4000 M=1.32 loss=1.853913e-02 rk=6.134e-03 rq=2.533e-03
[modal_frozen] 1000/4000 M=1.26 loss=1.795577e-02 rk=4.551e-03 rq=1.893e-03
[modal_frozen] 1100/4000 M=1.26 loss=1.171014e-02 rk=4.127e-03 rq=1.849e-03
[modal_frozen] 1200/4000 M=1.28 loss=1.229433e-02 rk=4.442e-03 rq=1.544e-03
[modal_frozen] 1300/4000 M=1.18 loss=1.374903e-02 rk=3.933e-03 rq=2.499e-03
[modal_frozen] 1400/4000 M=1.22 loss=1.520316e-01 rk=3.232e-03 rq=1.884e-03
[modal_frozen] 1500/4000 M=1.44 loss=2.914418e-02 rk=7.937e-03 rq=2.069e-03
[modal_frozen] 1600/4000 M=1.42 loss=1.425609e-02 rk=7.731e-03 rq=1.452e-03
[modal_frozen] 1700/4000 M=1.44 loss=2.173967e-02 rk=7.264e-03 rq=2.078e-03
[modal_frozen] 1800/4000 M=1.30 loss=5.205153e-03 rk=2.035e-03 rq=8.378e-04
[modal_frozen] 1900/4000 M=1.37 loss=6.380217e-03 rk=2.991e-03 rq=8.767e-04
[modal_frozen] 2000/4000 M=1.20 loss=5.529237e-03 rk=1.248e-03 rq=1.014e-03
[modal_frozen] 2100/4000 M=1.19 loss=4.562812e-03 rk=1.281e-03 rq=8.919e-04
[modal_frozen] 2200/4000 M=1.32 loss=3.976531e-03 rk=1.336e-03 rq=7.705e-04
[modal_frozen] 2300/4000 M=1.31 loss=7.211702e-03 rk=9.976e-04 rq=6.449e-04
[modal_frozen] 2400/4000 M=1.37 loss=9.297373e-03 rk=1.524e-03 rq=7.564e-04
[modal_frozen] 2500/4000 M=1.41 loss=7.571057e-03 rk=2.337e-03 rq=7.681e-04
[modal_frozen] 2600/4000 M=1.34 loss=3.418221e-03 rk=8.781e-04 rq=5.093e-04
[modal_frozen] 2700/4000 M=1.21 loss=1.376645e-02 rk=8.771e-04 rq=6.686e-04
[modal_frozen] 2800/4000 M=1.31 loss=6.774919e-03 rk=7.973e-04 rq=5.182e-04
[modal_frozen] 2900/4000 M=1.31 loss=3.723808e-03 rk=7.297e-04 rq=4.792e-04
[modal_frozen] 3000/4000 M=1.25 loss=2.691990e-02 rk=7.033e-04 rq=4.879e-04
[modal_frozen] 3100/4000 M=1.42 loss=2.090256e-02 rk=1.823e-03 rq=1.162e-03
[modal_frozen] 3200/4000 M=1.26 loss=3.740594e-03 rk=6.401e-04 rq=4.630e-04
[modal_frozen] 3300/4000 M=1.41 loss=3.078229e-03 rk=1.115e-03 rq=4.811e-04
[modal_frozen] 3400/4000 M=1.34 loss=2.522691e-03 rk=5.252e-04 rq=2.986e-04
[modal_frozen] 3500/4000 M=1.23 loss=2.028282e-03 rk=5.072e-04 rq=3.383e-04
[modal_frozen] 3600/4000 M=1.28 loss=1.893788e-03 rk=4.455e-04 rq=3.166e-04
[modal_frozen] 3700/4000 M=1.26 loss=2.115268e-03 rk=4.203e-04 rq=2.925e-04
[modal_frozen] 3800/4000 M=1.38 loss=1.939242e-03 rk=5.024e-04 rq=3.105e-04
[modal_frozen] 3900/4000 M=1.32 loss=1.532237e-03 rk=3.445e-04 rq=2.266e-04
[modal_frozen] 4000/4000 M=1.35 loss=5.341423e-03 rk=3.400e-04 rq=2.522e-04
[joint] 1/4000 Mphys=1.252 Manchor=1.30 loss=2.778994e-01 spec=5.499e-03
[joint] 100/4000 Mphys=1.165 Manchor=1.45 loss=5.335208e-01 spec=1.062e-02
[joint] 200/4000 Mphys=1.440 Manchor=1.40 loss=1.544551e-02 spec=1.649e-04
[joint] 300/4000 Mphys=1.171 Manchor=1.15 loss=9.835450e-02 spec=1.918e-03
[joint] 400/4000 Mphys=1.249 Manchor=1.15 loss=6.664699e-02 spec=1.287e-03
[joint] 500/4000 Mphys=1.280 Manchor=1.40 loss=5.313333e-03 spec=2.837e-05
[joint] 600/4000 Mphys=1.334 Manchor=1.40 loss=1.905851e-02 spec=2.851e-04
[joint] 700/4000 Mphys=1.332 Manchor=1.15 loss=3.800378e-01 spec=7.373e-03
[joint] 800/4000 Mphys=1.160 Manchor=1.35 loss=1.727298e-01 spec=3.398e-03
[joint] 900/4000 Mphys=1.199 Manchor=1.25 loss=3.782333e-01 spec=7.526e-03
[joint] 1000/4000 Mphys=1.391 Manchor=1.40 loss=2.883541e-02 spec=4.952e-04
[joint] 1100/4000 Mphys=1.162 Manchor=1.40 loss=4.681781e-03 spec=3.750e-05
[joint] 1200/4000 Mphys=1.339 Manchor=1.25 loss=2.427440e-01 spec=4.834e-03
[joint] 1300/4000 Mphys=1.331 Manchor=1.35 loss=6.677572e-02 spec=1.261e-03
[joint] 1400/4000 Mphys=1.279 Manchor=1.25 loss=1.991486e-01 spec=3.947e-03
[joint] 1500/4000 Mphys=1.192 Manchor=1.30 loss=2.124506e-02 spec=2.705e-04
[joint] 1600/4000 Mphys=1.168 Manchor=1.35 loss=5.804745e-02 spec=1.053e-03
[joint] 1700/4000 Mphys=1.349 Manchor=1.45 loss=2.401706e-02 spec=4.582e-04
[joint] 1800/4000 Mphys=1.326 Manchor=1.25 loss=1.416256e-01 spec=2.814e-03
[joint] 1900/4000 Mphys=1.212 Manchor=1.45 loss=3.816868e-02 spec=7.384e-04
[joint] 2000/4000 Mphys=1.363 Manchor=1.40 loss=1.752409e-01 spec=3.488e-03
[joint] 2100/4000 Mphys=1.379 Manchor=1.15 loss=1.187986e-02 spec=1.894e-04
[joint] 2200/4000 Mphys=1.336 Manchor=1.30 loss=6.028565e-03 spec=9.606e-05
[joint] 2300/4000 Mphys=1.203 Manchor=1.40 loss=4.635870e-03 spec=9.581e-06
[joint] 2400/4000 Mphys=1.284 Manchor=1.35 loss=3.791051e-02 spec=7.151e-04
[joint] 2500/4000 Mphys=1.310 Manchor=1.20 loss=3.643858e-03 spec=1.715e-05
[joint] 2600/4000 Mphys=1.168 Manchor=1.30 loss=6.060337e-03 spec=1.219e-05
[joint] 2700/4000 Mphys=1.387 Manchor=1.30 loss=1.243540e-03 spec=1.232e-06
[joint] 2800/4000 Mphys=1.410 Manchor=1.40 loss=1.282763e-03 spec=1.402e-06
[joint] 2900/4000 Mphys=1.427 Manchor=1.35 loss=9.198330e-03 spec=1.700e-04
[joint] 3000/4000 Mphys=1.294 Manchor=1.20 loss=1.034010e-03 spec=3.034e-06
[joint] 3100/4000 Mphys=1.280 Manchor=1.45 loss=4.883284e-03 spec=4.754e-05
[joint] 3200/4000 Mphys=1.283 Manchor=1.35 loss=1.727081e-02 spec=2.406e-04
[joint] 3300/4000 Mphys=1.413 Manchor=1.30 loss=3.455498e-03 spec=4.482e-05
[joint] 3400/4000 Mphys=1.413 Manchor=1.35 loss=7.017134e-03 spec=1.114e-04
[joint] 3500/4000 Mphys=1.446 Manchor=1.15 loss=2.941867e-03 spec=2.682e-05
[joint] 3600/4000 Mphys=1.371 Manchor=1.20 loss=1.272589e-03 spec=3.927e-07
[joint] 3700/4000 Mphys=1.177 Manchor=1.25 loss=4.534826e-02 spec=8.867e-04
[joint] 3800/4000 Mphys=1.246 Manchor=1.25 loss=3.959236e-02 spec=7.692e-04
[joint] 3900/4000 Mphys=1.172 Manchor=1.45 loss=1.616001e-02 spec=2.014e-05
[joint] 4000/4000 Mphys=1.177 Manchor=1.35 loss=4.533748e-03 spec=6.100e-05

================================================================================
GLOBAL S4M0 TRAINING COMPLETE
================================================================================
selected: /lustre/fswork/projects/rech/fdb/usv13rn/These_PINN_KH_RT/assets/pinn_supersonic/atlas2d_v1_continuousM/N60/runs/C12/best_joint_checkpoint.pt

{
  "train": {
    "n": 11,
    "n_mach": 7,
    "cr_mae": 3.1242474089996566e-05,
    "cr_max_abs": 0.00010608737997355733,
    "ci_mae": 0.00016609914291399827,
    "ci_max_abs": 0.0008965603491594143,
    "omega_i_mae": 4.425982196306272e-05,
    "spectral_error_mean": 0.00017260951037665698,
    "spectral_error_max": 0.0008979037693599525
  }
}

TEST SPLIT REMAINS SEALED.

output: /lustre/fswork/projects/rech/fdb/usv13rn/These_PINN_KH_RT/assets/pinn_supersonic/atlas2d_v1_continuousM/N60/runs/C12

====================================================================================================
FINISHED
chart = C12
end   = Thu Aug 20 11:59:21 AM CEST 2026
====================================================================================================
