====================================================================================================
SUPERSONIC ATLAS2D V1 — N36
====================================================================================================
job          = 1175318
array task   = 9
chart        = C30
config       = configs/pinn_supersonic/atlas2d_v1_continuousM/N36/C30.json
output       = assets/pinn_supersonic/atlas2d_v1_continuousM/N36/runs/C30
node         = r9i5n7
start        = Thu Aug 20 11:49:49 AM CEST 2026
====================================================================================================
train Mach: 1.60 1.65 1.80 1.90
validation Mach: 
test Mach (sealed): 
[spectral_prefit] 1/2000 M=1.60 loss=2.457405e+01
[spectral_prefit] 100/2000 M=1.60 loss=5.608763e-01
[spectral_prefit] 200/2000 M=1.60 loss=3.302516e-03
[spectral_prefit] 300/2000 M=1.65 loss=1.118951e-01
[spectral_prefit] 400/2000 M=1.90 loss=3.148196e-02
[spectral_prefit] 500/2000 M=1.90 loss=4.298381e-02
[spectral_prefit] 600/2000 M=1.90 loss=4.921179e-02
[spectral_prefit] 700/2000 M=1.90 loss=3.954300e-02
[spectral_prefit] 800/2000 M=1.60 loss=4.504506e-03
[spectral_prefit] 900/2000 M=1.90 loss=2.900583e-02
[spectral_prefit] 1000/2000 M=1.60 loss=2.682319e-03
[spectral_prefit] 1100/2000 M=1.60 loss=4.980252e-04
[spectral_prefit] 1200/2000 M=1.90 loss=1.062827e-02
[spectral_prefit] 1300/2000 M=1.60 loss=1.720500e-03
[spectral_prefit] 1400/2000 M=1.80 loss=2.040674e-03
[spectral_prefit] 1500/2000 M=1.80 loss=1.334980e-03
[spectral_prefit] 1600/2000 M=1.65 loss=8.778158e-03
[spectral_prefit] 1700/2000 M=1.90 loss=2.517199e-03
[spectral_prefit] 1800/2000 M=1.90 loss=1.479811e-03
[spectral_prefit] 1900/2000 M=1.65 loss=5.410400e-03
[spectral_prefit] 2000/2000 M=1.80 loss=1.492551e-04
[modal_frozen] 1/4000 M=1.62 loss=8.169299e+00 rk=7.925e-02 rq=8.543e-02
[modal_frozen] 100/4000 M=1.66 loss=1.296437e-01 rk=2.680e-02 rq=2.871e-02
[modal_frozen] 200/4000 M=1.71 loss=5.366335e-02 rk=1.354e-02 rq=1.252e-02
[modal_frozen] 300/4000 M=1.75 loss=3.904173e-02 rk=8.324e-03 rq=7.872e-03
[modal_frozen] 400/4000 M=1.79 loss=5.673988e-02 rk=6.579e-03 rq=5.867e-03
[modal_frozen] 500/4000 M=1.63 loss=2.336041e-02 rk=4.730e-03 rq=5.585e-03
[modal_frozen] 600/4000 M=1.69 loss=2.710103e-02 rk=3.740e-03 rq=4.125e-03
[modal_frozen] 700/4000 M=1.56 loss=3.428482e-02 rk=5.145e-03 rq=6.128e-03
[modal_frozen] 800/4000 M=1.87 loss=1.975458e-02 rk=5.476e-03 rq=4.775e-03
[modal_frozen] 900/4000 M=1.75 loss=3.663682e-02 rk=2.143e-03 rq=2.247e-03
[modal_frozen] 1000/4000 M=1.82 loss=3.775618e-02 rk=2.376e-03 rq=2.054e-03
[modal_frozen] 1100/4000 M=1.72 loss=1.268145e-02 rk=1.624e-03 rq=1.613e-03
[modal_frozen] 1200/4000 M=1.83 loss=2.026104e-02 rk=1.805e-03 rq=1.670e-03
[modal_frozen] 1300/4000 M=1.89 loss=5.008277e-02 rk=3.940e-03 rq=3.723e-03
[modal_frozen] 1400/4000 M=1.82 loss=1.858330e-02 rk=1.554e-03 rq=1.652e-03
[modal_frozen] 1500/4000 M=1.59 loss=1.642951e-02 rk=1.597e-03 rq=1.546e-03
[modal_frozen] 1600/4000 M=1.86 loss=6.476003e-03 rk=1.583e-03 rq=1.463e-03
[modal_frozen] 1700/4000 M=1.84 loss=5.671422e-03 rk=1.263e-03 rq=9.999e-04
[modal_frozen] 1800/4000 M=1.70 loss=5.373539e-03 rk=8.981e-04 rq=7.064e-04
[modal_frozen] 1900/4000 M=1.83 loss=8.870759e-03 rk=1.123e-03 rq=8.127e-04
[modal_frozen] 2000/4000 M=1.81 loss=4.806206e-03 rk=9.965e-04 rq=8.147e-04
[modal_frozen] 2100/4000 M=1.81 loss=1.688779e-02 rk=8.628e-04 rq=9.090e-04
[modal_frozen] 2200/4000 M=1.58 loss=2.919150e-02 rk=1.252e-03 rq=1.111e-03
[modal_frozen] 2300/4000 M=1.66 loss=1.256377e-02 rk=5.871e-04 rq=5.808e-04
[modal_frozen] 2400/4000 M=1.85 loss=7.506486e-03 rk=9.155e-04 rq=7.207e-04
[modal_frozen] 2500/4000 M=1.70 loss=4.981022e-03 rk=6.762e-04 rq=5.554e-04
[modal_frozen] 2600/4000 M=1.83 loss=1.616646e-02 rk=9.051e-04 rq=7.129e-04
[modal_frozen] 2700/4000 M=1.89 loss=1.320744e-02 rk=1.287e-03 rq=1.402e-03
[modal_frozen] 2800/4000 M=1.71 loss=1.539540e-02 rk=6.086e-04 rq=5.166e-04
[modal_frozen] 2900/4000 M=1.84 loss=1.427471e-02 rk=6.966e-04 rq=6.068e-04
[modal_frozen] 3000/4000 M=1.63 loss=4.996629e-03 rk=4.238e-04 rq=4.075e-04
[modal_frozen] 3100/4000 M=1.62 loss=7.795684e-03 rk=4.986e-04 rq=4.360e-04
[modal_frozen] 3200/4000 M=1.68 loss=4.322406e-02 rk=8.757e-04 rq=8.871e-04
[modal_frozen] 3300/4000 M=1.82 loss=6.542930e-03 rk=4.931e-04 rq=6.127e-04
[modal_frozen] 3400/4000 M=1.75 loss=3.702618e-03 rk=4.031e-04 rq=3.786e-04
[modal_frozen] 3500/4000 M=1.60 loss=3.007918e-03 rk=4.088e-04 rq=3.707e-04
[modal_frozen] 3600/4000 M=1.89 loss=5.128716e-03 rk=7.493e-04 rq=8.292e-04
[modal_frozen] 3700/4000 M=1.83 loss=1.249758e-02 rk=4.437e-04 rq=4.379e-04
[modal_frozen] 3800/4000 M=1.89 loss=6.395500e-03 rk=7.571e-04 rq=8.234e-04
[modal_frozen] 3900/4000 M=1.89 loss=4.397314e-03 rk=6.274e-04 rq=6.300e-04
[modal_frozen] 4000/4000 M=1.83 loss=5.450527e-03 rk=3.002e-04 rq=3.432e-04
[joint] 1/4000 Mphys=1.856 Manchor=1.90 loss=3.450587e-02 spec=6.133e-04
[joint] 100/4000 Mphys=1.722 Manchor=1.90 loss=1.111832e-02 spec=1.820e-04
[joint] 200/4000 Mphys=1.678 Manchor=1.80 loss=5.262930e-03 spec=2.380e-05
[joint] 300/4000 Mphys=1.711 Manchor=1.60 loss=5.332612e-03 spec=3.346e-05
[joint] 400/4000 Mphys=1.878 Manchor=1.60 loss=5.547630e-02 spec=9.670e-04
[joint] 500/4000 Mphys=1.789 Manchor=1.90 loss=1.330234e-02 spec=1.413e-04
[joint] 600/4000 Mphys=1.682 Manchor=1.80 loss=2.833751e-03 spec=2.155e-05
[joint] 700/4000 Mphys=1.694 Manchor=1.65 loss=1.821654e-02 spec=3.306e-04
[joint] 800/4000 Mphys=1.762 Manchor=1.65 loss=1.285270e-02 spec=2.124e-04
[joint] 900/4000 Mphys=1.648 Manchor=1.60 loss=1.852763e-03 spec=1.343e-05
[joint] 1000/4000 Mphys=1.814 Manchor=1.65 loss=5.154952e-03 spec=8.222e-05
[joint] 1100/4000 Mphys=1.766 Manchor=1.60 loss=1.423058e-03 spec=2.872e-06
[joint] 1200/4000 Mphys=1.696 Manchor=1.90 loss=2.412282e-03 spec=1.687e-07
[joint] 1300/4000 Mphys=1.881 Manchor=1.90 loss=1.679186e-02 spec=2.231e-07
[joint] 1400/4000 Mphys=1.599 Manchor=1.60 loss=3.400637e-03 spec=1.347e-06
[joint] 1500/4000 Mphys=1.647 Manchor=1.80 loss=2.047423e-03 spec=5.346e-09
[joint] 1600/4000 Mphys=1.643 Manchor=1.65 loss=1.234083e-03 spec=2.480e-06
[joint] 1700/4000 Mphys=1.833 Manchor=1.90 loss=3.915760e-03 spec=1.642e-05
[joint] 1800/4000 Mphys=1.710 Manchor=1.90 loss=9.703522e-03 spec=1.223e-04
[joint] 1900/4000 Mphys=1.756 Manchor=1.60 loss=1.731019e-03 spec=1.071e-05
[joint] 2000/4000 Mphys=1.722 Manchor=1.80 loss=9.249402e-04 spec=4.138e-09
[joint] 2100/4000 Mphys=1.842 Manchor=1.80 loss=7.255730e-04 spec=7.430e-10
[joint] 2200/4000 Mphys=1.683 Manchor=1.65 loss=2.192350e-02 spec=7.981e-08
[joint] 2300/4000 Mphys=1.644 Manchor=1.90 loss=3.761925e-03 spec=3.974e-11
[joint] 2400/4000 Mphys=1.888 Manchor=1.60 loss=2.513668e-03 spec=3.917e-09
[joint] 2500/4000 Mphys=1.774 Manchor=1.90 loss=8.024746e-04 spec=2.933e-11
[joint] 2600/4000 Mphys=1.712 Manchor=1.80 loss=1.676447e-03 spec=2.534e-10
[joint] 2700/4000 Mphys=1.572 Manchor=1.60 loss=1.135191e-03 spec=4.277e-10
[joint] 2800/4000 Mphys=1.785 Manchor=1.90 loss=7.165519e-03 spec=7.726e-09
[joint] 2900/4000 Mphys=1.879 Manchor=1.65 loss=1.421785e-03 spec=4.399e-08
[joint] 3000/4000 Mphys=1.828 Manchor=1.80 loss=3.048955e-03 spec=4.688e-07
[joint] 3100/4000 Mphys=1.649 Manchor=1.60 loss=2.203706e-03 spec=2.916e-08
[joint] 3200/4000 Mphys=1.554 Manchor=1.60 loss=1.483599e-03 spec=2.974e-07
[joint] 3300/4000 Mphys=1.573 Manchor=1.60 loss=1.142626e-03 spec=8.818e-06
[joint] 3400/4000 Mphys=1.723 Manchor=1.80 loss=7.593402e-01 spec=1.518e-02
[joint] 3500/4000 Mphys=1.573 Manchor=1.80 loss=1.065178e-03 spec=5.902e-06
[joint] 3600/4000 Mphys=1.801 Manchor=1.80 loss=5.958096e-04 spec=4.957e-09
[joint] 3700/4000 Mphys=1.661 Manchor=1.90 loss=1.007086e-03 spec=6.113e-09
[joint] 3800/4000 Mphys=1.797 Manchor=1.60 loss=9.980029e-04 spec=7.810e-09
[joint] 3900/4000 Mphys=1.677 Manchor=1.60 loss=5.712612e-04 spec=5.581e-10
[joint] 4000/4000 Mphys=1.891 Manchor=1.60 loss=4.546594e-03 spec=1.686e-09

================================================================================
GLOBAL S4M0 TRAINING COMPLETE
================================================================================
selected: /lustre/fswork/projects/rech/fdb/usv13rn/These_PINN_KH_RT/assets/pinn_supersonic/atlas2d_v1_continuousM/N36/runs/C30/best_joint_checkpoint.pt

{
  "train": {
    "n": 7,
    "n_mach": 4,
    "cr_mae": 9.924743203619326e-05,
    "cr_max_abs": 0.00020684537812248882,
    "ci_mae": 6.075841938134517e-06,
    "ci_max_abs": 9.505140239042531e-06,
    "omega_i_mae": 5.295167232813003e-07,
    "spectral_error_mean": 9.954635971489879e-05,
    "spectral_error_max": 0.00020688380740536505
  }
}

TEST SPLIT REMAINS SEALED.

output: /lustre/fswork/projects/rech/fdb/usv13rn/These_PINN_KH_RT/assets/pinn_supersonic/atlas2d_v1_continuousM/N36/runs/C30

====================================================================================================
FINISHED
chart = C30
end   = Thu Aug 20 11:59:27 AM CEST 2026
====================================================================================================
