====================================================================================================
SUPERSONIC ATLAS2D V1 — N24
====================================================================================================
job          = 1175322
array task   = 2
chart        = C02
config       = configs/pinn_supersonic/atlas2d_v1_continuousM/N24/C02.json
output       = assets/pinn_supersonic/atlas2d_v1_continuousM/N24/runs/C02
node         = r8i0n5
start        = Thu Aug 20 11:49:44 AM CEST 2026
====================================================================================================
train Mach: 1.00 1.20 1.25
validation Mach: 
test Mach (sealed): 
[spectral_prefit] 1/2000 M=1.20 loss=2.609824e+01
[spectral_prefit] 100/2000 M=1.25 loss=2.220549e+00
[spectral_prefit] 200/2000 M=1.20 loss=2.562589e-02
[spectral_prefit] 300/2000 M=1.25 loss=8.637804e-01
[spectral_prefit] 400/2000 M=1.00 loss=1.214325e+00
[spectral_prefit] 500/2000 M=1.25 loss=3.999673e-01
[spectral_prefit] 600/2000 M=1.25 loss=2.829196e-01
[spectral_prefit] 700/2000 M=1.00 loss=4.758899e-01
[spectral_prefit] 800/2000 M=1.25 loss=1.451740e-01
[spectral_prefit] 900/2000 M=1.20 loss=5.378902e-03
[spectral_prefit] 1000/2000 M=1.25 loss=6.150826e-02
[spectral_prefit] 1100/2000 M=1.25 loss=4.016219e-02
[spectral_prefit] 1200/2000 M=1.25 loss=2.656135e-02
[spectral_prefit] 1300/2000 M=1.25 loss=1.816109e-02
[spectral_prefit] 1400/2000 M=1.00 loss=3.903536e-02
[spectral_prefit] 1500/2000 M=1.20 loss=6.419279e-04
[spectral_prefit] 1600/2000 M=1.00 loss=1.492232e-02
[spectral_prefit] 1700/2000 M=1.25 loss=2.038383e-03
[spectral_prefit] 1800/2000 M=1.20 loss=1.582221e-05
[spectral_prefit] 1900/2000 M=1.20 loss=7.348308e-06
[spectral_prefit] 2000/2000 M=1.00 loss=2.719927e-03
[modal_frozen] 1/4000 M=1.01 loss=5.972741e+00 rk=7.860e-02 rq=8.005e-02
[modal_frozen] 100/4000 M=1.14 loss=9.891119e-02 rk=2.654e-02 rq=2.121e-02
[modal_frozen] 200/4000 M=1.04 loss=6.394836e-02 rk=1.537e-02 rq=1.575e-02
[modal_frozen] 300/4000 M=1.10 loss=3.343386e-02 rk=7.649e-03 rq=6.258e-03
[modal_frozen] 400/4000 M=1.04 loss=5.172434e-02 rk=7.286e-03 rq=6.609e-03
[modal_frozen] 500/4000 M=1.02 loss=3.523180e-02 rk=8.178e-03 rq=8.484e-03
[modal_frozen] 600/4000 M=1.02 loss=3.608928e-02 rk=6.430e-03 rq=5.435e-03
[modal_frozen] 700/4000 M=1.21 loss=8.368786e-02 rk=5.592e-03 rq=3.240e-03
[modal_frozen] 800/4000 M=1.08 loss=1.847674e-02 rk=3.009e-03 rq=2.362e-03
[modal_frozen] 900/4000 M=1.21 loss=1.535760e-02 rk=4.272e-03 rq=2.079e-03
[modal_frozen] 1000/4000 M=1.18 loss=9.349708e-02 rk=3.597e-03 rq=1.987e-03
[modal_frozen] 1100/4000 M=1.04 loss=1.592895e-02 rk=2.152e-03 rq=2.203e-03
[modal_frozen] 1200/4000 M=1.21 loss=1.708033e-02 rk=3.487e-03 rq=1.777e-03
[modal_frozen] 1300/4000 M=1.16 loss=1.034175e-02 rk=2.226e-03 rq=1.219e-03
[modal_frozen] 1400/4000 M=1.06 loss=1.409893e-02 rk=1.325e-03 rq=1.115e-03
[modal_frozen] 1500/4000 M=1.22 loss=3.793971e-02 rk=3.117e-03 rq=1.638e-03
[modal_frozen] 1600/4000 M=1.14 loss=9.008298e-03 rk=1.479e-03 rq=9.758e-04
[modal_frozen] 1700/4000 M=1.20 loss=1.955982e-02 rk=2.152e-03 rq=1.138e-03
[modal_frozen] 1800/4000 M=1.15 loss=1.062963e-02 rk=1.469e-03 rq=8.922e-04
[modal_frozen] 1900/4000 M=1.00 loss=1.047783e-02 rk=2.039e-03 rq=1.662e-03
[modal_frozen] 2000/4000 M=1.06 loss=7.446745e-03 rk=9.961e-04 rq=8.584e-04
[modal_frozen] 2100/4000 M=1.02 loss=7.862753e-03 rk=1.243e-03 rq=1.084e-03
[modal_frozen] 2200/4000 M=1.08 loss=6.411870e-03 rk=8.911e-04 rq=6.726e-04
[modal_frozen] 2300/4000 M=1.22 loss=5.409912e-03 rk=1.504e-03 rq=6.723e-04
[modal_frozen] 2400/4000 M=1.16 loss=1.918405e-02 rk=1.122e-03 rq=6.207e-04
[modal_frozen] 2500/4000 M=1.17 loss=7.580507e-03 rk=1.094e-03 rq=5.605e-04
[modal_frozen] 2600/4000 M=1.03 loss=2.035246e-02 rk=8.822e-04 rq=7.928e-04
[modal_frozen] 2700/4000 M=1.11 loss=1.274524e-02 rk=9.008e-04 rq=7.269e-04
[modal_frozen] 2800/4000 M=1.20 loss=3.569079e-02 rk=1.722e-03 rq=9.772e-04
[modal_frozen] 2900/4000 M=1.20 loss=6.199287e-03 rk=8.760e-04 rq=4.771e-04
[modal_frozen] 3000/4000 M=1.18 loss=2.666827e-03 rk=7.980e-04 rq=4.192e-04
[modal_frozen] 3100/4000 M=1.03 loss=2.101312e-03 rk=6.219e-04 rq=4.916e-04
[modal_frozen] 3200/4000 M=1.04 loss=2.427388e-03 rk=5.421e-04 rq=4.161e-04
[modal_frozen] 3300/4000 M=1.21 loss=1.083323e-02 rk=1.004e-03 rq=4.218e-04
[modal_frozen] 3400/4000 M=1.08 loss=3.215549e-03 rk=4.867e-04 rq=3.750e-04
[modal_frozen] 3500/4000 M=1.13 loss=2.293945e-03 rk=4.642e-04 rq=3.131e-04
[modal_frozen] 3600/4000 M=1.13 loss=4.228071e-03 rk=4.260e-04 rq=2.882e-04
[modal_frozen] 3700/4000 M=1.11 loss=2.581140e-03 rk=3.711e-04 rq=2.845e-04
[modal_frozen] 3800/4000 M=1.22 loss=3.910330e-03 rk=1.038e-03 rq=3.602e-04
[modal_frozen] 3900/4000 M=1.11 loss=4.045728e-02 rk=7.190e-04 rq=6.642e-04
[modal_frozen] 4000/4000 M=1.16 loss=6.666007e-02 rk=1.425e-03 rq=8.872e-04
[joint] 1/4000 Mphys=1.117 Manchor=1.00 loss=1.671294e-01 spec=2.709e-03
[joint] 100/4000 Mphys=1.211 Manchor=1.20 loss=2.130187e-02 spec=3.557e-04
[joint] 200/4000 Mphys=1.029 Manchor=1.25 loss=6.887557e-03 spec=9.464e-05
[joint] 300/4000 Mphys=1.225 Manchor=1.20 loss=2.644340e-03 spec=2.218e-06
[joint] 400/4000 Mphys=1.231 Manchor=1.00 loss=1.940733e-02 spec=2.109e-04
[joint] 500/4000 Mphys=1.197 Manchor=1.20 loss=2.854784e-02 spec=5.140e-04
[joint] 600/4000 Mphys=1.174 Manchor=1.00 loss=2.979998e-03 spec=8.991e-06
[joint] 700/4000 Mphys=1.196 Manchor=1.20 loss=3.790916e-03 spec=4.552e-05
[joint] 800/4000 Mphys=1.129 Manchor=1.20 loss=2.128613e-03 spec=1.162e-05
[joint] 900/4000 Mphys=1.211 Manchor=1.20 loss=1.546241e-01 spec=3.050e-03
[joint] 1000/4000 Mphys=1.124 Manchor=1.00 loss=3.738781e-03 spec=2.573e-05
[joint] 1100/4000 Mphys=1.176 Manchor=1.20 loss=4.268674e-03 spec=6.058e-07
[joint] 1200/4000 Mphys=1.245 Manchor=1.00 loss=4.574380e-03 spec=1.148e-08
[joint] 1300/4000 Mphys=1.201 Manchor=1.25 loss=4.325411e-03 spec=3.718e-09
[joint] 1400/4000 Mphys=1.050 Manchor=1.00 loss=1.181134e-03 spec=3.435e-10
[joint] 1500/4000 Mphys=1.033 Manchor=1.00 loss=1.449012e-03 spec=8.626e-10
[joint] 1600/4000 Mphys=1.040 Manchor=1.00 loss=4.222585e-03 spec=6.550e-09
[joint] 1700/4000 Mphys=1.167 Manchor=1.00 loss=9.441249e-03 spec=1.084e-09
[joint] 1800/4000 Mphys=1.154 Manchor=1.00 loss=2.132405e-03 spec=8.853e-10
[joint] 1900/4000 Mphys=1.219 Manchor=1.20 loss=1.827941e-03 spec=4.726e-10
[joint] 2000/4000 Mphys=1.247 Manchor=1.25 loss=2.292472e-03 spec=2.089e-08
[joint] 2100/4000 Mphys=1.174 Manchor=1.00 loss=2.042954e-03 spec=2.155e-09
[joint] 2200/4000 Mphys=1.210 Manchor=1.00 loss=4.149938e-03 spec=6.123e-10
[joint] 2300/4000 Mphys=1.080 Manchor=1.25 loss=1.170418e-02 spec=4.856e-09
[joint] 2400/4000 Mphys=1.130 Manchor=1.25 loss=1.583351e-03 spec=5.066e-08
[joint] 2500/4000 Mphys=1.158 Manchor=1.00 loss=1.407889e-03 spec=1.710e-08
[joint] 2600/4000 Mphys=1.198 Manchor=1.00 loss=3.164692e-03 spec=9.215e-08
[joint] 2700/4000 Mphys=1.243 Manchor=1.20 loss=8.115122e-02 spec=1.596e-03
[joint] 2800/4000 Mphys=1.108 Manchor=1.00 loss=1.276429e-02 spec=2.360e-04
[joint] 2900/4000 Mphys=1.013 Manchor=1.25 loss=1.193926e-03 spec=1.497e-06
[joint] 3000/4000 Mphys=1.032 Manchor=1.20 loss=9.694237e-04 spec=2.476e-09
[joint] 3100/4000 Mphys=1.148 Manchor=1.20 loss=1.080343e-03 spec=1.529e-09
[joint] 3200/4000 Mphys=1.020 Manchor=1.20 loss=2.132827e-03 spec=8.704e-10
[joint] 3300/4000 Mphys=1.203 Manchor=1.25 loss=1.830817e-03 spec=2.028e-08
[joint] 3400/4000 Mphys=1.157 Manchor=1.20 loss=2.529823e-03 spec=2.803e-10
[joint] 3500/4000 Mphys=1.089 Manchor=1.20 loss=1.645020e-03 spec=5.595e-10
[joint] 3600/4000 Mphys=1.163 Manchor=1.20 loss=1.197718e-03 spec=3.169e-09
[joint] 3700/4000 Mphys=1.147 Manchor=1.25 loss=1.895933e-03 spec=5.680e-10
[joint] 3800/4000 Mphys=1.090 Manchor=1.00 loss=3.203384e-03 spec=6.415e-10
[joint] 3900/4000 Mphys=1.158 Manchor=1.25 loss=6.425628e-04 spec=4.517e-11
[joint] 4000/4000 Mphys=1.037 Manchor=1.20 loss=1.046504e-03 spec=1.037e-09

================================================================================
GLOBAL S4M0 TRAINING COMPLETE
================================================================================
selected: /lustre/fswork/projects/rech/fdb/usv13rn/These_PINN_KH_RT/assets/pinn_supersonic/atlas2d_v1_continuousM/N24/runs/C02/best_joint_checkpoint.pt

{
  "train": {
    "n": 5,
    "n_mach": 3,
    "cr_mae": 5.505662986127202e-07,
    "cr_max_abs": 1.3984767198715886e-06,
    "ci_mae": 2.6352862070252743e-07,
    "ci_max_abs": 7.128615542861816e-07,
    "omega_i_mae": 5.7008206938468416e-08,
    "spectral_error_mean": 6.7809180522067e-07,
    "spectral_error_max": 1.5696842776820146e-06
  }
}

TEST SPLIT REMAINS SEALED.

output: /lustre/fswork/projects/rech/fdb/usv13rn/These_PINN_KH_RT/assets/pinn_supersonic/atlas2d_v1_continuousM/N24/runs/C02

====================================================================================================
FINISHED
chart = C02
end   = Thu Aug 20 11:59:17 AM CEST 2026
====================================================================================================
