====================================================================================================
SUPERSONIC ATLAS2D V1 — N60
====================================================================================================
job          = 1175296
array task   = 9
chart        = C30
config       = configs/pinn_supersonic/atlas2d_v1_continuousM/N60/C30.json
output       = assets/pinn_supersonic/atlas2d_v1_continuousM/N60/runs/C30
node         = r9i0n6
start        = Thu Aug 20 11:49:44 AM CEST 2026
====================================================================================================
train Mach: 1.55 1.60 1.65 1.70 1.75 1.80 1.90
validation Mach: 
test Mach (sealed): 
[spectral_prefit] 1/2000 M=1.60 loss=2.457405e+01
[spectral_prefit] 100/2000 M=1.55 loss=1.005139e+00
[spectral_prefit] 200/2000 M=1.55 loss=4.307628e-01
[spectral_prefit] 300/2000 M=1.65 loss=1.728785e-02
[spectral_prefit] 400/2000 M=1.90 loss=3.854219e-02
[spectral_prefit] 500/2000 M=1.80 loss=1.009807e-01
[spectral_prefit] 600/2000 M=1.80 loss=3.511591e-02
[spectral_prefit] 700/2000 M=1.90 loss=4.608826e-02
[spectral_prefit] 800/2000 M=1.60 loss=1.129608e-02
[spectral_prefit] 900/2000 M=1.90 loss=3.854976e-02
[spectral_prefit] 1000/2000 M=1.60 loss=8.957070e-03
[spectral_prefit] 1100/2000 M=1.60 loss=2.905113e-03
[spectral_prefit] 1200/2000 M=1.90 loss=1.745451e-02
[spectral_prefit] 1300/2000 M=1.55 loss=9.139568e-03
[spectral_prefit] 1400/2000 M=1.75 loss=1.215946e-02
[spectral_prefit] 1500/2000 M=1.70 loss=3.562721e-02
[spectral_prefit] 1600/2000 M=1.70 loss=2.174056e-02
[spectral_prefit] 1700/2000 M=1.90 loss=3.649317e-03
[spectral_prefit] 1800/2000 M=1.90 loss=3.279052e-03
[spectral_prefit] 1900/2000 M=1.60 loss=2.503150e-04
[spectral_prefit] 2000/2000 M=1.75 loss=4.125777e-03
[modal_frozen] 1/4000 M=1.62 loss=7.817531e+00 rk=7.760e-02 rq=8.536e-02
[modal_frozen] 100/4000 M=1.66 loss=1.222435e-01 rk=2.611e-02 rq=2.903e-02
[modal_frozen] 200/4000 M=1.71 loss=5.396643e-02 rk=1.379e-02 rq=1.162e-02
[modal_frozen] 300/4000 M=1.75 loss=3.612405e-02 rk=8.341e-03 rq=7.864e-03
[modal_frozen] 400/4000 M=1.79 loss=1.110785e-01 rk=6.280e-03 rq=5.760e-03
[modal_frozen] 500/4000 M=1.63 loss=2.156604e-02 rk=4.644e-03 rq=5.554e-03
[modal_frozen] 600/4000 M=1.69 loss=2.176472e-02 rk=3.918e-03 rq=4.019e-03
[modal_frozen] 700/4000 M=1.56 loss=3.292420e-02 rk=5.032e-03 rq=6.291e-03
[modal_frozen] 800/4000 M=1.87 loss=1.975666e-02 rk=5.507e-03 rq=4.929e-03
[modal_frozen] 900/4000 M=1.75 loss=2.122460e-02 rk=2.287e-03 rq=2.051e-03
[modal_frozen] 1000/4000 M=1.82 loss=2.634234e-02 rk=2.334e-03 rq=2.079e-03
[modal_frozen] 1100/4000 M=1.72 loss=1.553693e-02 rk=1.612e-03 rq=1.649e-03
[modal_frozen] 1200/4000 M=1.83 loss=2.120660e-02 rk=1.811e-03 rq=1.592e-03
[modal_frozen] 1300/4000 M=1.89 loss=4.276666e-02 rk=3.798e-03 rq=3.690e-03
[modal_frozen] 1400/4000 M=1.82 loss=1.395171e-02 rk=1.550e-03 rq=1.428e-03
[modal_frozen] 1500/4000 M=1.59 loss=1.944482e-02 rk=1.712e-03 rq=1.546e-03
[modal_frozen] 1600/4000 M=1.86 loss=6.941037e-03 rk=1.572e-03 rq=1.502e-03
[modal_frozen] 1700/4000 M=1.84 loss=5.721430e-03 rk=1.198e-03 rq=1.009e-03
[modal_frozen] 1800/4000 M=1.70 loss=4.537779e-03 rk=8.611e-04 rq=6.842e-04
[modal_frozen] 1900/4000 M=1.83 loss=2.228823e-02 rk=1.366e-03 rq=9.876e-04
[modal_frozen] 2000/4000 M=1.81 loss=5.458309e-03 rk=1.078e-03 rq=9.581e-04
[modal_frozen] 2100/4000 M=1.81 loss=6.297559e-03 rk=8.210e-04 rq=7.988e-04
[modal_frozen] 2200/4000 M=1.58 loss=1.399084e-02 rk=1.100e-03 rq=1.059e-03
[modal_frozen] 2300/4000 M=1.66 loss=4.818453e-03 rk=5.417e-04 rq=5.352e-04
[modal_frozen] 2400/4000 M=1.85 loss=6.567410e-03 rk=8.244e-04 rq=7.050e-04
[modal_frozen] 2500/4000 M=1.70 loss=3.457777e-03 rk=6.321e-04 rq=5.413e-04
[modal_frozen] 2600/4000 M=1.83 loss=2.366100e-02 rk=8.766e-04 rq=6.787e-04
[modal_frozen] 2700/4000 M=1.89 loss=1.060145e-02 rk=1.348e-03 rq=1.392e-03
[modal_frozen] 2800/4000 M=1.71 loss=4.965272e-03 rk=5.048e-04 rq=4.037e-04
[modal_frozen] 2900/4000 M=1.84 loss=5.296472e-03 rk=5.995e-04 rq=5.736e-04
[modal_frozen] 3000/4000 M=1.63 loss=5.451257e-03 rk=4.374e-04 rq=3.760e-04
[modal_frozen] 3100/4000 M=1.62 loss=1.292434e-02 rk=4.625e-04 rq=4.765e-04
[modal_frozen] 3200/4000 M=1.68 loss=3.257900e-02 rk=9.139e-04 rq=9.881e-04
[modal_frozen] 3300/4000 M=1.82 loss=7.699446e-03 rk=5.941e-04 rq=6.157e-04
[modal_frozen] 3400/4000 M=1.75 loss=2.837422e-03 rk=3.660e-04 rq=3.782e-04
[modal_frozen] 3500/4000 M=1.60 loss=2.438206e-03 rk=4.307e-04 rq=3.552e-04
[modal_frozen] 3600/4000 M=1.89 loss=9.303418e-03 rk=8.040e-04 rq=8.462e-04
[modal_frozen] 3700/4000 M=1.83 loss=1.082763e-02 rk=4.690e-04 rq=3.954e-04
[modal_frozen] 3800/4000 M=1.89 loss=4.750755e-03 rk=7.369e-04 rq=7.909e-04
[modal_frozen] 3900/4000 M=1.89 loss=2.991522e-03 rk=6.441e-04 rq=6.054e-04
[modal_frozen] 4000/4000 M=1.83 loss=3.926503e-03 rk=2.952e-04 rq=3.054e-04
[joint] 1/4000 Mphys=1.856 Manchor=1.80 loss=1.527399e-02 spec=2.365e-04
[joint] 100/4000 Mphys=1.722 Manchor=1.90 loss=1.610239e-01 spec=3.173e-03
[joint] 200/4000 Mphys=1.678 Manchor=1.75 loss=6.120193e-02 spec=1.170e-03
[joint] 300/4000 Mphys=1.711 Manchor=1.55 loss=7.027916e-03 spec=9.759e-05
[joint] 400/4000 Mphys=1.878 Manchor=1.55 loss=1.658640e-02 spec=9.855e-05
[joint] 500/4000 Mphys=1.789 Manchor=1.90 loss=4.367039e-02 spec=7.069e-04
[joint] 600/4000 Mphys=1.682 Manchor=1.75 loss=1.006357e-01 spec=1.950e-03
[joint] 700/4000 Mphys=1.694 Manchor=1.65 loss=4.504894e-02 spec=8.768e-04
[joint] 800/4000 Mphys=1.762 Manchor=1.70 loss=1.065560e-02 spec=1.452e-04
[joint] 900/4000 Mphys=1.648 Manchor=1.60 loss=1.401886e-02 spec=2.638e-04
[joint] 1000/4000 Mphys=1.814 Manchor=1.70 loss=1.413458e-02 spec=2.675e-04
[joint] 1100/4000 Mphys=1.766 Manchor=1.55 loss=2.082168e-03 spec=2.230e-05
[joint] 1200/4000 Mphys=1.696 Manchor=1.90 loss=2.547589e-03 spec=2.915e-05
[joint] 1300/4000 Mphys=1.881 Manchor=1.90 loss=6.389719e-03 spec=2.450e-05
[joint] 1400/4000 Mphys=1.599 Manchor=1.60 loss=8.343941e-03 spec=6.294e-05
[joint] 1500/4000 Mphys=1.647 Manchor=1.75 loss=2.002051e-03 spec=3.632e-06
[joint] 1600/4000 Mphys=1.643 Manchor=1.70 loss=3.975532e-03 spec=5.101e-05
[joint] 1700/4000 Mphys=1.833 Manchor=1.80 loss=9.023408e-03 spec=1.195e-04
[joint] 1800/4000 Mphys=1.710 Manchor=1.90 loss=5.032970e-03 spec=6.487e-05
[joint] 1900/4000 Mphys=1.756 Manchor=1.55 loss=2.365903e-02 spec=4.536e-04
[joint] 2000/4000 Mphys=1.722 Manchor=1.75 loss=6.356013e-03 spec=1.108e-04
[joint] 2100/4000 Mphys=1.842 Manchor=1.80 loss=3.389512e-03 spec=5.329e-05
[joint] 2200/4000 Mphys=1.683 Manchor=1.70 loss=1.452406e-02 spec=7.241e-06
[joint] 2300/4000 Mphys=1.644 Manchor=1.90 loss=1.093085e-02 spec=3.407e-06
[joint] 2400/4000 Mphys=1.888 Manchor=1.55 loss=6.931884e-03 spec=8.954e-05
[joint] 2500/4000 Mphys=1.774 Manchor=1.80 loss=1.160472e-02 spec=2.136e-04
[joint] 2600/4000 Mphys=1.712 Manchor=1.75 loss=4.148005e-03 spec=4.487e-05
[joint] 2700/4000 Mphys=1.572 Manchor=1.55 loss=3.614345e-02 spec=7.051e-04
[joint] 2800/4000 Mphys=1.785 Manchor=1.80 loss=5.994048e-03 spec=1.278e-05
[joint] 2900/4000 Mphys=1.879 Manchor=1.65 loss=8.505887e-03 spec=1.534e-04
[joint] 3000/4000 Mphys=1.828 Manchor=1.75 loss=2.068476e-02 spec=3.844e-04
[joint] 3100/4000 Mphys=1.649 Manchor=1.55 loss=4.748914e-01 spec=9.414e-03
[joint] 3200/4000 Mphys=1.554 Manchor=1.55 loss=6.658886e-03 spec=1.020e-04
[joint] 3300/4000 Mphys=1.573 Manchor=1.55 loss=3.594580e-03 spec=5.488e-05
[joint] 3400/4000 Mphys=1.723 Manchor=1.70 loss=4.902020e-04 spec=2.430e-07
[joint] 3500/4000 Mphys=1.573 Manchor=1.75 loss=7.459120e-04 spec=1.999e-06
[joint] 3600/4000 Mphys=1.801 Manchor=1.75 loss=6.933595e-04 spec=1.160e-06
[joint] 3700/4000 Mphys=1.661 Manchor=1.90 loss=1.808908e-03 spec=1.593e-06
[joint] 3800/4000 Mphys=1.797 Manchor=1.60 loss=2.922379e-03 spec=8.013e-06
[joint] 3900/4000 Mphys=1.677 Manchor=1.60 loss=1.037477e-03 spec=2.240e-06
[joint] 4000/4000 Mphys=1.891 Manchor=1.55 loss=2.482008e-02 spec=3.434e-07

================================================================================
GLOBAL S4M0 TRAINING COMPLETE
================================================================================
selected: /lustre/fswork/projects/rech/fdb/usv13rn/These_PINN_KH_RT/assets/pinn_supersonic/atlas2d_v1_continuousM/N60/runs/C30/best_joint_checkpoint.pt

{
  "train": {
    "n": 13,
    "n_mach": 7,
    "cr_mae": 4.3538619337654894e-05,
    "cr_max_abs": 9.430769747814649e-05,
    "ci_mae": 4.957712452506671e-05,
    "ci_max_abs": 0.00021128082127499365,
    "omega_i_mae": 3.595425756136076e-06,
    "spectral_error_mean": 7.096344441089597e-05,
    "spectral_error_max": 0.00023137313422751872
  }
}

TEST SPLIT REMAINS SEALED.

output: /lustre/fswork/projects/rech/fdb/usv13rn/These_PINN_KH_RT/assets/pinn_supersonic/atlas2d_v1_continuousM/N60/runs/C30

====================================================================================================
FINISHED
chart = C30
end   = Thu Aug 20 11:58:57 AM CEST 2026
====================================================================================================
