====================================================================================================
SUPERSONIC ATLAS2D V1 — N48
====================================================================================================
job          = 1175304
array task   = 6
chart        = C20
config       = configs/pinn_supersonic/atlas2d_v1_continuousM/N48/C20.json
output       = assets/pinn_supersonic/atlas2d_v1_continuousM/N48/runs/C20
node         = r8i7n2
start        = Thu Aug 20 11:49:46 AM CEST 2026
====================================================================================================
train Mach: 1.35 1.40 1.45 1.55 1.60 1.65
validation Mach: 
test Mach (sealed): 
[spectral_prefit] 1/2000 M=1.65 loss=2.829413e+01
[spectral_prefit] 100/2000 M=1.65 loss=1.285343e+00
[spectral_prefit] 200/2000 M=1.60 loss=1.021853e-02
[spectral_prefit] 300/2000 M=1.45 loss=2.745004e-01
[spectral_prefit] 400/2000 M=1.65 loss=2.732586e-02
[spectral_prefit] 500/2000 M=1.65 loss=3.979116e-02
[spectral_prefit] 600/2000 M=1.40 loss=5.469323e-03
[spectral_prefit] 700/2000 M=1.55 loss=5.446800e-02
[spectral_prefit] 800/2000 M=1.55 loss=3.615798e-02
[spectral_prefit] 900/2000 M=1.60 loss=5.241638e-03
[spectral_prefit] 1000/2000 M=1.35 loss=6.529230e-04
[spectral_prefit] 1100/2000 M=1.65 loss=5.194885e-03
[spectral_prefit] 1200/2000 M=1.65 loss=4.247079e-03
[spectral_prefit] 1300/2000 M=1.65 loss=3.984760e-03
[spectral_prefit] 1400/2000 M=1.65 loss=3.923199e-03
[spectral_prefit] 1500/2000 M=1.35 loss=7.552198e-05
[spectral_prefit] 1600/2000 M=1.40 loss=1.431889e-03
[spectral_prefit] 1700/2000 M=1.40 loss=3.630046e-03
[spectral_prefit] 1800/2000 M=1.40 loss=3.711548e-05
[spectral_prefit] 1900/2000 M=1.60 loss=6.559694e-04
[spectral_prefit] 2000/2000 M=1.35 loss=1.205316e-05
[modal_frozen] 1/4000 M=1.64 loss=7.779423e+00 rk=7.667e-02 rq=8.898e-02
[modal_frozen] 100/4000 M=1.62 loss=1.083294e-01 rk=2.772e-02 rq=2.929e-02
[modal_frozen] 200/4000 M=1.60 loss=4.885816e-02 rk=1.252e-02 rq=1.254e-02
[modal_frozen] 300/4000 M=1.41 loss=4.991893e-02 rk=8.134e-03 rq=7.769e-03
[modal_frozen] 400/4000 M=1.38 loss=1.531259e-01 rk=9.073e-03 rq=7.901e-03
[modal_frozen] 500/4000 M=1.36 loss=3.326006e-02 rk=8.912e-03 rq=7.912e-03
[modal_frozen] 600/4000 M=1.46 loss=1.942012e-02 rk=3.012e-03 rq=2.537e-03
[modal_frozen] 700/4000 M=1.40 loss=2.970796e-02 rk=2.973e-03 rq=2.941e-03
[modal_frozen] 800/4000 M=1.45 loss=1.021733e-02 rk=2.343e-03 rq=2.073e-03
[modal_frozen] 900/4000 M=1.42 loss=1.055573e-02 rk=1.771e-03 rq=1.670e-03
[modal_frozen] 1000/4000 M=1.57 loss=1.036586e-02 rk=2.126e-03 rq=1.530e-03
[modal_frozen] 1100/4000 M=1.48 loss=7.730107e-03 rk=1.348e-03 rq=1.176e-03
[modal_frozen] 1200/4000 M=1.63 loss=1.724742e-02 rk=2.751e-03 rq=2.353e-03
[modal_frozen] 1300/4000 M=1.57 loss=3.523093e-02 rk=1.817e-03 rq=1.097e-03
[modal_frozen] 1400/4000 M=1.44 loss=5.473057e-02 rk=1.719e-03 rq=1.320e-03
[modal_frozen] 1500/4000 M=1.61 loss=1.249731e-02 rk=1.693e-03 rq=1.184e-03
[modal_frozen] 1600/4000 M=1.42 loss=3.929819e-03 rk=8.813e-04 rq=7.704e-04
[modal_frozen] 1700/4000 M=1.60 loss=2.444630e-02 rk=1.571e-03 rq=8.897e-04
[modal_frozen] 1800/4000 M=1.51 loss=9.756894e-03 rk=9.694e-04 rq=7.773e-04
[modal_frozen] 1900/4000 M=1.36 loss=4.809785e-03 rk=1.258e-03 rq=1.146e-03
[modal_frozen] 2000/4000 M=1.60 loss=6.593198e-03 rk=9.093e-04 rq=5.608e-04
[modal_frozen] 2100/4000 M=1.52 loss=2.270448e-02 rk=1.002e-03 rq=8.198e-04
[modal_frozen] 2200/4000 M=1.50 loss=5.474201e-03 rk=6.147e-04 rq=4.591e-04
[modal_frozen] 2300/4000 M=1.64 loss=1.243731e-02 rk=1.655e-03 rq=1.238e-03
[modal_frozen] 2400/4000 M=1.55 loss=7.781402e-03 rk=7.684e-04 rq=5.655e-04
[modal_frozen] 2500/4000 M=1.58 loss=7.843713e-03 rk=8.999e-04 rq=5.246e-04
[modal_frozen] 2600/4000 M=1.35 loss=2.284966e-02 rk=1.138e-03 rq=1.100e-03
[modal_frozen] 2700/4000 M=1.42 loss=2.850179e-03 rk=4.968e-04 rq=4.541e-04
[modal_frozen] 2800/4000 M=1.39 loss=2.797478e-03 rk=4.283e-04 rq=4.610e-04
[modal_frozen] 2900/4000 M=1.50 loss=1.482342e-03 rk=4.366e-04 rq=3.285e-04
[modal_frozen] 3000/4000 M=1.41 loss=1.817206e-03 rk=3.300e-04 rq=3.252e-04
[modal_frozen] 3100/4000 M=1.45 loss=4.245279e-03 rk=4.012e-04 rq=3.287e-04
[modal_frozen] 3200/4000 M=1.49 loss=6.216920e-03 rk=4.938e-04 rq=3.941e-04
[modal_frozen] 3300/4000 M=1.46 loss=5.677145e-03 rk=3.583e-04 rq=3.149e-04
[modal_frozen] 3400/4000 M=1.46 loss=5.245404e-03 rk=2.980e-04 rq=2.767e-04
[modal_frozen] 3500/4000 M=1.49 loss=2.404937e-03 rk=3.288e-04 rq=2.211e-04
[modal_frozen] 3600/4000 M=1.57 loss=3.955769e-03 rk=3.569e-04 rq=3.186e-04
[modal_frozen] 3700/4000 M=1.56 loss=1.264030e-02 rk=5.095e-04 rq=3.476e-04
[modal_frozen] 3800/4000 M=1.49 loss=2.806642e-02 rk=8.834e-04 rq=6.344e-04
[modal_frozen] 3900/4000 M=1.48 loss=2.079001e-03 rk=3.071e-04 rq=2.812e-04
[modal_frozen] 4000/4000 M=1.40 loss=8.572123e-04 rk=2.287e-04 rq=2.278e-04
[joint] 1/4000 Mphys=1.569 Manchor=1.35 loss=3.868629e-03 spec=5.641e-05
[joint] 100/4000 Mphys=1.422 Manchor=1.55 loss=4.274440e-03 spec=4.746e-05
[joint] 200/4000 Mphys=1.527 Manchor=1.45 loss=1.959575e-02 spec=3.284e-04
[joint] 300/4000 Mphys=1.394 Manchor=1.55 loss=2.592956e-02 spec=3.586e-04
[joint] 400/4000 Mphys=1.535 Manchor=1.55 loss=9.310053e-03 spec=1.540e-04
[joint] 500/4000 Mphys=1.358 Manchor=1.40 loss=3.457722e-01 spec=6.888e-03
[joint] 600/4000 Mphys=1.494 Manchor=1.60 loss=6.788127e-01 spec=1.355e-02
[joint] 700/4000 Mphys=1.356 Manchor=1.35 loss=7.438131e-02 spec=1.386e-03
[joint] 800/4000 Mphys=1.540 Manchor=1.55 loss=1.953115e-03 spec=5.512e-06
[joint] 900/4000 Mphys=1.508 Manchor=1.35 loss=4.673831e-03 spec=6.087e-05
[joint] 1000/4000 Mphys=1.400 Manchor=1.40 loss=1.418596e-02 spec=3.548e-06
[joint] 1100/4000 Mphys=1.423 Manchor=1.45 loss=1.133493e-02 spec=7.999e-06
[joint] 1200/4000 Mphys=1.377 Manchor=1.65 loss=7.489347e-02 spec=1.477e-03
[joint] 1300/4000 Mphys=1.392 Manchor=1.65 loss=7.088262e-02 spec=1.405e-03
[joint] 1400/4000 Mphys=1.382 Manchor=1.60 loss=7.084270e-02 spec=1.405e-03
[joint] 1500/4000 Mphys=1.614 Manchor=1.40 loss=8.814623e-03 spec=1.590e-04
[joint] 1600/4000 Mphys=1.452 Manchor=1.45 loss=2.932853e-03 spec=1.257e-05
[joint] 1700/4000 Mphys=1.535 Manchor=1.55 loss=1.538301e-03 spec=1.129e-06
[joint] 1800/4000 Mphys=1.625 Manchor=1.40 loss=3.620960e-03 spec=3.849e-05
[joint] 1900/4000 Mphys=1.395 Manchor=1.45 loss=1.739425e-03 spec=5.143e-06
[joint] 2000/4000 Mphys=1.430 Manchor=1.60 loss=9.264844e-04 spec=1.539e-07
[joint] 2100/4000 Mphys=1.606 Manchor=1.55 loss=4.982152e-03 spec=5.448e-06
[joint] 2200/4000 Mphys=1.520 Manchor=1.40 loss=2.490891e-03 spec=6.794e-07
[joint] 2300/4000 Mphys=1.500 Manchor=1.55 loss=6.423467e-03 spec=2.800e-05
[joint] 2400/4000 Mphys=1.453 Manchor=1.60 loss=1.991867e-01 spec=3.965e-03
[joint] 2500/4000 Mphys=1.407 Manchor=1.45 loss=1.103926e-03 spec=2.020e-06
[joint] 2600/4000 Mphys=1.365 Manchor=1.65 loss=2.912746e-02 spec=5.064e-04
[joint] 2700/4000 Mphys=1.588 Manchor=1.35 loss=2.263164e-02 spec=4.425e-04
[joint] 2800/4000 Mphys=1.501 Manchor=1.45 loss=4.845084e-03 spec=7.359e-05
[joint] 2900/4000 Mphys=1.593 Manchor=1.65 loss=9.054802e-02 spec=1.800e-03
[joint] 3000/4000 Mphys=1.609 Manchor=1.60 loss=1.288527e-03 spec=1.618e-05
[joint] 3100/4000 Mphys=1.419 Manchor=1.45 loss=2.329640e-02 spec=4.518e-04
[joint] 3200/4000 Mphys=1.494 Manchor=1.55 loss=8.161851e-03 spec=6.842e-05
[joint] 3300/4000 Mphys=1.610 Manchor=1.35 loss=7.838189e-03 spec=8.787e-05
[joint] 3400/4000 Mphys=1.526 Manchor=1.40 loss=1.695880e-02 spec=2.743e-04
[joint] 3500/4000 Mphys=1.642 Manchor=1.55 loss=4.919628e-02 spec=9.192e-04
[joint] 3600/4000 Mphys=1.587 Manchor=1.55 loss=4.384005e-03 spec=4.902e-05
[joint] 3700/4000 Mphys=1.550 Manchor=1.45 loss=9.911623e-04 spec=1.164e-05
[joint] 3800/4000 Mphys=1.577 Manchor=1.60 loss=3.197914e-03 spec=5.475e-05
[joint] 3900/4000 Mphys=1.425 Manchor=1.40 loss=5.590056e-04 spec=5.008e-06
[joint] 4000/4000 Mphys=1.445 Manchor=1.65 loss=7.867746e-03 spec=1.502e-04

================================================================================
GLOBAL S4M0 TRAINING COMPLETE
================================================================================
selected: /lustre/fswork/projects/rech/fdb/usv13rn/These_PINN_KH_RT/assets/pinn_supersonic/atlas2d_v1_continuousM/N48/runs/C20/best_joint_checkpoint.pt

{
  "train": {
    "n": 9,
    "n_mach": 6,
    "cr_mae": 0.00017531280454517276,
    "cr_max_abs": 0.00047912222660018156,
    "ci_mae": 8.98712148165186e-05,
    "ci_max_abs": 0.0002888041123859861,
    "omega_i_mae": 5.750060251135357e-06,
    "spectral_error_mean": 0.00022554335040370646,
    "spectral_error_max": 0.0004792468230663141
  }
}

TEST SPLIT REMAINS SEALED.

output: /lustre/fswork/projects/rech/fdb/usv13rn/These_PINN_KH_RT/assets/pinn_supersonic/atlas2d_v1_continuousM/N48/runs/C20

====================================================================================================
FINISHED
chart = C20
end   = Thu Aug 20 11:59:24 AM CEST 2026
====================================================================================================
