====================================================================================================
SUPERSONIC ATLAS2D V1 — N60
====================================================================================================
job          = 1175295
array task   = 8
chart        = C22
config       = configs/pinn_supersonic/atlas2d_v1_continuousM/N60/C22.json
output       = assets/pinn_supersonic/atlas2d_v1_continuousM/N60/runs/C22
node         = r9i0n6
start        = Thu Aug 20 11:49:45 AM CEST 2026
====================================================================================================
train Mach: 1.35 1.40 1.45 1.50 1.60 1.65
validation Mach: 
test Mach (sealed): 
[spectral_prefit] 1/2000 M=1.45 loss=2.766549e+01
[spectral_prefit] 100/2000 M=1.65 loss=1.183062e+01
[spectral_prefit] 200/2000 M=1.65 loss=4.417723e+00
[spectral_prefit] 300/2000 M=1.45 loss=3.077878e+00
[spectral_prefit] 400/2000 M=1.65 loss=1.923303e+00
[spectral_prefit] 500/2000 M=1.50 loss=3.159413e-01
[spectral_prefit] 600/2000 M=1.40 loss=1.137653e+00
[spectral_prefit] 700/2000 M=1.50 loss=1.786479e-01
[spectral_prefit] 800/2000 M=1.35 loss=2.762699e-01
[spectral_prefit] 900/2000 M=1.35 loss=2.163244e-01
[spectral_prefit] 1000/2000 M=1.35 loss=1.671772e-01
[spectral_prefit] 1100/2000 M=1.40 loss=6.206557e-01
[spectral_prefit] 1200/2000 M=1.45 loss=9.038938e-01
[spectral_prefit] 1300/2000 M=1.60 loss=2.190004e-01
[spectral_prefit] 1400/2000 M=1.35 loss=7.893908e-02
[spectral_prefit] 1500/2000 M=1.50 loss=1.179722e-01
[spectral_prefit] 1600/2000 M=1.45 loss=5.501794e-01
[spectral_prefit] 1700/2000 M=1.65 loss=2.578657e-01
[spectral_prefit] 1800/2000 M=1.40 loss=3.654624e-02
[spectral_prefit] 1900/2000 M=1.60 loss=1.428965e-01
[spectral_prefit] 2000/2000 M=1.60 loss=1.336707e-01
[modal_frozen] 1/4000 M=1.40 loss=1.526564e+01 rk=7.919e-02 rq=8.978e-02
[modal_frozen] 100/4000 M=1.41 loss=1.961732e-01 rk=4.294e-02 rq=4.016e-02
[modal_frozen] 200/4000 M=1.61 loss=9.984703e-02 rk=3.362e-02 rq=2.072e-02
[modal_frozen] 300/4000 M=1.46 loss=4.316887e-02 rk=1.715e-02 rq=9.301e-03
[modal_frozen] 400/4000 M=1.38 loss=6.366556e-02 rk=1.754e-02 rq=1.144e-02
[modal_frozen] 500/4000 M=1.49 loss=3.112853e-02 rk=1.226e-02 rq=6.487e-03
[modal_frozen] 600/4000 M=1.54 loss=4.509920e-02 rk=1.144e-02 rq=5.535e-03
[modal_frozen] 700/4000 M=1.43 loss=2.991574e-02 rk=8.374e-03 rq=3.904e-03
[modal_frozen] 800/4000 M=1.59 loss=3.693032e-02 rk=1.072e-02 rq=4.553e-03
[modal_frozen] 900/4000 M=1.65 loss=1.172456e-01 rk=1.585e-02 rq=6.660e-03
[modal_frozen] 1000/4000 M=1.55 loss=5.465384e-02 rk=6.915e-03 rq=3.574e-03
[modal_frozen] 1100/4000 M=1.49 loss=4.136350e-02 rk=5.660e-03 rq=2.894e-03
[modal_frozen] 1200/4000 M=1.62 loss=2.226336e-02 rk=1.032e-02 rq=3.881e-03
[modal_frozen] 1300/4000 M=1.44 loss=1.603901e-02 rk=4.585e-03 rq=2.576e-03
[modal_frozen] 1400/4000 M=1.59 loss=2.541970e-02 rk=5.858e-03 rq=2.241e-03
[modal_frozen] 1500/4000 M=1.46 loss=1.054269e-02 rk=3.539e-03 rq=1.813e-03
[modal_frozen] 1600/4000 M=1.65 loss=2.847427e-02 rk=1.008e-02 rq=3.816e-03
[modal_frozen] 1700/4000 M=1.46 loss=1.026984e-02 rk=3.050e-03 rq=2.005e-03
[modal_frozen] 1800/4000 M=1.40 loss=1.475627e-02 rk=3.184e-03 rq=1.869e-03
[modal_frozen] 1900/4000 M=1.50 loss=3.390950e-02 rk=3.312e-03 rq=1.972e-03
[modal_frozen] 2000/4000 M=1.41 loss=3.236891e-02 rk=3.275e-03 rq=1.913e-03
[modal_frozen] 2100/4000 M=1.64 loss=2.448411e-02 rk=8.060e-03 rq=2.729e-03
[modal_frozen] 2200/4000 M=1.41 loss=1.285903e-02 rk=2.468e-03 rq=1.763e-03
[modal_frozen] 2300/4000 M=1.57 loss=1.213693e-02 rk=3.282e-03 rq=1.743e-03
[modal_frozen] 2400/4000 M=1.61 loss=1.867221e-02 rk=3.798e-03 rq=1.807e-03
[modal_frozen] 2500/4000 M=1.49 loss=2.017088e-02 rk=2.472e-03 rq=1.512e-03
[modal_frozen] 2600/4000 M=1.44 loss=1.518250e-02 rk=2.024e-03 rq=1.329e-03
[modal_frozen] 2700/4000 M=1.39 loss=1.073743e-02 rk=1.831e-03 rq=1.227e-03
[modal_frozen] 2800/4000 M=1.41 loss=5.978709e-03 rk=1.727e-03 rq=1.295e-03
[modal_frozen] 2900/4000 M=1.44 loss=1.517666e-02 rk=1.846e-03 rq=1.215e-03
[modal_frozen] 3000/4000 M=1.54 loss=8.391928e-03 rk=2.538e-03 rq=1.813e-03
[modal_frozen] 3100/4000 M=1.42 loss=8.198698e-03 rk=1.841e-03 rq=1.189e-03
[modal_frozen] 3200/4000 M=1.39 loss=3.245353e-02 rk=2.433e-03 rq=1.533e-03
[modal_frozen] 3300/4000 M=1.37 loss=1.492536e-02 rk=2.110e-03 rq=1.571e-03
[modal_frozen] 3400/4000 M=1.49 loss=4.764027e-03 rk=1.585e-03 rq=1.044e-03
[modal_frozen] 3500/4000 M=1.58 loss=1.489887e-02 rk=1.902e-03 rq=1.236e-03
[modal_frozen] 3600/4000 M=1.60 loss=1.025607e-02 rk=2.993e-03 rq=1.484e-03
[modal_frozen] 3700/4000 M=1.37 loss=4.722734e-03 rk=1.467e-03 rq=1.223e-03
[modal_frozen] 3800/4000 M=1.55 loss=4.360815e-03 rk=1.388e-03 rq=1.189e-03
[modal_frozen] 3900/4000 M=1.46 loss=4.314930e-03 rk=1.117e-03 rq=1.051e-03
[modal_frozen] 4000/4000 M=1.37 loss=8.406948e-03 rk=1.242e-03 rq=1.063e-03
[joint] 1/4000 Mphys=1.644 Manchor=1.65 loss=7.912339e+00 spec=1.580e-01
[joint] 100/4000 Mphys=1.476 Manchor=1.40 loss=1.341347e+00 spec=2.676e-02
[joint] 200/4000 Mphys=1.569 Manchor=1.45 loss=1.162313e+01 spec=2.324e-01
[joint] 300/4000 Mphys=1.646 Manchor=1.35 loss=9.477594e-01 spec=1.875e-02
[joint] 400/4000 Mphys=1.628 Manchor=1.65 loss=3.793052e+00 spec=7.569e-02
[joint] 500/4000 Mphys=1.535 Manchor=1.40 loss=6.082785e-01 spec=1.203e-02
[joint] 600/4000 Mphys=1.362 Manchor=1.60 loss=4.621098e-01 spec=9.135e-03
[joint] 700/4000 Mphys=1.504 Manchor=1.45 loss=6.243928e+00 spec=1.248e-01
[joint] 800/4000 Mphys=1.397 Manchor=1.40 loss=3.838851e-01 spec=7.598e-03
[joint] 900/4000 Mphys=1.372 Manchor=1.65 loss=9.127833e-01 spec=1.800e-02
[joint] 1000/4000 Mphys=1.496 Manchor=1.65 loss=6.795762e-01 spec=1.347e-02
[joint] 1100/4000 Mphys=1.460 Manchor=1.45 loss=4.567989e+00 spec=9.130e-02
[joint] 1200/4000 Mphys=1.468 Manchor=1.40 loss=1.667562e-01 spec=3.239e-03
[joint] 1300/4000 Mphys=1.469 Manchor=1.40 loss=5.101383e-02 spec=9.295e-04
[joint] 1400/4000 Mphys=1.545 Manchor=1.60 loss=1.487354e-02 spec=2.558e-04
[joint] 1500/4000 Mphys=1.436 Manchor=1.50 loss=1.272701e-01 spec=2.483e-03
[joint] 1600/4000 Mphys=1.458 Manchor=1.50 loss=8.726496e-02 spec=1.631e-03
[joint] 1700/4000 Mphys=1.473 Manchor=1.35 loss=6.057495e-01 spec=1.189e-02
[joint] 1800/4000 Mphys=1.634 Manchor=1.35 loss=5.671171e-01 spec=1.122e-02
[joint] 1900/4000 Mphys=1.618 Manchor=1.40 loss=3.452059e-03 spec=6.712e-06
[joint] 2000/4000 Mphys=1.367 Manchor=1.60 loss=6.584408e-03 spec=8.178e-05
[joint] 2100/4000 Mphys=1.641 Manchor=1.35 loss=3.795072e-01 spec=7.488e-03
[joint] 2200/4000 Mphys=1.489 Manchor=1.50 loss=1.401406e-01 spec=2.745e-03
[joint] 2300/4000 Mphys=1.621 Manchor=1.50 loss=2.106697e-01 spec=4.140e-03
[joint] 2400/4000 Mphys=1.420 Manchor=1.50 loss=1.833378e-01 spec=3.630e-03
[joint] 2500/4000 Mphys=1.579 Manchor=1.60 loss=8.274269e-03 spec=1.046e-04
[joint] 2600/4000 Mphys=1.446 Manchor=1.65 loss=3.786684e-03 spec=2.894e-06
[joint] 2700/4000 Mphys=1.560 Manchor=1.35 loss=7.605846e-02 spec=1.465e-03
[joint] 2800/4000 Mphys=1.518 Manchor=1.60 loss=7.308415e-03 spec=2.815e-05
[joint] 2900/4000 Mphys=1.400 Manchor=1.50 loss=1.201316e-01 spec=2.350e-03
[joint] 3000/4000 Mphys=1.448 Manchor=1.60 loss=1.310285e-02 spec=1.886e-04
[joint] 3100/4000 Mphys=1.383 Manchor=1.65 loss=2.853388e-02 spec=3.986e-04
[joint] 3200/4000 Mphys=1.428 Manchor=1.35 loss=1.956561e-01 spec=3.842e-03
[joint] 3300/4000 Mphys=1.531 Manchor=1.45 loss=9.837960e-01 spec=1.959e-02
[joint] 3400/4000 Mphys=1.611 Manchor=1.40 loss=1.939294e-02 spec=3.080e-04
[joint] 3500/4000 Mphys=1.488 Manchor=1.45 loss=8.214012e-01 spec=1.634e-02
[joint] 3600/4000 Mphys=1.362 Manchor=1.35 loss=9.689181e-02 spec=1.891e-03
[joint] 3700/4000 Mphys=1.532 Manchor=1.40 loss=2.525332e-03 spec=4.075e-06
[joint] 3800/4000 Mphys=1.614 Manchor=1.45 loss=6.004339e-01 spec=1.195e-02
[joint] 3900/4000 Mphys=1.510 Manchor=1.45 loss=5.515327e-01 spec=1.097e-02
[joint] 4000/4000 Mphys=1.636 Manchor=1.40 loss=1.686985e-02 spec=1.076e-04

================================================================================
GLOBAL S4M0 TRAINING COMPLETE
================================================================================
selected: /lustre/fswork/projects/rech/fdb/usv13rn/These_PINN_KH_RT/assets/pinn_supersonic/atlas2d_v1_continuousM/N60/runs/C22/best_joint_checkpoint.pt

{
  "train": {
    "n": 7,
    "n_mach": 6,
    "cr_mae": 5.145986014188602e-05,
    "cr_max_abs": 0.00015073269803322908,
    "ci_mae": 0.00021370209407203306,
    "ci_max_abs": 0.0006136972994359156,
    "omega_i_mae": 5.53081862406799e-05,
    "spectral_error_mean": 0.00022443650577264962,
    "spectral_error_max": 0.0006319372766274454
  }
}

TEST SPLIT REMAINS SEALED.

output: /lustre/fswork/projects/rech/fdb/usv13rn/These_PINN_KH_RT/assets/pinn_supersonic/atlas2d_v1_continuousM/N60/runs/C22

====================================================================================================
FINISHED
chart = C22
end   = Thu Aug 20 11:59:27 AM CEST 2026
====================================================================================================
