====================================================================================================
SUPERSONIC ATLAS2D V1 — N24
====================================================================================================
job          = 1175329
array task   = 9
chart        = C30
config       = configs/pinn_supersonic/atlas2d_v1_continuousM/N24/C30.json
output       = assets/pinn_supersonic/atlas2d_v1_continuousM/N24/runs/C30
node         = r8i1n0
start        = Thu Aug 20 11:49:43 AM CEST 2026
====================================================================================================
train Mach: 1.60 1.65 1.90
validation Mach: 
test Mach (sealed): 
[spectral_prefit] 1/2000 M=1.60 loss=2.457405e+01
[spectral_prefit] 100/2000 M=1.60 loss=3.422992e-01
[spectral_prefit] 200/2000 M=1.60 loss=5.365814e-03
[spectral_prefit] 300/2000 M=1.60 loss=3.540543e-02
[spectral_prefit] 400/2000 M=1.90 loss=3.418110e-02
[spectral_prefit] 500/2000 M=1.90 loss=1.463940e-02
[spectral_prefit] 600/2000 M=1.90 loss=6.194802e-03
[spectral_prefit] 700/2000 M=1.90 loss=1.734175e-03
[spectral_prefit] 800/2000 M=1.60 loss=3.863601e-03
[spectral_prefit] 900/2000 M=1.90 loss=9.161863e-05
[spectral_prefit] 1000/2000 M=1.60 loss=3.709386e-03
[spectral_prefit] 1100/2000 M=1.60 loss=1.507056e-03
[spectral_prefit] 1200/2000 M=1.90 loss=4.257289e-05
[spectral_prefit] 1300/2000 M=1.60 loss=2.554969e-03
[spectral_prefit] 1400/2000 M=1.65 loss=7.147966e-03
[spectral_prefit] 1500/2000 M=1.65 loss=4.938230e-03
[spectral_prefit] 1600/2000 M=1.65 loss=5.033541e-03
[spectral_prefit] 1700/2000 M=1.90 loss=6.722946e-05
[spectral_prefit] 1800/2000 M=1.90 loss=2.378178e-05
[spectral_prefit] 1900/2000 M=1.60 loss=1.272794e-03
[spectral_prefit] 2000/2000 M=1.65 loss=3.063703e-03
[modal_frozen] 1/4000 M=1.62 loss=8.242479e+00 rk=7.808e-02 rq=8.693e-02
[modal_frozen] 100/4000 M=1.66 loss=1.279725e-01 rk=2.719e-02 rq=2.832e-02
[modal_frozen] 200/4000 M=1.71 loss=5.373812e-02 rk=1.354e-02 rq=1.219e-02
[modal_frozen] 300/4000 M=1.75 loss=4.021179e-02 rk=7.908e-03 rq=7.919e-03
[modal_frozen] 400/4000 M=1.79 loss=5.838687e-02 rk=6.398e-03 rq=5.660e-03
[modal_frozen] 500/4000 M=1.63 loss=2.180943e-02 rk=4.773e-03 rq=5.389e-03
[modal_frozen] 600/4000 M=1.69 loss=3.325888e-02 rk=3.748e-03 rq=3.957e-03
[modal_frozen] 700/4000 M=1.56 loss=3.212342e-02 rk=5.457e-03 rq=6.186e-03
[modal_frozen] 800/4000 M=1.87 loss=1.936271e-02 rk=5.403e-03 rq=4.886e-03
[modal_frozen] 900/4000 M=1.75 loss=3.144624e-02 rk=2.226e-03 rq=2.162e-03
[modal_frozen] 1000/4000 M=1.82 loss=3.190304e-02 rk=2.390e-03 rq=2.108e-03
[modal_frozen] 1100/4000 M=1.72 loss=1.655866e-02 rk=1.647e-03 rq=1.557e-03
[modal_frozen] 1200/4000 M=1.83 loss=1.099577e-02 rk=1.840e-03 rq=1.644e-03
[modal_frozen] 1300/4000 M=1.89 loss=3.998267e-02 rk=3.716e-03 rq=3.679e-03
[modal_frozen] 1400/4000 M=1.82 loss=2.001090e-02 rk=1.705e-03 rq=1.514e-03
[modal_frozen] 1500/4000 M=1.59 loss=1.288633e-02 rk=1.647e-03 rq=1.479e-03
[modal_frozen] 1600/4000 M=1.86 loss=7.250072e-03 rk=1.606e-03 rq=1.458e-03
[modal_frozen] 1700/4000 M=1.84 loss=5.357997e-03 rk=1.196e-03 rq=1.060e-03
[modal_frozen] 1800/4000 M=1.70 loss=5.385919e-03 rk=8.299e-04 rq=6.732e-04
[modal_frozen] 1900/4000 M=1.83 loss=1.459761e-02 rk=1.217e-03 rq=9.548e-04
[modal_frozen] 2000/4000 M=1.81 loss=4.655604e-03 rk=1.014e-03 rq=8.313e-04
[modal_frozen] 2100/4000 M=1.81 loss=9.119670e-03 rk=8.538e-04 rq=8.509e-04
[modal_frozen] 2200/4000 M=1.58 loss=7.080537e-02 rk=1.294e-03 rq=1.214e-03
[modal_frozen] 2300/4000 M=1.66 loss=8.755430e-03 rk=6.309e-04 rq=5.983e-04
[modal_frozen] 2400/4000 M=1.85 loss=1.165417e-02 rk=8.649e-04 rq=7.678e-04
[modal_frozen] 2500/4000 M=1.70 loss=3.523377e-03 rk=6.303e-04 rq=5.396e-04
[modal_frozen] 2600/4000 M=1.83 loss=1.342588e-02 rk=7.917e-04 rq=5.829e-04
[modal_frozen] 2700/4000 M=1.89 loss=7.814844e-03 rk=1.217e-03 rq=1.209e-03
[modal_frozen] 2800/4000 M=1.71 loss=6.217396e-03 rk=5.227e-04 rq=4.070e-04
[modal_frozen] 2900/4000 M=1.84 loss=5.819146e-03 rk=6.858e-04 rq=5.335e-04
[modal_frozen] 3000/4000 M=1.63 loss=4.224198e-03 rk=3.998e-04 rq=4.054e-04
[modal_frozen] 3100/4000 M=1.62 loss=5.087056e-02 rk=9.127e-04 rq=6.656e-04
[modal_frozen] 3200/4000 M=1.68 loss=2.798770e-02 rk=7.759e-04 rq=8.251e-04
[modal_frozen] 3300/4000 M=1.82 loss=6.011536e-03 rk=5.585e-04 rq=6.817e-04
[modal_frozen] 3400/4000 M=1.75 loss=3.063906e-03 rk=3.864e-04 rq=3.874e-04
[modal_frozen] 3500/4000 M=1.60 loss=2.028474e-03 rk=4.208e-04 rq=3.654e-04
[modal_frozen] 3600/4000 M=1.89 loss=3.331769e-03 rk=8.033e-04 rq=8.116e-04
[modal_frozen] 3700/4000 M=1.83 loss=3.012796e-03 rk=4.312e-04 rq=3.601e-04
[modal_frozen] 3800/4000 M=1.89 loss=3.879335e-03 rk=7.638e-04 rq=7.694e-04
[modal_frozen] 3900/4000 M=1.89 loss=2.897144e-03 rk=6.240e-04 rq=5.939e-04
[modal_frozen] 4000/4000 M=1.83 loss=5.669982e-03 rk=3.486e-04 rq=3.570e-04
[joint] 1/4000 Mphys=1.856 Manchor=1.90 loss=5.747073e-03 spec=2.004e-05
[joint] 100/4000 Mphys=1.722 Manchor=1.90 loss=1.248527e-02 spec=2.055e-04
[joint] 200/4000 Mphys=1.678 Manchor=1.65 loss=4.898201e-02 spec=9.104e-04
[joint] 300/4000 Mphys=1.711 Manchor=1.60 loss=2.231765e-03 spec=7.501e-06
[joint] 400/4000 Mphys=1.878 Manchor=1.60 loss=1.491098e-02 spec=8.206e-05
[joint] 500/4000 Mphys=1.789 Manchor=1.90 loss=6.857784e-02 spec=1.078e-03
[joint] 600/4000 Mphys=1.682 Manchor=1.65 loss=6.977258e-03 spec=8.719e-05
[joint] 700/4000 Mphys=1.694 Manchor=1.60 loss=2.158693e-03 spec=1.409e-05
[joint] 800/4000 Mphys=1.762 Manchor=1.65 loss=1.226926e-02 spec=1.922e-04
[joint] 900/4000 Mphys=1.648 Manchor=1.60 loss=1.229613e-03 spec=2.727e-06
[joint] 1000/4000 Mphys=1.814 Manchor=1.65 loss=1.203281e-03 spec=4.982e-06
[joint] 1100/4000 Mphys=1.766 Manchor=1.60 loss=2.235949e-03 spec=2.363e-05
[joint] 1200/4000 Mphys=1.696 Manchor=1.90 loss=2.198649e-03 spec=2.397e-05
[joint] 1300/4000 Mphys=1.881 Manchor=1.90 loss=4.611666e-02 spec=7.828e-04
[joint] 1400/4000 Mphys=1.599 Manchor=1.60 loss=1.934533e-01 spec=3.719e-03
[joint] 1500/4000 Mphys=1.647 Manchor=1.65 loss=5.466785e-03 spec=6.894e-06
[joint] 1600/4000 Mphys=1.643 Manchor=1.65 loss=1.628757e-03 spec=6.189e-08
[joint] 1700/4000 Mphys=1.833 Manchor=1.90 loss=1.708173e-03 spec=2.596e-08
[joint] 1800/4000 Mphys=1.710 Manchor=1.90 loss=1.696187e-03 spec=7.090e-06
[joint] 1900/4000 Mphys=1.756 Manchor=1.60 loss=6.711484e-04 spec=3.398e-07
[joint] 2000/4000 Mphys=1.722 Manchor=1.65 loss=6.602978e-04 spec=2.599e-07
[joint] 2100/4000 Mphys=1.842 Manchor=1.90 loss=8.230859e-04 spec=4.447e-07
[joint] 2200/4000 Mphys=1.683 Manchor=1.65 loss=3.443635e-02 spec=5.672e-04
[joint] 2300/4000 Mphys=1.644 Manchor=1.90 loss=3.423435e-03 spec=8.974e-06
[joint] 2400/4000 Mphys=1.888 Manchor=1.60 loss=2.790978e-03 spec=2.094e-06
[joint] 2500/4000 Mphys=1.774 Manchor=1.90 loss=1.375896e-03 spec=7.259e-07
[joint] 2600/4000 Mphys=1.712 Manchor=1.65 loss=5.205413e-03 spec=1.087e-05
[joint] 2700/4000 Mphys=1.572 Manchor=1.60 loss=1.090472e-02 spec=1.820e-04
[joint] 2800/4000 Mphys=1.785 Manchor=1.90 loss=5.046511e-03 spec=2.730e-05
[joint] 2900/4000 Mphys=1.879 Manchor=1.65 loss=1.279122e-03 spec=9.003e-06
[joint] 3000/4000 Mphys=1.828 Manchor=1.65 loss=1.263595e-03 spec=6.695e-07
[joint] 3100/4000 Mphys=1.649 Manchor=1.60 loss=2.840547e-03 spec=3.422e-08
[joint] 3200/4000 Mphys=1.554 Manchor=1.60 loss=1.604792e-03 spec=7.131e-11
[joint] 3300/4000 Mphys=1.573 Manchor=1.60 loss=8.332428e-04 spec=9.246e-13
[joint] 3400/4000 Mphys=1.723 Manchor=1.65 loss=7.210796e-04 spec=3.242e-08
[joint] 3500/4000 Mphys=1.573 Manchor=1.90 loss=8.014811e-04 spec=3.087e-12
[joint] 3600/4000 Mphys=1.801 Manchor=1.65 loss=5.754140e-04 spec=8.909e-09
[joint] 3700/4000 Mphys=1.661 Manchor=1.90 loss=1.049700e-03 spec=1.327e-11
[joint] 3800/4000 Mphys=1.797 Manchor=1.60 loss=2.925160e-03 spec=4.460e-10
[joint] 3900/4000 Mphys=1.677 Manchor=1.60 loss=8.390419e-04 spec=6.308e-11
[joint] 4000/4000 Mphys=1.891 Manchor=1.60 loss=5.871406e-03 spec=4.067e-10

================================================================================
GLOBAL S4M0 TRAINING COMPLETE
================================================================================
selected: /lustre/fswork/projects/rech/fdb/usv13rn/These_PINN_KH_RT/assets/pinn_supersonic/atlas2d_v1_continuousM/N24/runs/C30/best_joint_checkpoint.pt

{
  "train": {
    "n": 5,
    "n_mach": 3,
    "cr_mae": 7.901576310143099e-07,
    "cr_max_abs": 1.8828223865008376e-06,
    "ci_mae": 1.242853764602675e-06,
    "ci_max_abs": 2.5794645169205377e-06,
    "omega_i_mae": 8.205169369384681e-08,
    "spectral_error_mean": 1.4797127488551256e-06,
    "spectral_error_max": 3.1935336749689697e-06
  }
}

TEST SPLIT REMAINS SEALED.

output: /lustre/fswork/projects/rech/fdb/usv13rn/These_PINN_KH_RT/assets/pinn_supersonic/atlas2d_v1_continuousM/N24/runs/C30

====================================================================================================
FINISHED
chart = C30
end   = Thu Aug 20 11:59:44 AM CEST 2026
====================================================================================================
