====================================================================================================
SUPERSONIC ATLAS2D V1 — N60
====================================================================================================
job          = 1175293
array task   = 6
chart        = C20
config       = configs/pinn_supersonic/atlas2d_v1_continuousM/N60/C20.json
output       = assets/pinn_supersonic/atlas2d_v1_continuousM/N60/runs/C20
node         = r9i0n2
start        = Thu Aug 20 11:49:42 AM CEST 2026
====================================================================================================
train Mach: 1.35 1.40 1.45 1.55 1.60 1.65
validation Mach: 
test Mach (sealed): 
[spectral_prefit] 1/2000 M=1.65 loss=2.829413e+01
[spectral_prefit] 100/2000 M=1.65 loss=1.239370e+00
[spectral_prefit] 200/2000 M=1.60 loss=1.137641e-02
[spectral_prefit] 300/2000 M=1.45 loss=2.481784e-01
[spectral_prefit] 400/2000 M=1.65 loss=5.099678e-03
[spectral_prefit] 500/2000 M=1.65 loss=1.308619e-02
[spectral_prefit] 600/2000 M=1.40 loss=5.977726e-03
[spectral_prefit] 700/2000 M=1.55 loss=1.049514e-01
[spectral_prefit] 800/2000 M=1.55 loss=7.851740e-02
[spectral_prefit] 900/2000 M=1.60 loss=7.628878e-03
[spectral_prefit] 1000/2000 M=1.35 loss=5.671962e-04
[spectral_prefit] 1100/2000 M=1.65 loss=4.635980e-03
[spectral_prefit] 1200/2000 M=1.65 loss=3.730544e-03
[spectral_prefit] 1300/2000 M=1.65 loss=3.530660e-03
[spectral_prefit] 1400/2000 M=1.65 loss=3.583466e-03
[spectral_prefit] 1500/2000 M=1.35 loss=5.382848e-05
[spectral_prefit] 1600/2000 M=1.40 loss=1.075800e-03
[spectral_prefit] 1700/2000 M=1.40 loss=2.673069e-03
[spectral_prefit] 1800/2000 M=1.40 loss=4.637170e-05
[spectral_prefit] 1900/2000 M=1.60 loss=7.753841e-04
[spectral_prefit] 2000/2000 M=1.35 loss=5.675246e-06
[modal_frozen] 1/4000 M=1.64 loss=7.780291e+00 rk=7.668e-02 rq=8.905e-02
[modal_frozen] 100/4000 M=1.62 loss=1.079988e-01 rk=2.778e-02 rq=2.922e-02
[modal_frozen] 200/4000 M=1.60 loss=4.783829e-02 rk=1.252e-02 rq=1.257e-02
[modal_frozen] 300/4000 M=1.41 loss=4.779676e-02 rk=8.159e-03 rq=7.634e-03
[modal_frozen] 400/4000 M=1.38 loss=1.767603e-01 rk=9.103e-03 rq=8.039e-03
[modal_frozen] 500/4000 M=1.36 loss=3.625692e-02 rk=8.868e-03 rq=7.905e-03
[modal_frozen] 600/4000 M=1.46 loss=1.692096e-02 rk=3.075e-03 rq=2.609e-03
[modal_frozen] 700/4000 M=1.40 loss=1.722671e-02 rk=2.967e-03 rq=2.896e-03
[modal_frozen] 800/4000 M=1.45 loss=9.110316e-03 rk=2.311e-03 rq=2.052e-03
[modal_frozen] 900/4000 M=1.42 loss=8.933553e-03 rk=1.753e-03 rq=1.710e-03
[modal_frozen] 1000/4000 M=1.57 loss=9.388431e-03 rk=2.143e-03 rq=1.510e-03
[modal_frozen] 1100/4000 M=1.48 loss=7.382209e-03 rk=1.314e-03 rq=1.170e-03
[modal_frozen] 1200/4000 M=1.63 loss=1.519484e-02 rk=2.762e-03 rq=2.357e-03
[modal_frozen] 1300/4000 M=1.57 loss=5.014149e-02 rk=2.000e-03 rq=1.072e-03
[modal_frozen] 1400/4000 M=1.44 loss=5.162561e-02 rk=1.611e-03 rq=1.311e-03
[modal_frozen] 1500/4000 M=1.61 loss=8.111471e-03 rk=1.634e-03 rq=1.149e-03
[modal_frozen] 1600/4000 M=1.42 loss=3.725021e-03 rk=8.697e-04 rq=7.686e-04
[modal_frozen] 1700/4000 M=1.60 loss=2.181151e-02 rk=1.478e-03 rq=8.857e-04
[modal_frozen] 1800/4000 M=1.51 loss=1.587769e-02 rk=9.226e-04 rq=8.071e-04
[modal_frozen] 1900/4000 M=1.36 loss=5.525399e-03 rk=1.262e-03 rq=1.147e-03
[modal_frozen] 2000/4000 M=1.60 loss=4.637320e-03 rk=8.776e-04 rq=5.449e-04
[modal_frozen] 2100/4000 M=1.52 loss=7.117153e-03 rk=7.024e-04 rq=6.098e-04
[modal_frozen] 2200/4000 M=1.50 loss=5.030131e-03 rk=5.848e-04 rq=4.548e-04
[modal_frozen] 2300/4000 M=1.64 loss=2.128867e-02 rk=1.737e-03 rq=1.349e-03
[modal_frozen] 2400/4000 M=1.55 loss=6.239621e-03 rk=7.718e-04 rq=6.185e-04
[modal_frozen] 2500/4000 M=1.58 loss=6.613007e-03 rk=8.976e-04 rq=5.135e-04
[modal_frozen] 2600/4000 M=1.35 loss=1.088537e-02 rk=1.058e-03 rq=1.084e-03
[modal_frozen] 2700/4000 M=1.42 loss=2.620949e-03 rk=4.933e-04 rq=4.318e-04
[modal_frozen] 2800/4000 M=1.39 loss=3.065729e-03 rk=4.412e-04 rq=4.492e-04
[modal_frozen] 2900/4000 M=1.50 loss=1.546792e-03 rk=4.233e-04 rq=3.367e-04
[modal_frozen] 3000/4000 M=1.41 loss=2.307651e-03 rk=3.548e-04 rq=3.130e-04
[modal_frozen] 3100/4000 M=1.45 loss=1.051099e-02 rk=5.316e-04 rq=4.156e-04
[modal_frozen] 3200/4000 M=1.49 loss=1.024924e-02 rk=6.569e-04 rq=4.957e-04
[modal_frozen] 3300/4000 M=1.46 loss=2.397190e-03 rk=3.458e-04 rq=2.688e-04
[modal_frozen] 3400/4000 M=1.46 loss=2.241187e-03 rk=2.682e-04 rq=2.699e-04
[modal_frozen] 3500/4000 M=1.49 loss=1.261419e-03 rk=3.019e-04 rq=2.236e-04
[modal_frozen] 3600/4000 M=1.57 loss=1.717657e-03 rk=3.401e-04 rq=3.091e-04
[modal_frozen] 3700/4000 M=1.56 loss=2.486257e-03 rk=3.402e-04 rq=2.671e-04
[modal_frozen] 3800/4000 M=1.49 loss=2.050781e-02 rk=5.770e-04 rq=3.976e-04
[modal_frozen] 3900/4000 M=1.48 loss=3.270485e-03 rk=3.352e-04 rq=2.767e-04
[modal_frozen] 4000/4000 M=1.40 loss=1.603252e-03 rk=2.405e-04 rq=2.259e-04
[joint] 1/4000 Mphys=1.569 Manchor=1.35 loss=2.560329e-03 spec=1.218e-06
[joint] 100/4000 Mphys=1.422 Manchor=1.55 loss=4.371392e-03 spec=3.429e-05
[joint] 200/4000 Mphys=1.527 Manchor=1.45 loss=2.455948e-02 spec=4.289e-04
[joint] 300/4000 Mphys=1.394 Manchor=1.55 loss=1.163499e-01 spec=2.213e-03
[joint] 400/4000 Mphys=1.535 Manchor=1.55 loss=8.750658e-03 spec=1.464e-04
[joint] 500/4000 Mphys=1.358 Manchor=1.40 loss=3.496266e-03 spec=3.892e-05
[joint] 600/4000 Mphys=1.494 Manchor=1.60 loss=1.032851e-02 spec=1.315e-04
[joint] 700/4000 Mphys=1.356 Manchor=1.35 loss=8.060724e-03 spec=6.118e-05
[joint] 800/4000 Mphys=1.540 Manchor=1.55 loss=6.347700e-03 spec=1.106e-04
[joint] 900/4000 Mphys=1.508 Manchor=1.35 loss=5.514023e-03 spec=9.222e-05
[joint] 1000/4000 Mphys=1.400 Manchor=1.40 loss=5.326286e-03 spec=4.133e-09
[joint] 1100/4000 Mphys=1.423 Manchor=1.45 loss=1.334650e-02 spec=5.566e-06
[joint] 1200/4000 Mphys=1.377 Manchor=1.65 loss=8.453286e-02 spec=1.669e-03
[joint] 1300/4000 Mphys=1.392 Manchor=1.65 loss=8.197011e-02 spec=1.627e-03
[joint] 1400/4000 Mphys=1.382 Manchor=1.60 loss=1.209950e-03 spec=1.097e-05
[joint] 1500/4000 Mphys=1.614 Manchor=1.40 loss=4.656214e-03 spec=5.733e-05
[joint] 1600/4000 Mphys=1.452 Manchor=1.45 loss=5.044466e-03 spec=2.332e-05
[joint] 1700/4000 Mphys=1.535 Manchor=1.55 loss=3.021238e-03 spec=2.008e-05
[joint] 1800/4000 Mphys=1.625 Manchor=1.40 loss=3.954492e-03 spec=1.887e-05
[joint] 1900/4000 Mphys=1.395 Manchor=1.45 loss=5.237149e-03 spec=1.784e-05
[joint] 2000/4000 Mphys=1.430 Manchor=1.60 loss=1.681034e-03 spec=2.041e-07
[joint] 2100/4000 Mphys=1.606 Manchor=1.55 loss=5.825671e-03 spec=3.432e-05
[joint] 2200/4000 Mphys=1.520 Manchor=1.40 loss=3.574196e-03 spec=5.042e-05
[joint] 2300/4000 Mphys=1.500 Manchor=1.55 loss=4.446282e-03 spec=1.712e-05
[joint] 2400/4000 Mphys=1.453 Manchor=1.60 loss=1.283502e-03 spec=5.816e-07
[joint] 2500/4000 Mphys=1.407 Manchor=1.45 loss=3.547713e-03 spec=7.278e-06
[joint] 2600/4000 Mphys=1.365 Manchor=1.65 loss=4.754592e-02 spec=7.328e-04
[joint] 2700/4000 Mphys=1.588 Manchor=1.35 loss=3.384721e-03 spec=5.255e-05
[joint] 2800/4000 Mphys=1.501 Manchor=1.45 loss=1.060223e-03 spec=4.612e-06
[joint] 2900/4000 Mphys=1.593 Manchor=1.65 loss=3.379222e-02 spec=6.659e-04
[joint] 3000/4000 Mphys=1.609 Manchor=1.60 loss=2.484385e-02 spec=4.858e-04
[joint] 3100/4000 Mphys=1.419 Manchor=1.45 loss=2.598157e-02 spec=5.093e-04
[joint] 3200/4000 Mphys=1.494 Manchor=1.55 loss=4.223839e-03 spec=1.847e-05
[joint] 3300/4000 Mphys=1.610 Manchor=1.35 loss=4.770176e-03 spec=3.220e-05
[joint] 3400/4000 Mphys=1.526 Manchor=1.40 loss=5.936065e-03 spec=5.349e-05
[joint] 3500/4000 Mphys=1.642 Manchor=1.55 loss=1.044314e-02 spec=1.694e-04
[joint] 3600/4000 Mphys=1.587 Manchor=1.55 loss=3.570183e-03 spec=3.994e-05
[joint] 3700/4000 Mphys=1.550 Manchor=1.45 loss=5.599738e-04 spec=3.321e-06
[joint] 3800/4000 Mphys=1.577 Manchor=1.60 loss=9.506922e-04 spec=2.194e-07
[joint] 3900/4000 Mphys=1.425 Manchor=1.40 loss=4.987950e-03 spec=9.254e-05
[joint] 4000/4000 Mphys=1.445 Manchor=1.65 loss=2.214260e-02 spec=4.343e-04

================================================================================
GLOBAL S4M0 TRAINING COMPLETE
================================================================================
selected: /lustre/fswork/projects/rech/fdb/usv13rn/These_PINN_KH_RT/assets/pinn_supersonic/atlas2d_v1_continuousM/N60/runs/C20/best_joint_checkpoint.pt

{
  "train": {
    "n": 10,
    "n_mach": 6,
    "cr_mae": 0.00011294210854401743,
    "cr_max_abs": 0.00036475300997951265,
    "ci_mae": 0.00015886187318565198,
    "ci_max_abs": 0.0004563155159466245,
    "omega_i_mae": 1.0711318035970182e-05,
    "spectral_error_mean": 0.00021745773891488084,
    "spectral_error_max": 0.0004567995727909214
  }
}

TEST SPLIT REMAINS SEALED.

output: /lustre/fswork/projects/rech/fdb/usv13rn/These_PINN_KH_RT/assets/pinn_supersonic/atlas2d_v1_continuousM/N60/runs/C20

====================================================================================================
FINISHED
chart = C20
end   = Thu Aug 20 11:59:21 AM CEST 2026
====================================================================================================
