====================================================================================================
SUPERSONIC ATLAS2D V1 — N60
====================================================================================================
job          = 1175297
array task   = 10
chart        = C31
config       = configs/pinn_supersonic/atlas2d_v1_continuousM/N60/C31.json
output       = assets/pinn_supersonic/atlas2d_v1_continuousM/N60/runs/C31
node         = r9i0n6
start        = Thu Aug 20 11:49:45 AM CEST 2026
====================================================================================================
train Mach: 1.60 1.65 1.70 1.75 1.80 1.85 1.90
validation Mach: 
test Mach (sealed): 
[spectral_prefit] 1/2000 M=1.90 loss=5.927684e+01
[spectral_prefit] 100/2000 M=1.80 loss=9.784781e+00
[spectral_prefit] 200/2000 M=1.65 loss=1.829711e+00
[spectral_prefit] 300/2000 M=1.85 loss=7.421798e-01
[spectral_prefit] 400/2000 M=1.90 loss=6.917140e-01
[spectral_prefit] 500/2000 M=1.90 loss=6.233717e-01
[spectral_prefit] 600/2000 M=1.70 loss=2.394805e-02
[spectral_prefit] 700/2000 M=1.80 loss=1.180295e-02
[spectral_prefit] 800/2000 M=1.60 loss=1.472147e-02
[spectral_prefit] 900/2000 M=1.80 loss=2.870883e-02
[spectral_prefit] 1000/2000 M=1.75 loss=1.650285e-01
[spectral_prefit] 1100/2000 M=1.80 loss=3.683028e-02
[spectral_prefit] 1200/2000 M=1.80 loss=3.218510e-02
[spectral_prefit] 1300/2000 M=1.60 loss=1.327228e-02
[spectral_prefit] 1400/2000 M=1.65 loss=9.360541e-04
[spectral_prefit] 1500/2000 M=1.60 loss=1.293404e-02
[spectral_prefit] 1600/2000 M=1.85 loss=6.555770e-02
[spectral_prefit] 1700/2000 M=1.80 loss=5.597387e-02
[spectral_prefit] 1800/2000 M=1.90 loss=3.882537e-01
[spectral_prefit] 1900/2000 M=1.85 loss=4.501212e-02
[spectral_prefit] 2000/2000 M=1.80 loss=5.263744e-02
[modal_frozen] 1/4000 M=1.85 loss=8.160956e+00 rk=1.025e-01 rq=6.810e-02
[modal_frozen] 100/4000 M=1.77 loss=1.564357e-01 rk=2.859e-02 rq=2.605e-02
[modal_frozen] 200/4000 M=1.66 loss=5.580882e-02 rk=1.724e-02 rq=1.379e-02
[modal_frozen] 300/4000 M=1.74 loss=3.815500e-02 rk=1.072e-02 rq=7.365e-03
[modal_frozen] 400/4000 M=1.59 loss=5.935885e-02 rk=8.864e-03 rq=8.005e-03
[modal_frozen] 500/4000 M=1.77 loss=2.726095e-02 rk=7.735e-03 rq=3.976e-03
[modal_frozen] 600/4000 M=1.73 loss=7.681499e-02 rk=5.538e-03 rq=3.679e-03
[modal_frozen] 700/4000 M=1.69 loss=2.055055e-02 rk=4.338e-03 rq=2.737e-03
[modal_frozen] 800/4000 M=1.64 loss=1.420935e-02 rk=3.938e-03 rq=2.318e-03
[modal_frozen] 900/4000 M=1.86 loss=3.080433e-02 rk=4.995e-03 rq=2.728e-03
[modal_frozen] 1000/4000 M=1.61 loss=4.375144e-02 rk=2.681e-03 rq=2.368e-03
[modal_frozen] 1100/4000 M=1.81 loss=2.635198e-02 rk=3.434e-03 rq=1.609e-03
[modal_frozen] 1200/4000 M=1.66 loss=2.262906e-02 rk=2.293e-03 rq=1.377e-03
[modal_frozen] 1300/4000 M=1.65 loss=1.287622e-02 rk=1.795e-03 rq=1.116e-03
[modal_frozen] 1400/4000 M=1.78 loss=8.880265e-03 rk=1.990e-03 rq=1.120e-03
[modal_frozen] 1500/4000 M=1.55 loss=1.300105e-02 rk=2.951e-03 rq=3.169e-03
[modal_frozen] 1600/4000 M=1.68 loss=1.009056e-02 rk=1.449e-03 rq=1.054e-03
[modal_frozen] 1700/4000 M=1.87 loss=1.361206e-02 rk=2.585e-03 rq=1.445e-03
[modal_frozen] 1800/4000 M=1.89 loss=2.599677e-02 rk=2.578e-03 rq=1.782e-03
[modal_frozen] 1900/4000 M=1.72 loss=6.292293e-03 rk=9.342e-04 rq=6.454e-04
[modal_frozen] 2000/4000 M=1.74 loss=5.435643e-03 rk=8.060e-04 rq=6.846e-04
[modal_frozen] 2100/4000 M=1.83 loss=5.559307e-03 rk=1.091e-03 rq=6.356e-04
[modal_frozen] 2200/4000 M=1.57 loss=1.859590e-02 rk=1.255e-03 rq=1.041e-03
[modal_frozen] 2300/4000 M=1.90 loss=4.237650e-02 rk=2.557e-03 rq=1.859e-03
[modal_frozen] 2400/4000 M=1.87 loss=1.226193e-02 rk=1.476e-03 rq=1.005e-03
[modal_frozen] 2500/4000 M=1.79 loss=3.586877e-03 rk=7.411e-04 rq=5.412e-04
[modal_frozen] 2600/4000 M=1.62 loss=1.945649e-02 rk=5.776e-04 rq=5.036e-04
[modal_frozen] 2700/4000 M=1.58 loss=3.825731e-03 rk=7.747e-04 rq=5.886e-04
[modal_frozen] 2800/4000 M=1.58 loss=2.753938e-03 rk=6.442e-04 rq=6.000e-04
[modal_frozen] 2900/4000 M=1.79 loss=3.303946e-03 rk=5.905e-04 rq=4.405e-04
[modal_frozen] 3000/4000 M=1.70 loss=3.107038e-03 rk=4.212e-04 rq=3.300e-04
[modal_frozen] 3100/4000 M=1.60 loss=3.260554e-03 rk=5.056e-04 rq=4.103e-04
[modal_frozen] 3200/4000 M=1.56 loss=7.657754e-02 rk=1.127e-03 rq=9.511e-04
[modal_frozen] 3300/4000 M=1.63 loss=4.203604e-03 rk=4.104e-04 rq=3.442e-04
[modal_frozen] 3400/4000 M=1.71 loss=1.640992e-02 rk=3.875e-04 rq=3.117e-04
[modal_frozen] 3500/4000 M=1.77 loss=4.500043e-02 rk=4.276e-04 rq=4.845e-04
[modal_frozen] 3600/4000 M=1.86 loss=1.049063e-02 rk=8.703e-04 rq=6.301e-04
[modal_frozen] 3700/4000 M=1.72 loss=2.094831e-03 rk=3.434e-04 rq=2.753e-04
[modal_frozen] 3800/4000 M=1.64 loss=1.999878e-03 rk=2.636e-04 rq=2.541e-04
[modal_frozen] 3900/4000 M=1.55 loss=5.849516e-03 rk=6.411e-04 rq=5.590e-04
[modal_frozen] 4000/4000 M=1.64 loss=3.725575e-03 rk=3.521e-04 rq=2.733e-04
[joint] 1/4000 Mphys=1.829 Manchor=1.60 loss=3.379090e-01 spec=6.622e-03
[joint] 100/4000 Mphys=1.732 Manchor=1.70 loss=6.945113e-01 spec=1.386e-02
[joint] 200/4000 Mphys=1.647 Manchor=1.75 loss=1.188251e+00 spec=2.374e-02
[joint] 300/4000 Mphys=1.613 Manchor=1.75 loss=1.217670e+00 spec=2.400e-02
[joint] 400/4000 Mphys=1.890 Manchor=1.90 loss=1.239307e+01 spec=2.478e-01
[joint] 500/4000 Mphys=1.769 Manchor=1.65 loss=6.372408e-03 spec=2.975e-05
[joint] 600/4000 Mphys=1.780 Manchor=1.70 loss=3.268511e-01 spec=6.457e-03
[joint] 700/4000 Mphys=1.742 Manchor=1.75 loss=9.469225e-01 spec=1.892e-02
[joint] 800/4000 Mphys=1.739 Manchor=1.85 loss=2.520896e-01 spec=5.022e-03
[joint] 900/4000 Mphys=1.719 Manchor=1.60 loss=3.284721e-02 spec=6.283e-04
[joint] 1000/4000 Mphys=1.808 Manchor=1.70 loss=9.609679e-02 spec=1.868e-03
[joint] 1100/4000 Mphys=1.677 Manchor=1.90 loss=7.331552e+00 spec=1.466e-01
[joint] 1200/4000 Mphys=1.589 Manchor=1.90 loss=7.424772e+00 spec=1.484e-01
[joint] 1300/4000 Mphys=1.603 Manchor=1.70 loss=1.330740e-02 spec=2.176e-04
[joint] 1400/4000 Mphys=1.739 Manchor=1.70 loss=7.064475e-03 spec=1.283e-04
[joint] 1500/4000 Mphys=1.680 Manchor=1.60 loss=3.126339e-02 spec=5.603e-04
[joint] 1600/4000 Mphys=1.752 Manchor=1.65 loss=4.475949e-03 spec=6.292e-05
[joint] 1700/4000 Mphys=1.814 Manchor=1.65 loss=2.194366e-03 spec=9.385e-06
[joint] 1800/4000 Mphys=1.852 Manchor=1.75 loss=2.635275e-01 spec=5.231e-03
[joint] 1900/4000 Mphys=1.617 Manchor=1.75 loss=2.328488e-01 spec=4.632e-03
[joint] 2000/4000 Mphys=1.794 Manchor=1.65 loss=4.997858e-03 spec=6.563e-05
[joint] 2100/4000 Mphys=1.582 Manchor=1.65 loss=6.730438e-03 spec=9.292e-05
[joint] 2200/4000 Mphys=1.799 Manchor=1.90 loss=3.928289e+00 spec=7.849e-02
[joint] 2300/4000 Mphys=1.714 Manchor=1.75 loss=9.197322e-02 spec=1.822e-03
[joint] 2400/4000 Mphys=1.608 Manchor=1.65 loss=2.020452e-03 spec=1.671e-05
[joint] 2500/4000 Mphys=1.804 Manchor=1.90 loss=3.627068e+00 spec=7.252e-02
[joint] 2600/4000 Mphys=1.795 Manchor=1.85 loss=4.129026e-01 spec=8.014e-03
[joint] 2700/4000 Mphys=1.553 Manchor=1.75 loss=6.210414e-02 spec=1.201e-03
[joint] 2800/4000 Mphys=1.868 Manchor=1.90 loss=2.632920e+00 spec=5.264e-02
[joint] 2900/4000 Mphys=1.732 Manchor=1.90 loss=2.622549e+00 spec=5.241e-02
[joint] 3000/4000 Mphys=1.754 Manchor=1.75 loss=3.593288e-02 spec=7.009e-04
[joint] 3100/4000 Mphys=1.651 Manchor=1.75 loss=4.774603e-02 spec=8.517e-04
[joint] 3200/4000 Mphys=1.594 Manchor=1.70 loss=1.840573e-02 spec=4.616e-05
[joint] 3300/4000 Mphys=1.763 Manchor=1.65 loss=1.850754e-02 spec=3.521e-04
[joint] 3400/4000 Mphys=1.599 Manchor=1.60 loss=1.338397e-02 spec=2.456e-04
[joint] 3500/4000 Mphys=1.701 Manchor=1.60 loss=2.154526e-02 spec=4.102e-04
[joint] 3600/4000 Mphys=1.887 Manchor=1.65 loss=5.059836e-03 spec=7.574e-05
[joint] 3700/4000 Mphys=1.899 Manchor=1.85 loss=5.090393e-01 spec=1.013e-02
[joint] 3800/4000 Mphys=1.579 Manchor=1.70 loss=1.625641e-01 spec=3.181e-03
[joint] 3900/4000 Mphys=1.649 Manchor=1.75 loss=3.016440e-02 spec=5.842e-04
[joint] 4000/4000 Mphys=1.574 Manchor=1.80 loss=9.184783e-02 spec=1.812e-03

================================================================================
GLOBAL S4M0 TRAINING COMPLETE
================================================================================
selected: /lustre/fswork/projects/rech/fdb/usv13rn/These_PINN_KH_RT/assets/pinn_supersonic/atlas2d_v1_continuousM/N60/runs/C31/best_joint_checkpoint.pt

{
  "train": {
    "n": 12,
    "n_mach": 7,
    "cr_mae": 8.786084042070967e-05,
    "cr_max_abs": 0.00021695811578026358,
    "ci_mae": 0.0003458439114664557,
    "ci_max_abs": 0.0009462130802477194,
    "omega_i_mae": 6.22201417865168e-05,
    "spectral_error_mean": 0.00036807789010052266,
    "spectral_error_max": 0.0009707677462888841
  }
}

TEST SPLIT REMAINS SEALED.

output: /lustre/fswork/projects/rech/fdb/usv13rn/These_PINN_KH_RT/assets/pinn_supersonic/atlas2d_v1_continuousM/N60/runs/C31

====================================================================================================
FINISHED
chart = C31
end   = Thu Aug 20 11:58:57 AM CEST 2026
====================================================================================================
