====================================================================================================
SUPERSONIC ATLAS2D V1 — N36
====================================================================================================
job          = 1175314
array task   = 5
chart        = C12
config       = configs/pinn_supersonic/atlas2d_v1_continuousM/N36/C12.json
output       = assets/pinn_supersonic/atlas2d_v1_continuousM/N36/runs/C12
node         = r9i5n6
start        = Thu Aug 20 11:49:44 AM CEST 2026
====================================================================================================
train Mach: 1.15 1.20 1.25 1.30 1.40 1.45
validation Mach: 
test Mach (sealed): 
[spectral_prefit] 1/2000 M=1.25 loss=5.838094e+00
[spectral_prefit] 100/2000 M=1.45 loss=7.565356e+00
[spectral_prefit] 200/2000 M=1.15 loss=4.848824e-02
[spectral_prefit] 300/2000 M=1.40 loss=1.190211e-01
[spectral_prefit] 400/2000 M=1.25 loss=2.603207e+00
[spectral_prefit] 500/2000 M=1.25 loss=1.995331e+00
[spectral_prefit] 600/2000 M=1.25 loss=1.599564e+00
[spectral_prefit] 700/2000 M=1.45 loss=7.897488e-01
[spectral_prefit] 800/2000 M=1.40 loss=1.602392e-01
[spectral_prefit] 900/2000 M=1.15 loss=1.510149e-02
[spectral_prefit] 1000/2000 M=1.45 loss=5.264612e-01
[spectral_prefit] 1100/2000 M=1.40 loss=9.081067e-02
[spectral_prefit] 1200/2000 M=1.20 loss=3.489208e-03
[spectral_prefit] 1300/2000 M=1.20 loss=4.199576e-03
[spectral_prefit] 1400/2000 M=1.20 loss=3.376564e-03
[spectral_prefit] 1500/2000 M=1.20 loss=4.557045e-03
[spectral_prefit] 1600/2000 M=1.15 loss=5.808086e-03
[spectral_prefit] 1700/2000 M=1.45 loss=1.278263e-01
[spectral_prefit] 1800/2000 M=1.30 loss=1.064318e-02
[spectral_prefit] 1900/2000 M=1.45 loss=7.145282e-02
[spectral_prefit] 2000/2000 M=1.30 loss=2.586860e-03
[modal_frozen] 1/4000 M=1.17 loss=9.535403e+00 rk=7.631e-02 rq=7.544e-02
[modal_frozen] 100/4000 M=1.25 loss=1.510220e-01 rk=2.698e-02 rq=2.750e-02
[modal_frozen] 200/4000 M=1.44 loss=1.179259e-01 rk=3.254e-02 rq=2.449e-02
[modal_frozen] 300/4000 M=1.35 loss=3.659704e-02 rk=1.233e-02 rq=7.953e-03
[modal_frozen] 400/4000 M=1.28 loss=3.463727e-02 rk=9.911e-03 rq=5.318e-03
[modal_frozen] 500/4000 M=1.29 loss=4.070627e-02 rk=8.102e-03 rq=3.909e-03
[modal_frozen] 600/4000 M=1.29 loss=6.886456e-02 rk=7.603e-03 rq=3.922e-03
[modal_frozen] 700/4000 M=1.41 loss=4.566665e-02 rk=1.126e-02 rq=3.707e-03
[modal_frozen] 800/4000 M=1.31 loss=1.498862e-02 rk=6.643e-03 rq=2.700e-03
[modal_frozen] 900/4000 M=1.32 loss=1.767068e-02 rk=6.058e-03 rq=2.482e-03
[modal_frozen] 1000/4000 M=1.26 loss=1.080573e-02 rk=4.400e-03 rq=1.767e-03
[modal_frozen] 1100/4000 M=1.26 loss=1.304126e-02 rk=4.018e-03 rq=1.810e-03
[modal_frozen] 1200/4000 M=1.28 loss=1.265769e-02 rk=4.389e-03 rq=1.596e-03
[modal_frozen] 1300/4000 M=1.18 loss=1.413636e-02 rk=3.958e-03 rq=2.453e-03
[modal_frozen] 1400/4000 M=1.22 loss=9.230984e-02 rk=2.925e-03 rq=1.644e-03
[modal_frozen] 1500/4000 M=1.44 loss=2.794249e-02 rk=7.840e-03 rq=2.070e-03
[modal_frozen] 1600/4000 M=1.42 loss=1.341834e-02 rk=7.551e-03 rq=1.411e-03
[modal_frozen] 1700/4000 M=1.44 loss=2.126063e-02 rk=7.106e-03 rq=2.035e-03
[modal_frozen] 1800/4000 M=1.30 loss=5.779228e-03 rk=1.845e-03 rq=8.724e-04
[modal_frozen] 1900/4000 M=1.37 loss=5.680437e-02 rk=2.920e-03 rq=1.105e-03
[modal_frozen] 2000/4000 M=1.20 loss=9.588284e-03 rk=1.339e-03 rq=1.083e-03
[modal_frozen] 2100/4000 M=1.19 loss=4.114812e-03 rk=1.310e-03 rq=9.108e-04
[modal_frozen] 2200/4000 M=1.32 loss=3.470783e-03 rk=1.258e-03 rq=7.833e-04
[modal_frozen] 2300/4000 M=1.31 loss=3.723467e-03 rk=9.564e-04 rq=6.370e-04
[modal_frozen] 2400/4000 M=1.37 loss=3.829487e-03 rk=1.436e-03 rq=7.165e-04
[modal_frozen] 2500/4000 M=1.41 loss=5.086088e-03 rk=2.383e-03 rq=7.672e-04
[modal_frozen] 2600/4000 M=1.34 loss=2.708374e-03 rk=8.298e-04 rq=4.998e-04
[modal_frozen] 2700/4000 M=1.21 loss=4.110723e-03 rk=8.372e-04 rq=5.897e-04
[modal_frozen] 2800/4000 M=1.31 loss=4.497342e-03 rk=7.487e-04 rq=4.873e-04
[modal_frozen] 2900/4000 M=1.31 loss=2.831925e-03 rk=6.938e-04 rq=4.856e-04
[modal_frozen] 3000/4000 M=1.25 loss=2.296908e-02 rk=6.220e-04 rq=4.746e-04
[modal_frozen] 3100/4000 M=1.42 loss=2.159817e-02 rk=1.719e-03 rq=1.268e-03
[modal_frozen] 3200/4000 M=1.26 loss=1.070188e-02 rk=6.483e-04 rq=4.663e-04
[modal_frozen] 3300/4000 M=1.41 loss=3.310735e-03 rk=1.140e-03 rq=4.791e-04
[modal_frozen] 3400/4000 M=1.34 loss=2.979373e-03 rk=5.108e-04 rq=2.999e-04
[modal_frozen] 3500/4000 M=1.23 loss=1.787772e-03 rk=4.947e-04 rq=3.138e-04
[modal_frozen] 3600/4000 M=1.28 loss=1.953259e-03 rk=4.242e-04 rq=3.010e-04
[modal_frozen] 3700/4000 M=1.26 loss=1.835125e-03 rk=4.019e-04 rq=2.720e-04
[modal_frozen] 3800/4000 M=1.38 loss=1.750726e-03 rk=4.896e-04 rq=2.994e-04
[modal_frozen] 3900/4000 M=1.32 loss=1.463598e-03 rk=3.362e-04 rq=2.278e-04
[modal_frozen] 4000/4000 M=1.35 loss=3.888553e-03 rk=3.139e-04 rq=2.523e-04
[joint] 1/4000 Mphys=1.252 Manchor=1.25 loss=3.231577e+00 spec=6.458e-02
[joint] 100/4000 Mphys=1.165 Manchor=1.45 loss=1.537933e+00 spec=3.071e-02
[joint] 200/4000 Mphys=1.440 Manchor=1.40 loss=3.161989e-02 spec=5.218e-04
[joint] 300/4000 Mphys=1.171 Manchor=1.15 loss=8.575324e-03 spec=1.229e-04
[joint] 400/4000 Mphys=1.249 Manchor=1.15 loss=6.203227e-03 spec=7.116e-05
[joint] 500/4000 Mphys=1.280 Manchor=1.40 loss=3.240186e-02 spec=5.589e-04
[joint] 600/4000 Mphys=1.334 Manchor=1.40 loss=8.127919e-02 spec=1.551e-03
[joint] 700/4000 Mphys=1.332 Manchor=1.15 loss=1.117796e-02 spec=7.289e-05
[joint] 800/4000 Mphys=1.160 Manchor=1.30 loss=7.638653e-03 spec=2.578e-05
[joint] 900/4000 Mphys=1.199 Manchor=1.20 loss=1.479508e+00 spec=2.953e-02
[joint] 1000/4000 Mphys=1.391 Manchor=1.40 loss=6.877450e-02 spec=1.252e-03
[joint] 1100/4000 Mphys=1.162 Manchor=1.45 loss=1.081845e-02 spec=1.485e-04
[joint] 1200/4000 Mphys=1.339 Manchor=1.25 loss=4.954929e-03 spec=8.032e-05
[joint] 1300/4000 Mphys=1.331 Manchor=1.30 loss=1.609862e-03 spec=1.143e-06
[joint] 1400/4000 Mphys=1.279 Manchor=1.20 loss=2.270639e-03 spec=1.367e-05
[joint] 1500/4000 Mphys=1.192 Manchor=1.30 loss=5.485610e-03 spec=7.445e-07
[joint] 1600/4000 Mphys=1.168 Manchor=1.30 loss=3.900289e-03 spec=4.640e-07
[joint] 1700/4000 Mphys=1.349 Manchor=1.45 loss=2.204734e-03 spec=1.174e-05
[joint] 1800/4000 Mphys=1.326 Manchor=1.25 loss=1.406877e-03 spec=3.712e-06
[joint] 1900/4000 Mphys=1.212 Manchor=1.45 loss=2.026468e-03 spec=5.574e-06
[joint] 2000/4000 Mphys=1.363 Manchor=1.40 loss=1.237124e-03 spec=8.543e-06
[joint] 2100/4000 Mphys=1.379 Manchor=1.15 loss=1.270620e-03 spec=7.367e-07
[joint] 2200/4000 Mphys=1.336 Manchor=1.25 loss=1.055422e-03 spec=9.938e-07
[joint] 2300/4000 Mphys=1.203 Manchor=1.40 loss=1.088381e-02 spec=1.675e-07
[joint] 2400/4000 Mphys=1.284 Manchor=1.40 loss=5.157776e-03 spec=1.728e-06
[joint] 2500/4000 Mphys=1.310 Manchor=1.20 loss=3.324883e-03 spec=2.781e-06
[joint] 2600/4000 Mphys=1.168 Manchor=1.30 loss=2.956999e-03 spec=2.411e-06
[joint] 2700/4000 Mphys=1.387 Manchor=1.25 loss=1.000891e-03 spec=5.589e-07
[joint] 2800/4000 Mphys=1.410 Manchor=1.45 loss=9.940917e-04 spec=1.178e-06
[joint] 2900/4000 Mphys=1.427 Manchor=1.30 loss=2.188401e-01 spec=4.362e-03
[joint] 3000/4000 Mphys=1.294 Manchor=1.20 loss=2.686516e-02 spec=5.159e-04
[joint] 3100/4000 Mphys=1.280 Manchor=1.45 loss=1.124531e-02 spec=1.283e-04
[joint] 3200/4000 Mphys=1.283 Manchor=1.40 loss=1.875675e-02 spec=1.492e-05
[joint] 3300/4000 Mphys=1.413 Manchor=1.30 loss=1.496271e-03 spec=9.230e-06
[joint] 3400/4000 Mphys=1.413 Manchor=1.40 loss=1.416528e-03 spec=1.623e-06
[joint] 3500/4000 Mphys=1.446 Manchor=1.15 loss=1.413109e-03 spec=7.247e-07
[joint] 3600/4000 Mphys=1.371 Manchor=1.20 loss=1.133612e-03 spec=3.258e-06
[joint] 3700/4000 Mphys=1.177 Manchor=1.25 loss=8.575488e-04 spec=1.910e-06
[joint] 3800/4000 Mphys=1.246 Manchor=1.25 loss=1.001570e-03 spec=3.071e-07
[joint] 3900/4000 Mphys=1.172 Manchor=1.45 loss=1.279083e-02 spec=1.425e-05
[joint] 4000/4000 Mphys=1.177 Manchor=1.30 loss=3.919371e-03 spec=5.136e-05

================================================================================
GLOBAL S4M0 TRAINING COMPLETE
================================================================================
selected: /lustre/fswork/projects/rech/fdb/usv13rn/These_PINN_KH_RT/assets/pinn_supersonic/atlas2d_v1_continuousM/N36/runs/C12/best_joint_checkpoint.pt

{
  "train": {
    "n": 8,
    "n_mach": 6,
    "cr_mae": 5.239042529534693e-05,
    "cr_max_abs": 0.00011105090182028654,
    "ci_mae": 1.3632726554687257e-06,
    "ci_max_abs": 5.898579024325723e-06,
    "omega_i_mae": 2.9904833172294696e-07,
    "spectral_error_mean": 5.247669354765024e-05,
    "spectral_error_max": 0.00011105122032164005
  }
}

TEST SPLIT REMAINS SEALED.

output: /lustre/fswork/projects/rech/fdb/usv13rn/These_PINN_KH_RT/assets/pinn_supersonic/atlas2d_v1_continuousM/N36/runs/C12

====================================================================================================
FINISHED
chart = C12
end   = Thu Aug 20 12:00:26 PM CEST 2026
====================================================================================================
