====================================================================================================
SUPERSONIC ATLAS2D V1 — N36
====================================================================================================
job          = 1175316
array task   = 7
chart        = C21
config       = configs/pinn_supersonic/atlas2d_v1_continuousM/N36/C21.json
output       = assets/pinn_supersonic/atlas2d_v1_continuousM/N36/runs/C21
node         = r9i5n6
start        = Thu Aug 20 11:49:44 AM CEST 2026
====================================================================================================
train Mach: 1.35 1.40 1.45 1.50 1.60 1.65
validation Mach: 
test Mach (sealed): 
[spectral_prefit] 1/2000 M=1.60 loss=2.037342e+01
[spectral_prefit] 100/2000 M=1.35 loss=1.076312e+00
[spectral_prefit] 200/2000 M=1.40 loss=6.399889e-02
[spectral_prefit] 300/2000 M=1.65 loss=6.047263e-02
[spectral_prefit] 400/2000 M=1.65 loss=1.191948e-01
[spectral_prefit] 500/2000 M=1.65 loss=3.404456e-02
[spectral_prefit] 600/2000 M=1.50 loss=3.045867e-01
[spectral_prefit] 700/2000 M=1.60 loss=5.651440e-03
[spectral_prefit] 800/2000 M=1.45 loss=2.909002e-02
[spectral_prefit] 900/2000 M=1.40 loss=2.828492e-02
[spectral_prefit] 1000/2000 M=1.45 loss=1.313009e-02
[spectral_prefit] 1100/2000 M=1.45 loss=8.463919e-03
[spectral_prefit] 1200/2000 M=1.45 loss=2.911097e-03
[spectral_prefit] 1300/2000 M=1.65 loss=2.883848e-04
[spectral_prefit] 1400/2000 M=1.65 loss=4.531746e-04
[spectral_prefit] 1500/2000 M=1.65 loss=3.926028e-04
[spectral_prefit] 1600/2000 M=1.50 loss=3.323363e-04
[spectral_prefit] 1700/2000 M=1.35 loss=9.968959e-07
[spectral_prefit] 1800/2000 M=1.50 loss=5.600504e-05
[spectral_prefit] 1900/2000 M=1.50 loss=4.455800e-05
[spectral_prefit] 2000/2000 M=1.45 loss=6.033098e-05
[modal_frozen] 1/4000 M=1.51 loss=1.220911e+01 rk=9.336e-02 rq=8.321e-02
[modal_frozen] 100/4000 M=1.36 loss=3.012457e-01 rk=4.219e-02 rq=3.370e-02
[modal_frozen] 200/4000 M=1.61 loss=7.385033e-02 rk=2.226e-02 rq=1.618e-02
[modal_frozen] 300/4000 M=1.59 loss=4.823138e-02 rk=1.162e-02 rq=9.387e-03
[modal_frozen] 400/4000 M=1.40 loss=5.057304e-02 rk=8.369e-03 rq=9.464e-03
[modal_frozen] 500/4000 M=1.41 loss=9.400316e-02 rk=6.253e-03 rq=6.778e-03
[modal_frozen] 600/4000 M=1.61 loss=3.900999e-02 rk=7.386e-03 rq=5.037e-03
[modal_frozen] 700/4000 M=1.53 loss=1.580918e-02 rk=4.884e-03 rq=3.319e-03
[modal_frozen] 800/4000 M=1.49 loss=1.178349e-02 rk=3.108e-03 rq=2.300e-03
[modal_frozen] 900/4000 M=1.63 loss=2.061676e-02 rk=5.519e-03 rq=4.758e-03
[modal_frozen] 1000/4000 M=1.54 loss=1.275092e-02 rk=2.656e-03 rq=2.054e-03
[modal_frozen] 1100/4000 M=1.54 loss=2.661422e-02 rk=3.346e-03 rq=2.582e-03
[modal_frozen] 1200/4000 M=1.36 loss=1.748029e-02 rk=3.777e-03 rq=3.884e-03
[modal_frozen] 1300/4000 M=1.55 loss=9.108923e-03 rk=2.057e-03 rq=1.393e-03
[modal_frozen] 1400/4000 M=1.49 loss=1.065103e-02 rk=1.523e-03 rq=1.259e-03
[modal_frozen] 1500/4000 M=1.49 loss=2.865763e-02 rk=1.639e-03 rq=1.437e-03
[modal_frozen] 1600/4000 M=1.63 loss=8.195680e-03 rk=2.297e-03 rq=1.767e-03
[modal_frozen] 1700/4000 M=1.42 loss=5.476380e-02 rk=1.006e-03 rq=1.126e-03
[modal_frozen] 1800/4000 M=1.49 loss=8.092803e-03 rk=1.069e-03 rq=8.374e-04
[modal_frozen] 1900/4000 M=1.65 loss=1.613671e-02 rk=2.670e-03 rq=2.422e-03
[modal_frozen] 2000/4000 M=1.55 loss=3.633643e-02 rk=1.913e-03 rq=1.618e-03
[modal_frozen] 2100/4000 M=1.50 loss=1.026609e-02 rk=9.978e-04 rq=1.022e-03
[modal_frozen] 2200/4000 M=1.38 loss=9.705994e-03 rk=9.903e-04 rq=1.058e-03
[modal_frozen] 2300/4000 M=1.55 loss=4.118821e-03 rk=7.755e-04 rq=6.461e-04
[modal_frozen] 2400/4000 M=1.60 loss=5.228874e-03 rk=9.823e-04 rq=7.354e-04
[modal_frozen] 2500/4000 M=1.53 loss=2.296760e-03 rk=5.441e-04 rq=6.037e-04
[modal_frozen] 2600/4000 M=1.37 loss=4.214716e-03 rk=8.502e-04 rq=8.620e-04
[modal_frozen] 2700/4000 M=1.51 loss=4.045726e-03 rk=5.359e-04 rq=4.778e-04
[modal_frozen] 2800/4000 M=1.54 loss=3.211611e-03 rk=4.664e-04 rq=4.138e-04
[modal_frozen] 2900/4000 M=1.39 loss=3.863465e-03 rk=4.965e-04 rq=5.134e-04
[modal_frozen] 3000/4000 M=1.38 loss=8.309232e-03 rk=6.566e-04 rq=6.344e-04
[modal_frozen] 3100/4000 M=1.62 loss=8.818740e-03 rk=6.964e-04 rq=7.274e-04
[modal_frozen] 3200/4000 M=1.45 loss=5.652715e-03 rk=3.978e-04 rq=3.689e-04
[modal_frozen] 3300/4000 M=1.60 loss=4.579872e-03 rk=4.777e-04 rq=4.537e-04
[modal_frozen] 3400/4000 M=1.43 loss=1.485895e-02 rk=7.164e-04 rq=5.972e-04
[modal_frozen] 3500/4000 M=1.46 loss=2.012885e-02 rk=5.703e-04 rq=6.757e-04
[modal_frozen] 3600/4000 M=1.41 loss=9.090326e-03 rk=4.472e-04 rq=4.070e-04
[modal_frozen] 3700/4000 M=1.57 loss=1.973059e-03 rk=3.435e-04 rq=2.825e-04
[modal_frozen] 3800/4000 M=1.52 loss=2.918983e-03 rk=3.154e-04 rq=2.624e-04
[modal_frozen] 3900/4000 M=1.57 loss=3.793218e-03 rk=3.366e-04 rq=3.120e-04
[modal_frozen] 4000/4000 M=1.43 loss=2.745535e-03 rk=3.012e-04 rq=3.342e-04
[joint] 1/4000 Mphys=1.591 Manchor=1.65 loss=7.704456e-03 spec=8.600e-05
[joint] 100/4000 Mphys=1.376 Manchor=1.65 loss=3.181931e-02 spec=5.256e-04
[joint] 200/4000 Mphys=1.463 Manchor=1.45 loss=5.017316e-03 spec=3.556e-05
[joint] 300/4000 Mphys=1.560 Manchor=1.65 loss=3.653844e-02 spec=6.941e-04
[joint] 400/4000 Mphys=1.386 Manchor=1.45 loss=1.145685e-02 spec=1.894e-04
[joint] 500/4000 Mphys=1.391 Manchor=1.50 loss=1.189310e-02 spec=5.151e-06
[joint] 600/4000 Mphys=1.537 Manchor=1.35 loss=1.031685e-01 spec=1.985e-03
[joint] 700/4000 Mphys=1.370 Manchor=1.65 loss=5.529560e-02 spec=1.034e-03
[joint] 800/4000 Mphys=1.546 Manchor=1.40 loss=2.468129e-02 spec=4.722e-04
[joint] 900/4000 Mphys=1.564 Manchor=1.60 loss=1.235012e-02 spec=2.202e-04
[joint] 1000/4000 Mphys=1.441 Manchor=1.65 loss=1.150959e-02 spec=1.326e-04
[joint] 1100/4000 Mphys=1.421 Manchor=1.40 loss=4.467769e-03 spec=3.314e-05
[joint] 1200/4000 Mphys=1.375 Manchor=1.65 loss=3.195463e-03 spec=1.502e-06
[joint] 1300/4000 Mphys=1.549 Manchor=1.50 loss=2.154267e-02 spec=2.118e-04
[joint] 1400/4000 Mphys=1.538 Manchor=1.65 loss=3.995901e-02 spec=4.488e-04
[joint] 1500/4000 Mphys=1.417 Manchor=1.65 loss=2.492365e-03 spec=1.907e-05
[joint] 1600/4000 Mphys=1.371 Manchor=1.45 loss=1.465443e-03 spec=9.774e-06
[joint] 1700/4000 Mphys=1.397 Manchor=1.40 loss=2.846957e-03 spec=3.464e-05
[joint] 1800/4000 Mphys=1.502 Manchor=1.60 loss=2.103313e-03 spec=2.953e-05
[joint] 1900/4000 Mphys=1.619 Manchor=1.35 loss=4.684177e-02 spec=9.161e-04
[joint] 2000/4000 Mphys=1.540 Manchor=1.40 loss=1.586023e-01 spec=3.088e-03
[joint] 2100/4000 Mphys=1.443 Manchor=1.35 loss=1.542392e-02 spec=2.920e-04
[joint] 2200/4000 Mphys=1.649 Manchor=1.35 loss=5.051882e-03 spec=6.632e-05
[joint] 2300/4000 Mphys=1.424 Manchor=1.35 loss=1.810657e-02 spec=2.979e-04
[joint] 2400/4000 Mphys=1.377 Manchor=1.50 loss=4.075415e-03 spec=1.684e-06
[joint] 2500/4000 Mphys=1.558 Manchor=1.40 loss=2.907967e-03 spec=3.642e-05
[joint] 2600/4000 Mphys=1.613 Manchor=1.50 loss=1.758756e-03 spec=2.099e-05
[joint] 2700/4000 Mphys=1.478 Manchor=1.35 loss=4.822552e-02 spec=9.552e-04
[joint] 2800/4000 Mphys=1.481 Manchor=1.60 loss=1.578523e-01 spec=3.137e-03
[joint] 2900/4000 Mphys=1.375 Manchor=1.40 loss=7.341931e-03 spec=2.526e-05
[joint] 3000/4000 Mphys=1.521 Manchor=1.65 loss=1.164863e-03 spec=2.144e-06
[joint] 3100/4000 Mphys=1.493 Manchor=1.60 loss=5.781588e-04 spec=5.105e-07
[joint] 3200/4000 Mphys=1.363 Manchor=1.50 loss=1.112499e-03 spec=8.176e-08
[joint] 3300/4000 Mphys=1.413 Manchor=1.50 loss=1.971789e-03 spec=3.548e-07
[joint] 3400/4000 Mphys=1.577 Manchor=1.40 loss=1.886160e-03 spec=1.938e-06
[joint] 3500/4000 Mphys=1.526 Manchor=1.45 loss=1.103718e-03 spec=1.560e-06
[joint] 3600/4000 Mphys=1.638 Manchor=1.50 loss=3.101829e-03 spec=2.359e-07
[joint] 3700/4000 Mphys=1.415 Manchor=1.45 loss=5.161317e-03 spec=6.056e-07
[joint] 3800/4000 Mphys=1.531 Manchor=1.50 loss=8.094112e-03 spec=4.988e-07
[joint] 3900/4000 Mphys=1.582 Manchor=1.60 loss=2.002900e-03 spec=2.530e-06
[joint] 4000/4000 Mphys=1.478 Manchor=1.40 loss=2.225351e-02 spec=4.385e-04

================================================================================
GLOBAL S4M0 TRAINING COMPLETE
================================================================================
selected: /lustre/fswork/projects/rech/fdb/usv13rn/These_PINN_KH_RT/assets/pinn_supersonic/atlas2d_v1_continuousM/N36/runs/C21/best_joint_checkpoint.pt

{
  "train": {
    "n": 9,
    "n_mach": 6,
    "cr_mae": 0.0005539087350897957,
    "cr_max_abs": 0.0010416546800893767,
    "ci_mae": 3.540041267863399e-05,
    "ci_max_abs": 9.490732499579241e-05,
    "omega_i_mae": 5.2648351543666715e-06,
    "spectral_error_mean": 0.0005560004796376999,
    "spectral_error_max": 0.0010418941052549953
  }
}

TEST SPLIT REMAINS SEALED.

output: /lustre/fswork/projects/rech/fdb/usv13rn/These_PINN_KH_RT/assets/pinn_supersonic/atlas2d_v1_continuousM/N36/runs/C21

====================================================================================================
FINISHED
chart = C21
end   = Thu Aug 20 11:58:58 AM CEST 2026
====================================================================================================
