====================================================================================================
SUPERSONIC ATLAS2D V1 — N36
====================================================================================================
job          = 1175315
array task   = 6
chart        = C20
config       = configs/pinn_supersonic/atlas2d_v1_continuousM/N36/C20.json
output       = assets/pinn_supersonic/atlas2d_v1_continuousM/N36/runs/C20
node         = r9i5n6
start        = Thu Aug 20 11:49:43 AM CEST 2026
====================================================================================================
train Mach: 1.40 1.45 1.60 1.65
validation Mach: 
test Mach (sealed): 
[spectral_prefit] 1/2000 M=1.65 loss=2.829413e+01
[spectral_prefit] 100/2000 M=1.65 loss=8.743019e-01
[spectral_prefit] 200/2000 M=1.60 loss=2.769211e-03
[spectral_prefit] 300/2000 M=1.45 loss=1.044872e-01
[spectral_prefit] 400/2000 M=1.65 loss=6.645431e-03
[spectral_prefit] 500/2000 M=1.65 loss=3.710997e-03
[spectral_prefit] 600/2000 M=1.40 loss=3.393479e-03
[spectral_prefit] 700/2000 M=1.60 loss=5.646153e-03
[spectral_prefit] 800/2000 M=1.60 loss=6.038698e-03
[spectral_prefit] 900/2000 M=1.60 loss=3.960764e-03
[spectral_prefit] 1000/2000 M=1.40 loss=1.595219e-03
[spectral_prefit] 1100/2000 M=1.65 loss=4.187184e-03
[spectral_prefit] 1200/2000 M=1.65 loss=1.508713e-03
[spectral_prefit] 1300/2000 M=1.65 loss=2.593802e-03
[spectral_prefit] 1400/2000 M=1.65 loss=2.411051e-03
[spectral_prefit] 1500/2000 M=1.40 loss=3.309849e-04
[spectral_prefit] 1600/2000 M=1.45 loss=1.570473e-03
[spectral_prefit] 1700/2000 M=1.45 loss=1.199477e-03
[spectral_prefit] 1800/2000 M=1.45 loss=1.172327e-03
[spectral_prefit] 1900/2000 M=1.60 loss=3.281101e-04
[spectral_prefit] 2000/2000 M=1.40 loss=6.046295e-04
[modal_frozen] 1/4000 M=1.64 loss=7.750586e+00 rk=7.672e-02 rq=8.848e-02
[modal_frozen] 100/4000 M=1.62 loss=1.078609e-01 rk=2.714e-02 rq=2.905e-02
[modal_frozen] 200/4000 M=1.60 loss=4.725293e-02 rk=1.263e-02 rq=1.253e-02
[modal_frozen] 300/4000 M=1.41 loss=3.687841e-02 rk=8.144e-03 rq=7.941e-03
[modal_frozen] 400/4000 M=1.38 loss=1.024322e-01 rk=8.829e-03 rq=7.803e-03
[modal_frozen] 500/4000 M=1.36 loss=6.340898e-02 rk=8.565e-03 rq=7.965e-03
[modal_frozen] 600/4000 M=1.46 loss=1.784710e-02 rk=2.965e-03 rq=2.636e-03
[modal_frozen] 700/4000 M=1.40 loss=3.581901e-02 rk=3.071e-03 rq=2.836e-03
[modal_frozen] 800/4000 M=1.45 loss=1.035714e-02 rk=2.233e-03 rq=2.005e-03
[modal_frozen] 900/4000 M=1.42 loss=8.901978e-03 rk=1.720e-03 rq=1.644e-03
[modal_frozen] 1000/4000 M=1.57 loss=1.234548e-02 rk=2.178e-03 rq=1.469e-03
[modal_frozen] 1100/4000 M=1.48 loss=8.313796e-03 rk=1.259e-03 rq=1.185e-03
[modal_frozen] 1200/4000 M=1.63 loss=1.561660e-02 rk=2.694e-03 rq=2.384e-03
[modal_frozen] 1300/4000 M=1.57 loss=3.138663e-02 rk=1.590e-03 rq=1.014e-03
[modal_frozen] 1400/4000 M=1.44 loss=8.413509e-02 rk=1.852e-03 rq=1.639e-03
[modal_frozen] 1500/4000 M=1.61 loss=1.453651e-02 rk=1.670e-03 rq=1.251e-03
[modal_frozen] 1600/4000 M=1.42 loss=3.790536e-03 rk=9.307e-04 rq=7.392e-04
[modal_frozen] 1700/4000 M=1.60 loss=9.172044e-03 rk=1.159e-03 rq=8.782e-04
[modal_frozen] 1800/4000 M=1.51 loss=8.046188e-03 rk=8.606e-04 rq=7.200e-04
[modal_frozen] 1900/4000 M=1.36 loss=4.680003e-03 rk=1.259e-03 rq=1.149e-03
[modal_frozen] 2000/4000 M=1.60 loss=3.865805e-03 rk=8.770e-04 rq=5.252e-04
[modal_frozen] 2100/4000 M=1.52 loss=9.553369e-03 rk=6.690e-04 rq=5.775e-04
[modal_frozen] 2200/4000 M=1.50 loss=1.117530e-02 rk=6.381e-04 rq=5.057e-04
[modal_frozen] 2300/4000 M=1.64 loss=1.532975e-02 rk=2.055e-03 rq=1.341e-03
[modal_frozen] 2400/4000 M=1.55 loss=7.726932e-03 rk=7.047e-04 rq=6.067e-04
[modal_frozen] 2500/4000 M=1.58 loss=5.523073e-03 rk=7.914e-04 rq=6.420e-04
[modal_frozen] 2600/4000 M=1.35 loss=1.266335e-02 rk=1.248e-03 rq=1.180e-03
[modal_frozen] 2700/4000 M=1.42 loss=1.913286e-03 rk=4.740e-04 rq=4.676e-04
[modal_frozen] 2800/4000 M=1.39 loss=2.580870e-03 rk=4.415e-04 rq=4.732e-04
[modal_frozen] 2900/4000 M=1.50 loss=1.466820e-03 rk=4.200e-04 rq=3.429e-04
[modal_frozen] 3000/4000 M=1.41 loss=2.114764e-03 rk=3.439e-04 rq=3.204e-04
[modal_frozen] 3100/4000 M=1.45 loss=5.834015e-03 rk=4.335e-04 rq=3.771e-04
[modal_frozen] 3200/4000 M=1.49 loss=1.608385e-02 rk=6.896e-04 rq=5.492e-04
[modal_frozen] 3300/4000 M=1.46 loss=5.459596e-03 rk=4.216e-04 rq=3.241e-04
[modal_frozen] 3400/4000 M=1.46 loss=2.731507e-03 rk=2.827e-04 rq=2.827e-04
[modal_frozen] 3500/4000 M=1.49 loss=1.419841e-03 rk=3.011e-04 rq=2.342e-04
[modal_frozen] 3600/4000 M=1.57 loss=1.884973e-03 rk=3.266e-04 rq=2.819e-04
[modal_frozen] 3700/4000 M=1.56 loss=2.123467e-03 rk=3.045e-04 rq=2.773e-04
[modal_frozen] 3800/4000 M=1.49 loss=1.112310e-02 rk=4.339e-04 rq=3.093e-04
[modal_frozen] 3900/4000 M=1.48 loss=4.638476e-03 rk=2.966e-04 rq=2.518e-04
[modal_frozen] 4000/4000 M=1.40 loss=1.325197e-03 rk=2.167e-04 rq=2.066e-04
[joint] 1/4000 Mphys=1.569 Manchor=1.40 loss=3.107267e-02 spec=5.797e-04
[joint] 100/4000 Mphys=1.422 Manchor=1.60 loss=9.199047e-03 spec=1.232e-04
[joint] 200/4000 Mphys=1.527 Manchor=1.45 loss=6.556245e-03 spec=8.219e-05
[joint] 300/4000 Mphys=1.394 Manchor=1.60 loss=2.221262e-02 spec=3.472e-04
[joint] 400/4000 Mphys=1.535 Manchor=1.60 loss=1.266141e-02 spec=2.221e-04
[joint] 500/4000 Mphys=1.358 Manchor=1.45 loss=4.206667e-03 spec=5.403e-05
[joint] 600/4000 Mphys=1.494 Manchor=1.60 loss=5.167147e-03 spec=2.580e-05
[joint] 700/4000 Mphys=1.356 Manchor=1.40 loss=1.054260e-02 spec=9.777e-06
[joint] 800/4000 Mphys=1.540 Manchor=1.60 loss=2.733329e-03 spec=2.716e-05
[joint] 900/4000 Mphys=1.508 Manchor=1.40 loss=2.772524e-01 spec=5.449e-03
[joint] 1000/4000 Mphys=1.400 Manchor=1.45 loss=9.247464e-03 spec=3.994e-06
[joint] 1100/4000 Mphys=1.423 Manchor=1.45 loss=5.308542e-03 spec=7.312e-05
[joint] 1200/4000 Mphys=1.377 Manchor=1.65 loss=3.947716e-03 spec=6.297e-05
[joint] 1300/4000 Mphys=1.392 Manchor=1.65 loss=8.939337e-04 spec=6.814e-06
[joint] 1400/4000 Mphys=1.382 Manchor=1.60 loss=7.856769e-04 spec=6.120e-07
[joint] 1500/4000 Mphys=1.614 Manchor=1.40 loss=1.721852e-03 spec=9.196e-06
[joint] 1600/4000 Mphys=1.452 Manchor=1.45 loss=1.206962e-02 spec=1.315e-06
[joint] 1700/4000 Mphys=1.535 Manchor=1.60 loss=7.036761e-03 spec=1.472e-05
[joint] 1800/4000 Mphys=1.625 Manchor=1.45 loss=9.400765e-01 spec=1.875e-02
[joint] 1900/4000 Mphys=1.395 Manchor=1.45 loss=2.215732e-01 spec=4.316e-03
[joint] 2000/4000 Mphys=1.430 Manchor=1.65 loss=1.134652e-03 spec=1.108e-05
[joint] 2100/4000 Mphys=1.606 Manchor=1.60 loss=1.050483e-03 spec=1.909e-07
[joint] 2200/4000 Mphys=1.520 Manchor=1.45 loss=4.143441e-04 spec=4.415e-08
[joint] 2300/4000 Mphys=1.500 Manchor=1.60 loss=8.210928e-04 spec=1.097e-08
[joint] 2400/4000 Mphys=1.453 Manchor=1.60 loss=5.950630e-04 spec=4.313e-09
[joint] 2500/4000 Mphys=1.407 Manchor=1.45 loss=1.600889e-03 spec=3.194e-09
[joint] 2600/4000 Mphys=1.365 Manchor=1.65 loss=1.483575e-02 spec=4.419e-07
[joint] 2700/4000 Mphys=1.588 Manchor=1.40 loss=1.302924e-03 spec=5.862e-09
[joint] 2800/4000 Mphys=1.501 Manchor=1.45 loss=1.138715e-03 spec=1.152e-08
[joint] 2900/4000 Mphys=1.593 Manchor=1.65 loss=5.431274e-04 spec=2.593e-07
[joint] 3000/4000 Mphys=1.609 Manchor=1.60 loss=4.461349e-04 spec=1.960e-11
[joint] 3100/4000 Mphys=1.419 Manchor=1.45 loss=8.483396e-04 spec=2.131e-09
[joint] 3200/4000 Mphys=1.494 Manchor=1.60 loss=3.828844e-03 spec=3.960e-09
[joint] 3300/4000 Mphys=1.610 Manchor=1.40 loss=4.518156e-03 spec=3.004e-11
[joint] 3400/4000 Mphys=1.526 Manchor=1.40 loss=1.504806e-03 spec=1.263e-10
[joint] 3500/4000 Mphys=1.642 Manchor=1.60 loss=1.288917e-03 spec=3.449e-09
[joint] 3600/4000 Mphys=1.587 Manchor=1.60 loss=8.179341e-04 spec=2.407e-09
[joint] 3700/4000 Mphys=1.550 Manchor=1.45 loss=4.807878e-04 spec=6.153e-09
[joint] 3800/4000 Mphys=1.577 Manchor=1.65 loss=2.127045e-03 spec=1.926e-07
[joint] 3900/4000 Mphys=1.425 Manchor=1.45 loss=7.489845e-03 spec=1.407e-04
[joint] 4000/4000 Mphys=1.445 Manchor=1.65 loss=5.522800e-02 spec=1.095e-03

================================================================================
GLOBAL S4M0 TRAINING COMPLETE
================================================================================
selected: /lustre/fswork/projects/rech/fdb/usv13rn/These_PINN_KH_RT/assets/pinn_supersonic/atlas2d_v1_continuousM/N36/runs/C20/best_joint_checkpoint.pt

{
  "train": {
    "n": 7,
    "n_mach": 4,
    "cr_mae": 8.917761958168338e-07,
    "cr_max_abs": 1.6742061297869704e-06,
    "ci_mae": 3.4529399494070175e-06,
    "ci_max_abs": 1.1211560167985468e-05,
    "omega_i_mae": 1.9955532054319697e-07,
    "spectral_error_mean": 3.814578542867392e-06,
    "spectral_error_max": 1.1335874362631874e-05
  }
}

TEST SPLIT REMAINS SEALED.

output: /lustre/fswork/projects/rech/fdb/usv13rn/These_PINN_KH_RT/assets/pinn_supersonic/atlas2d_v1_continuousM/N36/runs/C20

====================================================================================================
FINISHED
chart = C20
end   = Thu Aug 20 11:58:59 AM CEST 2026
====================================================================================================
