====================================================================================================
SUPERSONIC ATLAS2D V1 — N60
====================================================================================================
job          = 1175289
array task   = 2
chart        = C02
config       = configs/pinn_supersonic/atlas2d_v1_continuousM/N60/C02.json
output       = assets/pinn_supersonic/atlas2d_v1_continuousM/N60/runs/C02
node         = r8i0n2
start        = Thu Aug 20 11:49:47 AM CEST 2026
====================================================================================================
train Mach: 1.00 1.05 1.10 1.15 1.20 1.25
validation Mach: 
test Mach (sealed): 
[spectral_prefit] 1/2000 M=1.15 loss=2.205649e+01
[spectral_prefit] 100/2000 M=1.25 loss=2.342650e+00
[spectral_prefit] 200/2000 M=1.10 loss=3.710858e-01
[spectral_prefit] 300/2000 M=1.20 loss=2.889883e-01
[spectral_prefit] 400/2000 M=1.05 loss=9.057960e-03
[spectral_prefit] 500/2000 M=1.20 loss=2.203446e-02
[spectral_prefit] 600/2000 M=1.20 loss=4.800127e-02
[spectral_prefit] 700/2000 M=1.05 loss=1.256989e-02
[spectral_prefit] 800/2000 M=1.20 loss=2.474967e-02
[spectral_prefit] 900/2000 M=1.10 loss=6.029688e-02
[spectral_prefit] 1000/2000 M=1.25 loss=1.381888e-01
[spectral_prefit] 1100/2000 M=1.25 loss=1.331307e-01
[spectral_prefit] 1200/2000 M=1.25 loss=1.155082e-01
[spectral_prefit] 1300/2000 M=1.20 loss=6.984246e-04
[spectral_prefit] 1400/2000 M=1.00 loss=2.991861e-01
[spectral_prefit] 1500/2000 M=1.10 loss=7.044007e-03
[spectral_prefit] 1600/2000 M=1.05 loss=6.334014e-04
[spectral_prefit] 1700/2000 M=1.25 loss=8.882105e-02
[spectral_prefit] 1800/2000 M=1.15 loss=2.651186e-02
[spectral_prefit] 1900/2000 M=1.15 loss=2.502554e-02
[spectral_prefit] 2000/2000 M=1.05 loss=1.920225e-04
[modal_frozen] 1/4000 M=1.01 loss=6.077307e+00 rk=7.821e-02 rq=7.925e-02
[modal_frozen] 100/4000 M=1.14 loss=9.448749e-02 rk=2.547e-02 rq=2.023e-02
[modal_frozen] 200/4000 M=1.04 loss=6.414340e-02 rk=1.490e-02 rq=1.533e-02
[modal_frozen] 300/4000 M=1.10 loss=3.456097e-02 rk=7.510e-03 rq=6.096e-03
[modal_frozen] 400/4000 M=1.04 loss=4.975896e-02 rk=6.819e-03 rq=6.548e-03
[modal_frozen] 500/4000 M=1.02 loss=3.294280e-02 rk=7.874e-03 rq=8.892e-03
[modal_frozen] 600/4000 M=1.02 loss=2.611181e-02 rk=6.375e-03 rq=5.428e-03
[modal_frozen] 700/4000 M=1.21 loss=5.330208e-02 rk=5.035e-03 rq=2.832e-03
[modal_frozen] 800/4000 M=1.08 loss=1.901178e-02 rk=2.943e-03 rq=2.403e-03
[modal_frozen] 900/4000 M=1.21 loss=3.037434e-02 rk=4.057e-03 rq=1.946e-03
[modal_frozen] 1000/4000 M=1.18 loss=8.521713e-02 rk=3.239e-03 rq=1.976e-03
[modal_frozen] 1100/4000 M=1.04 loss=1.899875e-02 rk=2.169e-03 rq=2.187e-03
[modal_frozen] 1200/4000 M=1.21 loss=1.995633e-02 rk=3.298e-03 rq=1.767e-03
[modal_frozen] 1300/4000 M=1.16 loss=7.578476e-03 rk=1.945e-03 rq=1.172e-03
[modal_frozen] 1400/4000 M=1.06 loss=2.487154e-02 rk=1.295e-03 rq=1.027e-03
[modal_frozen] 1500/4000 M=1.22 loss=4.320737e-02 rk=2.982e-03 rq=1.622e-03
[modal_frozen] 1600/4000 M=1.14 loss=1.003720e-02 rk=1.414e-03 rq=9.275e-04
[modal_frozen] 1700/4000 M=1.20 loss=1.299810e-02 rk=2.101e-03 rq=1.037e-03
[modal_frozen] 1800/4000 M=1.15 loss=5.271710e-03 rk=1.333e-03 rq=8.003e-04
[modal_frozen] 1900/4000 M=1.00 loss=8.218337e-03 rk=2.023e-03 rq=1.591e-03
[modal_frozen] 2000/4000 M=1.06 loss=3.903894e-03 rk=9.770e-04 rq=7.957e-04
[modal_frozen] 2100/4000 M=1.02 loss=1.924580e-02 rk=1.206e-03 rq=1.076e-03
[modal_frozen] 2200/4000 M=1.08 loss=4.579134e-03 rk=7.755e-04 rq=6.144e-04
[modal_frozen] 2300/4000 M=1.22 loss=4.772965e-03 rk=1.439e-03 rq=7.017e-04
[modal_frozen] 2400/4000 M=1.16 loss=3.700659e-02 rk=1.048e-03 rq=5.714e-04
[modal_frozen] 2500/4000 M=1.17 loss=5.863761e-03 rk=9.303e-04 rq=5.459e-04
[modal_frozen] 2600/4000 M=1.03 loss=5.082086e-03 rk=6.983e-04 rq=5.601e-04
[modal_frozen] 2700/4000 M=1.11 loss=6.983373e-03 rk=6.938e-04 rq=5.142e-04
[modal_frozen] 2800/4000 M=1.20 loss=3.813967e-02 rk=1.521e-03 rq=6.762e-04
[modal_frozen] 2900/4000 M=1.20 loss=8.292031e-03 rk=8.066e-04 rq=4.377e-04
[modal_frozen] 3000/4000 M=1.18 loss=3.130001e-03 rk=6.927e-04 rq=3.920e-04
[modal_frozen] 3100/4000 M=1.03 loss=2.457396e-03 rk=5.610e-04 rq=4.427e-04
[modal_frozen] 3200/4000 M=1.04 loss=2.275518e-03 rk=4.799e-04 rq=3.543e-04
[modal_frozen] 3300/4000 M=1.21 loss=5.767115e-03 rk=9.324e-04 rq=3.326e-04
[modal_frozen] 3400/4000 M=1.08 loss=3.464036e-03 rk=4.538e-04 rq=3.212e-04
[modal_frozen] 3500/4000 M=1.13 loss=2.988474e-03 rk=4.173e-04 rq=2.766e-04
[modal_frozen] 3600/4000 M=1.13 loss=6.942356e-03 rk=4.670e-04 rq=3.346e-04
[modal_frozen] 3700/4000 M=1.11 loss=2.795077e-03 rk=3.649e-04 rq=2.710e-04
[modal_frozen] 3800/4000 M=1.22 loss=4.705372e-03 rk=1.078e-03 rq=3.466e-04
[modal_frozen] 3900/4000 M=1.11 loss=6.763865e-02 rk=1.250e-03 rq=1.200e-03
[modal_frozen] 4000/4000 M=1.16 loss=1.874941e-02 rk=8.407e-04 rq=5.863e-04
[joint] 1/4000 Mphys=1.117 Manchor=1.05 loss=1.986996e-02 spec=1.656e-04
[joint] 100/4000 Mphys=1.211 Manchor=1.10 loss=4.455144e-01 spec=8.846e-03
[joint] 200/4000 Mphys=1.029 Manchor=1.20 loss=1.433223e-01 spec=2.821e-03
[joint] 300/4000 Mphys=1.225 Manchor=1.10 loss=4.054964e-01 spec=8.053e-03
[joint] 400/4000 Mphys=1.231 Manchor=1.00 loss=8.670682e+00 spec=1.732e-01
[joint] 500/4000 Mphys=1.197 Manchor=1.15 loss=6.116015e-01 spec=1.219e-02
[joint] 600/4000 Mphys=1.174 Manchor=1.00 loss=7.592150e+00 spec=1.518e-01
[joint] 700/4000 Mphys=1.196 Manchor=1.15 loss=1.869023e-01 spec=3.706e-03
[joint] 800/4000 Mphys=1.129 Manchor=1.15 loss=6.980661e-02 spec=1.371e-03
[joint] 900/4000 Mphys=1.211 Manchor=1.10 loss=5.856598e-01 spec=1.167e-02
[joint] 1000/4000 Mphys=1.124 Manchor=1.05 loss=4.977021e-03 spec=6.064e-05
[joint] 1100/4000 Mphys=1.176 Manchor=1.15 loss=6.727539e-02 spec=1.254e-03
[joint] 1200/4000 Mphys=1.245 Manchor=1.05 loss=2.864074e-02 spec=4.752e-04
[joint] 1300/4000 Mphys=1.201 Manchor=1.20 loss=3.197248e-03 spec=2.946e-05
[joint] 1400/4000 Mphys=1.050 Manchor=1.05 loss=6.833170e-02 spec=1.347e-03
[joint] 1500/4000 Mphys=1.033 Manchor=1.00 loss=2.862685e+00 spec=5.722e-02
[joint] 1600/4000 Mphys=1.040 Manchor=1.05 loss=1.206105e-01 spec=2.345e-03
[joint] 1700/4000 Mphys=1.167 Manchor=1.00 loss=2.349463e+00 spec=4.695e-02
[joint] 1800/4000 Mphys=1.154 Manchor=1.00 loss=2.040487e+00 spec=4.079e-02
[joint] 1900/4000 Mphys=1.219 Manchor=1.10 loss=1.163359e-01 spec=2.295e-03
[joint] 2000/4000 Mphys=1.247 Manchor=1.20 loss=3.848611e-02 spec=7.126e-04
[joint] 2100/4000 Mphys=1.174 Manchor=1.05 loss=7.896172e-03 spec=5.449e-05
[joint] 2200/4000 Mphys=1.210 Manchor=1.05 loss=6.055663e-02 spec=9.015e-04
[joint] 2300/4000 Mphys=1.080 Manchor=1.20 loss=4.320420e-03 spec=1.965e-05
[joint] 2400/4000 Mphys=1.130 Manchor=1.25 loss=9.767814e-02 spec=1.938e-03
[joint] 2500/4000 Mphys=1.158 Manchor=1.05 loss=1.962900e-02 spec=3.749e-04
[joint] 2600/4000 Mphys=1.198 Manchor=1.00 loss=8.399028e-01 spec=1.677e-02
[joint] 2700/4000 Mphys=1.243 Manchor=1.15 loss=1.786540e-02 spec=3.301e-04
[joint] 2800/4000 Mphys=1.108 Manchor=1.00 loss=4.967103e-01 spec=9.923e-03
[joint] 2900/4000 Mphys=1.013 Manchor=1.25 loss=7.397207e-03 spec=1.241e-04
[joint] 3000/4000 Mphys=1.032 Manchor=1.10 loss=1.552834e-02 spec=2.918e-04
[joint] 3100/4000 Mphys=1.148 Manchor=1.10 loss=2.186287e-02 spec=4.187e-04
[joint] 3200/4000 Mphys=1.020 Manchor=1.10 loss=2.719002e-02 spec=4.032e-04
[joint] 3300/4000 Mphys=1.203 Manchor=1.20 loss=3.884968e-02 spec=7.271e-04
[joint] 3400/4000 Mphys=1.157 Manchor=1.15 loss=4.381327e-03 spec=4.659e-05
[joint] 3500/4000 Mphys=1.089 Manchor=1.10 loss=9.099179e-03 spec=1.550e-04
[joint] 3600/4000 Mphys=1.163 Manchor=1.10 loss=1.013846e-02 spec=1.868e-04
[joint] 3700/4000 Mphys=1.147 Manchor=1.25 loss=1.319329e-01 spec=2.621e-03
[joint] 3800/4000 Mphys=1.090 Manchor=1.00 loss=1.055782e-01 spec=2.080e-03
[joint] 3900/4000 Mphys=1.158 Manchor=1.20 loss=4.618232e-03 spec=8.115e-05
[joint] 4000/4000 Mphys=1.037 Manchor=1.15 loss=1.312734e-03 spec=1.176e-05

================================================================================
GLOBAL S4M0 TRAINING COMPLETE
================================================================================
selected: /lustre/fswork/projects/rech/fdb/usv13rn/These_PINN_KH_RT/assets/pinn_supersonic/atlas2d_v1_continuousM/N60/runs/C02/best_joint_checkpoint.pt

{
  "train": {
    "n": 13,
    "n_mach": 6,
    "cr_mae": 0.00024542860974240344,
    "cr_max_abs": 0.0006325178015296196,
    "ci_mae": 0.00044431931417445174,
    "ci_max_abs": 0.002067049604769146,
    "omega_i_mae": 0.0001242518248042032,
    "spectral_error_mean": 0.0005733557760683716,
    "spectral_error_max": 0.002161659741455196
  }
}

TEST SPLIT REMAINS SEALED.

output: /lustre/fswork/projects/rech/fdb/usv13rn/These_PINN_KH_RT/assets/pinn_supersonic/atlas2d_v1_continuousM/N60/runs/C02

====================================================================================================
FINISHED
chart = C02
end   = Thu Aug 20 11:59:34 AM CEST 2026
====================================================================================================
