====================================================================================================
SUPERSONIC ATLAS2D V1 — N24
====================================================================================================
job          = 1175328
array task   = 8
chart        = C22
config       = configs/pinn_supersonic/atlas2d_v1_continuousM/N24/C22.json
output       = assets/pinn_supersonic/atlas2d_v1_continuousM/N24/runs/C22
node         = r8i0n8
start        = Thu Aug 20 11:49:51 AM CEST 2026
====================================================================================================
train Mach: 1.40 1.45 1.60 1.65
validation Mach: 
test Mach (sealed): 
[spectral_prefit] 1/2000 M=1.45 loss=2.766549e+01
[spectral_prefit] 100/2000 M=1.65 loss=9.800861e+00
[spectral_prefit] 200/2000 M=1.65 loss=4.134214e+00
[spectral_prefit] 300/2000 M=1.45 loss=3.762275e+00
[spectral_prefit] 400/2000 M=1.65 loss=1.977188e+00
[spectral_prefit] 500/2000 M=1.60 loss=3.784415e-02
[spectral_prefit] 600/2000 M=1.40 loss=3.171673e-01
[spectral_prefit] 700/2000 M=1.60 loss=5.241406e-02
[spectral_prefit] 800/2000 M=1.40 loss=2.284611e-01
[spectral_prefit] 900/2000 M=1.40 loss=1.722847e-01
[spectral_prefit] 1000/2000 M=1.40 loss=1.066912e-01
[spectral_prefit] 1100/2000 M=1.40 loss=3.990078e-02
[spectral_prefit] 1200/2000 M=1.45 loss=8.768861e-01
[spectral_prefit] 1300/2000 M=1.60 loss=5.737589e-02
[spectral_prefit] 1400/2000 M=1.40 loss=8.968027e-02
[spectral_prefit] 1500/2000 M=1.60 loss=5.180985e-02
[spectral_prefit] 1600/2000 M=1.45 loss=5.398789e-01
[spectral_prefit] 1700/2000 M=1.65 loss=1.696408e-01
[spectral_prefit] 1800/2000 M=1.40 loss=6.694503e-02
[spectral_prefit] 1900/2000 M=1.65 loss=7.724227e-02
[spectral_prefit] 2000/2000 M=1.60 loss=3.528317e-03
[modal_frozen] 1/4000 M=1.40 loss=1.529169e+01 rk=8.070e-02 rq=9.029e-02
[modal_frozen] 100/4000 M=1.41 loss=1.957155e-01 rk=4.411e-02 rq=3.953e-02
[modal_frozen] 200/4000 M=1.61 loss=1.006805e-01 rk=3.450e-02 rq=2.060e-02
[modal_frozen] 300/4000 M=1.46 loss=4.486616e-02 rk=1.775e-02 rq=9.377e-03
[modal_frozen] 400/4000 M=1.38 loss=6.051769e-02 rk=1.892e-02 rq=1.102e-02
[modal_frozen] 500/4000 M=1.49 loss=3.379160e-02 rk=1.256e-02 rq=6.435e-03
[modal_frozen] 600/4000 M=1.54 loss=3.446171e-02 rk=1.160e-02 rq=5.196e-03
[modal_frozen] 700/4000 M=1.43 loss=2.657966e-02 rk=8.717e-03 rq=3.903e-03
[modal_frozen] 800/4000 M=1.59 loss=6.338206e-02 rk=1.106e-02 rq=4.251e-03
[modal_frozen] 900/4000 M=1.65 loss=1.433611e-01 rk=1.663e-02 rq=6.953e-03
[modal_frozen] 1000/4000 M=1.55 loss=2.917302e-02 rk=6.992e-03 rq=3.403e-03
[modal_frozen] 1100/4000 M=1.49 loss=1.638847e-02 rk=5.492e-03 rq=2.969e-03
[modal_frozen] 1200/4000 M=1.62 loss=2.140523e-02 rk=1.065e-02 rq=4.043e-03
[modal_frozen] 1300/4000 M=1.44 loss=1.387418e-02 rk=4.888e-03 rq=2.855e-03
[modal_frozen] 1400/4000 M=1.59 loss=3.038476e-02 rk=5.886e-03 rq=2.186e-03
[modal_frozen] 1500/4000 M=1.46 loss=1.025076e-02 rk=3.704e-03 rq=1.887e-03
[modal_frozen] 1600/4000 M=1.65 loss=2.926347e-02 rk=1.037e-02 rq=3.732e-03
[modal_frozen] 1700/4000 M=1.46 loss=1.013349e-02 rk=3.057e-03 rq=2.114e-03
[modal_frozen] 1800/4000 M=1.40 loss=1.223318e-02 rk=3.808e-03 rq=1.943e-03
[modal_frozen] 1900/4000 M=1.50 loss=2.123802e-02 rk=3.444e-03 rq=1.870e-03
[modal_frozen] 2000/4000 M=1.41 loss=3.210829e-02 rk=3.799e-03 rq=2.040e-03
[modal_frozen] 2100/4000 M=1.64 loss=2.403288e-02 rk=8.499e-03 rq=2.858e-03
[modal_frozen] 2200/4000 M=1.41 loss=1.640815e-02 rk=2.791e-03 rq=1.845e-03
[modal_frozen] 2300/4000 M=1.57 loss=1.616730e-02 rk=3.395e-03 rq=1.596e-03
[modal_frozen] 2400/4000 M=1.61 loss=3.268013e-02 rk=3.947e-03 rq=1.793e-03
[modal_frozen] 2500/4000 M=1.49 loss=1.524538e-02 rk=2.624e-03 rq=1.596e-03
[modal_frozen] 2600/4000 M=1.44 loss=1.926386e-02 rk=2.363e-03 rq=1.434e-03
[modal_frozen] 2700/4000 M=1.39 loss=9.826920e-03 rk=2.318e-03 rq=1.279e-03
[modal_frozen] 2800/4000 M=1.41 loss=6.114952e-03 rk=2.103e-03 rq=1.314e-03
[modal_frozen] 2900/4000 M=1.44 loss=1.392418e-02 rk=2.125e-03 rq=1.264e-03
[modal_frozen] 3000/4000 M=1.54 loss=8.385871e-03 rk=2.872e-03 rq=1.637e-03
[modal_frozen] 3100/4000 M=1.42 loss=6.996931e-03 rk=2.322e-03 rq=1.282e-03
[modal_frozen] 3200/4000 M=1.39 loss=1.825944e-02 rk=2.537e-03 rq=1.579e-03
[modal_frozen] 3300/4000 M=1.37 loss=1.805703e-02 rk=2.764e-03 rq=1.763e-03
[modal_frozen] 3400/4000 M=1.49 loss=7.226917e-03 rk=1.883e-03 rq=1.119e-03
[modal_frozen] 3500/4000 M=1.58 loss=1.895085e-02 rk=2.443e-03 rq=1.141e-03
[modal_frozen] 3600/4000 M=1.60 loss=9.970412e-03 rk=3.630e-03 rq=1.419e-03
[modal_frozen] 3700/4000 M=1.37 loss=5.235276e-03 rk=1.842e-03 rq=1.377e-03
[modal_frozen] 3800/4000 M=1.55 loss=4.149644e-03 rk=1.790e-03 rq=9.516e-04
[modal_frozen] 3900/4000 M=1.46 loss=4.346144e-03 rk=1.426e-03 rq=1.122e-03
[modal_frozen] 4000/4000 M=1.37 loss=5.348854e-03 rk=1.622e-03 rq=1.247e-03
[joint] 1/4000 Mphys=1.644 Manchor=1.65 loss=2.871474e+00 spec=5.725e-02
[joint] 100/4000 Mphys=1.476 Manchor=1.40 loss=1.973725e+00 spec=3.939e-02
[joint] 200/4000 Mphys=1.569 Manchor=1.45 loss=6.498457e+00 spec=1.299e-01
[joint] 300/4000 Mphys=1.646 Manchor=1.40 loss=1.010946e+00 spec=1.996e-02
[joint] 400/4000 Mphys=1.628 Manchor=1.65 loss=1.092428e-01 spec=2.003e-03
[joint] 500/4000 Mphys=1.535 Manchor=1.40 loss=2.462209e-01 spec=4.805e-03
[joint] 600/4000 Mphys=1.362 Manchor=1.60 loss=8.389207e-03 spec=6.960e-05
[joint] 700/4000 Mphys=1.504 Manchor=1.45 loss=1.231512e+00 spec=2.455e-02
[joint] 800/4000 Mphys=1.397 Manchor=1.45 loss=9.353509e-01 spec=1.861e-02
[joint] 900/4000 Mphys=1.372 Manchor=1.65 loss=1.076410e-01 spec=1.973e-03
[joint] 1000/4000 Mphys=1.496 Manchor=1.65 loss=7.500082e-02 spec=1.395e-03
[joint] 1100/4000 Mphys=1.460 Manchor=1.45 loss=3.831119e-01 spec=7.609e-03
[joint] 1200/4000 Mphys=1.468 Manchor=1.40 loss=5.518970e-02 spec=1.000e-03
[joint] 1300/4000 Mphys=1.469 Manchor=1.40 loss=6.484454e-03 spec=4.680e-05
[joint] 1400/4000 Mphys=1.545 Manchor=1.65 loss=1.702130e-02 spec=2.971e-04
[joint] 1500/4000 Mphys=1.436 Manchor=1.60 loss=5.559969e-03 spec=1.788e-05
[joint] 1600/4000 Mphys=1.458 Manchor=1.60 loss=5.089677e-03 spec=3.244e-06
[joint] 1700/4000 Mphys=1.473 Manchor=1.40 loss=2.034740e-02 spec=1.067e-04
[joint] 1800/4000 Mphys=1.634 Manchor=1.40 loss=7.416020e-03 spec=2.061e-05
[joint] 1900/4000 Mphys=1.618 Manchor=1.45 loss=2.108215e-02 spec=3.618e-04
[joint] 2000/4000 Mphys=1.367 Manchor=1.65 loss=3.457395e-03 spec=1.783e-05
[joint] 2100/4000 Mphys=1.641 Manchor=1.40 loss=6.050998e-03 spec=1.454e-05
[joint] 2200/4000 Mphys=1.489 Manchor=1.60 loss=2.211034e-03 spec=1.521e-06
[joint] 2300/4000 Mphys=1.621 Manchor=1.60 loss=3.590450e-03 spec=4.350e-08
[joint] 2400/4000 Mphys=1.420 Manchor=1.60 loss=3.564155e-03 spec=1.972e-06
[joint] 2500/4000 Mphys=1.579 Manchor=1.65 loss=2.283907e-03 spec=1.305e-06
[joint] 2600/4000 Mphys=1.446 Manchor=1.65 loss=4.090879e-03 spec=1.116e-06
[joint] 2700/4000 Mphys=1.560 Manchor=1.40 loss=2.148761e-03 spec=6.984e-08
[joint] 2800/4000 Mphys=1.518 Manchor=1.60 loss=8.754449e-03 spec=4.316e-05
[joint] 2900/4000 Mphys=1.400 Manchor=1.60 loss=2.459647e-02 spec=4.456e-04
[joint] 3000/4000 Mphys=1.448 Manchor=1.65 loss=9.624253e-03 spec=9.843e-05
[joint] 3100/4000 Mphys=1.383 Manchor=1.65 loss=1.229395e-02 spec=2.710e-05
[joint] 3200/4000 Mphys=1.428 Manchor=1.40 loss=2.152831e-02 spec=3.511e-04
[joint] 3300/4000 Mphys=1.531 Manchor=1.45 loss=3.318383e-01 spec=6.561e-03
[joint] 3400/4000 Mphys=1.611 Manchor=1.40 loss=6.682495e-03 spec=6.326e-05
[joint] 3500/4000 Mphys=1.488 Manchor=1.45 loss=2.921720e-03 spec=7.381e-06
[joint] 3600/4000 Mphys=1.362 Manchor=1.40 loss=2.316672e-03 spec=2.916e-06
[joint] 3700/4000 Mphys=1.532 Manchor=1.45 loss=1.720506e-03 spec=1.062e-07
[joint] 3800/4000 Mphys=1.614 Manchor=1.45 loss=2.284059e-03 spec=1.507e-08
[joint] 3900/4000 Mphys=1.510 Manchor=1.45 loss=2.178930e-03 spec=4.804e-09
[joint] 4000/4000 Mphys=1.636 Manchor=1.40 loss=1.953506e-02 spec=5.807e-10

================================================================================
GLOBAL S4M0 TRAINING COMPLETE
================================================================================
selected: /lustre/fswork/projects/rech/fdb/usv13rn/These_PINN_KH_RT/assets/pinn_supersonic/atlas2d_v1_continuousM/N24/runs/C22/best_joint_checkpoint.pt

{
  "train": {
    "n": 5,
    "n_mach": 4,
    "cr_mae": 1.528849836640589e-06,
    "cr_max_abs": 2.8979608058254946e-06,
    "ci_mae": 4.2517739772813915e-07,
    "ci_max_abs": 9.027322352417322e-07,
    "omega_i_mae": 9.658832083736393e-08,
    "spectral_error_mean": 1.65301569765792e-06,
    "spectral_error_max": 2.8999824355218838e-06
  }
}

TEST SPLIT REMAINS SEALED.

output: /lustre/fswork/projects/rech/fdb/usv13rn/These_PINN_KH_RT/assets/pinn_supersonic/atlas2d_v1_continuousM/N24/runs/C22

====================================================================================================
FINISHED
chart = C22
end   = Thu Aug 20 11:59:29 AM CEST 2026
====================================================================================================
