====================================================================================================
SUPERSONIC ATLAS2D V1 — N48
====================================================================================================
job          = 1175298
array task   = 0
chart        = C00
config       = configs/pinn_supersonic/atlas2d_v1_continuousM/N48/C00.json
output       = assets/pinn_supersonic/atlas2d_v1_continuousM/N48/runs/C00
node         = r8i7n8
start        = Thu Aug 20 11:49:45 AM CEST 2026
====================================================================================================
train Mach: 1.00 1.05 1.15 1.20 1.25
validation Mach: 
test Mach (sealed): 
[spectral_prefit] 1/2000 M=1.20 loss=7.756263e+00
[spectral_prefit] 100/2000 M=1.00 loss=9.252053e+00
[spectral_prefit] 200/2000 M=1.05 loss=7.696445e-02
[spectral_prefit] 300/2000 M=1.05 loss=2.530118e-01
[spectral_prefit] 400/2000 M=1.15 loss=2.201515e-01
[spectral_prefit] 500/2000 M=1.20 loss=1.211847e-04
[spectral_prefit] 600/2000 M=1.05 loss=1.751965e-01
[spectral_prefit] 700/2000 M=1.15 loss=1.904836e-03
[spectral_prefit] 800/2000 M=1.20 loss=2.114775e-05
[spectral_prefit] 900/2000 M=1.15 loss=1.808015e-04
[spectral_prefit] 1000/2000 M=1.15 loss=2.065167e-04
[spectral_prefit] 1100/2000 M=1.00 loss=4.092906e-01
[spectral_prefit] 1200/2000 M=1.00 loss=3.192385e-01
[spectral_prefit] 1300/2000 M=1.15 loss=4.678231e-04
[spectral_prefit] 1400/2000 M=1.00 loss=2.144805e-01
[spectral_prefit] 1500/2000 M=1.25 loss=4.060568e-04
[spectral_prefit] 1600/2000 M=1.15 loss=6.571232e-05
[spectral_prefit] 1700/2000 M=1.00 loss=1.068485e-01
[spectral_prefit] 1800/2000 M=1.15 loss=1.327828e-05
[spectral_prefit] 1900/2000 M=1.00 loss=6.622142e-02
[spectral_prefit] 2000/2000 M=1.15 loss=1.389500e-05
[modal_frozen] 1/4000 M=1.19 loss=6.319678e+00 rk=7.539e-02 rq=8.080e-02
[modal_frozen] 100/4000 M=1.09 loss=1.257800e-01 rk=2.198e-02 rq=2.365e-02
[modal_frozen] 200/4000 M=1.06 loss=5.001263e-02 rk=1.323e-02 rq=1.372e-02
[modal_frozen] 300/4000 M=1.19 loss=3.274236e-02 rk=7.082e-03 rq=7.356e-03
[modal_frozen] 400/4000 M=1.19 loss=3.245513e-02 rk=5.982e-03 rq=6.371e-03
[modal_frozen] 500/4000 M=1.21 loss=3.345449e-02 rk=5.185e-03 rq=4.536e-03
[modal_frozen] 600/4000 M=1.24 loss=6.915281e-02 rk=7.625e-03 rq=6.558e-03
[modal_frozen] 700/4000 M=1.02 loss=2.923084e-02 rk=4.582e-03 rq=4.492e-03
[modal_frozen] 800/4000 M=1.06 loss=1.680218e-02 rk=2.541e-03 rq=2.273e-03
[modal_frozen] 900/4000 M=1.13 loss=1.333932e-01 rk=2.515e-03 rq=2.415e-03
[modal_frozen] 1000/4000 M=1.05 loss=1.818090e-01 rk=2.282e-03 rq=2.354e-03
[modal_frozen] 1100/4000 M=1.17 loss=9.455852e-03 rk=1.422e-03 rq=1.304e-03
[modal_frozen] 1200/4000 M=1.02 loss=7.726585e-03 rk=1.998e-03 rq=2.068e-03
[modal_frozen] 1300/4000 M=1.00 loss=1.641805e-02 rk=3.003e-03 rq=3.018e-03
[modal_frozen] 1400/4000 M=1.16 loss=3.968004e-03 rk=8.828e-04 rq=7.820e-04
[modal_frozen] 1500/4000 M=1.08 loss=3.900666e-03 rk=1.024e-03 rq=9.327e-04
[modal_frozen] 1600/4000 M=1.07 loss=3.964593e-03 rk=8.799e-04 rq=7.929e-04
[modal_frozen] 1700/4000 M=1.08 loss=3.820931e-03 rk=7.391e-04 rq=7.262e-04
[modal_frozen] 1800/4000 M=1.07 loss=4.677218e-03 rk=8.250e-04 rq=7.003e-04
[modal_frozen] 1900/4000 M=1.02 loss=9.003961e-03 rk=1.054e-03 rq=1.067e-03
[modal_frozen] 2000/4000 M=1.20 loss=5.270584e-03 rk=7.903e-04 rq=7.210e-04
[modal_frozen] 2100/4000 M=1.08 loss=8.472135e-03 rk=6.804e-04 rq=5.683e-04
[modal_frozen] 2200/4000 M=1.24 loss=3.184828e-02 rk=1.256e-03 rq=1.293e-03
[modal_frozen] 2300/4000 M=1.04 loss=6.844977e-02 rk=1.174e-03 rq=9.946e-04
[modal_frozen] 2400/4000 M=1.04 loss=4.795211e-03 rk=7.687e-04 rq=8.339e-04
[modal_frozen] 2500/4000 M=1.12 loss=2.395317e-03 rk=4.302e-04 rq=3.574e-04
[modal_frozen] 2600/4000 M=1.10 loss=1.151300e-02 rk=5.041e-04 rq=4.568e-04
[modal_frozen] 2700/4000 M=1.15 loss=2.944075e-03 rk=3.964e-04 rq=3.482e-04
[modal_frozen] 2800/4000 M=1.10 loss=1.761430e-03 rk=3.777e-04 rq=3.406e-04
[modal_frozen] 2900/4000 M=1.00 loss=4.002096e-03 rk=9.155e-04 rq=9.246e-04
[modal_frozen] 3000/4000 M=1.16 loss=1.289151e-03 rk=3.100e-04 rq=2.873e-04
[modal_frozen] 3100/4000 M=1.02 loss=3.236976e-03 rk=4.907e-04 rq=5.744e-04
[modal_frozen] 3200/4000 M=1.06 loss=6.313093e-03 rk=3.933e-04 rq=3.392e-04
[modal_frozen] 3300/4000 M=1.04 loss=4.816744e-03 rk=3.668e-04 rq=3.204e-04
[modal_frozen] 3400/4000 M=1.01 loss=6.454598e-03 rk=6.313e-04 rq=6.091e-04
[modal_frozen] 3500/4000 M=1.21 loss=4.735916e-03 rk=4.300e-04 rq=3.728e-04
[modal_frozen] 3600/4000 M=1.03 loss=6.348780e-03 rk=4.046e-04 rq=3.436e-04
[modal_frozen] 3700/4000 M=1.07 loss=5.993239e-03 rk=3.858e-04 rq=3.146e-04
[modal_frozen] 3800/4000 M=1.02 loss=1.772076e-03 rk=3.941e-04 rq=3.599e-04
[modal_frozen] 3900/4000 M=1.18 loss=2.111788e-03 rk=2.508e-04 rq=2.034e-04
[modal_frozen] 4000/4000 M=1.23 loss=3.148665e-03 rk=3.201e-04 rq=3.010e-04
[joint] 1/4000 Mphys=1.174 Manchor=1.05 loss=1.472391e-02 spec=1.812e-04
[joint] 100/4000 Mphys=1.217 Manchor=1.15 loss=4.638479e-02 spec=7.560e-04
[joint] 200/4000 Mphys=1.201 Manchor=1.25 loss=1.836188e-03 spec=6.536e-06
[joint] 300/4000 Mphys=1.035 Manchor=1.05 loss=7.165442e-02 spec=1.309e-03
[joint] 400/4000 Mphys=1.011 Manchor=1.15 loss=1.853177e-02 spec=1.314e-04
[joint] 500/4000 Mphys=1.049 Manchor=1.05 loss=8.966131e-03 spec=2.808e-06
[joint] 600/4000 Mphys=1.124 Manchor=1.20 loss=5.735299e-03 spec=8.862e-05
[joint] 700/4000 Mphys=1.188 Manchor=1.00 loss=1.731943e-02 spec=1.999e-04
[joint] 800/4000 Mphys=1.229 Manchor=1.15 loss=2.777716e-02 spec=4.955e-04
[joint] 900/4000 Mphys=1.087 Manchor=1.20 loss=7.375968e-02 spec=1.456e-03
[joint] 1000/4000 Mphys=1.202 Manchor=1.05 loss=1.523540e-03 spec=7.048e-07
[joint] 1100/4000 Mphys=1.127 Manchor=1.25 loss=2.761558e-03 spec=3.666e-07
[joint] 1200/4000 Mphys=1.166 Manchor=1.00 loss=6.770950e-03 spec=5.553e-06
[joint] 1300/4000 Mphys=1.036 Manchor=1.20 loss=1.347816e-03 spec=2.959e-11
[joint] 1400/4000 Mphys=1.186 Manchor=1.25 loss=7.817923e-04 spec=1.226e-09
[joint] 1500/4000 Mphys=1.050 Manchor=1.15 loss=7.240251e-04 spec=1.115e-10
[joint] 1600/4000 Mphys=1.104 Manchor=1.20 loss=6.580701e-04 spec=3.572e-12
[joint] 1700/4000 Mphys=1.138 Manchor=1.20 loss=2.048501e-03 spec=1.079e-08
[joint] 1800/4000 Mphys=1.171 Manchor=1.05 loss=7.584644e-04 spec=3.725e-10
[joint] 1900/4000 Mphys=1.011 Manchor=1.00 loss=1.219843e-03 spec=1.231e-07
[joint] 2000/4000 Mphys=1.083 Manchor=1.05 loss=1.949464e-03 spec=5.019e-07
[joint] 2100/4000 Mphys=1.014 Manchor=1.20 loss=7.113747e-03 spec=1.740e-05
[joint] 2200/4000 Mphys=1.065 Manchor=1.05 loss=1.669694e-03 spec=2.701e-09
[joint] 2300/4000 Mphys=1.061 Manchor=1.25 loss=4.797069e-04 spec=8.084e-07
[joint] 2400/4000 Mphys=1.066 Manchor=1.20 loss=7.021111e-03 spec=1.012e-04
[joint] 2500/4000 Mphys=1.029 Manchor=1.15 loss=1.119633e+00 spec=2.236e-02
[joint] 2600/4000 Mphys=1.143 Manchor=1.05 loss=1.381302e-03 spec=6.977e-06
[joint] 2700/4000 Mphys=1.207 Manchor=1.00 loss=4.805208e-03 spec=1.114e-05
[joint] 2800/4000 Mphys=1.199 Manchor=1.20 loss=3.216055e-03 spec=1.707e-06
[joint] 2900/4000 Mphys=1.125 Manchor=1.20 loss=8.243024e-04 spec=5.165e-07
[joint] 3000/4000 Mphys=1.011 Manchor=1.25 loss=1.278749e-03 spec=2.934e-09
[joint] 3100/4000 Mphys=1.241 Manchor=1.20 loss=2.641222e-03 spec=3.986e-09
[joint] 3200/4000 Mphys=1.073 Manchor=1.00 loss=1.242450e-03 spec=4.028e-08
[joint] 3300/4000 Mphys=1.056 Manchor=1.25 loss=7.634172e-04 spec=2.044e-11
[joint] 3400/4000 Mphys=1.087 Manchor=1.25 loss=2.778654e-03 spec=4.914e-11
[joint] 3500/4000 Mphys=1.163 Manchor=1.05 loss=6.260094e-04 spec=1.566e-10
[joint] 3600/4000 Mphys=1.117 Manchor=1.15 loss=3.072916e-03 spec=4.129e-10
[joint] 3700/4000 Mphys=1.245 Manchor=1.20 loss=9.846350e-03 spec=4.511e-10
[joint] 3800/4000 Mphys=1.164 Manchor=1.15 loss=1.377753e-03 spec=6.895e-11
[joint] 3900/4000 Mphys=1.144 Manchor=1.05 loss=6.881614e-04 spec=1.276e-12
[joint] 4000/4000 Mphys=1.002 Manchor=1.05 loss=9.337629e-04 spec=7.466e-11

================================================================================
GLOBAL S4M0 TRAINING COMPLETE
================================================================================
selected: /lustre/fswork/projects/rech/fdb/usv13rn/These_PINN_KH_RT/assets/pinn_supersonic/atlas2d_v1_continuousM/N48/runs/C00/best_joint_checkpoint.pt

{
  "train": {
    "n": 7,
    "n_mach": 5,
    "cr_mae": 1.206697214454295e-06,
    "cr_max_abs": 3.221816338008776e-06,
    "ci_mae": 1.89575912358061e-07,
    "ci_max_abs": 5.594959305993408e-07,
    "omega_i_mae": 1.6530695755411276e-08,
    "spectral_error_mean": 1.2238271753001864e-06,
    "spectral_error_max": 3.252210038395122e-06
  }
}

TEST SPLIT REMAINS SEALED.

output: /lustre/fswork/projects/rech/fdb/usv13rn/These_PINN_KH_RT/assets/pinn_supersonic/atlas2d_v1_continuousM/N48/runs/C00

====================================================================================================
FINISHED
chart = C00
end   = Thu Aug 20 11:59:43 AM CEST 2026
====================================================================================================
