============================================================
PHASE 8 — T401 FAILURE BASIN
range = [679,775)
job   = 1513522
task  = 7
============================================================
====================================================================================================
PHASE 8 — T401 FAILURE BASIN
====================================================================================================
M, alpha       = 1.15, 0.06
target         = -0.0000000025 + 0.1998472245 i
PINN seed      = 0.0260892660 + 0.1155806900 i
failure root   = 0.0000000000 + 0.1020650650 i
grid           = 25 x 31 = 775
cr range       = [0.0, 0.12]
ci range       = [0.06, 0.24]
local box      = (0.015, 0.008)
max_retries    = 0
chunk          = [679,775)
0679/0775 center=(0.02000,0.22200) class=other root=(9.46044921875e-05,0.20601562499999998) time=20.4s
0680/0775 center=(0.02500,0.22200) class=other root=(9.56217447916667e-05,0.20601562499999998) time=20.7s
0681/0775 center=(0.03000,0.22200) class=other root=(8.789062500000001e-05,0.20601562499999998) time=20.4s
0682/0775 center=(0.03500,0.22200) class=other root=(0.0050292968750000056,0.20601562499999998) time=20.4s
0683/0775 center=(0.04000,0.22200) class=other root=(0.010029296875000005,0.20601562499999998) time=20.4s
0684/0775 center=(0.04500,0.22200) class=other root=(0.015029296875000002,0.20601562499999998) time=20.5s
0685/0775 center=(0.05000,0.22200) class=other root=(0.020029296875000012,0.20601562499999998) time=20.5s
0686/0775 center=(0.05500,0.22200) class=other root=(0.025029296874999996,0.20601562499999998) time=20.5s
0687/0775 center=(0.06000,0.22200) class=other root=(0.030029296875000007,0.20601562499999998) time=20.6s
0688/0775 center=(0.06500,0.22200) class=other root=(0.03502929687500002,0.20601562499999998) time=20.6s
0689/0775 center=(0.07000,0.22200) class=other root=(0.04002929687500002,0.20601562499999998) time=20.6s
0690/0775 center=(0.07500,0.22200) class=other root=(0.045029296874999986,0.20601562499999998) time=20.6s
0691/0775 center=(0.08000,0.22200) class=other root=(0.05002929687499999,0.20601562499999998) time=20.6s
0692/0775 center=(0.08500,0.22200) class=other root=(0.05502929687500001,0.20601562499999998) time=20.7s
0693/0775 center=(0.09000,0.22200) class=other root=(0.06002929687500001,0.20601562499999998) time=20.7s
0694/0775 center=(0.09500,0.22200) class=other root=(0.06502929687500003,0.20601562499999998) time=20.8s
0695/0775 center=(0.10000,0.22200) class=other root=(0.07002929687500004,0.20601562499999998) time=24.0s
0696/0775 center=(0.10500,0.22200) class=other root=(0.07502929687500001,0.20601562499999998) time=21.4s
0697/0775 center=(0.11000,0.22200) class=other root=(0.08002929687500002,0.20601562499999998) time=20.8s
0698/0775 center=(0.11500,0.22200) class=other root=(0.08502929687500002,0.20601562499999998) time=20.8s
0699/0775 center=(0.12000,0.22200) class=other root=(0.09002929687499997,0.20601562499999998) time=20.8s
0700/0775 center=(0.00000,0.22800) class=other root=(0.000360107421875,0.21201562499999999) time=20.3s
0701/0775 center=(0.00500,0.22800) class=other root=(0.0003597005208333335,0.21201562499999999) time=20.3s
0702/0775 center=(0.01000,0.22800) class=other root=(0.00036010742187499997,0.21201562499999999) time=20.3s
0703/0775 center=(0.01500,0.22800) class=other root=(0.00035888671875000005,0.21201562499999999) time=20.3s
0704/0775 center=(0.02000,0.22800) class=other root=(0.000360107421875,0.21201562499999999) time=21.2s
0705/0775 center=(0.02500,0.22800) class=other root=(0.00036214192708333346,0.21201562499999999) time=20.4s
0706/0775 center=(0.03000,0.22800) class=other root=(0.00036132812500000005,0.21201562499999999) time=20.4s
0707/0775 center=(0.03500,0.22800) class=other root=(0.0050292968750000056,0.21201562499999999) time=20.4s
0708/0775 center=(0.04000,0.22800) class=other root=(0.010029296875000005,0.21201562499999999) time=22.1s
0709/0775 center=(0.04500,0.22800) class=other root=(0.015029296875000002,0.21201562499999999) time=25.0s
0710/0775 center=(0.05000,0.22800) class=other root=(0.020029296875000012,0.21201562499999999) time=24.9s
0711/0775 center=(0.05500,0.22800) class=other root=(0.025029296874999996,0.21201562499999999) time=20.4s
0712/0775 center=(0.06000,0.22800) class=other root=(0.030029296875000007,0.21201562499999999) time=20.4s
0713/0775 center=(0.06500,0.22800) class=other root=(0.03502929687500002,0.21201562499999999) time=21.0s
0714/0775 center=(0.07000,0.22800) class=other root=(0.04002929687500002,0.21201562499999999) time=20.5s
0715/0775 center=(0.07500,0.22800) class=other root=(0.045029296874999986,0.21201562499999999) time=20.5s
0716/0775 center=(0.08000,0.22800) class=other root=(0.05002929687499999,0.21201562499999999) time=20.5s
0717/0775 center=(0.08500,0.22800) class=other root=(0.05502929687500001,0.21201562499999999) time=20.5s
0718/0775 center=(0.09000,0.22800) class=other root=(0.06002929687500001,0.21201562499999999) time=20.6s
0719/0775 center=(0.09500,0.22800) class=other root=(0.06502929687500003,0.21201562499999999) time=20.6s
0720/0775 center=(0.10000,0.22800) class=other root=(0.07002929687500004,0.21201562499999999) time=20.6s
0721/0775 center=(0.10500,0.22800) class=other root=(0.07502929687500001,0.21201562499999999) time=20.7s
0722/0775 center=(0.11000,0.22800) class=other root=(0.08002929687500002,0.21201562499999999) time=20.7s
0723/0775 center=(0.11500,0.22800) class=other root=(0.08502929687500002,0.21201562499999999) time=20.7s
0724/0775 center=(0.12000,0.22800) class=other root=(0.09002929687499997,0.21201562499999999) time=20.7s
0725/0775 center=(0.00000,0.23400) class=other root=(0.0007934570312500001,0.218015625) time=20.2s
0726/0775 center=(0.00500,0.23400) class=other root=(0.000791015625,0.218015625) time=20.2s
0727/0775 center=(0.01000,0.23400) class=other root=(0.0007900661892361112,0.218015625) time=20.3s
0728/0775 center=(0.01500,0.23400) class=other root=(0.0007934570312500001,0.218015625) time=20.2s
0729/0775 center=(0.02000,0.23400) class=other root=(0.0007934570312499999,0.218015625) time=20.2s
0730/0775 center=(0.02500,0.23400) class=other root=(0.0007934570312500003,0.218015625) time=20.2s
0731/0775 center=(0.03000,0.23400) class=other root=(0.000791015625,0.218015625) time=20.2s
0732/0775 center=(0.03500,0.23400) class=other root=(0.0050292968750000056,0.218015625) time=20.2s
0733/0775 center=(0.04000,0.23400) class=other root=(0.010029296875000005,0.218015625) time=20.2s
0734/0775 center=(0.04500,0.23400) class=other root=(0.015029296875000002,0.218015625) time=20.2s
0735/0775 center=(0.05000,0.23400) class=other root=(0.020029296875000012,0.218015625) time=21.7s
0736/0775 center=(0.05500,0.23400) class=other root=(0.025029296874999996,0.218015625) time=20.3s
0737/0775 center=(0.06000,0.23400) class=other root=(0.030029296875000007,0.218015625) time=20.3s
0738/0775 center=(0.06500,0.23400) class=other root=(0.03502929687500002,0.218015625) time=20.3s
0739/0775 center=(0.07000,0.23400) class=other root=(0.04002929687500002,0.218015625) time=20.3s
0740/0775 center=(0.07500,0.23400) class=other root=(0.045029296874999986,0.218015625) time=20.4s
0741/0775 center=(0.08000,0.23400) class=other root=(0.05002929687499999,0.218015625) time=23.4s
0742/0775 center=(0.08500,0.23400) class=other root=(0.05502929687500001,0.218015625) time=24.9s
0743/0775 center=(0.09000,0.23400) class=other root=(0.06002929687500001,0.218015625) time=20.6s
0744/0775 center=(0.09500,0.23400) class=other root=(0.06502929687500003,0.218015625) time=20.6s
0745/0775 center=(0.10000,0.23400) class=other root=(0.07002929687500004,0.218015625) time=20.7s
0746/0775 center=(0.10500,0.23400) class=other root=(0.07502929687500001,0.218015625) time=20.7s
0747/0775 center=(0.11000,0.23400) class=other root=(0.08002929687500002,0.218015625) time=20.7s
0748/0775 center=(0.11500,0.23400) class=other root=(0.08502929687500002,0.218015625) time=20.7s
0749/0775 center=(0.12000,0.23400) class=other root=(0.09002929687499997,0.218015625) time=20.7s
0750/0775 center=(0.00000,0.24000) class=other root=(0.0013793945312500003,0.22401562499999994) time=20.2s
0751/0775 center=(0.00500,0.24000) class=other root=(0.0013769531250000004,0.22401562499999994) time=20.2s
0752/0775 center=(0.01000,0.24000) class=other root=(0.0013793945312499997,0.22401562499999994) time=20.2s
0753/0775 center=(0.01500,0.24000) class=other root=(0.0013818359375000003,0.22401562499999994) time=20.2s
0754/0775 center=(0.02000,0.24000) class=other root=(0.0013793945312500003,0.22401562499999994) time=20.3s
0755/0775 center=(0.02500,0.24000) class=other root=(0.001375325520833334,0.22401562499999994) time=20.2s
0756/0775 center=(0.03000,0.24000) class=other root=(0.0013769531250000001,0.22401562499999994) time=20.3s
0757/0775 center=(0.03500,0.24000) class=other root=(0.0050292968750000056,0.22401562499999994) time=22.5s
0758/0775 center=(0.04000,0.24000) class=other root=(0.010029296875000005,0.22401562499999994) time=22.8s
0759/0775 center=(0.04500,0.24000) class=other root=(0.015029296875000002,0.22401562499999994) time=20.3s
0760/0775 center=(0.05000,0.24000) class=other root=(0.020029296875000012,0.22401562499999994) time=21.8s
0761/0775 center=(0.05500,0.24000) class=other root=(0.025029296874999996,0.22401562499999994) time=25.0s
0762/0775 center=(0.06000,0.24000) class=other root=(0.030029296875000007,0.22401562499999994) time=24.8s
0763/0775 center=(0.06500,0.24000) class=other root=(0.03502929687500002,0.22401562499999994) time=24.9s
0764/0775 center=(0.07000,0.24000) class=other root=(0.04002929687500002,0.22401562499999994) time=24.9s
0765/0775 center=(0.07500,0.24000) class=other root=(0.045029296874999986,0.22401562499999994) time=24.9s
0766/0775 center=(0.08000,0.24000) class=other root=(0.05002929687499999,0.22401562499999994) time=25.0s
0767/0775 center=(0.08500,0.24000) class=other root=(0.05502929687500001,0.22401562499999994) time=25.0s
0768/0775 center=(0.09000,0.24000) class=other root=(0.06002929687500001,0.22401562499999994) time=25.0s
0769/0775 center=(0.09500,0.24000) class=other root=(0.06502929687500003,0.22401562499999994) time=25.1s
0770/0775 center=(0.10000,0.24000) class=other root=(0.07002929687500004,0.22401562499999994) time=25.1s
0771/0775 center=(0.10500,0.24000) class=other root=(0.07502929687500001,0.22401562499999994) time=25.2s
0772/0775 center=(0.11000,0.24000) class=other root=(0.08002929687500002,0.22401562499999994) time=25.2s
0773/0775 center=(0.11500,0.24000) class=other root=(0.08502929687500002,0.22401562499999994) time=25.2s
0774/0775 center=(0.12000,0.24000) class=other root=(0.09002929687499997,0.22401562499999994) time=25.3s

WROTE: /lustre/fswork/projects/rech/fdb/usv13rn/These_PINN_KH_RT/assets/pinn_supersonic/atlas2d_v1_continuousM/N76/basin_T401_failure/basin_0679_0775.csv
