============================================================
PHASE 8 — T401 FAILURE BASIN
range = [194,291)
job   = 1513526
task  = 2
============================================================
====================================================================================================
PHASE 8 — T401 FAILURE BASIN
====================================================================================================
M, alpha       = 1.15, 0.06
target         = -0.0000000025 + 0.1998472245 i
PINN seed      = 0.0260892660 + 0.1155806900 i
failure root   = 0.0000000000 + 0.1020650650 i
grid           = 25 x 31 = 775
cr range       = [0.0, 0.12]
ci range       = [0.06, 0.24]
local box      = (0.015, 0.008)
max_retries    = 0
chunk          = [194,291)
0194/0775 center=(0.09500,0.10200) class=other root=(0.06502929687500003,0.11798437500000004) time=21.8s
0195/0775 center=(0.10000,0.10200) class=other root=(0.07002929687500004,0.11798437500000004) time=24.3s
0196/0775 center=(0.10500,0.10200) class=other root=(0.07502929687500001,0.11798437500000004) time=26.1s
0197/0775 center=(0.11000,0.10200) class=other root=(0.08002929687500002,0.11798437500000004) time=26.2s
0198/0775 center=(0.11500,0.10200) class=other root=(0.08502929687500002,0.11798437500000004) time=25.8s
0199/0775 center=(0.12000,0.10200) class=other root=(0.09002929687499997,0.11798437500000004) time=22.0s
0200/0775 center=(0.00000,0.10800) class=failure_branch root=(0.0,0.10206250000000001) time=17.3s
0201/0775 center=(0.00500,0.10800) class=failure_branch root=(0.0,0.10206250000000001) time=17.3s
0202/0775 center=(0.01000,0.10800) class=failure_branch root=(0.0,0.10206250000000001) time=17.3s
0203/0775 center=(0.01500,0.10800) class=failure_branch root=(0.0,0.10206250000000001) time=17.3s
0204/0775 center=(0.02000,0.10800) class=failure_branch root=(0.0,0.10206250000000001) time=17.3s
0205/0775 center=(0.02500,0.10800) class=failure_branch root=(0.0,0.1020625) time=17.3s
0206/0775 center=(0.03000,0.10800) class=failure_branch root=(2.9296875e-05,0.10206770833333333) time=21.5s
0207/0775 center=(0.03500,0.10800) class=other root=(0.0050292968750000056,0.102328125) time=21.6s
0208/0775 center=(0.04000,0.10800) class=other root=(0.010029296875000005,0.10311979166666665) time=21.6s
0209/0775 center=(0.04500,0.10800) class=other root=(0.015029296875000002,0.104484375) time=21.6s
0210/0775 center=(0.05000,0.10800) class=other root=(0.020029296875000012,0.10801562499999996) time=21.7s
0211/0775 center=(0.05500,0.10800) class=other root=(0.025029296874999996,0.11068229166666665) time=21.6s
0212/0775 center=(0.06000,0.10800) class=other root=(0.030029296875000007,0.11601562499999997) time=21.5s
0213/0775 center=(0.06500,0.10800) class=other root=(0.03502929687500002,0.12001562499999997) time=21.5s
0214/0775 center=(0.07000,0.10800) class=other root=(0.04002929687500002,0.12398437500000002) time=21.5s
0215/0775 center=(0.07500,0.10800) class=other root=(0.045029296874999986,0.12398437500000002) time=21.6s
0216/0775 center=(0.08000,0.10800) class=other root=(0.05002929687499999,0.12398437500000002) time=21.6s
0217/0775 center=(0.08500,0.10800) class=other root=(0.05502929687500001,0.12398437500000002) time=21.6s
0218/0775 center=(0.09000,0.10800) class=other root=(0.06002929687500001,0.12398437500000002) time=21.7s
0219/0775 center=(0.09500,0.10800) class=other root=(0.06502929687500003,0.12398437500000002) time=21.7s
0220/0775 center=(0.10000,0.10800) class=other root=(0.07002929687500004,0.12398437500000002) time=21.8s
0221/0775 center=(0.10500,0.10800) class=other root=(0.07502929687500001,0.12398437500000002) time=21.9s
0222/0775 center=(0.11000,0.10800) class=other root=(0.08002929687500002,0.12398437500000002) time=21.9s
0223/0775 center=(0.11500,0.10800) class=other root=(0.08502929687500002,0.12398437500000002) time=21.9s
0224/0775 center=(0.12000,0.10800) class=other root=(0.09002929687499997,0.12398437500000002) time=22.0s
0225/0775 center=(0.00000,0.11400) class=failure_branch root=(0.0,0.10206249999999997) time=17.3s
0226/0775 center=(0.00500,0.11400) class=failure_branch root=(0.0,0.10206249999999997) time=17.3s
0227/0775 center=(0.01000,0.11400) class=failure_branch root=(0.0,0.10206249999999997) time=17.3s
0228/0775 center=(0.01500,0.11400) class=failure_branch root=(0.0,0.10206249999999997) time=17.3s
0229/0775 center=(0.02000,0.11400) class=failure_branch root=(0.0,0.10206249999999997) time=17.3s
0230/0775 center=(0.02500,0.11400) class=failure_branch root=(0.0,0.10206249999999997) time=18.9s
0231/0775 center=(0.03000,0.11400) class=failure_branch root=(2.9296875e-05,0.1020677083333333) time=25.7s
0232/0775 center=(0.03500,0.11400) class=other root=(0.0050292968750000056,0.10232812499999998) time=25.7s
0233/0775 center=(0.04000,0.11400) class=other root=(0.010029296875000005,0.10334895833333332) time=25.8s
0234/0775 center=(0.04500,0.11400) class=other root=(0.015029296875000002,0.104484375) time=25.8s
0235/0775 center=(0.05000,0.11400) class=other root=(0.020029296875000012,0.10868229166666665) time=25.8s
0236/0775 center=(0.05500,0.11400) class=other root=(0.025029296874999996,0.11401562499999997) time=25.7s
0237/0775 center=(0.06000,0.11400) class=other root=(0.030029296875000007,0.11668229166666666) time=25.7s
0238/0775 center=(0.06500,0.11400) class=other root=(0.03502929687500002,0.12201562499999997) time=25.7s
0239/0775 center=(0.07000,0.11400) class=other root=(0.04002929687500002,0.12801562499999997) time=25.6s
0240/0775 center=(0.07500,0.11400) class=other root=(0.045029296874999986,0.12998437500000004) time=25.7s
0241/0775 center=(0.08000,0.11400) class=other root=(0.05002929687499999,0.12998437500000004) time=25.7s
0242/0775 center=(0.08500,0.11400) class=other root=(0.05502929687500001,0.12998437500000004) time=25.1s
0243/0775 center=(0.09000,0.11400) class=other root=(0.06002929687500001,0.12998437500000004) time=21.6s
0244/0775 center=(0.09500,0.11400) class=other root=(0.06502929687500003,0.12998437500000004) time=21.7s
0245/0775 center=(0.10000,0.11400) class=other root=(0.07002929687500004,0.12998437500000004) time=21.7s
0246/0775 center=(0.10500,0.11400) class=other root=(0.07502929687500001,0.12998437500000004) time=21.7s
0247/0775 center=(0.11000,0.11400) class=other root=(0.08002929687500002,0.12998437500000004) time=21.8s
0248/0775 center=(0.11500,0.11400) class=other root=(0.08502929687500002,0.12998437500000004) time=21.8s
0249/0775 center=(0.12000,0.11400) class=other root=(0.09002929687499997,0.12998437500000004) time=21.8s
0250/0775 center=(0.00000,0.12000) class=other root=(1.007080078125e-05,0.10401562499999996) time=21.6s
0251/0775 center=(0.00500,0.12000) class=other root=(9.83344184027778e-06,0.10401562499999996) time=21.5s
0252/0775 center=(0.01000,0.12000) class=other root=(9.918212890625e-06,0.10401562499999996) time=21.4s
0253/0775 center=(0.01500,0.12000) class=other root=(1.007080078125e-05,0.10401562499999996) time=21.4s
0254/0775 center=(0.02000,0.12000) class=other root=(9.663899739583331e-06,0.10401562499999996) time=21.4s
0255/0775 center=(0.02500,0.12000) class=other root=(9.663899739583338e-06,0.10401562499999996) time=21.4s
0256/0775 center=(0.03000,0.12000) class=other root=(2.9296875e-05,0.10401562499999996) time=21.4s
0257/0775 center=(0.03500,0.12000) class=other root=(0.0050292968750000056,0.10401562499999996) time=21.5s
0258/0775 center=(0.04000,0.12000) class=other root=(0.010029296875000005,0.10401562499999996) time=21.5s
0259/0775 center=(0.04500,0.12000) class=other root=(0.015029296875000002,0.104484375) time=21.5s
0260/0775 center=(0.05000,0.12000) class=other root=(0.020029296875000012,0.10934895833333333) time=21.5s
0261/0775 center=(0.05500,0.12000) class=other root=(0.025029296874999996,0.12001562499999997) time=21.4s
0262/0775 center=(0.06000,0.12000) class=other root=(0.030029296875000007,0.12001562499999997) time=21.4s
0263/0775 center=(0.06500,0.12000) class=other root=(0.03502929687500002,0.12801562499999997) time=21.4s
0264/0775 center=(0.07000,0.12000) class=other root=(0.04002929687500002,0.13201562499999997) time=21.3s
0265/0775 center=(0.07500,0.12000) class=other root=(0.045029296874999986,0.13598437500000005) time=21.4s
0266/0775 center=(0.08000,0.12000) class=other root=(0.05002929687499999,0.13598437500000005) time=21.4s
0267/0775 center=(0.08500,0.12000) class=other root=(0.05502929687500001,0.13598437500000005) time=21.4s
0268/0775 center=(0.09000,0.12000) class=other root=(0.06002929687500001,0.13598437500000005) time=21.5s
0269/0775 center=(0.09500,0.12000) class=other root=(0.06502929687500003,0.13598437500000005) time=21.5s
0270/0775 center=(0.10000,0.12000) class=other root=(0.07002929687500004,0.13598437500000005) time=21.5s
0271/0775 center=(0.10500,0.12000) class=other root=(0.07502929687500001,0.13598437500000005) time=21.6s
0272/0775 center=(0.11000,0.12000) class=other root=(0.08002929687500002,0.13598437500000005) time=21.6s
0273/0775 center=(0.11500,0.12000) class=other root=(0.08502929687500002,0.13598437500000005) time=21.6s
0274/0775 center=(0.12000,0.12000) class=other root=(0.09002929687499997,0.13598437500000005) time=21.7s
0275/0775 center=(0.00000,0.12600) class=other root=(0.000162353515625,0.11001562499999996) time=21.3s
0276/0775 center=(0.00500,0.12600) class=other root=(0.00016140407986111116,0.11001562499999996) time=21.3s
0277/0775 center=(0.01000,0.12600) class=other root=(0.0001617431640625,0.11001562499999996) time=21.3s
0278/0775 center=(0.01500,0.12600) class=other root=(0.000162353515625,0.11001562499999996) time=21.3s
0279/0775 center=(0.02000,0.12600) class=other root=(0.0001607259114583333,0.11001562499999996) time=21.3s
0280/0775 center=(0.02500,0.12600) class=other root=(0.00016072591145833339,0.11001562499999996) time=21.3s
0281/0775 center=(0.03000,0.12600) class=other root=(0.000166015625,0.11001562499999996) time=21.3s
0282/0775 center=(0.03500,0.12600) class=other root=(0.0050292968750000056,0.11001562499999996) time=21.4s
0283/0775 center=(0.04000,0.12600) class=other root=(0.010029296875000005,0.11001562499999996) time=21.4s
0284/0775 center=(0.04500,0.12600) class=other root=(0.015029296875000002,0.11001562499999996) time=21.4s
0285/0775 center=(0.05000,0.12600) class=other root=(0.020029296875000012,0.11001562499999996) time=21.6s
0286/0775 center=(0.05500,0.12600) class=other root=(0.025029296874999996,0.11534895833333333) time=21.4s
0287/0775 center=(0.06000,0.12600) class=other root=(0.030029296875000007,0.12601562499999996) time=21.3s
0288/0775 center=(0.06500,0.12600) class=other root=(0.03502929687500002,0.12868229166666667) time=21.4s
0289/0775 center=(0.07000,0.12600) class=other root=(0.04002929687500002,0.13801562499999998) time=21.2s
0290/0775 center=(0.07500,0.12600) class=other root=(0.045029296874999986,0.14198437500000005) time=21.3s

WROTE: /lustre/fswork/projects/rech/fdb/usv13rn/These_PINN_KH_RT/assets/pinn_supersonic/atlas2d_v1_continuousM/N76/basin_T401_failure/basin_0194_0291.csv
